03-11 14:12:08.407 21850 26204 W ogle.android.gm: ClassLoaderContext classpath size mismatch. expected=1, found=0 (DLC[];PCL[base.apk*3735409989]{PCL[/system/framework/org.apache.http.legacy.jar*1230680128]#PCL[/system/framework/com.android.media.remotedisplay.jar*2042759013]#PCL[/system/framework/com.android.location.provider.jar*3414091812]#PCL[/system_ext/framework/androidx.window.extensions.jar*2725640908]#PCL[/system_ext/framework/androidx.window.sidecar.jar*252499129]} | DLC[];PCL[])
03-11 14:12:08.421 21850 26204 W System  : ClassLoader referenced unknown path: 
03-11 14:12:08.434 21850 26204 W ogle.android.gm: ClassLoaderContext classpath element checksum mismatch. expected=3735409989, found=465966618 (DLC[];PCL[base.apk*3735409989]{PCL[/system/framework/org.apache.http.legacy.jar*1230680128]#PCL[/system/framework/com.android.media.remotedisplay.jar*2042759013]#PCL[/system/framework/com.android.location.provider.jar*3414091812]#PCL[/system_ext/framework/androidx.window.extensions.jar*2725640908]#PCL[/system_ext/framework/androidx.window.sidecar.jar*252499129]} | DLC[];PCL[/data/app/~~0mE3UD-w4Xw2z9JVeCul-A==/com.google.android.gm-bX-BE_Wlk1_rqnyaURAEEA==/base.apk*465966618]{PCL[/system/framework/org.apache.http.legacy.jar*1230680128]#PCL[/system_ext/framework/androidx.window.extensions.jar*2725640908]#PCL[/system_ext/framework/androidx.window.sidecar.jar*252499129]})
03-11 14:12:08.453  6567  6586 I MdiSyncModule: (REDACTED) Receiving API connection from package '%s'...
03-11 14:12:08.454  6567  6586 I MdiSyncModule: API connection successful!
03-11 14:12:08.464  6567  6586 I MdiSyncModule: (REDACTED) Receiving API connection from package '%s'...
03-11 14:12:08.465  6567  6586 I MdiSyncModule: API connection successful!
03-11 14:12:08.475  6567  6586 I MdiSyncModule: (REDACTED) Receiving API connection from package '%s'...
03-11 14:12:08.475  6567  6586 I MdiSyncModule: API connection successful!
03-11 14:12:08.765 21850 26268 W DynamiteModule: Local module descriptor class for com.google.android.gms.providerinstaller.dynamite not found.
03-11 14:12:08.767  6362  7861 W ProviderHelper: Unknown dynamite feature providerinstaller.dynamite
03-11 14:12:08.768 21850 26268 W ProviderInstaller: Failed to load providerinstaller module: No acceptable module com.google.android.gms.providerinstaller.dynamite found. Local version is 0 and remote version is 0.
03-11 14:12:08.824 21850 26274 E GoogleApiManager: Failed to get service from broker. 
03-11 14:12:08.824 21850 26274 E GoogleApiManager: java.lang.SecurityException: Unknown calling package name 'com.google.android.gms'.
03-11 14:12:08.824 21850 26274 E GoogleApiManager: 	at android.os.Parcel.createExceptionOrNull(Parcel.java:3256)
03-11 14:12:08.824 21850 26274 E GoogleApiManager: 	at android.os.Parcel.createException(Parcel.java:3240)
03-11 14:12:08.824 21850 26274 E GoogleApiManager: 	at android.os.Parcel.readException(Parcel.java:3223)
03-11 14:12:08.824 21850 26274 E GoogleApiManager: 	at android.os.Parcel.readException(Parcel.java:3165)
03-11 14:12:08.824 21850 26274 E GoogleApiManager: 	at asrr.a(:com.google.android.gms@250832035@25.08.32 (260400-731361394):36)
03-11 14:12:08.824 21850 26274 E GoogleApiManager: 	at aspy.z(:com.google.android.gms@250832035@25.08.32 (260400-731361394):143)
03-11 14:12:08.824 21850 26274 E GoogleApiManager: 	at arxh.run(:com.google.android.gms@250832035@25.08.32 (260400-731361394):54)
03-11 14:12:08.824 21850 26274 E GoogleApiManager: 	at android.os.Handler.handleCallback(Handler.java:1014)
03-11 14:12:08.824 21850 26274 E GoogleApiManager: 	at android.os.Handler.dispatchMessage(Handler.java:102)
03-11 14:12:08.824 21850 26274 E GoogleApiManager: 	at bzmf.my(:com.google.android.gms@250832035@25.08.32 (260400-731361394):1)
03-11 14:12:08.824 21850 26274 E GoogleApiManager: 	at bzmf.dispatchMessage(:com.google.android.gms@250832035@25.08.32 (260400-731361394):5)
03-11 14:12:08.824 21850 26274 E GoogleApiManager: 	at android.os.Looper.loopOnce(Looper.java:250)
03-11 14:12:08.824 21850 26274 E GoogleApiManager: 	at android.os.Looper.loop(Looper.java:340)
03-11 14:12:08.824 21850 26274 E GoogleApiManager: 	at android.os.HandlerThread.run(HandlerThread.java:107)
03-11 14:12:08.826 21850 26273 W CondFlagRegistrar: Failed to register com.google.android.gms.providerinstaller#com.google.android.gms
03-11 14:12:08.826 21850 26273 W CondFlagRegistrar: euda: 17: 17: API: Phenotype.API is not available on this device. Connection failed with: ConnectionResult{statusCode=DEVELOPER_ERROR, resolution=null, message=null}
03-11 14:12:08.826 21850 26273 W CondFlagRegistrar: 	at eudc.a(:com.google.android.gms@250832035@25.08.32 (260400-731361394):13)
03-11 14:12:08.826 21850 26273 W CondFlagRegistrar: 	at fode.d(:com.google.android.gms@250832035@25.08.32 (260400-731361394):3)
03-11 14:12:08.826 21850 26273 W CondFlagRegistrar: 	at fodg.run(:com.google.android.gms@250832035@25.08.32 (260400-731361394):130)
03-11 14:12:08.826 21850 26273 W CondFlagRegistrar: 	at fofm.execute(:com.google.android.gms@250832035@25.08.32 (260400-731361394):1)
03-11 14:12:08.826 21850 26273 W CondFlagRegistrar: 	at fodw.h(:com.google.android.gms@250832035@25.08.32 (260400-731361394):1)
03-11 14:12:08.826 21850 26273 W CondFlagRegistrar: 	at fodw.l(:com.google.android.gms@250832035@25.08.32 (260400-731361394):101)
03-11 14:12:08.826 21850 26273 W CondFlagRegistrar: 	at fodw.p(:com.google.android.gms@250832035@25.08.32 (260400-731361394):19)
03-11 14:12:08.826 21850 26273 W CondFlagRegistrar: 	at emta.hJ(:com.google.android.gms@250832035@25.08.32 (260400-731361394):35)
03-11 14:12:08.826 21850 26273 W CondFlagRegistrar: 	at ebcm.run(:com.google.android.gms@250832035@25.08.32 (260400-731361394):14)
03-11 14:12:08.826 21850 26273 W CondFlagRegistrar: 	at fofm.execute(:com.google.android.gms@250832035@25.08.32 (260400-731361394):1)
03-11 14:12:08.826 21850 26273 W CondFlagRegistrar: 	at ebcn.b(:com.google.android.gms@250832035@25.08.32 (260400-731361394):18)
03-11 14:12:08.826 21850 26273 W CondFlagRegistrar: 	at ebdc.b(:com.google.android.gms@250832035@25.08.32 (260400-731361394):36)
03-11 14:12:08.826 21850 26273 W CondFlagRegistrar: 	at ebde.d(:com.google.android.gms@250832035@25.08.32 (260400-731361394):25)
03-11 14:12:08.826 21850 26273 W CondFlagRegistrar: 	at arup.c(:com.google.android.gms@250832035@25.08.32 (260400-731361394):9)
03-11 14:12:08.826 21850 26273 W CondFlagRegistrar: 	at arxf.q(:com.google.android.gms@250832035@25.08.32 (260400-731361394):48)
03-11 14:12:08.826 21850 26273 W CondFlagRegistrar: 	at arxf.d(:com.google.android.gms@250832035@25.08.32 (260400-731361394):10)
03-11 14:12:08.826 21850 26273 W CondFlagRegistrar: 	at arxf.g(:com.google.android.gms@250832035@25.08.32 (260400-731361394):211)
03-11 14:12:08.826 21850 26273 W CondFlagRegistrar: 	at arxf.onConnectionFailed(:com.google.android.gms@250832035@25.08.32 (260400-731361394):2)
03-11 14:12:08.826 21850 26273 W CondFlagRegistrar: 	at arxh.run(:com.google.android.gms@250832035@25.08.32 (260400-731361394):82)
03-11 14:12:08.826 21850 26273 W CondFlagRegistrar: 	at android.os.Handler.handleCallback(Handler.java:1014)
03-11 14:12:08.826 21850 26273 W CondFlagRegistrar: 	at android.os.Handler.dispatchMessage(Handler.java:102)
03-11 14:12:08.826 21850 26273 W CondFlagRegistrar: 	at bzmf.my(:com.google.android.gms@250832035@25.08.32 (260400-731361394):1)
03-11 14:12:08.826 21850 26273 W CondFlagRegistrar: 	at bzmf.dispatchMessage(:com.google.android.gms@250832035@25.08.32 (260400-731361394):5)
03-11 14:12:08.826 21850 26273 W CondFlagRegistrar: 	at android.os.Looper.loopOnce(Looper.java:250)
03-11 14:12:08.826 21850 26273 W CondFlagRegistrar: 	at android.os.Looper.loop(Looper.java:340)
03-11 14:12:08.826 21850 26273 W CondFlagRegistrar: 	at android.os.HandlerThread.run(HandlerThread.java:107)
03-11 14:12:08.826 21850 26273 W CondFlagRegistrar: Caused by: arth: 17: API: Phenotype.API is not available on this device. Connection failed with: ConnectionResult{statusCode=DEVELOPER_ERROR, resolution=null, message=null}
03-11 14:12:08.826 21850 26273 W CondFlagRegistrar: 	at aspk.a(:com.google.android.gms@250832035@25.08.32 (260400-731361394):15)
03-11 14:12:08.826 21850 26273 W CondFlagRegistrar: 	at arus.a(:com.google.android.gms@250832035@25.08.32 (260400-731361394):1)
03-11 14:12:08.826 21850 26273 W CondFlagRegistrar: 	at arup.c(:com.google.android.gms@250832035@25.08.32 (260400-731361394):5)
03-11 14:12:08.826 21850 26273 W CondFlagRegistrar: 	... 12 more
03-11 14:12:08.832 21850 26268 I ProviderInstaller: Installed default security provider GmsCore_OpenSSL
03-11 14:12:08.847 21850 26276 I cn_CronetLibraryLoader: HTTP flags log line: Using live production flag values from Google
03-11 14:12:08.852 21850 26268 I cn_CronetLibraryLoader: Cronet version: 133.0.6876.3, arch: aarch64
03-11 14:12:10.156 21850 26264 W aood    : Job(executeSyncTaskOnExecutionGuard#0.16) Change not found in pending changes. Acked change wasn't logged. id:62004
03-11 14:12:10.833 21850 21850 W arib    : Failed to find local clusters.
03-11 14:12:10.853  6362  6530 I Wear_Controller: Wearable module requires a companion app to be installed.
03-11 14:12:10.853  6362  6530 I WearableService: onCreate: Wearable Services not starting. Wear is not available on this device.
03-11 14:12:10.854  6362  7835 W WearableService: onGetService: Wear is not available on this device.
03-11 14:12:10.895 21850 26262 W aobd    : Job(ItemListsService:stopItemList#0.24) Attempting to unregister unknown list: itemlist-ViewType(96)-2
03-11 14:12:10.950 21850 26201 W arpf    : Attempted to read unclipped body before it was fetched for messageId: msg-f:1826286497668512210
03-11 14:12:11.091 21850 21850 W jqt     : [Gmail] MailSyncAdapterService: MailSyncAdapterService is destroyed! [CONTEXT android_log_tag="MailSyncAdapterService" ]
03-11 14:12:11.327  6362  6362 I NearbyDiscovery: (REDACTED) FastPairDisplayObserver: %s -> %s
03-11 14:12:11.620  6362  6362 I NearbyDiscovery: (REDACTED) FastPairDisplayObserver: %s -> %s
03-11 14:12:27.674  6362  6362 I NearbyDiscovery: (REDACTED) FastPairDisplayObserver: %s -> %s
03-11 14:12:29.201  6362  6362 I NearbyDiscovery: (REDACTED) FastPairDisplayObserver: %s -> %s
03-11 14:12:29.350 29655 29729 I PlayCommon: [1208] awwc.j(237): Preparing logs for uploading
03-11 14:12:29.358 29655 29729 I PlayCommon: [1208] awwc.j(1856): Connecting to server: https://play.googleapis.com/play/log?format=raw&proto_v2=true
03-11 14:12:29.363 29655 29729 E PlayCommon: [1208] awwc.j(2638): Failed to connect to server for log upload.
03-11 14:12:29.669  7413  7773 I bbdx    : (REDACTED) getHotwordActive::active query: %s, watch: %s, devices connected: %s
03-11 14:12:32.396  6362  6362 I NearbyDiscovery: (REDACTED) FastPairDisplayObserver: %s -> %s
03-11 14:12:32.726  6362  6362 I NearbyDiscovery: (REDACTED) FastPairDisplayObserver: %s -> %s
03-11 14:12:44.562  6362  6362 I NearbyDiscovery: (REDACTED) FastPairDisplayObserver: %s -> %s
03-11 14:12:46.095  6362  6362 I NearbyDiscovery: (REDACTED) FastPairDisplayObserver: %s -> %s
03-11 14:12:47.113  6362  6362 I NearbyDiscovery: (REDACTED) FastPairDisplayObserver: %s -> %s
03-11 14:12:47.430  6362  6362 I NearbyDiscovery: (REDACTED) FastPairDisplayObserver: %s -> %s
03-11 14:13:00.028  6362  6362 I NearbyDiscovery: (REDACTED) FastPairDisplayObserver: %s -> %s
03-11 14:13:00.367  6362  6362 I NearbyDiscovery: (REDACTED) FastPairDisplayObserver: %s -> %s
03-11 14:13:13.711  7413  7974 I bbdx    : (REDACTED) getHotwordActive::active query: %s, watch: %s, devices connected: %s
03-11 14:13:31.668  6362  6362 I NearbyDiscovery: (REDACTED) FastPairDisplayObserver: %s -> %s
03-11 14:13:33.200  6362  6362 I NearbyDiscovery: (REDACTED) FastPairDisplayObserver: %s -> %s
03-11 14:13:34.213  6362  6362 I NearbyDiscovery: (REDACTED) FastPairDisplayObserver: %s -> %s
03-11 14:13:34.546  6362  6362 I NearbyDiscovery: (REDACTED) FastPairDisplayObserver: %s -> %s
03-11 14:14:00.907  6362  6362 I NearbyDiscovery: (REDACTED) FastPairDisplayObserver: %s -> %s
03-11 14:14:01.217  6362  6362 I NearbyDiscovery: (REDACTED) FastPairDisplayObserver: %s -> %s
03-11 14:14:19.480  6362  7968 W NearbyDiscovery: Runnable[stopIfNotScheduled] was delayed for 33:09.816 [CONTEXT service_id=265 ]
03-11 14:14:19.481  6362  7968 I NearbyDiscovery: FastPair: isDestroyable: Scanner is alive. [CONTEXT service_id=265 ]
03-11 14:14:19.482  6362  7968 I NearbyDiscovery: DiscoveryService: Skip stopSelf(), fast pair controller is not destroyable. [CONTEXT service_id=265 ]
03-11 14:14:19.509  6362  6362 I NearbyDiscovery: (REDACTED) FastPairDisplayObserver: %s -> %s
03-11 14:14:21.046  6362  6362 I NearbyDiscovery: (REDACTED) FastPairDisplayObserver: %s -> %s
03-11 14:14:22.362  6362  6362 I NearbyDiscovery: (REDACTED) FastPairDisplayObserver: %s -> %s
03-11 14:14:22.688  6362  6362 I NearbyDiscovery: (REDACTED) FastPairDisplayObserver: %s -> %s
03-11 14:14:44.457  7413  7984 I bbdx    : (REDACTED) getHotwordActive::active query: %s, watch: %s, devices connected: %s
03-11 14:14:46.009  7413  7984 I bbdx    : (REDACTED) getHotwordActive::active query: %s, watch: %s, devices connected: %s
03-11 14:15:00.055  6362  6362 I NearbyDiscovery: (REDACTED) FastPairDisplayObserver: %s -> %s
03-11 14:15:00.370  6362  6362 I NearbyDiscovery: (REDACTED) FastPairDisplayObserver: %s -> %s
03-11 14:15:51.175  6362 26170 I AlarmManager: setExactAndAllowWhileIdle [name: GCM_HB_ALARM type: 2 triggerAtMillis: 10112117]
03-11 14:15:51.191  6362 26173 W ChimeraUtils: Module com.google.android.gms.gcm missing resource null(0)
03-11 14:15:51.196  6362 26173 I AlarmManager: setExactAndAllowWhileIdle [name: FcmRetry type: 2 triggerAtMillis: 9992137]
03-11 14:15:51.200  6362  6362 W GCM     : broadcast intent callback: result=CANCELLED forIntent { act=com.google.android.c2dm.intent.RECEIVE flg=0x10000000 pkg=com.whatsapp (has extras) }
03-11 14:15:51.246  7413 18884 I erxo    : (REDACTED) appOpsListener %s %s
03-11 14:15:51.246  7413 18884 I erxo    : (REDACTED) Ignoring irrelevant audio permission changes for package %s
03-11 14:15:51.250 19976 19986 W com.whatsapp: Missing inline cache for void X.ApP.run()
03-11 14:15:51.250 19976 19986 W com.whatsapp: Missing inline cache for void X.ApP.run()
03-11 14:15:51.250 19976 19986 W com.whatsapp: Missing inline cache for void X.ApP.run()
03-11 14:15:51.250 19976 19986 W com.whatsapp: Missing inline cache for void X.ApP.run()
03-11 14:15:51.250 19976 19986 W com.whatsapp: Missing inline cache for void X.ApP.run()
03-11 14:15:51.250 19976 19986 W com.whatsapp: Missing inline cache for void X.ApP.run()
03-11 14:15:51.284  6362  6362 I NearbyDiscovery: (REDACTED) FastPairDisplayObserver: %s -> %s
03-11 14:15:51.410  6362  6362 I NearbyDiscovery: (REDACTED) FastPairDisplayObserver: %s -> %s
03-11 14:15:52.122 10015 10015 W fbservices:InitStatus: Not blocking Service (24316350)
03-11 14:15:52.122 10015 10015 W fbservices:InitStatus: Not blocking Service (24316350)
03-11 14:15:54.075  6362  6362 I NearbyDiscovery: (REDACTED) FastPairDisplayObserver: %s -> %s
03-11 14:15:54.194  6362  6362 I NearbyDiscovery: (REDACTED) FastPairDisplayObserver: %s -> %s
03-11 14:15:59.053  7413 18884 I erxo    : (REDACTED) appOpsListener %s %s
03-11 14:15:59.053  7413 18884 I erxo    : (REDACTED) Ignoring irrelevant audio permission changes for package %s
03-11 14:16:00.038  6362  6362 I NearbyDiscovery: (REDACTED) FastPairDisplayObserver: %s -> %s
03-11 14:16:00.377  6362  6362 I NearbyDiscovery: (REDACTED) FastPairDisplayObserver: %s -> %s
03-11 14:16:21.873 19976 20033 I WM-WorkerWrapper: Worker result SUCCESS for Work [ id=18ba29c3-7645-40c6-afcc-dd488f4e1aa2, tags={ com.whatsapp.messaging.xmpp.XmppLifecycleWorker } ]
03-11 14:16:21.897  7413 18884 I erxo    : (REDACTED) appOpsListener %s %s
03-11 14:16:21.897  7413 18884 I erxo    : (REDACTED) Ignoring irrelevant audio permission changes for package %s
03-11 14:16:21.900 19976 20056 W ConnectivityManager.CallbackHandler: callback not found for CALLBACK_BLK_CHANGED message
03-11 14:16:43.439  6362  6362 I NearbyDiscovery: (REDACTED) FastPairDisplayObserver: %s -> %s
03-11 14:16:44.146  6362  6362 I NearbyDiscovery: (REDACTED) FastPairDisplayObserver: %s -> %s
03-11 14:16:44.517  6362  6362 I NearbyDiscovery: (REDACTED) FastPairDisplayObserver: %s -> %s
03-11 14:16:46.047  6362  6362 I NearbyDiscovery: (REDACTED) FastPairDisplayObserver: %s -> %s
03-11 14:16:47.320  6362  6362 I NearbyDiscovery: (REDACTED) FastPairDisplayObserver: %s -> %s
03-11 14:16:47.336  6362  7968 I NearbyDiscovery: (REDACTED) OffloadFastPairScanner: eventType=%s, isInternalReq=%s, isOffloadScanning=%s, isOffloadScanningAllowed=%s
03-11 14:16:47.336  6362  7968 I NearbyDiscovery: (REDACTED) FastPairScanner: isScreenOn=%s, isLocationEnabled=%s, disableLocationRequirement=%s, isDiscoveryScanningEnabled=%s, during24GhzWifiWarmingUpPeriod=%s
03-11 14:16:47.336  6362  7968 I NearbyDiscovery: (REDACTED) FastPairScanner: eventType=%s, intReq=%s, scanning=%s, scanAllowed=%s, bleEnabled=%s, lockScanRate=%s, startScanningByLowPowerMode=%s
03-11 14:16:47.409  6362  7968 I NearbyDiscovery: (REDACTED) FastPairScanner: isScreenOn=%s, isLocationEnabled=%s, disableLocationRequirement=%s, isDiscoveryScanningEnabled=%s, during24GhzWifiWarmingUpPeriod=%s
03-11 14:16:47.409  6362  7968 I NearbyDiscovery: (REDACTED) FastPairScanner: Start scanning internally, %s
03-11 14:16:47.419  6362  7968 I NearbyDiscovery: (REDACTED) FastPairScanner: Starting %s scan for %s seconds
03-11 14:16:47.454  7344 26676 I DeviceStatusMonitor: DeviceStatusMonitor.handleBroadcast():123 onReceive() : Action = android.intent.action.SCREEN_ON
03-11 14:16:47.454  7344 26676 I DeviceStatusMonitor: DeviceStatusMonitor.updateCountryInfo():139 updateCountryInfo(), notifyAnyway = false
03-11 14:16:47.482  6362  7968 I NearbyDiscovery: (REDACTED) FastPairHandler: Received action %s
03-11 14:16:47.483  6362  7968 I NearbyDiscovery: (REDACTED) OffloadFastPairScanner: eventType=%s, isInternalReq=%s, isOffloadScanning=%s, isOffloadScanningAllowed=%s
03-11 14:16:47.483  6362  7968 I NearbyDiscovery: (REDACTED) FastPairScanner: isScreenOn=%s, isLocationEnabled=%s, disableLocationRequirement=%s, isDiscoveryScanningEnabled=%s, during24GhzWifiWarmingUpPeriod=%s
03-11 14:16:47.483  6362  7968 I NearbyDiscovery: (REDACTED) FastPairScanner: eventType=%s, intReq=%s, scanning=%s, scanAllowed=%s, bleEnabled=%s, lockScanRate=%s, startScanningByLowPowerMode=%s
03-11 14:16:47.483  6362  7968 I NearbyDiscovery: FastPairController: onSystemStateChanged: skip due to flag disabled [CONTEXT service_id=265 ]
03-11 14:16:47.492  6362  5599 I NearbyUWB: (REDACTED) Screen unlocked: %s
03-11 14:16:47.540  6362  7968 I NearbyDiscovery: (REDACTED) %s
03-11 14:16:47.540  6362 26690 I NearbyDiscovery: (REDACTED) loadFastPairModule: checkFeaturesAreAvailable:%d
03-11 14:16:47.541  6362  7968 I NearbyDiscovery: (REDACTED) %s
03-11 14:16:47.541  6362 26690 I NearbyDiscovery: loadFastPairModule: FastPair module is downloaded. [CONTEXT service_id=265 ]
03-11 14:16:47.541  6362  7968 I NearbyDiscovery: (REDACTED) %s
03-11 14:16:47.889 18800 18800 W libc    : Access denied finding property "vendor.gpp.create_frc_extension"
03-11 14:16:48.397 18800 18800 W WindowOnBackDispatcher: sendCancelIfRunning: isInProgress=false callback=android.view.ViewRootImpl$$ExternalSyntheticLambda11@450ab3e
03-11 14:16:49.419  6362  6362 I NearbyDiscovery: (REDACTED) FastPairDisplayObserver: %s -> %s
03-11 14:16:49.438  6362  7968 I NearbyDiscovery: (REDACTED) OffloadFastPairScanner: eventType=%s, isInternalReq=%s, isOffloadScanning=%s, isOffloadScanningAllowed=%s
03-11 14:16:49.451  6362  7968 I NearbyDiscovery: (REDACTED) FastPairScanner: isScreenOn=%s, isLocationEnabled=%s, disableLocationRequirement=%s, isDiscoveryScanningEnabled=%s, during24GhzWifiWarmingUpPeriod=%s
03-11 14:16:49.453  6362  7968 I NearbyDiscovery: (REDACTED) FastPairScanner: eventType=%s, intReq=%s, scanning=%s, scanAllowed=%s, bleEnabled=%s, lockScanRate=%s, startScanningByLowPowerMode=%s
03-11 14:16:49.454  6362  7968 I NearbyDiscovery: (REDACTED) FastPairScanner: Stopping scan, %s
03-11 14:16:49.687  7344 26744 I DeviceStatusMonitor: DeviceStatusMonitor.handleBroadcast():123 onReceive() : Action = android.intent.action.SCREEN_OFF
03-11 14:16:49.687  7344  7344 I InputBundle: InputBundle.consumeEvent():893 Skip consuming an event as imeStatus is 0
03-11 14:16:49.687  7344 26744 I DeviceStatusMonitor: DeviceStatusMonitor.updateCountryInfo():139 updateCountryInfo(), notifyAnyway = false
03-11 14:16:49.687  7344  7344 I Module  : DeviceLockedStatusModuleProvider$Module.updateDeviceLockedStatus():100 repeatCheckTimes = 0, locked = true
03-11 14:16:49.694  7413  7975 I wqj     : (REDACTED) stopListening(%s, %s)
03-11 14:16:49.706  7413  7979 I biqb    : (REDACTED) #FCF: Managed profile check status : %s
03-11 14:16:49.706  7413  7979 I bipz    : (REDACTED) #FCF: Demo mode check status : %s
03-11 14:16:49.707  7413  7979 I bist    : (REDACTED) #FCF evaluate: %s
03-11 14:16:49.707  7413  7979 I bist    : (REDACTED) TngMaStatusChecker#evaluateInternal completed in %s millis
03-11 14:16:49.707  7413  7975 I bovt    : #getOobeStatus: OptedIn [CONTEXT ratelimit_period="10 SECONDS" ]
03-11 14:16:49.707  7413  7975 I bisi    : Robin is eligible and opted-in
03-11 14:16:49.707  7413  7975 I bisi    : (REDACTED) Headphone Integration status: %s
03-11 14:16:49.712  6362  7968 I NearbyDiscovery: (REDACTED) FastPairHandler: Received action %s
03-11 14:16:49.712  6362  7968 I NearbyDiscovery: (REDACTED) OffloadFastPairScanner: eventType=%s, isInternalReq=%s, isOffloadScanning=%s, isOffloadScanningAllowed=%s
03-11 14:16:49.713  6362  7968 I NearbyDiscovery: (REDACTED) FastPairScanner: isScreenOn=%s, isLocationEnabled=%s, disableLocationRequirement=%s, isDiscoveryScanningEnabled=%s, during24GhzWifiWarmingUpPeriod=%s
03-11 14:16:49.713  6362  7968 I NearbyDiscovery: (REDACTED) FastPairScanner: eventType=%s, intReq=%s, scanning=%s, scanAllowed=%s, bleEnabled=%s, lockScanRate=%s, startScanningByLowPowerMode=%s
03-11 14:16:49.713  6362  7968 I NearbyDiscovery: FastPairController: onSystemStateChanged: skip due to flag disabled [CONTEXT service_id=265 ]
03-11 14:16:49.722  6362 21516 I NearbyUWB: (REDACTED) Screen unlocked: %s
03-11 14:16:49.723  6362  6362 I BatchScanningManager: (REDACTED) Starting batch scanner in %d seconds.
03-11 14:16:50.163  6362  6362 I NearbyDiscovery: (REDACTED) FastPairDisplayObserver: %s -> %s
03-11 14:16:52.011  6362  6362 I NearbyDiscovery: (REDACTED) FastPairDisplayObserver: %s -> %s
03-11 14:16:57.267  6362  6362 I NearbyDiscovery: (REDACTED) FastPairDisplayObserver: %s -> %s
03-11 14:16:57.495  7413  7773 I bbdx    : (REDACTED) getHotwordActive::active query: %s, watch: %s, devices connected: %s
03-11 14:16:57.582  6362  6362 I NearbyDiscovery: (REDACTED) FastPairDisplayObserver: %s -> %s
03-11 14:17:00.030  6362  6362 I NearbyDiscovery: (REDACTED) FastPairDisplayObserver: %s -> %s
03-11 14:17:00.364  6362  6362 I NearbyDiscovery: (REDACTED) FastPairDisplayObserver: %s -> %s
03-11 14:17:01.796  6362 26800 I AlarmManager: setExactAndAllowWhileIdle [name: GCM_HB_ALARM type: 2 triggerAtMillis: 10182738]
03-11 14:17:01.810  6362 26690 I AlarmManager: setExactAndAllowWhileIdle [name: FcmRetry type: 2 triggerAtMillis: 10062749]
03-11 14:17:01.816  6362  6362 W GCM     : broadcast intent callback: result=CANCELLED forIntent { act=com.google.android.c2dm.intent.RECEIVE pkg=com.google.android.gm (has extras) }
03-11 14:17:01.836 21850 21850 W arib    : Already started: arib@1056196
03-11 14:17:01.839 21850 26274 E GoogleApiManager: Failed to get service from broker. 
03-11 14:17:01.839 21850 26274 E GoogleApiManager: java.lang.SecurityException: Unknown calling package name 'com.google.android.gms'.
03-11 14:17:01.839 21850 26274 E GoogleApiManager: 	at android.os.Parcel.createExceptionOrNull(Parcel.java:3256)
03-11 14:17:01.839 21850 26274 E GoogleApiManager: 	at android.os.Parcel.createException(Parcel.java:3240)
03-11 14:17:01.839 21850 26274 E GoogleApiManager: 	at android.os.Parcel.readException(Parcel.java:3223)
03-11 14:17:01.839 21850 26274 E GoogleApiManager: 	at android.os.Parcel.readException(Parcel.java:3165)
03-11 14:17:01.839 21850 26274 E GoogleApiManager: 	at asrr.a(:com.google.android.gms@250832035@25.08.32 (260400-731361394):36)
03-11 14:17:01.839 21850 26274 E GoogleApiManager: 	at aspy.z(:com.google.android.gms@250832035@25.08.32 (260400-731361394):143)
03-11 14:17:01.839 21850 26274 E GoogleApiManager: 	at arxh.run(:com.google.android.gms@250832035@25.08.32 (260400-731361394):54)
03-11 14:17:01.839 21850 26274 E GoogleApiManager: 	at android.os.Handler.handleCallback(Handler.java:1014)
03-11 14:17:01.839 21850 26274 E GoogleApiManager: 	at android.os.Handler.dispatchMessage(Handler.java:102)
03-11 14:17:01.839 21850 26274 E GoogleApiManager: 	at bzmf.my(:com.google.android.gms@250832035@25.08.32 (260400-731361394):1)
03-11 14:17:01.839 21850 26274 E GoogleApiManager: 	at bzmf.dispatchMessage(:com.google.android.gms@250832035@25.08.32 (260400-731361394):5)
03-11 14:17:01.839 21850 26274 E GoogleApiManager: 	at android.os.Looper.loopOnce(Looper.java:250)
03-11 14:17:01.839 21850 26274 E GoogleApiManager: 	at android.os.Looper.loop(Looper.java:340)
03-11 14:17:01.839 21850 26274 E GoogleApiManager: 	at android.os.HandlerThread.run(HandlerThread.java:107)
03-11 14:17:02.441  6362 21516 I NearbyPresence: (REDACTED) %s verified [==] new request %s equals to the old request
03-11 14:17:02.538 10015 10015 W fbservices:InitStatus: Not blocking Service (24316350)
03-11 14:17:02.538 10015 10015 W fbservices:InitStatus: Not blocking Service (24316350)
03-11 14:17:02.881 21850 21850 W arib    : Already started: arib@1056196
03-11 14:17:02.931 21850 26805 W aobd    : Job(ItemListsService:stopItemList#0.61) Attempting to unregister unknown list: itemlist-ViewType(96)-4
03-11 14:17:02.954 21850 21850 W jqt     : [Gmail] MailSyncAdapterService: MailSyncAdapterService is destroyed! [CONTEXT android_log_tag="MailSyncAdapterService" ]
03-11 14:17:04.336  6362  6362 I NearbyDiscovery: (REDACTED) FastPairDisplayObserver: %s -> %s
03-11 14:17:04.541 13880 23360 W Looper  : Slow delivery took 2987508ms android.bg h=android.os.Handler c=android.os.BinderProxy$1@51951a4 m=0
03-11 14:17:04.564 13514 23385 W Looper  : Slow delivery took 2987502ms android.bg h=android.os.Handler c=android.os.BinderProxy$1@abb94c8 m=0
03-11 14:17:04.568 26842 26842 I m.quora.android: Using CollectorTypeCC GC.
03-11 14:17:04.572 26842 26842 E m.quora.android: Not starting debugger since process cannot load the jdwp agent.
03-11 14:17:04.579 14542 19898 W Looper  : Slow delivery took 645911ms android.bg h=android.os.Handler c=android.os.BinderProxy$1@a878f3c m=0
03-11 14:17:04.584 14542 19898 W Looper  : Drained
03-11 14:17:04.588 13514 23385 W Looper  : Drained
03-11 14:17:04.589 26842 26842 E m.quora.android: BBinder_init Processname  <pre-initialized>  
03-11 14:17:04.589 26842 26842 E m.quora.android: BBinder_init hasGetProcessName  <pre-initialized>
03-11 14:17:04.618 16759 16851 W Looper  : Slow delivery took 450938ms android.bg h=android.os.Handler c=android.os.BinderProxy$1@e98cb35 m=0
03-11 14:17:04.639 16759 16851 W Looper  : Drained
03-11 14:17:04.643 26842 26842 W ziparchive: Unable to open '/data/app/~~CvYyXPAHdth0PJ2UMcJekQ==/com.quora.android-k766qEObnKQ8srXrB1_H7Q==/split_config.xxhdpi.dm': No such file or directory
03-11 14:17:04.643 26842 26842 W ziparchive: Unable to open '/data/app/~~CvYyXPAHdth0PJ2UMcJekQ==/com.quora.android-k766qEObnKQ8srXrB1_H7Q==/split_config.xxhdpi.dm': No such file or directory
03-11 14:17:04.643 26842 26842 W m.quora.android: Entry not found
03-11 14:17:04.666 26842 26842 I FirebaseApp: Device unlocked: initializing all Firebase APIs for app [DEFAULT]
03-11 14:17:04.675 26842 26842 I FirebaseCrashlytics: Initializing Firebase Crashlytics 19.0.3 for com.quora.android
03-11 14:17:04.688 13514 26868 E GAv4    : Job execution failed: java.lang.SecurityException: com.ixigo.train.ixitrain: One of RECEIVER_EXPORTED or RECEIVER_NOT_EXPORTED should be specified when a receiver isn't being registered exclusively for system broadcasts
03-11 14:17:04.697 26842 26842 I FirebaseInitProvider: FirebaseApp initialization successful
03-11 14:17:04.703 13514 26899 I System.out: 2025-03-11 14:17:04,703 [DEBUG] StatementBuilder built statement SELECT * FROM `FlightItinerary` WHERE `deleted` = 0 
03-11 14:17:04.704 26842 26842 W com.facebook.UserSettingsManager: Please set a value for AutoLogAppEventsEnabled. Set the flag to TRUE if you want to collect app install, app launch and in-app purchase events automatically. To request user consent before collecting data, set the flag value to FALSE, then change to TRUE once user consent is received. Learn more: https://developers.facebook.com/docs/app-events/getting-started-app-events-android#disable-auto-events.
03-11 14:17:04.704 26842 26842 W com.facebook.UserSettingsManager: You haven't set a value for AdvertiserIDCollectionEnabled. Set the flag to TRUE if you want to collect Advertiser ID for better advertising and analytics results. To request user consent before collecting data, set the flag value to FALSE, then change to TRUE once user consent is received. Learn more: https://developers.facebook.com/docs/app-events/getting-started-app-events-android#disable-auto-events.
03-11 14:17:04.705 13514 26899 I System.out: 2025-03-11 14:17:04,705 [DEBUG] BaseMappedStatement prepared statement 'SELECT * FROM `FlightItinerary` WHERE `deleted` = 0 ' with 0 args
03-11 14:17:04.705 26842 26900 W GraphRequest: Starting with v13 of the SDK, a client token must be embedded in your client code before making Graph API calls. Visit https://developers.facebook.com/docs/android/getting-started#client-token to learn how to implement this change.
03-11 14:17:04.706 13514 26899 I System.out: 2025-03-11 14:17:04,706 [DEBUG] SelectIterator starting iterator @24943192 for 'SELECT * FROM `FlightItinerary` WHERE `deleted` = 0 '
03-11 14:17:04.706 13514 26899 I System.out: 2025-03-11 14:17:04,706 [DEBUG] SelectIterator closed iterator @24943192 after 0 rows
03-11 14:17:04.707 13514 26899 I System.out: 2025-03-11 14:17:04,706 [DEBUG] StatementExecutor query of 'SELECT * FROM `FlightItinerary` WHERE `deleted` = 0 ' returned 0 results
03-11 14:17:04.707 13514 26899 I System.out: 2025-03-11 14:17:04,707 [DEBUG] StatementBuilder built statement SELECT * FROM `TrainItinerary` WHERE `deleted` = 0 
03-11 14:17:04.707 26842 26903 W GraphRequest: Starting with v13 of the SDK, a client token must be embedded in your client code before making Graph API calls. Visit https://developers.facebook.com/docs/android/getting-started#client-token to learn how to implement this change.
03-11 14:17:04.707 13514 26899 I System.out: 2025-03-11 14:17:04,707 [DEBUG] BaseMappedStatement prepared statement 'SELECT * FROM `TrainItinerary` WHERE `deleted` = 0 ' with 0 args
03-11 14:17:04.711 13514 26899 I System.out: 2025-03-11 14:17:04,711 [DEBUG] SelectIterator starting iterator @19183537 for 'SELECT * FROM `TrainItinerary` WHERE `deleted` = 0 '
03-11 14:17:04.713 26842 26904 W GraphRequest: Starting with v13 of the SDK, a client token must be embedded in your client code before making Graph API calls. Visit https://developers.facebook.com/docs/android/getting-started#client-token to learn how to implement this change.
03-11 14:17:04.715 26842 26882 W m.quora.android: ClassLoaderContext classpath size mismatch. expected=1, found=0 (DLC[];PCL[base.apk*3735409989]{PCL[/system/framework/org.apache.http.legacy.jar*1230680128]#PCL[/system/framework/com.android.media.remotedisplay.jar*2042759013]#PCL[/system/framework/com.android.location.provider.jar*3414091812]#PCL[/system_ext/framework/androidx.window.extensions.jar*2725640908]#PCL[/system_ext/framework/androidx.window.sidecar.jar*252499129]} | DLC[];PCL[])
03-11 14:17:04.716 13514 26899 I System.out: 2025-03-11 14:17:04,716 [DEBUG] StatementBuilder built statement SELECT * FROM `TrainPax` WHERE `itineraryId` = ? 
03-11 14:17:04.717 13514 26899 I System.out: 2025-03-11 14:17:04,717 [DEBUG] BaseMappedStatement prepared statement 'SELECT * FROM `TrainPax` WHERE `itineraryId` = ? ' with 1 args
03-11 14:17:04.717 13514 26899 I System.out: 2025-03-11 14:17:04,717 [DEBUG] SelectIterator starting iterator @8410262 for 'SELECT * FROM `TrainPax` WHERE `itineraryId` = ? '
03-11 14:17:04.719 13514 26899 I System.out: 2025-03-11 14:17:04,719 [DEBUG] SelectIterator closed iterator @8410262 after 2 rows
03-11 14:17:04.719 13514 26899 I System.out: 2025-03-11 14:17:04,719 [DEBUG] StatementExecutor query of 'SELECT * FROM `TrainPax` WHERE `itineraryId` = ? ' returned 2 results
03-11 14:17:04.719 13514 26899 I System.out: 2025-03-11 14:17:04,719 [DEBUG] StatementBuilder built statement SELECT * FROM `NotificationTracker` WHERE `trainItineraryId` = ? 
03-11 14:17:04.719 13514 26899 I System.out: 2025-03-11 14:17:04,719 [DEBUG] BaseMappedStatement prepared statement 'SELECT * FROM `NotificationTracker` WHERE `trainItineraryId` = ? ' with 1 args
03-11 14:17:04.720 13514 26899 I System.out: 2025-03-11 14:17:04,720 [DEBUG] SelectIterator starting iterator @40757271 for 'SELECT * FROM `NotificationTracker` WHERE `trainItineraryId` = ? '
03-11 14:17:04.720 13514 26899 I System.out: 2025-03-11 14:17:04,720 [DEBUG] SelectIterator closed iterator @40757271 after 0 rows
03-11 14:17:04.720 13514 26899 I System.out: 2025-03-11 14:17:04,720 [DEBUG] StatementExecutor query of 'SELECT * FROM `NotificationTracker` WHERE `trainItineraryId` = ? ' returned 0 results
03-11 14:17:04.721 26842 26882 I DynamiteModule: Considering local module com.google.android.gms.measurement.dynamite:117 and remote module com.google.android.gms.measurement.dynamite:140
03-11 14:17:04.721 26842 26882 I DynamiteModule: Selected remote version of com.google.android.gms.measurement.dynamite, version >= 140
03-11 14:17:04.722 13514 26899 I System.out: 2025-03-11 14:17:04,722 [DEBUG] StatementBuilder built statement SELECT * FROM `TrainPax` WHERE `itineraryId` = ? 
03-11 14:17:04.722 13514 26899 I System.out: 2025-03-11 14:17:04,722 [DEBUG] BaseMappedStatement prepared statement 'SELECT * FROM `TrainPax` WHERE `itineraryId` = ? ' with 1 args
03-11 14:17:04.722 13514 26899 I System.out: 2025-03-11 14:17:04,722 [DEBUG] SelectIterator starting iterator @239928324 for 'SELECT * FROM `TrainPax` WHERE `itineraryId` = ? '
03-11 14:17:04.722 13514 26899 I System.out: 2025-03-11 14:17:04,722 [DEBUG] SelectIterator closed iterator @239928324 after 1 rows
03-11 14:17:04.722 13514 26899 I System.out: 2025-03-11 14:17:04,722 [DEBUG] StatementExecutor query of 'SELECT * FROM `TrainPax` WHERE `itineraryId` = ? ' returned 1 results
03-11 14:17:04.723 13514 26899 I System.out: 2025-03-11 14:17:04,723 [DEBUG] StatementBuilder built statement SELECT * FROM `NotificationTracker` WHERE `trainItineraryId` = ? 
03-11 14:17:04.723 13514 26899 I System.out: 2025-03-11 14:17:04,723 [DEBUG] BaseMappedStatement prepared statement 'SELECT * FROM `NotificationTracker` WHERE `trainItineraryId` = ? ' with 1 args
03-11 14:17:04.723 13514 26899 I System.out: 2025-03-11 14:17:04,723 [DEBUG] SelectIterator starting iterator @219946477 for 'SELECT * FROM `NotificationTracker` WHERE `trainItineraryId` = ? '
03-11 14:17:04.723 13514 26899 I System.out: 2025-03-11 14:17:04,723 [DEBUG] SelectIterator closed iterator @219946477 after 0 rows
03-11 14:17:04.723 13514 26899 I System.out: 2025-03-11 14:17:04,723 [DEBUG] StatementExecutor query of 'SELECT * FROM `NotificationTracker` WHERE `trainItineraryId` = ? ' returned 0 results
03-11 14:17:04.725 13514 26899 I System.out: 2025-03-11 14:17:04,725 [DEBUG] StatementBuilder built statement SELECT * FROM `TrainPax` WHERE `itineraryId` = ? 
03-11 14:17:04.725 13514 26899 I System.out: 2025-03-11 14:17:04,725 [DEBUG] BaseMappedStatement prepared statement 'SELECT * FROM `TrainPax` WHERE `itineraryId` = ? ' with 1 args
03-11 14:17:04.726 13514 26899 I System.out: 2025-03-11 14:17:04,725 [DEBUG] SelectIterator starting iterator @140846114 for 'SELECT * FROM `TrainPax` WHERE `itineraryId` = ? '
03-11 14:17:04.726 13514 26899 I System.out: 2025-03-11 14:17:04,726 [DEBUG] SelectIterator closed iterator @140846114 after 1 rows
03-11 14:17:04.726 13514 26899 I System.out: 2025-03-11 14:17:04,726 [DEBUG] StatementExecutor query of 'SELECT * FROM `TrainPax` WHERE `itineraryId` = ? ' returned 1 results
03-11 14:17:04.726 13514 26899 I System.out: 2025-03-11 14:17:04,726 [DEBUG] StatementBuilder built statement SELECT * FROM `NotificationTracker` WHERE `trainItineraryId` = ? 
03-11 14:17:04.726 13514 26899 I System.out: 2025-03-11 14:17:04,726 [DEBUG] BaseMappedStatement prepared statement 'SELECT * FROM `NotificationTracker` WHERE `trainItineraryId` = ? ' with 1 args
03-11 14:17:04.727 13514 26899 I System.out: 2025-03-11 14:17:04,727 [DEBUG] SelectIterator starting iterator @140439219 for 'SELECT * FROM `NotificationTracker` WHERE `trainItineraryId` = ? '
03-11 14:17:04.727 13514 26899 I System.out: 2025-03-11 14:17:04,727 [DEBUG] SelectIterator closed iterator @140439219 after 0 rows
03-11 14:17:04.727 13514 26899 I System.out: 2025-03-11 14:17:04,727 [DEBUG] StatementExecutor query of 'SELECT * FROM `NotificationTracker` WHERE `trainItineraryId` = ? ' returned 0 results
03-11 14:17:04.728 26842 26882 W System  : ClassLoader referenced unknown path: 
03-11 14:17:04.729 13514 26899 I System.out: 2025-03-11 14:17:04,729 [DEBUG] StatementBuilder built statement SELECT * FROM `TrainPax` WHERE `itineraryId` = ? 
03-11 14:17:04.729 13514 26899 I System.out: 2025-03-11 14:17:04,729 [DEBUG] BaseMappedStatement prepared statement 'SELECT * FROM `TrainPax` WHERE `itineraryId` = ? ' with 1 args
03-11 14:17:04.729 13514 26899 I System.out: 2025-03-11 14:17:04,729 [DEBUG] SelectIterator starting iterator @27896809 for 'SELECT * FROM `TrainPax` WHERE `itineraryId` = ? '
03-11 14:17:04.730 13514 26899 I System.out: 2025-03-11 14:17:04,730 [DEBUG] SelectIterator closed iterator @27896809 after 2 rows
03-11 14:17:04.730 13514 26899 I System.out: 2025-03-11 14:17:04,730 [DEBUG] StatementExecutor query of 'SELECT * FROM `TrainPax` WHERE `itineraryId` = ? ' returned 2 results
03-11 14:17:04.731 13514 26899 I System.out: 2025-03-11 14:17:04,731 [DEBUG] StatementBuilder built statement SELECT * FROM `NotificationTracker` WHERE `trainItineraryId` = ? 
03-11 14:17:04.731 13514 26899 I System.out: 2025-03-11 14:17:04,731 [DEBUG] BaseMappedStatement prepared statement 'SELECT * FROM `NotificationTracker` WHERE `trainItineraryId` = ? ' with 1 args
03-11 14:17:04.731 13514 26899 I System.out: 2025-03-11 14:17:04,731 [DEBUG] SelectIterator starting iterator @114647150 for 'SELECT * FROM `NotificationTracker` WHERE `trainItineraryId` = ? '
03-11 14:17:04.731 13514 26899 I System.out: 2025-03-11 14:17:04,731 [DEBUG] SelectIterator closed iterator @114647150 after 0 rows
03-11 14:17:04.731 13514 26899 I System.out: 2025-03-11 14:17:04,731 [DEBUG] StatementExecutor query of 'SELECT * FROM `NotificationTracker` WHERE `trainItineraryId` = ? ' returned 0 results
03-11 14:17:04.733 13514 26899 I System.out: 2025-03-11 14:17:04,733 [DEBUG] StatementBuilder built statement SELECT * FROM `TrainPax` WHERE `itineraryId` = ? 
03-11 14:17:04.733 13514 26899 I System.out: 2025-03-11 14:17:04,733 [DEBUG] BaseMappedStatement prepared statement 'SELECT * FROM `TrainPax` WHERE `itineraryId` = ? ' with 1 args
03-11 14:17:04.734 13514 26899 I System.out: 2025-03-11 14:17:04,734 [DEBUG] SelectIterator starting iterator @256885519 for 'SELECT * FROM `TrainPax` WHERE `itineraryId` = ? '
03-11 14:17:04.734 13514 26899 I System.out: 2025-03-11 14:17:04,734 [DEBUG] SelectIterator closed iterator @256885519 after 2 rows
03-11 14:17:04.735 13514 26899 I System.out: 2025-03-11 14:17:04,734 [DEBUG] StatementExecutor query of 'SELECT * FROM `TrainPax` WHERE `itineraryId` = ? ' returned 2 results
03-11 14:17:04.735 13514 26899 I System.out: 2025-03-11 14:17:04,735 [DEBUG] StatementBuilder built statement SELECT * FROM `NotificationTracker` WHERE `trainItineraryId` = ? 
03-11 14:17:04.735 13514 26899 I System.out: 2025-03-11 14:17:04,735 [DEBUG] BaseMappedStatement prepared statement 'SELECT * FROM `NotificationTracker` WHERE `trainItineraryId` = ? ' with 1 args
03-11 14:17:04.735 13514 26899 I System.out: 2025-03-11 14:17:04,735 [DEBUG] SelectIterator starting iterator @251580316 for 'SELECT * FROM `NotificationTracker` WHERE `trainItineraryId` = ? '
03-11 14:17:04.735 13514 26899 I System.out: 2025-03-11 14:17:04,735 [DEBUG] SelectIterator closed iterator @251580316 after 0 rows
03-11 14:17:04.735 13514 26899 I System.out: 2025-03-11 14:17:04,735 [DEBUG] StatementExecutor query of 'SELECT * FROM `NotificationTracker` WHERE `trainItineraryId` = ? ' returned 0 results
03-11 14:17:04.737 26842 26842 I BranchSDK: !SDK-VERSION-STRING!:io.branch.sdk.android:library:4.3.2
03-11 14:17:04.738 13514 26899 I System.out: 2025-03-11 14:17:04,738 [DEBUG] StatementBuilder built statement SELECT * FROM `TrainPax` WHERE `itineraryId` = ? 
03-11 14:17:04.738 13514 26899 I System.out: 2025-03-11 14:17:04,738 [DEBUG] BaseMappedStatement prepared statement 'SELECT * FROM `TrainPax` WHERE `itineraryId` = ? ' with 1 args
03-11 14:17:04.739 13514 26899 I System.out: 2025-03-11 14:17:04,739 [DEBUG] SelectIterator starting iterator @73932197 for 'SELECT * FROM `TrainPax` WHERE `itineraryId` = ? '
03-11 14:17:04.740 13514 26899 I System.out: 2025-03-11 14:17:04,739 [DEBUG] SelectIterator closed iterator @73932197 after 3 rows
03-11 14:17:04.740 26842 26882 W m.quora.android: ClassLoaderContext classpath element checksum mismatch. expected=3735409989, found=3831906133 (DLC[];PCL[base.apk*3735409989]{PCL[/system/framework/org.apache.http.legacy.jar*1230680128]#PCL[/system/framework/com.android.media.remotedisplay.jar*2042759013]#PCL[/system/framework/com.android.location.provider.jar*3414091812]#PCL[/system_ext/framework/androidx.window.extensions.jar*2725640908]#PCL[/system_ext/framework/androidx.window.sidecar.jar*252499129]} | DLC[];PCL[/data/app/~~CvYyXPAHdth0PJ2UMcJekQ==/com.quora.android-k766qEObnKQ8srXrB1_H7Q==/base.apk*3831906133])
03-11 14:17:04.741 13514 26899 I System.out: 2025-03-11 14:17:04,741 [DEBUG] StatementExecutor query of 'SELECT * FROM `TrainPax` WHERE `itineraryId` = ? ' returned 3 results
03-11 14:17:04.741 13514 26899 I System.out: 2025-03-11 14:17:04,741 [DEBUG] StatementBuilder built statement SELECT * FROM `NotificationTracker` WHERE `trainItineraryId` = ? 
03-11 14:17:04.742 13514 26899 I System.out: 2025-03-11 14:17:04,742 [DEBUG] BaseMappedStatement prepared statement 'SELECT * FROM `NotificationTracker` WHERE `trainItineraryId` = ? ' with 1 args
03-11 14:17:04.742 13514 26899 I System.out: 2025-03-11 14:17:04,742 [DEBUG] SelectIterator starting iterator @201004410 for 'SELECT * FROM `NotificationTracker` WHERE `trainItineraryId` = ? '
03-11 14:17:04.742 13514 26899 I System.out: 2025-03-11 14:17:04,742 [DEBUG] SelectIterator closed iterator @201004410 after 0 rows
03-11 14:17:04.742 13514 26899 I System.out: 2025-03-11 14:17:04,742 [DEBUG] StatementExecutor query of 'SELECT * FROM `NotificationTracker` WHERE `trainItineraryId` = ? ' returned 0 results
03-11 14:17:04.751 13514 26899 I System.out: 2025-03-11 14:17:04,751 [DEBUG] StatementBuilder built statement SELECT * FROM `TrainPax` WHERE `itineraryId` = ? 
03-11 14:17:04.751 13514 26899 I System.out: 2025-03-11 14:17:04,751 [DEBUG] BaseMappedStatement prepared statement 'SELECT * FROM `TrainPax` WHERE `itineraryId` = ? ' with 1 args
03-11 14:17:04.751 26922 26922 I facebook.katana: Using CollectorTypeCC GC.
03-11 14:17:04.755 26922 26922 E facebook.katana: Not starting debugger since process cannot load the jdwp agent.
03-11 14:17:04.756 13514 26899 I System.out: 2025-03-11 14:17:04,756 [DEBUG] SelectIterator starting iterator @13599019 for 'SELECT * FROM `TrainPax` WHERE `itineraryId` = ? '
03-11 14:17:04.757 13514 26899 I System.out: 2025-03-11 14:17:04,757 [DEBUG] SelectIterator closed iterator @13599019 after 1 rows
03-11 14:17:04.757 13514 26899 I System.out: 2025-03-11 14:17:04,757 [DEBUG] StatementExecutor query of 'SELECT * FROM `TrainPax` WHERE `itineraryId` = ? ' returned 1 results
03-11 14:17:04.757 13514 26899 I System.out: 2025-03-11 14:17:04,757 [DEBUG] StatementBuilder built statement SELECT * FROM `NotificationTracker` WHERE `trainItineraryId` = ? 
03-11 14:17:04.757 13514 26899 I System.out: 2025-03-11 14:17:04,757 [DEBUG] BaseMappedStatement prepared statement 'SELECT * FROM `NotificationTracker` WHERE `trainItineraryId` = ? ' with 1 args
03-11 14:17:04.758 13514 26899 I System.out: 2025-03-11 14:17:04,758 [DEBUG] SelectIterator starting iterator @66537864 for 'SELECT * FROM `NotificationTracker` WHERE `trainItineraryId` = ? '
03-11 14:17:04.758 13514 26899 I System.out: 2025-03-11 14:17:04,758 [DEBUG] SelectIterator closed iterator @66537864 after 0 rows
03-11 14:17:04.758 13514 26899 I System.out: 2025-03-11 14:17:04,758 [DEBUG] StatementExecutor query of 'SELECT * FROM `NotificationTracker` WHERE `trainItineraryId` = ? ' returned 0 results
03-11 14:17:04.759 26842 26906 I WebViewFactory: Loading com.google.android.webview version 133.0.6943.137 (code 694313733)
03-11 14:17:04.762 13514 26899 I System.out: 2025-03-11 14:17:04,762 [DEBUG] StatementBuilder built statement SELECT * FROM `TrainPax` WHERE `itineraryId` = ? 
03-11 14:17:04.763 13514 26899 I System.out: 2025-03-11 14:17:04,763 [DEBUG] BaseMappedStatement prepared statement 'SELECT * FROM `TrainPax` WHERE `itineraryId` = ? ' with 1 args
03-11 14:17:04.763 13514 26899 I System.out: 2025-03-11 14:17:04,763 [DEBUG] SelectIterator starting iterator @266465057 for 'SELECT * FROM `TrainPax` WHERE `itineraryId` = ? '
03-11 14:17:04.764 13514 26899 I System.out: 2025-03-11 14:17:04,763 [DEBUG] SelectIterator closed iterator @266465057 after 2 rows
03-11 14:17:04.764 13514 26899 I System.out: 2025-03-11 14:17:04,764 [DEBUG] StatementExecutor query of 'SELECT * FROM `TrainPax` WHERE `itineraryId` = ? ' returned 2 results
03-11 14:17:04.764 13514 26899 I System.out: 2025-03-11 14:17:04,764 [DEBUG] StatementBuilder built statement SELECT * FROM `NotificationTracker` WHERE `trainItineraryId` = ? 
03-11 14:17:04.764 13514 26899 I System.out: 2025-03-11 14:17:04,764 [DEBUG] BaseMappedStatement prepared statement 'SELECT * FROM `NotificationTracker` WHERE `trainItineraryId` = ? ' with 1 args
03-11 14:17:04.764 13514 26899 I System.out: 2025-03-11 14:17:04,764 [DEBUG] SelectIterator starting iterator @244649798 for 'SELECT * FROM `NotificationTracker` WHERE `trainItineraryId` = ? '
03-11 14:17:04.764 13514 26899 I System.out: 2025-03-11 14:17:04,764 [DEBUG] SelectIterator closed iterator @244649798 after 0 rows
03-11 14:17:04.764 13514 26899 I System.out: 2025-03-11 14:17:04,764 [DEBUG] StatementExecutor query of 'SELECT * FROM `NotificationTracker` WHERE `trainItineraryId` = ? ' returned 0 results
03-11 14:17:04.766 26842 26906 W ziparchive: Unable to open '/data/app/~~YdYZOBIwxT9XHiCYsDRK0g==/com.google.android.trichromelibrary_694313733-UrHh9K4uxZRlOQww-eecmg==/base.dm': No such file or directory
03-11 14:17:04.766 26842 26906 W ziparchive: Unable to open '/data/app/~~YdYZOBIwxT9XHiCYsDRK0g==/com.google.android.trichromelibrary_694313733-UrHh9K4uxZRlOQww-eecmg==/base.dm': No such file or directory
03-11 14:17:04.766 13514 26899 I System.out: 2025-03-11 14:17:04,766 [DEBUG] StatementBuilder built statement SELECT * FROM `TrainPax` WHERE `itineraryId` = ? 
03-11 14:17:04.766 13514 26899 I System.out: 2025-03-11 14:17:04,766 [DEBUG] BaseMappedStatement prepared statement 'SELECT * FROM `TrainPax` WHERE `itineraryId` = ? ' with 1 args
03-11 14:17:04.766 26842 26906 W m.quora.android: Entry not found
03-11 14:17:04.766 13514 26899 I System.out: 2025-03-11 14:17:04,766 [DEBUG] SelectIterator starting iterator @105055495 for 'SELECT * FROM `TrainPax` WHERE `itineraryId` = ? '
03-11 14:17:04.767 13514 26899 I System.out: 2025-03-11 14:17:04,767 [DEBUG] SelectIterator closed iterator @105055495 after 2 rows
03-11 14:17:04.767 13514 26899 I System.out: 2025-03-11 14:17:04,767 [DEBUG] StatementExecutor query of 'SELECT * FROM `TrainPax` WHERE `itineraryId` = ? ' returned 2 results
03-11 14:17:04.767 13514 26899 I System.out: 2025-03-11 14:17:04,767 [DEBUG] StatementBuilder built statement SELECT * FROM `NotificationTracker` WHERE `trainItineraryId` = ? 
03-11 14:17:04.767 13514 26899 I System.out: 2025-03-11 14:17:04,767 [DEBUG] BaseMappedStatement prepared statement 'SELECT * FROM `NotificationTracker` WHERE `trainItineraryId` = ? ' with 1 args
03-11 14:17:04.767 13514 26899 I System.out: 2025-03-11 14:17:04,767 [DEBUG] SelectIterator starting iterator @8091188 for 'SELECT * FROM `NotificationTracker` WHERE `trainItineraryId` = ? '
03-11 14:17:04.767 13514 26899 I System.out: 2025-03-11 14:17:04,767 [DEBUG] SelectIterator closed iterator @8091188 after 0 rows
03-11 14:17:04.767 13514 26899 I System.out: 2025-03-11 14:17:04,767 [DEBUG] StatementExecutor query of 'SELECT * FROM `NotificationTracker` WHERE `trainItineraryId` = ? ' returned 0 results
03-11 14:17:04.769 26922 26922 E facebook.katana: BBinder_init Processname  <pre-initialized>  
03-11 14:17:04.769 26922 26922 E facebook.katana: BBinder_init hasGetProcessName  <pre-initialized>
03-11 14:17:04.780 13514 26899 I System.out: 2025-03-11 14:17:04,779 [DEBUG] StatementBuilder built statement SELECT * FROM `TrainPax` WHERE `itineraryId` = ? 
03-11 14:17:04.780 13514 26899 I System.out: 2025-03-11 14:17:04,780 [DEBUG] BaseMappedStatement prepared statement 'SELECT * FROM `TrainPax` WHERE `itineraryId` = ? ' with 1 args
