03-11 14:17:05.707 26922 27018 W fb4a.lacrima: FixedLengthFiles.init() called twice.
03-11 14:17:05.707 26922 27018 W fb4a.lacrima: FixedLengthFiles.init() called twice.
03-11 14:17:05.731 26842 26906 I cr_LibraryLoader: Successfully loaded native library
03-11 14:17:05.742 26842 26906 I cr_CachingUmaRecorder: Flushed 6 samples from 6 histograms, 0 samples were dropped.
03-11 14:17:05.767 26842 26883 I FirebaseCrashlytics: No version control information found
03-11 14:17:05.800 26922 27071 D SQLiteQueryBuilder: SELECT media_id, media_cache_state, media_type, dedup_key FROM home_stories_media WHERE (dedup_key IN (?,?,?,?,?,?,?,?,?,?,?,?,?,?,?,?,?,?,?,?,?,?,?,?,?,?,?,?,?,?,?,?,?,?,?,?,?,?,?,?,?,?,?,?,?,?,?,?,?,?,?,?,?,?,?,?,?,?,?,?,?,?,?,?,?,?,?,?,?,?,?,?,?,?,?,?,?,?,?,?,?,?,?,?,?,?,?,?,?,?,?,?,?,?,?,?,?,?,?,?,?,?,?,?,?,?,?,?,?,?,?,?,?,?,?,?,?,?,?,?,?,?,?,?,?,?,?,?,?,?,?,?,?,?,?,?,?,?,?,?,?,?,?,?,?,?,?,?,?,?,?,?,?,?,?,?,?,?,?,?,?,?,?,?,?,?,?,?,?,?,?,?,?,?,?,?,?,?,?,?,?,?,?,?,?,?,?,?,?,?,?,?,?,?,?,?,?,?,?,?))
03-11 14:17:05.803 26842 26842 I cr_CombinedPProvider: #registerProvider() provider:WV.C8@6200da9 isPolicyCacheEnabled:false policyProvidersSize:0
03-11 14:17:05.805 26842 26842 I cr_PolicyProvider: #setManagerAndSource() 0
03-11 14:17:05.812 13514 13585 W .train.ixitrain: Reducing the number of considered missed Gc histogram windows from 305 to 100
03-11 14:17:05.823 26842 26842 I cr_CombinedPProvider: #linkNativeInternal() 1
03-11 14:17:05.827 26842 26842 I cr_AppResProvider: #getApplicationRestrictionsFromUserManager() Bundle[EMPTY_PARCEL]
03-11 14:17:05.827 26842 26842 I cr_PolicyProvider: #notifySettingsAvailable() 0
03-11 14:17:05.827 26842 26842 I cr_CombinedPProvider: #onSettingsAvailable() 0
03-11 14:17:05.827 26842 26842 I cr_CombinedPProvider: #flushPolicies()
03-11 14:17:05.865  6362  6362 I NearbyDiscovery: (REDACTED) FastPairDisplayObserver: %s -> %s
03-11 14:17:06.002 16759 16840 I WM-WorkerWrapper: Worker result SUCCESS for Work [ id=b8db2254-363a-477c-8d5d-e25f081841dc, tags={ com.linkedin.android.segment.ChameleonPeriodicWork } ]
03-11 14:17:06.004 26922 26991 W fb4a.AppInitScheduler|Run:   Finished SecondaryDexPreloaderBg in 515ms
03-11 14:17:06.005 26922 26991 W fb4a.AppInitScheduler|Schedule: Pending tasks reached zero, maybe shutting down
03-11 14:17:06.005 26922 26991 W fb4a.AppInitScheduler|Run: All work finished.
03-11 14:17:06.037 26842 26842 W libc    : Access denied finding property "persist.vivo.ltw.enabled"
03-11 14:17:06.069 16759 16829 I WM-WorkerWrapper: Worker result SUCCESS for Work [ id=e3977863-b573-4840-9ae4-1cb745470b61, tags={ com.linkedin.android.litrackinglib.network.SendTrackingEventWorker, period_sync_work } ]
03-11 14:17:06.070 26922 27059 W fb4a.NoOpQuickPerformanceLogger: markerStart(int markerId, int instanceKey) has not been implemented
03-11 14:17:06.070 26922 27059 W fb4a.NoOpQuickPerformanceLogger: markerAnnotate(int markerId, int instanceKey, String annotationKey, @Nullable String annotationValue) has not been implemented
03-11 14:17:06.083 26922 27059 W fb4a.NoOpQuickPerformanceLogger: markerStart(int markerId, int instanceKey) has not been implemented
03-11 14:17:06.083 26922 27059 W fb4a.NoOpQuickPerformanceLogger: markerAnnotate(int markerId, int instanceKey, String annotationKey, @Nullable String annotationValue) has not been implemented
03-11 14:17:06.136 26842 27144 I CameraManagerGlobal: Connecting to camera service
03-11 14:17:06.137 26922 27059 W fb4a.3mL: creating VideoPerformanceTracking with event bus
03-11 14:17:06.162 26922 26922 W fb4a.AppComponentFactory: Instantiating Service
03-11 14:17:06.206  8396  8597 E adservices.measurement: User has not consented.
03-11 14:17:06.207  8396  8598 W adservices: Skip logging because Cobalt logger is null
03-11 14:17:06.221 26922 27059 W fb4a.NoOpQuickPerformanceLogger: markerStart(int markerId, int instanceKey) has not been implemented
03-11 14:17:06.222 26922 27059 W fb4a.NoOpQuickPerformanceLogger: markerAnnotate(int markerId, int instanceKey, String annotationKey, @Nullable String annotationValue) has not been implemented
03-11 14:17:06.232  6567 27159 I AdvertisingIdClient: shouldSendLog -1
03-11 14:17:06.232  6567 27159 I AdvertisingIdClient: GetInfoInternal elapse 8ms
03-11 14:17:06.237 26922 27059 W fb4a.NoOpQuickPerformanceLogger: markerStart(int markerId, int instanceKey) has not been implemented
03-11 14:17:06.237 26922 27059 W fb4a.NoOpQuickPerformanceLogger: markerAnnotate(int markerId, int instanceKey, String annotationKey, @Nullable String annotationValue) has not been implemented
03-11 14:17:06.242  6567  6567 I AdvertisingIdClient: getting error as 17: API: ClientTelemetry.API is not available on this device. Connection failed with: ConnectionResult{statusCode=API_DISABLED, resolution=null, message=null}
03-11 14:17:06.249 26842 27144 I DMABUFHEAPS: Using DMA-BUF heap named: system
03-11 14:17:06.250 26922 27154 W AudioCapabilities: Unsupported mime audio/x-ms-wma
03-11 14:17:06.251 26842 27144 E DMABUFHEAPS: Unable to allocate from DMA-BUF heap: system: Invalid argument
03-11 14:17:06.251 26842 27144 E VivoJsonResourceManager: Allocate: DmabufHeapAlloc failed with error - Invalid argument
03-11 14:17:06.251 26842 27144 W VivoJsonResourceManager: Allocate: failed ioctl(DMA_BUF_SET_NAME): Bad file descriptor
03-11 14:17:06.251 26842 27144 E VivoJsonResourceManager: getJsonByFullName: failed to mmap DMA buffer: Bad file descriptor
03-11 14:17:06.251 26842 27144 W VivoJsonResourceManager: Cannot open file product/camera/jsons/StaticProjectConfig.json!
03-11 14:17:06.251 26842 27144 E VivoJsonResourceManager: getJsonByName 68:Json File product/camera/jsons/StaticProjectConfig.json Parsed Failed!!!!!
03-11 14:17:06.251 26842 27144 E VivoJsonResourceManager: Fail to open StaticProjectConfig.json,root is null
03-11 14:17:06.251 26842 27144 I DMABUFHEAPS: Using DMA-BUF heap named: system
03-11 14:17:06.251 26842 27144 E DMABUFHEAPS: Unable to allocate from DMA-BUF heap: system: Invalid argument
03-11 14:17:06.251 26842 27144 E VivoJsonResourceManager: Allocate: DmabufHeapAlloc failed with error - Invalid argument
03-11 14:17:06.251 26842 27144 W VivoJsonResourceManager: Allocate: failed ioctl(DMA_BUF_SET_NAME): Bad file descriptor
03-11 14:17:06.252 26842 27144 E VivoJsonResourceManager: getJsonByFullName: failed to mmap DMA buffer: Bad file descriptor
03-11 14:17:06.252 26842 27144 W VivoJsonResourceManager: Cannot open file product/camera/jsons/StaticProjectConfig.json!
03-11 14:17:06.252 26842 27144 E VivoJsonResourceManager: getJsonByName 68:Json File product/camera/jsons/StaticProjectConfig.json Parsed Failed!!!!!
03-11 14:17:06.252 26842 27144 E VivoJsonResourceManager: Fail to open StaticProjectConfig.json,root is null
03-11 14:17:06.252 26842 27144 I DMABUFHEAPS: Using DMA-BUF heap named: system
03-11 14:17:06.252 26842 27144 E DMABUFHEAPS: Unable to allocate from DMA-BUF heap: system: Invalid argument
03-11 14:17:06.252 26842 27144 E VivoJsonResourceManager: Allocate: DmabufHeapAlloc failed with error - Invalid argument
03-11 14:17:06.252 26842 27144 W VivoJsonResourceManager: Allocate: failed ioctl(DMA_BUF_SET_NAME): Bad file descriptor
03-11 14:17:06.252 26842 27144 E VivoJsonResourceManager: getJsonByFullName: failed to mmap DMA buffer: Bad file descriptor
03-11 14:17:06.252 26922 27154 W AudioCapabilities: Unsupported mime audio/x-ms-wma
03-11 14:17:06.252 26842 27144 W VivoJsonResourceManager: Cannot open file product/camera/jsons/StaticProjectConfig.json!
03-11 14:17:06.252 26842 27144 E VivoJsonResourceManager: getJsonByName 68:Json File product/camera/jsons/StaticProjectConfig.json Parsed Failed!!!!!
03-11 14:17:06.252 26842 27144 E VivoJsonResourceManager: Fail to open StaticProjectConfig.json,root is null
03-11 14:17:06.252 26922 27154 W AudioCapabilities: Unsupported mime audio/mpeg-L1
03-11 14:17:06.253 26922 27154 W AudioCapabilities: Unsupported mime audio/mpeg-L2
03-11 14:17:06.253 26842 27144 I DMABUFHEAPS: Using DMA-BUF heap named: system
03-11 14:17:06.253 26922 27154 W AudioCapabilities: Unsupported mime audio/mpeg-L1
03-11 14:17:06.253 26842 27144 E DMABUFHEAPS: Unable to allocate from DMA-BUF heap: system: Invalid argument
03-11 14:17:06.253 26842 27144 E VivoJsonResourceManager: Allocate: DmabufHeapAlloc failed with error - Invalid argument
03-11 14:17:06.253 26922 27154 W AudioCapabilities: Unsupported mime audio/mpeg-L2
03-11 14:17:06.253 26842 27144 W VivoJsonResourceManager: Allocate: failed ioctl(DMA_BUF_SET_NAME): Bad file descriptor
03-11 14:17:06.253 26842 27144 E VivoJsonResourceManager: getJsonByFullName: failed to mmap DMA buffer: Bad file descriptor
03-11 14:17:06.253 26842 27144 W VivoJsonResourceManager: Cannot open file product/camera/jsons/StaticProjectConfig.json!
03-11 14:17:06.253 26842 27144 E VivoJsonResourceManager: getJsonByName 68:Json File product/camera/jsons/StaticProjectConfig.json Parsed Failed!!!!!
03-11 14:17:06.253 26842 27144 E VivoJsonResourceManager: Fail to open StaticProjectConfig.json,root is null
03-11 14:17:06.253 26922 27154 W AudioCapabilities: Unsupported mime audio/ra
03-11 14:17:06.253 26922 27154 W AudioCapabilities: Unsupported mime audio/ra
03-11 14:17:06.253 26922 27154 W AudioCapabilities: Unsupported mime audio/alac
03-11 14:17:06.253 26922 27154 W AudioCapabilities: Unsupported mime audio/alac
03-11 14:17:06.254 26922 27059 W fb4a.NoOpQuickPerformanceLogger: markerStart(int markerId, int instanceKey) has not been implemented
03-11 14:17:06.254 26922 27059 W fb4a.NoOpQuickPerformanceLogger: markerAnnotate(int markerId, int instanceKey, String annotationKey, @Nullable String annotationValue) has not been implemented
03-11 14:17:06.255 26842 27144 I DMABUFHEAPS: Using DMA-BUF heap named: system
03-11 14:17:06.255 26842 27144 E DMABUFHEAPS: Unable to allocate from DMA-BUF heap: system: Invalid argument
03-11 14:17:06.255 26842 27144 E VivoJsonResourceManager: Allocate: DmabufHeapAlloc failed with error - Invalid argument
03-11 14:17:06.255 26842 27144 W VivoJsonResourceManager: Allocate: failed ioctl(DMA_BUF_SET_NAME): Bad file descriptor
03-11 14:17:06.255 26842 27144 E VivoJsonResourceManager: getJsonByFullName: failed to mmap DMA buffer: Bad file descriptor
03-11 14:17:06.255 26842 27144 W VivoJsonResourceManager: Cannot open file product/camera/jsons/StaticProjectConfig.json!
03-11 14:17:06.255 26842 27144 E VivoJsonResourceManager: getJsonByName 68:Json File product/camera/jsons/StaticProjectConfig.json Parsed Failed!!!!!
03-11 14:17:06.255 26842 27144 E VivoJsonResourceManager: Fail to open StaticProjectConfig.json,root is null
03-11 14:17:06.255 26842 27144 I DMABUFHEAPS: Using DMA-BUF heap named: system
03-11 14:17:06.255 26842 27144 E DMABUFHEAPS: Unable to allocate from DMA-BUF heap: system: Invalid argument
03-11 14:17:06.255 26842 27144 E VivoJsonResourceManager: Allocate: DmabufHeapAlloc failed with error - Invalid argument
03-11 14:17:06.255 26842 27144 W VivoJsonResourceManager: Allocate: failed ioctl(DMA_BUF_SET_NAME): Bad file descriptor
03-11 14:17:06.255 26842 27144 E VivoJsonResourceManager: getJsonByFullName: failed to mmap DMA buffer: Bad file descriptor
03-11 14:17:06.255 26842 27144 W VivoJsonResourceManager: Cannot open file product/camera/jsons/StaticProjectConfig.json!
03-11 14:17:06.255 26842 27144 E VivoJsonResourceManager: getJsonByName 68:Json File product/camera/jsons/StaticProjectConfig.json Parsed Failed!!!!!
03-11 14:17:06.255 26842 27144 E VivoJsonResourceManager: Fail to open StaticProjectConfig.json,root is null
03-11 14:17:06.255 26842 27144 I DMABUFHEAPS: Using DMA-BUF heap named: system
03-11 14:17:06.255 26842 27144 E DMABUFHEAPS: Unable to allocate from DMA-BUF heap: system: Invalid argument
03-11 14:17:06.255 26842 27144 E VivoJsonResourceManager: Allocate: DmabufHeapAlloc failed with error - Invalid argument
03-11 14:17:06.255 26842 27144 W VivoJsonResourceManager: Allocate: failed ioctl(DMA_BUF_SET_NAME): Bad file descriptor
03-11 14:17:06.255 26842 27144 E VivoJsonResourceManager: getJsonByFullName: failed to mmap DMA buffer: Bad file descriptor
03-11 14:17:06.255 26842 27144 W VivoJsonResourceManager: Cannot open file product/camera/jsons/StaticProjectConfig.json!
03-11 14:17:06.256 26842 27144 E VivoJsonResourceManager: getJsonByName 68:Json File product/camera/jsons/StaticProjectConfig.json Parsed Failed!!!!!
03-11 14:17:06.256 26842 27144 E VivoJsonResourceManager: Fail to open StaticProjectConfig.json,root is null
03-11 14:17:06.256 26842 27144 I DMABUFHEAPS: Using DMA-BUF heap named: system
03-11 14:17:06.256 26842 27144 E DMABUFHEAPS: Unable to allocate from DMA-BUF heap: system: Invalid argument
03-11 14:17:06.256 26842 27144 E VivoJsonResourceManager: Allocate: DmabufHeapAlloc failed with error - Invalid argument
03-11 14:17:06.256 26842 27144 W VivoJsonResourceManager: Allocate: failed ioctl(DMA_BUF_SET_NAME): Bad file descriptor
03-11 14:17:06.256 26842 27144 E VivoJsonResourceManager: getJsonByFullName: failed to mmap DMA buffer: Bad file descriptor
03-11 14:17:06.256 26842 27144 W VivoJsonResourceManager: Cannot open file product/camera/jsons/StaticProjectConfig.json!
03-11 14:17:06.256 26842 27144 E VivoJsonResourceManager: getJsonByName 68:Json File product/camera/jsons/StaticProjectConfig.json Parsed Failed!!!!!
03-11 14:17:06.256 26842 27144 E VivoJsonResourceManager: Fail to open StaticProjectConfig.json,root is null
03-11 14:17:06.256 26922 27059 W fb4a.NoOpQuickPerformanceLogger: markerStart(int markerId, int instanceKey) has not been implemented
03-11 14:17:06.257 26922 27059 W fb4a.NoOpQuickPerformanceLogger: markerAnnotate(int markerId, int instanceKey, String annotationKey, @Nullable String annotationValue) has not been implemented
03-11 14:17:06.257 26842 27144 I DMABUFHEAPS: Using DMA-BUF heap named: system
03-11 14:17:06.258 26842 27144 E DMABUFHEAPS: Unable to allocate from DMA-BUF heap: system: Invalid argument
03-11 14:17:06.258 26842 27144 E VivoJsonResourceManager: Allocate: DmabufHeapAlloc failed with error - Invalid argument
03-11 14:17:06.258 26842 27144 W VivoJsonResourceManager: Allocate: failed ioctl(DMA_BUF_SET_NAME): Bad file descriptor
03-11 14:17:06.258 26842 27144 E VivoJsonResourceManager: getJsonByFullName: failed to mmap DMA buffer: Bad file descriptor
03-11 14:17:06.258 26842 27144 W VivoJsonResourceManager: Cannot open file product/camera/jsons/StaticProjectConfig.json!
03-11 14:17:06.258 26842 27144 E VivoJsonResourceManager: getJsonByName 68:Json File product/camera/jsons/StaticProjectConfig.json Parsed Failed!!!!!
03-11 14:17:06.258 26842 27144 E VivoJsonResourceManager: Fail to open StaticProjectConfig.json,root is null
03-11 14:17:06.259 26842 27144 I DMABUFHEAPS: Using DMA-BUF heap named: system
03-11 14:17:06.259 26842 27144 E DMABUFHEAPS: Unable to allocate from DMA-BUF heap: system: Invalid argument
03-11 14:17:06.259 26842 27144 E VivoJsonResourceManager: Allocate: DmabufHeapAlloc failed with error - Invalid argument
03-11 14:17:06.259 26842 27144 W VivoJsonResourceManager: Allocate: failed ioctl(DMA_BUF_SET_NAME): Bad file descriptor
03-11 14:17:06.259 26842 27144 E VivoJsonResourceManager: getJsonByFullName: failed to mmap DMA buffer: Bad file descriptor
03-11 14:17:06.259 26842 27144 W VivoJsonResourceManager: Cannot open file product/camera/jsons/StaticProjectConfig.json!
03-11 14:17:06.260 26842 27144 E VivoJsonResourceManager: getJsonByName 68:Json File product/camera/jsons/StaticProjectConfig.json Parsed Failed!!!!!
03-11 14:17:06.260 26842 27144 E VivoJsonResourceManager: Fail to open StaticProjectConfig.json,root is null
03-11 14:17:06.260 26842 27144 I DMABUFHEAPS: Using DMA-BUF heap named: system
03-11 14:17:06.260 26842 27144 E DMABUFHEAPS: Unable to allocate from DMA-BUF heap: system: Invalid argument
03-11 14:17:06.260 26842 27144 E VivoJsonResourceManager: Allocate: DmabufHeapAlloc failed with error - Invalid argument
03-11 14:17:06.260 26842 27144 W VivoJsonResourceManager: Allocate: failed ioctl(DMA_BUF_SET_NAME): Bad file descriptor
03-11 14:17:06.260 26842 27144 E VivoJsonResourceManager: getJsonByFullName: failed to mmap DMA buffer: Bad file descriptor
03-11 14:17:06.260 26842 27144 W VivoJsonResourceManager: Cannot open file product/camera/jsons/StaticProjectConfig.json!
03-11 14:17:06.261 26842 27144 E VivoJsonResourceManager: getJsonByName 68:Json File product/camera/jsons/StaticProjectConfig.json Parsed Failed!!!!!
03-11 14:17:06.261 26842 27144 E VivoJsonResourceManager: Fail to open StaticProjectConfig.json,root is null
03-11 14:17:06.261 26842 27144 I DMABUFHEAPS: Using DMA-BUF heap named: system
03-11 14:17:06.261 26842 27144 E DMABUFHEAPS: Unable to allocate from DMA-BUF heap: system: Invalid argument
03-11 14:17:06.261 26842 27144 E VivoJsonResourceManager: Allocate: DmabufHeapAlloc failed with error - Invalid argument
03-11 14:17:06.261 26842 27144 W VivoJsonResourceManager: Allocate: failed ioctl(DMA_BUF_SET_NAME): Bad file descriptor
03-11 14:17:06.261 26842 27144 E VivoJsonResourceManager: getJsonByFullName: failed to mmap DMA buffer: Bad file descriptor
03-11 14:17:06.261 26842 27144 W VivoJsonResourceManager: Cannot open file product/camera/jsons/StaticProjectConfig.json!
03-11 14:17:06.261 26842 27144 E VivoJsonResourceManager: getJsonByName 68:Json File product/camera/jsons/StaticProjectConfig.json Parsed Failed!!!!!
03-11 14:17:06.261 26842 27144 E VivoJsonResourceManager: Fail to open StaticProjectConfig.json,root is null
03-11 14:17:06.262 26842 27144 I DMABUFHEAPS: Using DMA-BUF heap named: system
03-11 14:17:06.262 26922 27059 W fb4a.NoOpQuickPerformanceLogger: markerStart(int markerId, int instanceKey) has not been implemented
03-11 14:17:06.262 26842 27144 E VivoJsonResourceManager: mmap ok
03-11 14:17:06.262 26922 27059 W fb4a.NoOpQuickPerformanceLogger: markerAnnotate(int markerId, int instanceKey, String annotationKey, @Nullable String annotationValue) has not been implemented
03-11 14:17:06.262 26842 27144 E VivoJsonResourceManager: Fail to find Top3rdSatAPP
03-11 14:17:06.262 26842 27144 E VivoJsonResourceManager: Fail to find MapAndAF
03-11 14:17:06.262 26842 27144 E VivoJsonResourceManager: Fail to find Top30VideoApp
03-11 14:17:06.262 26842 27144 E VivoJsonResourceManager: Fail to find vivoCameraAppTypeConfig
03-11 14:17:06.262 26842 27144 E VivoJsonResourceManager: Fail to find vivoSpecialAppConfig
03-11 14:17:06.263 26842 27144 E VivoJsonResourceManager: Fail to find VivoCamera
03-11 14:17:06.263 26842 27144 E VivoJsonResourceManager: Fail to find previewdmsConfig
03-11 14:17:06.263 26842 27144 E VivoJsonResourceManager: Fail to find HighestPriority
03-11 14:17:06.263 26842 27144 E VivoJsonResourceManager: Fail to find LowestPriority
03-11 14:17:06.263 26842 27144 E VivoJsonResourceManager: Fail to find QosSceneOptWhiteListed
03-11 14:17:06.263 26842 27144 E VivoJsonResourceManager: Fail to find WhitelistedSubUsers
03-11 14:17:06.263 26842 27144 E VivoJsonResourceManager: Fail to find BypassUidActiveCheck
03-11 14:17:06.263 26922 27154 W AudioCapabilities: Unsupported mime audio/ape
03-11 14:17:06.263 26842 27144 E VivoJsonResourceManager: Fail to find ConflictResolution
03-11 14:17:06.263 26842 27144 E VivoJsonResourceManager: Fail to find UidIsTrustedConfig
03-11 14:17:06.263 26842 27144 E VivoJsonResourceManager: Fail to find TrustedPackageList
03-11 14:17:06.263 26842 27144 E VivoJsonResourceManager: Fail to find vivoWhiteAppList
03-11 14:17:06.263 26922 27154 W AudioCapabilities: Unsupported mime audio/x-ape
03-11 14:17:06.263 26842 27144 E VivoJsonResourceManager: Fail to find mPreviewProcessFormat35PartlyPackageList
03-11 14:17:06.263 26842 27144 E VivoJsonResourceManager: Fail to find mSkipPreviewProcessFormat35PackageList
03-11 14:17:06.263 26842 27144 E VivoJsonResourceManager: Fail to find mSkipPreviewProcessFormat34PackageList
03-11 14:17:06.263 26842 27144 E VivoJsonResourceManager: Fail to find mSkipPreviewProcessFormat17PackageList
03-11 14:17:06.263 26842 27144 E VivoJsonResourceManager: Fail to find systemCamera_packageList
03-11 14:17:06.263 26842 27144 I DMABUFHEAPS: Using DMA-BUF heap named: system
03-11 14:17:06.263 26842 27144 E DMABUFHEAPS: Unable to allocate from DMA-BUF heap: system: Invalid argument
03-11 14:17:06.264 26842 27144 E VivoJsonResourceManager: Allocate: DmabufHeapAlloc failed with error - Invalid argument
03-11 14:17:06.264 26842 27144 W VivoJsonResourceManager: Allocate: failed ioctl(DMA_BUF_SET_NAME): Bad file descriptor
03-11 14:17:06.264 26842 27144 E VivoJsonResourceManager: getJsonByFullName: failed to mmap DMA buffer: Bad file descriptor
03-11 14:17:06.264 26842 27144 W VivoJsonResourceManager: Cannot open file product/camera/jsons/StaticProjectConfig.json!
03-11 14:17:06.264 26842 27144 E VivoJsonResourceManager: getJsonByName 68:Json File product/camera/jsons/StaticProjectConfig.json Parsed Failed!!!!!
03-11 14:17:06.264 26842 27144 E VivoJsonResourceManager: Fail to open StaticProjectConfig.json,root is null
03-11 14:17:06.264 26842 27144 I DMABUFHEAPS: Using DMA-BUF heap named: system
03-11 14:17:06.264 26842 27144 E DMABUFHEAPS: Unable to allocate from DMA-BUF heap: system: Invalid argument
03-11 14:17:06.264 26842 27144 E VivoJsonResourceManager: Allocate: DmabufHeapAlloc failed with error - Invalid argument
03-11 14:17:06.264 26842 27144 W VivoJsonResourceManager: Allocate: failed ioctl(DMA_BUF_SET_NAME): Bad file descriptor
03-11 14:17:06.264 26842 27144 E VivoJsonResourceManager: getJsonByFullName: failed to mmap DMA buffer: Bad file descriptor
03-11 14:17:06.264 26842 27144 W VivoJsonResourceManager: Cannot open file product/camera/jsons/StaticProjectConfig.json!
03-11 14:17:06.264 26842 27144 E VivoJsonResourceManager: getJsonByName 68:Json File product/camera/jsons/StaticProjectConfig.json Parsed Failed!!!!!
03-11 14:17:06.264 26842 27144 E VivoJsonResourceManager: Fail to open StaticProjectConfig.json,root is null
03-11 14:17:06.265 26842 27144 I DMABUFHEAPS: Using DMA-BUF heap named: system
03-11 14:17:06.265 26842 27144 E DMABUFHEAPS: Unable to allocate from DMA-BUF heap: system: Invalid argument
03-11 14:17:06.265 26842 27144 E VivoJsonResourceManager: Allocate: DmabufHeapAlloc failed with error - Invalid argument
03-11 14:17:06.265 26842 27144 W VivoJsonResourceManager: Allocate: failed ioctl(DMA_BUF_SET_NAME): Bad file descriptor
03-11 14:17:06.265 26842 27144 E VivoJsonResourceManager: getJsonByFullName: failed to mmap DMA buffer: Bad file descriptor
03-11 14:17:06.265 26842 27144 W VivoJsonResourceManager: Cannot open file product/camera/jsons/StaticProjectConfig.json!
03-11 14:17:06.265 26842 27144 E VivoJsonResourceManager: getJsonByName 68:Json File product/camera/jsons/StaticProjectConfig.json Parsed Failed!!!!!
03-11 14:17:06.265 26842 27144 E VivoJsonResourceManager: Fail to open StaticProjectConfig.json,root is null
03-11 14:17:06.265 26842 27144 I DMABUFHEAPS: Using DMA-BUF heap named: system
03-11 14:17:06.265 26842 27144 E DMABUFHEAPS: Unable to allocate from DMA-BUF heap: system: Invalid argument
03-11 14:17:06.265 26842 27144 E VivoJsonResourceManager: Allocate: DmabufHeapAlloc failed with error - Invalid argument
03-11 14:17:06.265 26842 27144 W VivoJsonResourceManager: Allocate: failed ioctl(DMA_BUF_SET_NAME): Bad file descriptor
03-11 14:17:06.265 26842 27144 E VivoJsonResourceManager: getJsonByFullName: failed to mmap DMA buffer: Bad file descriptor
03-11 14:17:06.265 26842 27144 W VivoJsonResourceManager: Cannot open file product/camera/jsons/StaticProjectConfig.json!
03-11 14:17:06.265 26842 27144 E VivoJsonResourceManager: getJsonByName 68:Json File product/camera/jsons/StaticProjectConfig.json Parsed Failed!!!!!
03-11 14:17:06.265 26842 27144 E VivoJsonResourceManager: Fail to open StaticProjectConfig.json,root is null
03-11 14:17:06.265 26842 27144 E VivoJsonResourceManager: Fail to find AppStreamInfoSize
03-11 14:17:06.265 26842 27144 E VivoJsonResourceManager: Fail to find AppBoundSizeConfig
03-11 14:17:06.265 26842 27144 E VivoJsonResourceManager: Fail to find ApplimitsizeConfig
03-11 14:17:06.265 26842 27144 E VivoJsonResourceManager: Fail to find AppRemoveSizeConfig
03-11 14:17:06.265 26842 27144 E VivoJsonResourceManager: Fail to find VibrateSkip
03-11 14:17:06.265 26842 27144 E VivoJsonResourceManager: Fail to find ControlSkipVibrat
03-11 14:17:06.265 26842 27144 E VivoJsonResourceManager: Fail to find ninjavanApp
03-11 14:17:06.265 26842 27144 E VivoJsonResourceManager: Fail to find appName2VCFValue
03-11 14:17:06.266 26922 27059 W fb4a.NoOpQuickPerformanceLogger: markerStart(int markerId, int instanceKey) has not been implemented
03-11 14:17:06.266 26922 27059 W fb4a.NoOpQuickPerformanceLogger: markerAnnotate(int markerId, int instanceKey, String annotationKey, @Nullable String annotationValue) has not been implemented
03-11 14:17:06.266 26842 27144 I DMABUFHEAPS: Using DMA-BUF heap named: system
03-11 14:17:06.266 26842 27144 E DMABUFHEAPS: Unable to allocate from DMA-BUF heap: system: Invalid argument
03-11 14:17:06.267 26842 27144 E VivoJsonResourceManager: Allocate: DmabufHeapAlloc failed with error - Invalid argument
03-11 14:17:06.267 26842 27144 W VivoJsonResourceManager: Allocate: failed ioctl(DMA_BUF_SET_NAME): Bad file descriptor
03-11 14:17:06.267 26842 27144 E VivoJsonResourceManager: getJsonByFullName: failed to mmap DMA buffer: Bad file descriptor
03-11 14:17:06.267 26842 27144 W VivoJsonResourceManager: Cannot open file product/camera/jsons/StaticProjectConfig.json!
03-11 14:17:06.267 26842 27144 E VivoJsonResourceManager: getJsonByName 68:Json File product/camera/jsons/StaticProjectConfig.json Parsed Failed!!!!!
03-11 14:17:06.267 26842 27144 E VivoJsonResourceManager: Fail to open StaticProjectConfig.json,root is null
03-11 14:17:06.267 26842 27144 I DMABUFHEAPS: Using DMA-BUF heap named: system
03-11 14:17:06.267 26842 27144 E DMABUFHEAPS: Unable to allocate from DMA-BUF heap: system: Invalid argument
03-11 14:17:06.267 26842 27144 E VivoJsonResourceManager: Allocate: DmabufHeapAlloc failed with error - Invalid argument
03-11 14:17:06.267 26842 27144 W VivoJsonResourceManager: Allocate: failed ioctl(DMA_BUF_SET_NAME): Bad file descriptor
03-11 14:17:06.267 26842 27144 E VivoJsonResourceManager: getJsonByFullName: failed to mmap DMA buffer: Bad file descriptor
03-11 14:17:06.267 26842 27144 W VivoJsonResourceManager: Cannot open file product/camera/jsons/StaticProjectConfig.json!
03-11 14:17:06.268 26842 27144 E VivoJsonResourceManager: getJsonByName 68:Json File product/camera/jsons/StaticProjectConfig.json Parsed Failed!!!!!
03-11 14:17:06.268 26842 27144 E VivoJsonResourceManager: Fail to open StaticProjectConfig.json,root is null
03-11 14:17:06.268 26842 27144 I DMABUFHEAPS: Using DMA-BUF heap named: system
03-11 14:17:06.268 26842 27144 E DMABUFHEAPS: Unable to allocate from DMA-BUF heap: system: Invalid argument
03-11 14:17:06.268 26842 27144 E VivoJsonResourceManager: Allocate: DmabufHeapAlloc failed with error - Invalid argument
03-11 14:17:06.268 26842 27144 W VivoJsonResourceManager: Allocate: failed ioctl(DMA_BUF_SET_NAME): Bad file descriptor
03-11 14:17:06.268 26842 27144 E VivoJsonResourceManager: getJsonByFullName: failed to mmap DMA buffer: Bad file descriptor
03-11 14:17:06.268 26842 27144 W VivoJsonResourceManager: Cannot open file product/camera/jsons/StaticProjectConfig.json!
03-11 14:17:06.268 26842 27144 E VivoJsonResourceManager: getJsonByName 68:Json File product/camera/jsons/StaticProjectConfig.json Parsed Failed!!!!!
03-11 14:17:06.268 26842 27144 E VivoJsonResourceManager: Fail to open StaticProjectConfig.json,root is null
03-11 14:17:06.268 26922 27059 W fb4a.NoOpQuickPerformanceLogger: markerStart(int markerId, int instanceKey) has not been implemented
03-11 14:17:06.268 26842 27144 I DMABUFHEAPS: Using DMA-BUF heap named: system
03-11 14:17:06.268 26842 27144 E DMABUFHEAPS: Unable to allocate from DMA-BUF heap: system: Invalid argument
03-11 14:17:06.268 26842 27144 E VivoJsonResourceManager: Allocate: DmabufHeapAlloc failed with error - Invalid argument
03-11 14:17:06.268 26842 27144 W VivoJsonResourceManager: Allocate: failed ioctl(DMA_BUF_SET_NAME): Bad file descriptor
03-11 14:17:06.268 26842 27144 E VivoJsonResourceManager: getJsonByFullName: failed to mmap DMA buffer: Bad file descriptor
03-11 14:17:06.268 26842 27144 W VivoJsonResourceManager: Cannot open file product/camera/jsons/StaticProjectConfig.json!
03-11 14:17:06.268 26842 27144 E VivoJsonResourceManager: getJsonByName 68:Json File product/camera/jsons/StaticProjectConfig.json Parsed Failed!!!!!
03-11 14:17:06.268 26842 27144 E VivoJsonResourceManager: Fail to open StaticProjectConfig.json,root is null
03-11 14:17:06.269 26922 27059 W fb4a.NoOpQuickPerformanceLogger: markerAnnotate(int markerId, int instanceKey, String annotationKey, @Nullable String annotationValue) has not been implemented
03-11 14:17:06.269 26842 27144 I DMABUFHEAPS: Using DMA-BUF heap named: system
03-11 14:17:06.269 26842 27144 E DMABUFHEAPS: Unable to allocate from DMA-BUF heap: system: Invalid argument
03-11 14:17:06.269 26842 27144 E VivoJsonResourceManager: Allocate: DmabufHeapAlloc failed with error - Invalid argument
03-11 14:17:06.269 26842 27144 W VivoJsonResourceManager: Allocate: failed ioctl(DMA_BUF_SET_NAME): Bad file descriptor
03-11 14:17:06.269 26842 27144 E VivoJsonResourceManager: getJsonByFullName: failed to mmap DMA buffer: Bad file descriptor
03-11 14:17:06.269 26842 27144 W VivoJsonResourceManager: Cannot open file product/camera/jsons/StaticProjectConfig.json!
03-11 14:17:06.269 26842 27144 E VivoJsonResourceManager: getJsonByName 68:Json File product/camera/jsons/StaticProjectConfig.json Parsed Failed!!!!!
03-11 14:17:06.269 26842 27144 E VivoJsonResourceManager: Fail to open StaticProjectConfig.json,root is null
03-11 14:17:06.270 26842 27144 I DMABUFHEAPS: Using DMA-BUF heap named: system
03-11 14:17:06.270 26922 27154 W AudioCapabilities: Unsupported mime audio/ape
03-11 14:17:06.270 26842 27144 E DMABUFHEAPS: Unable to allocate from DMA-BUF heap: system: Invalid argument
03-11 14:17:06.270 26842 27144 E VivoJsonResourceManager: Allocate: DmabufHeapAlloc failed with error - Invalid argument
03-11 14:17:06.270 26842 27144 W VivoJsonResourceManager: Allocate: failed ioctl(DMA_BUF_SET_NAME): Bad file descriptor
03-11 14:17:06.270 26922 27154 W AudioCapabilities: Unsupported mime audio/x-ape
03-11 14:17:06.270 26842 27144 E VivoJsonResourceManager: getJsonByFullName: failed to mmap DMA buffer: Bad file descriptor
03-11 14:17:06.270 26842 27144 W VivoJsonResourceManager: Cannot open file product/camera/jsons/StaticProjectConfig.json!
03-11 14:17:06.270 26842 27144 E VivoJsonResourceManager: getJsonByName 68:Json File product/camera/jsons/StaticProjectConfig.json Parsed Failed!!!!!
03-11 14:17:06.270 26842 27144 E VivoJsonResourceManager: Fail to open StaticProjectConfig.json,root is null
03-11 14:17:06.270 26842 27144 I DMABUFHEAPS: Using DMA-BUF heap named: system
03-11 14:17:06.270 26842 27144 E DMABUFHEAPS: Unable to allocate from DMA-BUF heap: system: Invalid argument
03-11 14:17:06.270 26842 27144 E VivoJsonResourceManager: Allocate: DmabufHeapAlloc failed with error - Invalid argument
03-11 14:17:06.270 26842 27144 W VivoJsonResourceManager: Allocate: failed ioctl(DMA_BUF_SET_NAME): Bad file descriptor
03-11 14:17:06.271 26922 27154 W AudioCapabilities: Unsupported mime audio/adpcm
03-11 14:17:06.271 26842 27144 E VivoJsonResourceManager: getJsonByFullName: failed to mmap DMA buffer: Bad file descriptor
03-11 14:17:06.271 26842 27144 W VivoJsonResourceManager: Cannot open file product/camera/jsons/StaticProjectConfig.json!
03-11 14:17:06.271 26842 27144 E VivoJsonResourceManager: getJsonByName 68:Json File product/camera/jsons/StaticProjectConfig.json Parsed Failed!!!!!
03-11 14:17:06.271 26842 27144 E VivoJsonResourceManager: Fail to open StaticProjectConfig.json,root is null
03-11 14:17:06.271 26842 27144 I DMABUFHEAPS: Using DMA-BUF heap named: system
03-11 14:17:06.271 26842 27144 E DMABUFHEAPS: Unable to allocate from DMA-BUF heap: system: Invalid argument
03-11 14:17:06.271 26842 27144 E VivoJsonResourceManager: Allocate: DmabufHeapAlloc failed with error - Invalid argument
03-11 14:17:06.271 26842 27144 W VivoJsonResourceManager: Allocate: failed ioctl(DMA_BUF_SET_NAME): Bad file descriptor
03-11 14:17:06.271 26842 27144 E VivoJsonResourceManager: getJsonByFullName: failed to mmap DMA buffer: Bad file descriptor
03-11 14:17:06.271 26842 27144 W VivoJsonResourceManager: Cannot open file product/camera/jsons/StaticProjectConfig.json!
03-11 14:17:06.271 26842 27144 E VivoJsonResourceManager: getJsonByName 68:Json File product/camera/jsons/StaticProjectConfig.json Parsed Failed!!!!!
03-11 14:17:06.271 26842 27144 E VivoJsonResourceManager: Fail to open StaticProjectConfig.json,root is null
03-11 14:17:06.271 26842 27144 I DMABUFHEAPS: Using DMA-BUF heap named: system
03-11 14:17:06.272 26842 27144 E DMABUFHEAPS: Unable to allocate from DMA-BUF heap: system: Invalid argument
03-11 14:17:06.272 26842 27144 E VivoJsonResourceManager: Allocate: DmabufHeapAlloc failed with error - Invalid argument
03-11 14:17:06.272 26842 27144 W VivoJsonResourceManager: Allocate: failed ioctl(DMA_BUF_SET_NAME): Bad file descriptor
03-11 14:17:06.272 26842 27144 E VivoJsonResourceManager: getJsonByFullName: failed to mmap DMA buffer: Bad file descriptor
03-11 14:17:06.272 26922 27059 W fb4a.NoOpQuickPerformanceLogger: markerStart(int markerId, int instanceKey) has not been implemented
03-11 14:17:06.272 26842 27144 W VivoJsonResourceManager: Cannot open file product/camera/jsons/StaticProjectConfig.json!
03-11 14:17:06.272 26842 27144 E VivoJsonResourceManager: getJsonByName 68:Json File product/camera/jsons/StaticProjectConfig.json Parsed Failed!!!!!
03-11 14:17:06.272 26842 27144 E VivoJsonResourceManager: Fail to open StaticProjectConfig.json,root is null
03-11 14:17:06.272 26922 27059 W fb4a.NoOpQuickPerformanceLogger: markerAnnotate(int markerId, int instanceKey, String annotationKey, @Nullable String annotationValue) has not been implemented
03-11 14:17:06.273 26922 27154 W AudioCapabilities: Unsupported mime audio/x-ms-adpcm
03-11 14:17:06.273 26922 27154 W AudioCapabilities: Unsupported mime audio/pcm
03-11 14:17:06.274 26922 27154 W AudioCapabilities: Unsupported mime audio/pcm
03-11 14:17:06.276 26922 27059 W fb4a.NoOpQuickPerformanceLogger: markerStart(int markerId, int instanceKey) has not been implemented
03-11 14:17:06.276 26922 27059 W fb4a.NoOpQuickPerformanceLogger: markerAnnotate(int markerId, int instanceKey, String annotationKey, @Nullable String annotationValue) has not been implemented
03-11 14:17:06.278 26922 27059 W fb4a.NoOpQuickPerformanceLogger: markerStart(int markerId, int instanceKey) has not been implemented
03-11 14:17:06.278 26922 27059 W fb4a.NoOpQuickPerformanceLogger: markerAnnotate(int markerId, int instanceKey, String annotationKey, @Nullable String annotationValue) has not been implemented
03-11 14:17:06.279 26922 27154 W AudioCapabilities: Unsupported mime audio/dsd
03-11 14:17:06.280 26922 27154 W AudioCapabilities: Unsupported mime audio/dsd
03-11 14:17:06.285 26922 27154 W VideoCapabilities: Unsupported mime video/rv
03-11 14:17:06.285 26922 27059 W fb4a.NoOpQuickPerformanceLogger: markerStart(int markerId, int instanceKey) has not been implemented
03-11 14:17:06.285 26922 27059 W fb4a.NoOpQuickPerformanceLogger: markerAnnotate(int markerId, int instanceKey, String annotationKey, @Nullable String annotationValue) has not been implemented
03-11 14:17:06.285 26922 27154 W VideoCapabilities: Unsupported mime video/rv
03-11 14:17:06.285 26922 27154 W VideoCapabilities: Unsupported mime video/x-ms-wmv
03-11 14:17:06.286 26922 27154 W VideoCapabilities: Unsupported mime video/x-ms-wmv2
03-11 14:17:06.288 26922 27059 W fb4a.NoOpQuickPerformanceLogger: markerStart(int markerId, int instanceKey) has not been implemented
03-11 14:17:06.288 26922 27059 W fb4a.NoOpQuickPerformanceLogger: markerAnnotate(int markerId, int instanceKey, String annotationKey, @Nullable String annotationValue) has not been implemented
03-11 14:17:06.289 26922 27154 W VideoCapabilities: Unsupported mime video/x-ms-wmv
03-11 14:17:06.291 26922 27059 W fb4a.NoOpQuickPerformanceLogger: markerStart(int markerId, int instanceKey) has not been implemented
03-11 14:17:06.291 26922 27059 W fb4a.NoOpQuickPerformanceLogger: markerAnnotate(int markerId, int instanceKey, String annotationKey, @Nullable String annotationValue) has not been implemented
03-11 14:17:06.291 26922 27154 W VideoCapabilities: Unsupported mime video/x-ms-wmv2
03-11 14:17:06.295 26922 27059 W fb4a.NoOpQuickPerformanceLogger: markerStart(int markerId, int instanceKey) has not been implemented
03-11 14:17:06.295 26922 27059 W fb4a.NoOpQuickPerformanceLogger: markerAnnotate(int markerId, int instanceKey, String annotationKey, @Nullable String annotationValue) has not been implemented
03-11 14:17:06.297 26922 27059 W fb4a.NoOpQuickPerformanceLogger: markerStart(int markerId, int instanceKey) has not been implemented
03-11 14:17:06.298 26922 27059 W fb4a.NoOpQuickPerformanceLogger: markerAnnotate(int markerId, int instanceKey, String annotationKey, @Nullable String annotationValue) has not been implemented
03-11 14:17:06.298 26922 27154 W VideoCapabilities: Unsupported mime video/divx3
03-11 14:17:06.298 26922 27154 W VideoCapabilities: Unsupported mime video/divx3
03-11 14:17:06.299 26922 27154 W VideoCapabilities: Unsupported mime video/flv1
03-11 14:17:06.299 26922 27154 W VideoCapabilities: Unsupported mime video/x-flv
03-11 14:17:06.299 26922 27154 W VideoCapabilities: Unsupported mime video/flv1
03-11 14:17:06.300 26922 27154 W VideoCapabilities: Unsupported mime video/x-flv
03-11 14:17:06.300 26922 27154 W VideoCapabilities: Unsupported mime video/mjpeg
03-11 14:17:06.301 26922 27154 W VideoCapabilities: Unsupported mime video/x-motion-jpeg
03-11 14:17:06.301 26922 27154 W VideoCapabilities: Unsupported mime video/mjpeg
03-11 14:17:06.301 26922 27154 W VideoCapabilities: Unsupported mime video/x-motion-jpeg
03-11 14:17:06.318 26922 27154 W VideoCapabilities: Unsupported mime image/vnd.android.heic
03-11 14:17:06.319 26922 27154 W VideoCapabilities: Unsupported mime image/vnd.android.heic
03-11 14:17:06.768 26842 26903 W GraphRequest: Starting with v13 of the SDK, a client token must be embedded in your client code before making Graph API calls. Visit https://developers.facebook.com/docs/android/getting-started#client-token to learn how to implement this change.
03-11 14:17:06.898 26922 26987 W fb4a.AppInitScheduler|Run: DeadlockMonitor exiting.
03-11 14:17:07.557 26922 27078 W fb4a.MultiSignalANRDetectorLacrima: Pausing error state checks
03-11 14:17:10.337  6362  6362 I NearbyDiscovery: (REDACTED) FastPairDisplayObserver: %s -> %s
03-11 14:17:10.601 26922 27098 E HiddenApis2: Failed to init DecodeJObjectFuncPtr
03-11 14:17:10.620 26922 27098 W fb4a.Fixie/ActivityStackResetterFixer: Enable Activity Stack Resetter
03-11 14:17:10.643 26922 27059 W fb4a.NoOpQuickPerformanceLogger: markerAnnotate(int markerId, int instanceKey, String annotationKey, @Nullable String annotationValue) has not been implemented
03-11 14:17:10.644 26922 27059 W fb4a.NoOpQuickPerformanceLogger: markerPoint(int markerId, int instanceKey, String name) has not been implemented
03-11 14:17:10.658  6362  6362 I NearbyDiscovery: (REDACTED) FastPairDisplayObserver: %s -> %s
03-11 14:17:10.667 26922 27059 W fb4a.NoOpQuickPerformanceLogger: markerEnd(int markerId, int instanceKey, short action) has not been implemented
03-11 14:17:10.667 26922 27059 W fb4a.NoOpQuickPerformanceLogger: markerAnnotate(int markerId, int instanceKey, String annotationKey, @Nullable String annotationValue) has not been implemented
03-11 14:17:10.667 26922 27059 W fb4a.NoOpQuickPerformanceLogger: markerPoint(int markerId, int instanceKey, String name) has not been implemented
03-11 14:17:10.671 26922 27059 W fb4a.NoOpQuickPerformanceLogger: markerEnd(int markerId, int instanceKey, short action) has not been implemented
03-11 14:17:10.672 26922 27059 W fb4a.NoOpQuickPerformanceLogger: markerAnnotate(int markerId, int instanceKey, String annotationKey, @Nullable String annotationValue) has not been implemented
03-11 14:17:10.672 26922 27059 W fb4a.NoOpQuickPerformanceLogger: markerPoint(int markerId, int instanceKey, String name) has not been implemented
03-11 14:17:10.675 26922 27059 W fb4a.NoOpQuickPerformanceLogger: markerEnd(int markerId, int instanceKey, short action) has not been implemented
03-11 14:17:10.678 26922 27059 W fb4a.NoOpQuickPerformanceLogger: markerAnnotate(int markerId, int instanceKey, String annotationKey, @Nullable String annotationValue) has not been implemented
03-11 14:17:10.678 26922 27059 W fb4a.NoOpQuickPerformanceLogger: markerPoint(int markerId, int instanceKey, String name) has not been implemented
03-11 14:17:10.682 26922 27059 W fb4a.NoOpQuickPerformanceLogger: markerEnd(int markerId, int instanceKey, short action) has not been implemented
03-11 14:17:10.682 26922 27059 W fb4a.NoOpQuickPerformanceLogger: markerAnnotate(int markerId, int instanceKey, String annotationKey, @Nullable String annotationValue) has not been implemented
03-11 14:17:10.682 26922 27059 W fb4a.NoOpQuickPerformanceLogger: markerPoint(int markerId, int instanceKey, String name) has not been implemented
03-11 14:17:10.683 26922 27059 W fb4a.NoOpQuickPerformanceLogger: markerEnd(int markerId, int instanceKey, short action) has not been implemented
03-11 14:17:10.684 26922 27059 W fb4a.NoOpQuickPerformanceLogger: markerAnnotate(int markerId, int instanceKey, String annotationKey, @Nullable String annotationValue) has not been implemented
03-11 14:17:10.684 26922 27059 W fb4a.NoOpQuickPerformanceLogger: markerPoint(int markerId, int instanceKey, String name) has not been implemented
03-11 14:17:10.685 26922 27059 W fb4a.NoOpQuickPerformanceLogger: markerEnd(int markerId, int instanceKey, short action) has not been implemented
03-11 14:17:10.686 26922 27059 W fb4a.NoOpQuickPerformanceLogger: markerAnnotate(int markerId, int instanceKey, String annotationKey, @Nullable String annotationValue) has not been implemented
03-11 14:17:10.686 26922 27059 W fb4a.NoOpQuickPerformanceLogger: markerPoint(int markerId, int instanceKey, String name) has not been implemented
03-11 14:17:10.688 26922 27059 W fb4a.NoOpQuickPerformanceLogger: markerEnd(int markerId, int instanceKey, short action) has not been implemented
03-11 14:17:10.689 26922 27059 W fb4a.NoOpQuickPerformanceLogger: markerAnnotate(int markerId, int instanceKey, String annotationKey, @Nullable String annotationValue) has not been implemented
03-11 14:17:10.689 26922 27059 W fb4a.NoOpQuickPerformanceLogger: markerPoint(int markerId, int instanceKey, String name) has not been implemented
03-11 14:17:10.700 26922 27059 W fb4a.NoOpQuickPerformanceLogger: markerEnd(int markerId, int instanceKey, short action) has not been implemented
03-11 14:17:10.701 26922 27059 W fb4a.NoOpQuickPerformanceLogger: markerAnnotate(int markerId, int instanceKey, String annotationKey, @Nullable String annotationValue) has not been implemented
03-11 14:17:10.701 26922 27059 W fb4a.NoOpQuickPerformanceLogger: markerPoint(int markerId, int instanceKey, String name) has not been implemented
03-11 14:17:10.707 26922 27059 W fb4a.NoOpQuickPerformanceLogger: markerEnd(int markerId, int instanceKey, short action) has not been implemented
03-11 14:17:10.708 26922 27059 W fb4a.NoOpQuickPerformanceLogger: markerAnnotate(int markerId, int instanceKey, String annotationKey, @Nullable String annotationValue) has not been implemented
03-11 14:17:10.708 26922 27059 W fb4a.NoOpQuickPerformanceLogger: markerPoint(int markerId, int instanceKey, String name) has not been implemented
03-11 14:17:10.710 26922 27059 W fb4a.NoOpQuickPerformanceLogger: markerEnd(int markerId, int instanceKey, short action) has not been implemented
03-11 14:17:10.710 26922 27059 W fb4a.NoOpQuickPerformanceLogger: markerAnnotate(int markerId, int instanceKey, String annotationKey, @Nullable String annotationValue) has not been implemented
03-11 14:17:10.710 26922 27059 W fb4a.NoOpQuickPerformanceLogger: markerPoint(int markerId, int instanceKey, String name) has not been implemented
03-11 14:17:10.712 26922 27059 W fb4a.NoOpQuickPerformanceLogger: markerEnd(int markerId, int instanceKey, short action) has not been implemented
03-11 14:17:10.713 26922 27059 W fb4a.NoOpQuickPerformanceLogger: markerAnnotate(int markerId, int instanceKey, String annotationKey, @Nullable String annotationValue) has not been implemented
03-11 14:17:10.713 26922 27059 W fb4a.NoOpQuickPerformanceLogger: markerPoint(int markerId, int instanceKey, String name) has not been implemented
03-11 14:17:10.715 26922 27059 W fb4a.NoOpQuickPerformanceLogger: markerEnd(int markerId, int instanceKey, short action) has not been implemented
03-11 14:17:10.715 26922 27059 W fb4a.NoOpQuickPerformanceLogger: markerAnnotate(int markerId, int instanceKey, String annotationKey, @Nullable String annotationValue) has not been implemented
03-11 14:17:10.715 26922 27059 W fb4a.NoOpQuickPerformanceLogger: markerPoint(int markerId, int instanceKey, String name) has not been implemented
03-11 14:17:10.717 26922 27059 W fb4a.NoOpQuickPerformanceLogger: markerEnd(int markerId, int instanceKey, short action) has not been implemented
03-11 14:17:10.717 26922 27059 W fb4a.NoOpQuickPerformanceLogger: markerAnnotate(int markerId, int instanceKey, String annotationKey, @Nullable String annotationValue) has not been implemented
03-11 14:17:10.718 26922 27059 W fb4a.NoOpQuickPerformanceLogger: markerPoint(int markerId, int instanceKey, String name) has not been implemented
03-11 14:17:10.720 26922 27059 W fb4a.NoOpQuickPerformanceLogger: markerEnd(int markerId, int instanceKey, short action) has not been implemented
03-11 14:17:10.720 26922 27059 W fb4a.NoOpQuickPerformanceLogger: markerAnnotate(int markerId, int instanceKey, String annotationKey, @Nullable String annotationValue) has not been implemented
03-11 14:17:10.721 26922 27059 W fb4a.NoOpQuickPerformanceLogger: markerPoint(int markerId, int instanceKey, String name) has not been implemented
03-11 14:17:10.723 26922 27059 W fb4a.NoOpQuickPerformanceLogger: markerEnd(int markerId, int instanceKey, short action) has not been implemented
03-11 14:17:10.723 26922 27059 W fb4a.NoOpQuickPerformanceLogger: markerAnnotate(int markerId, int instanceKey, String annotationKey, @Nullable String annotationValue) has not been implemented
03-11 14:17:10.723 26922 27059 W fb4a.NoOpQuickPerformanceLogger: markerPoint(int markerId, int instanceKey, String name) has not been implemented
03-11 14:17:10.725 26922 27059 W fb4a.NoOpQuickPerformanceLogger: markerEnd(int markerId, int instanceKey, short action) has not been implemented
03-11 14:17:10.726 26922 27059 W fb4a.NoOpQuickPerformanceLogger: markerAnnotate(int markerId, int instanceKey, String annotationKey, @Nullable String annotationValue) has not been implemented
03-11 14:17:10.726 26922 27059 W fb4a.NoOpQuickPerformanceLogger: markerPoint(int markerId, int instanceKey, String name) has not been implemented
03-11 14:17:10.728 26922 27059 W fb4a.NoOpQuickPerformanceLogger: markerEnd(int markerId, int instanceKey, short action) has not been implemented
03-11 14:17:10.799 26922 27063 E HQSession.cpp: Peer closed with error err=Internal Error msg=Error on socket write Operation not permitted, Operation not permitted proto=, client CID=, server CID=00000000, local=<uninitialized address>, <uninitialized address>=upstream, drain=none
03-11 14:17:10.865 26922 27059 W facebook.katana: JNI RegisterNativeMethods: attempt to register 0 native methods for com.facebook.omnistore.OmnistoreCollectionFrontendHolder
03-11 14:17:11.041 26922 27057 W fb4a.lacrima: FbErrorReportingConfig.postStartupInit
03-11 14:17:11.069 26922 27221 I AdrenoGLES-0: QUALCOMM build                   : 9c565270d0, Id304a234bb
03-11 14:17:11.069 26922 27221 I AdrenoGLES-0: Build Date                       : 09/23/24
03-11 14:17:11.069 26922 27221 I AdrenoGLES-0: OpenGL ES Shader Compiler Version: E031.45.02.16
03-11 14:17:11.069 26922 27221 I AdrenoGLES-0: Local Branch                     : 
03-11 14:17:11.069 26922 27221 I AdrenoGLES-0: Remote Branch                    : refs/tags/AU_LINUX_ANDROID_LA.VENDOR.14.3.0.11.00.00.973.576
03-11 14:17:11.069 26922 27221 I AdrenoGLES-0: Remote Branch                    : NONE
03-11 14:17:11.069 26922 27221 I AdrenoGLES-0: Reconstruct Branch               : NOTHING
03-11 14:17:11.069 26922 27221 I AdrenoGLES-0: Build Config                     : S P 16.1.2 AArch64
03-11 14:17:11.069 26922 27221 I AdrenoGLES-0: Driver Path                      : /vendor/lib64/egl/libGLESv2_adreno.so
03-11 14:17:11.069 26922 27221 I AdrenoGLES-0: Driver Version                   : 0762.24
03-11 14:17:11.069 26922 27221 I AdrenoGLES-0: Process Name                     : com.facebook.katana
03-11 14:17:11.093 26922 27221 I AdrenoGLES-0: PFP: 0x01520175, ME: 0x01520023
03-11 14:17:11.121 26922 27057 W AString : ctor got NULL, using empty string instead
03-11 14:17:11.123 26922 27057 I VideoRenderQualityTracker: mConfiguration.enabled:0
03-11 14:17:11.128 26922 27057 I CCodecBufferChannel: mIsVivoLogEnable = 0 renderMetricsEnabled = 0
03-11 14:17:11.133 26922 27224 I Codec2Client: Available Codec2 services: "default" "software" "vivocodec"
03-11 14:17:11.137 26922 27224 I CCodec  : setting up 'default' as default (vendor) store
03-11 14:17:11.148 26922 27224 I CCodec  : Created component [c2.qti.avc.decoder]
03-11 14:17:11.166 26922 27224 I CCodecConfig: query failed after returning 17 values (BAD_INDEX)
03-11 14:17:11.172 26922 27224 W ColorUtils: expected specified color aspects (0:0:0:0)
03-11 14:17:11.176 26922 27223 I MediaCodec: ++kWhatRelease   mState :2/INITIALIZED, rel =1
