03-11 14:17:04.780 13514 26899 I System.out: 2025-03-11 14:17:04,780 [DEBUG] SelectIterator starting iterator @47012957 for 'SELECT * FROM `TrainPax` WHERE `itineraryId` = ? '
03-11 14:17:04.781 13514 26899 I System.out: 2025-03-11 14:17:04,781 [DEBUG] SelectIterator closed iterator @47012957 after 2 rows
03-11 14:17:04.781 13514 26899 I System.out: 2025-03-11 14:17:04,781 [DEBUG] StatementExecutor query of 'SELECT * FROM `TrainPax` WHERE `itineraryId` = ? ' returned 2 results
03-11 14:17:04.781 13514 26899 I System.out: 2025-03-11 14:17:04,781 [DEBUG] StatementBuilder built statement SELECT * FROM `NotificationTracker` WHERE `trainItineraryId` = ? 
03-11 14:17:04.781 13514 26899 I System.out: 2025-03-11 14:17:04,781 [DEBUG] BaseMappedStatement prepared statement 'SELECT * FROM `NotificationTracker` WHERE `trainItineraryId` = ? ' with 1 args
03-11 14:17:04.781 13514 26899 I System.out: 2025-03-11 14:17:04,781 [DEBUG] SelectIterator starting iterator @8575442 for 'SELECT * FROM `NotificationTracker` WHERE `trainItineraryId` = ? '
03-11 14:17:04.782 13514 26899 I System.out: 2025-03-11 14:17:04,781 [DEBUG] SelectIterator closed iterator @8575442 after 0 rows
03-11 14:17:04.782 13514 26899 I System.out: 2025-03-11 14:17:04,782 [DEBUG] StatementExecutor query of 'SELECT * FROM `NotificationTracker` WHERE `trainItineraryId` = ? ' returned 0 results
03-11 14:17:04.784 13514 26899 I System.out: 2025-03-11 14:17:04,784 [DEBUG] StatementBuilder built statement SELECT * FROM `TrainPax` WHERE `itineraryId` = ? 
03-11 14:17:04.784 13514 26899 I System.out: 2025-03-11 14:17:04,784 [DEBUG] BaseMappedStatement prepared statement 'SELECT * FROM `TrainPax` WHERE `itineraryId` = ? ' with 1 args
03-11 14:17:04.784 13514 26899 I System.out: 2025-03-11 14:17:04,784 [DEBUG] SelectIterator starting iterator @8448675 for 'SELECT * FROM `TrainPax` WHERE `itineraryId` = ? '
03-11 14:17:04.785 13514 26899 I System.out: 2025-03-11 14:17:04,785 [DEBUG] SelectIterator closed iterator @8448675 after 2 rows
03-11 14:17:04.785 13514 26899 I System.out: 2025-03-11 14:17:04,785 [DEBUG] StatementExecutor query of 'SELECT * FROM `TrainPax` WHERE `itineraryId` = ? ' returned 2 results
03-11 14:17:04.785 13514 26899 I System.out: 2025-03-11 14:17:04,785 [DEBUG] StatementBuilder built statement SELECT * FROM `NotificationTracker` WHERE `trainItineraryId` = ? 
03-11 14:17:04.785 13514 26899 I System.out: 2025-03-11 14:17:04,785 [DEBUG] BaseMappedStatement prepared statement 'SELECT * FROM `NotificationTracker` WHERE `trainItineraryId` = ? ' with 1 args
03-11 14:17:04.785 13514 26899 I System.out: 2025-03-11 14:17:04,785 [DEBUG] SelectIterator starting iterator @192135584 for 'SELECT * FROM `NotificationTracker` WHERE `trainItineraryId` = ? '
03-11 14:17:04.785 13514 26899 I System.out: 2025-03-11 14:17:04,785 [DEBUG] SelectIterator closed iterator @192135584 after 0 rows
03-11 14:17:04.785 13514 26899 I System.out: 2025-03-11 14:17:04,785 [DEBUG] StatementExecutor query of 'SELECT * FROM `NotificationTracker` WHERE `trainItineraryId` = ? ' returned 0 results
03-11 14:17:04.787 13514 26899 I System.out: 2025-03-11 14:17:04,787 [DEBUG] StatementBuilder built statement SELECT * FROM `TrainPax` WHERE `itineraryId` = ? 
03-11 14:17:04.787 13514 26899 I System.out: 2025-03-11 14:17:04,787 [DEBUG] BaseMappedStatement prepared statement 'SELECT * FROM `TrainPax` WHERE `itineraryId` = ? ' with 1 args
03-11 14:17:04.787 13514 26899 I System.out: 2025-03-11 14:17:04,787 [DEBUG] SelectIterator starting iterator @117989721 for 'SELECT * FROM `TrainPax` WHERE `itineraryId` = ? '
03-11 14:17:04.788 13514 26899 I System.out: 2025-03-11 14:17:04,788 [DEBUG] SelectIterator closed iterator @117989721 after 2 rows
03-11 14:17:04.788 13514 26899 I System.out: 2025-03-11 14:17:04,788 [DEBUG] StatementExecutor query of 'SELECT * FROM `TrainPax` WHERE `itineraryId` = ? ' returned 2 results
03-11 14:17:04.788 13514 26899 I System.out: 2025-03-11 14:17:04,788 [DEBUG] StatementBuilder built statement SELECT * FROM `NotificationTracker` WHERE `trainItineraryId` = ? 
03-11 14:17:04.788 13514 26899 I System.out: 2025-03-11 14:17:04,788 [DEBUG] BaseMappedStatement prepared statement 'SELECT * FROM `NotificationTracker` WHERE `trainItineraryId` = ? ' with 1 args
03-11 14:17:04.789 13514 26899 I System.out: 2025-03-11 14:17:04,789 [DEBUG] SelectIterator starting iterator @1098014 for 'SELECT * FROM `NotificationTracker` WHERE `trainItineraryId` = ? '
03-11 14:17:04.789 13514 26899 I System.out: 2025-03-11 14:17:04,789 [DEBUG] SelectIterator closed iterator @1098014 after 0 rows
03-11 14:17:04.789 13514 26899 I System.out: 2025-03-11 14:17:04,789 [DEBUG] StatementExecutor query of 'SELECT * FROM `NotificationTracker` WHERE `trainItineraryId` = ? ' returned 0 results
03-11 14:17:04.790 13514 26899 I System.out: 2025-03-11 14:17:04,790 [DEBUG] StatementBuilder built statement SELECT * FROM `TrainPax` WHERE `itineraryId` = ? 
03-11 14:17:04.791 13514 26899 I System.out: 2025-03-11 14:17:04,790 [DEBUG] BaseMappedStatement prepared statement 'SELECT * FROM `TrainPax` WHERE `itineraryId` = ? ' with 1 args
03-11 14:17:04.791 13514 26899 I System.out: 2025-03-11 14:17:04,791 [DEBUG] SelectIterator starting iterator @221089279 for 'SELECT * FROM `TrainPax` WHERE `itineraryId` = ? '
03-11 14:17:04.791 13514 26899 I System.out: 2025-03-11 14:17:04,791 [DEBUG] SelectIterator closed iterator @221089279 after 1 rows
03-11 14:17:04.791 13514 26899 I System.out: 2025-03-11 14:17:04,791 [DEBUG] StatementExecutor query of 'SELECT * FROM `TrainPax` WHERE `itineraryId` = ? ' returned 1 results
03-11 14:17:04.791 13514 26899 I System.out: 2025-03-11 14:17:04,791 [DEBUG] StatementBuilder built statement SELECT * FROM `NotificationTracker` WHERE `trainItineraryId` = ? 
03-11 14:17:04.791 13514 26899 I System.out: 2025-03-11 14:17:04,791 [DEBUG] BaseMappedStatement prepared statement 'SELECT * FROM `NotificationTracker` WHERE `trainItineraryId` = ? ' with 1 args
03-11 14:17:04.791 13514 26899 I System.out: 2025-03-11 14:17:04,791 [DEBUG] SelectIterator starting iterator @266557388 for 'SELECT * FROM `NotificationTracker` WHERE `trainItineraryId` = ? '
03-11 14:17:04.791 13514 26899 I System.out: 2025-03-11 14:17:04,791 [DEBUG] SelectIterator closed iterator @266557388 after 0 rows
03-11 14:17:04.792 13514 26899 I System.out: 2025-03-11 14:17:04,791 [DEBUG] StatementExecutor query of 'SELECT * FROM `NotificationTracker` WHERE `trainItineraryId` = ? ' returned 0 results
03-11 14:17:04.793 13514 26899 I System.out: 2025-03-11 14:17:04,793 [DEBUG] StatementBuilder built statement SELECT * FROM `TrainPax` WHERE `itineraryId` = ? 
03-11 14:17:04.793 13514 26899 I System.out: 2025-03-11 14:17:04,793 [DEBUG] BaseMappedStatement prepared statement 'SELECT * FROM `TrainPax` WHERE `itineraryId` = ? ' with 1 args
03-11 14:17:04.793 13514 26899 I System.out: 2025-03-11 14:17:04,793 [DEBUG] SelectIterator starting iterator @206879253 for 'SELECT * FROM `TrainPax` WHERE `itineraryId` = ? '
03-11 14:17:04.793 13514 26899 I System.out: 2025-03-11 14:17:04,793 [DEBUG] SelectIterator closed iterator @206879253 after 2 rows
03-11 14:17:04.794 13514 26899 I System.out: 2025-03-11 14:17:04,793 [DEBUG] StatementExecutor query of 'SELECT * FROM `TrainPax` WHERE `itineraryId` = ? ' returned 2 results
03-11 14:17:04.794 13514 26899 I System.out: 2025-03-11 14:17:04,794 [DEBUG] StatementBuilder built statement SELECT * FROM `NotificationTracker` WHERE `trainItineraryId` = ? 
03-11 14:17:04.794 13514 26899 I System.out: 2025-03-11 14:17:04,794 [DEBUG] BaseMappedStatement prepared statement 'SELECT * FROM `NotificationTracker` WHERE `trainItineraryId` = ? ' with 1 args
03-11 14:17:04.794 13514 26899 I System.out: 2025-03-11 14:17:04,794 [DEBUG] SelectIterator starting iterator @33804586 for 'SELECT * FROM `NotificationTracker` WHERE `trainItineraryId` = ? '
03-11 14:17:04.794 13514 26899 I System.out: 2025-03-11 14:17:04,794 [DEBUG] SelectIterator closed iterator @33804586 after 0 rows
03-11 14:17:04.794 13514 26899 I System.out: 2025-03-11 14:17:04,794 [DEBUG] StatementExecutor query of 'SELECT * FROM `NotificationTracker` WHERE `trainItineraryId` = ? ' returned 0 results
03-11 14:17:04.795 13514 26899 I System.out: 2025-03-11 14:17:04,795 [DEBUG] StatementBuilder built statement SELECT * FROM `TrainPax` WHERE `itineraryId` = ? 
03-11 14:17:04.795 13514 26899 I System.out: 2025-03-11 14:17:04,795 [DEBUG] BaseMappedStatement prepared statement 'SELECT * FROM `TrainPax` WHERE `itineraryId` = ? ' with 1 args
03-11 14:17:04.795 13514 26899 I System.out: 2025-03-11 14:17:04,795 [DEBUG] SelectIterator starting iterator @97979163 for 'SELECT * FROM `TrainPax` WHERE `itineraryId` = ? '
03-11 14:17:04.796 13514 26899 I System.out: 2025-03-11 14:17:04,796 [DEBUG] SelectIterator closed iterator @97979163 after 4 rows
03-11 14:17:04.796 13514 26899 I System.out: 2025-03-11 14:17:04,796 [DEBUG] StatementExecutor query of 'SELECT * FROM `TrainPax` WHERE `itineraryId` = ? ' returned 4 results
03-11 14:17:04.796 13514 26899 I System.out: 2025-03-11 14:17:04,796 [DEBUG] StatementBuilder built statement SELECT * FROM `NotificationTracker` WHERE `trainItineraryId` = ? 
03-11 14:17:04.797 13514 26899 I System.out: 2025-03-11 14:17:04,797 [DEBUG] BaseMappedStatement prepared statement 'SELECT * FROM `NotificationTracker` WHERE `trainItineraryId` = ? ' with 1 args
03-11 14:17:04.797 13514 26899 I System.out: 2025-03-11 14:17:04,797 [DEBUG] SelectIterator starting iterator @64234680 for 'SELECT * FROM `NotificationTracker` WHERE `trainItineraryId` = ? '
03-11 14:17:04.797 13514 26899 I System.out: 2025-03-11 14:17:04,797 [DEBUG] SelectIterator closed iterator @64234680 after 0 rows
03-11 14:17:04.797 13514 26899 I System.out: 2025-03-11 14:17:04,797 [DEBUG] StatementExecutor query of 'SELECT * FROM `NotificationTracker` WHERE `trainItineraryId` = ? ' returned 0 results
03-11 14:17:04.800 13514 26899 I System.out: 2025-03-11 14:17:04,800 [DEBUG] StatementBuilder built statement SELECT * FROM `TrainPax` WHERE `itineraryId` = ? 
03-11 14:17:04.800 13514 26899 I System.out: 2025-03-11 14:17:04,800 [DEBUG] BaseMappedStatement prepared statement 'SELECT * FROM `TrainPax` WHERE `itineraryId` = ? ' with 1 args
03-11 14:17:04.800 13514 26899 I System.out: 2025-03-11 14:17:04,800 [DEBUG] SelectIterator starting iterator @47440529 for 'SELECT * FROM `TrainPax` WHERE `itineraryId` = ? '
03-11 14:17:04.801 13514 26899 I System.out: 2025-03-11 14:17:04,801 [DEBUG] SelectIterator closed iterator @47440529 after 2 rows
03-11 14:17:04.801 13514 26899 I System.out: 2025-03-11 14:17:04,801 [DEBUG] StatementExecutor query of 'SELECT * FROM `TrainPax` WHERE `itineraryId` = ? ' returned 2 results
03-11 14:17:04.802 13514 26899 I System.out: 2025-03-11 14:17:04,802 [DEBUG] StatementBuilder built statement SELECT * FROM `NotificationTracker` WHERE `trainItineraryId` = ? 
03-11 14:17:04.803 13514 26899 I System.out: 2025-03-11 14:17:04,802 [DEBUG] BaseMappedStatement prepared statement 'SELECT * FROM `NotificationTracker` WHERE `trainItineraryId` = ? ' with 1 args
03-11 14:17:04.803 13514 26899 I System.out: 2025-03-11 14:17:04,803 [DEBUG] SelectIterator starting iterator @6673910 for 'SELECT * FROM `NotificationTracker` WHERE `trainItineraryId` = ? '
03-11 14:17:04.803 13514 26899 I System.out: 2025-03-11 14:17:04,803 [DEBUG] SelectIterator closed iterator @6673910 after 0 rows
03-11 14:17:04.803 13514 26899 I System.out: 2025-03-11 14:17:04,803 [DEBUG] StatementExecutor query of 'SELECT * FROM `NotificationTracker` WHERE `trainItineraryId` = ? ' returned 0 results
03-11 14:17:04.805 13514 26899 I System.out: 2025-03-11 14:17:04,805 [DEBUG] StatementBuilder built statement SELECT * FROM `TrainPax` WHERE `itineraryId` = ? 
03-11 14:17:04.806 13514 26899 I System.out: 2025-03-11 14:17:04,806 [DEBUG] BaseMappedStatement prepared statement 'SELECT * FROM `TrainPax` WHERE `itineraryId` = ? ' with 1 args
03-11 14:17:04.806 13514 26899 I System.out: 2025-03-11 14:17:04,806 [DEBUG] SelectIterator starting iterator @80821751 for 'SELECT * FROM `TrainPax` WHERE `itineraryId` = ? '
03-11 14:17:04.806 13514 26899 I System.out: 2025-03-11 14:17:04,806 [DEBUG] SelectIterator closed iterator @80821751 after 3 rows
03-11 14:17:04.806 13514 26899 I System.out: 2025-03-11 14:17:04,806 [DEBUG] StatementExecutor query of 'SELECT * FROM `TrainPax` WHERE `itineraryId` = ? ' returned 3 results
03-11 14:17:04.806 13514 26899 I System.out: 2025-03-11 14:17:04,806 [DEBUG] StatementBuilder built statement SELECT * FROM `NotificationTracker` WHERE `trainItineraryId` = ? 
03-11 14:17:04.807 13514 26899 I System.out: 2025-03-11 14:17:04,807 [DEBUG] BaseMappedStatement prepared statement 'SELECT * FROM `NotificationTracker` WHERE `trainItineraryId` = ? ' with 1 args
03-11 14:17:04.807 13514 26899 I System.out: 2025-03-11 14:17:04,807 [DEBUG] SelectIterator starting iterator @33739876 for 'SELECT * FROM `NotificationTracker` WHERE `trainItineraryId` = ? '
03-11 14:17:04.807 13514 26899 I System.out: 2025-03-11 14:17:04,807 [DEBUG] SelectIterator closed iterator @33739876 after 0 rows
03-11 14:17:04.807 13514 26899 I System.out: 2025-03-11 14:17:04,807 [DEBUG] StatementExecutor query of 'SELECT * FROM `NotificationTracker` WHERE `trainItineraryId` = ? ' returned 0 results
03-11 14:17:04.807 13514 26899 I System.out: 2025-03-11 14:17:04,807 [DEBUG] SelectIterator closed iterator @19183537 after 17 rows
03-11 14:17:04.808 13514 26899 I System.out: 2025-03-11 14:17:04,808 [DEBUG] StatementExecutor query of 'SELECT * FROM `TrainItinerary` WHERE `deleted` = 0 ' returned 17 results
03-11 14:17:04.808 13514 26899 I System.out: 2025-03-11 14:17:04,808 [DEBUG] StatementBuilder built statement SELECT * FROM `HotelItinerary` WHERE `deleted` = 0 
03-11 14:17:04.808 13514 26899 I System.out: 2025-03-11 14:17:04,808 [DEBUG] BaseMappedStatement prepared statement 'SELECT * FROM `HotelItinerary` WHERE `deleted` = 0 ' with 0 args
03-11 14:17:04.809 13514 26899 I System.out: 2025-03-11 14:17:04,808 [DEBUG] SelectIterator starting iterator @21173965 for 'SELECT * FROM `HotelItinerary` WHERE `deleted` = 0 '
03-11 14:17:04.809 13514 26899 I System.out: 2025-03-11 14:17:04,809 [DEBUG] SelectIterator closed iterator @21173965 after 0 rows
03-11 14:17:04.809 13514 26899 I System.out: 2025-03-11 14:17:04,809 [DEBUG] StatementExecutor query of 'SELECT * FROM `HotelItinerary` WHERE `deleted` = 0 ' returned 0 results
03-11 14:17:04.833 29629   665 W Looper  : Slow delivery took 141013ms android.bg h=android.os.Handler c=android.os.BinderProxy$1@6e7a86d m=0
03-11 14:17:04.835 26922 26922 W ziparchive: Unable to open '/data/app/~~xUFn81mkaRVU1vF5r1yaRg==/com.facebook.katana-9F7Yqg-OZLPhy_qwNWcMow==/split_arservicesoptional.dm': No such file or directory
03-11 14:17:04.835 26922 26922 W ziparchive: Unable to open '/data/app/~~xUFn81mkaRVU1vF5r1yaRg==/com.facebook.katana-9F7Yqg-OZLPhy_qwNWcMow==/split_arservicesoptional.dm': No such file or directory
03-11 14:17:04.835 26922 26922 W facebook.katana: Entry not found
03-11 14:17:04.836 26922 26922 W ziparchive: Unable to open '/data/app/~~xUFn81mkaRVU1vF5r1yaRg==/com.facebook.katana-9F7Yqg-OZLPhy_qwNWcMow==/split_cgnativeplayer.dm': No such file or directory
03-11 14:17:04.836 26922 26922 W ziparchive: Unable to open '/data/app/~~xUFn81mkaRVU1vF5r1yaRg==/com.facebook.katana-9F7Yqg-OZLPhy_qwNWcMow==/split_cgnativeplayer.dm': No such file or directory
03-11 14:17:04.836 26922 26922 W facebook.katana: Entry not found
03-11 14:17:04.836 26922 26922 W ziparchive: Unable to open '/data/app/~~xUFn81mkaRVU1vF5r1yaRg==/com.facebook.katana-9F7Yqg-OZLPhy_qwNWcMow==/split_cgwebrtc.dm': No such file or directory
03-11 14:17:04.836 26922 26922 W ziparchive: Unable to open '/data/app/~~xUFn81mkaRVU1vF5r1yaRg==/com.facebook.katana-9F7Yqg-OZLPhy_qwNWcMow==/split_cgwebrtc.dm': No such file or directory
03-11 14:17:04.836 26922 26922 W facebook.katana: Entry not found
03-11 14:17:04.836 26922 26922 W ziparchive: Unable to open '/data/app/~~xUFn81mkaRVU1vF5r1yaRg==/com.facebook.katana-9F7Yqg-OZLPhy_qwNWcMow==/split_heliumcore.dm': No such file or directory
03-11 14:17:04.836 26922 26922 W ziparchive: Unable to open '/data/app/~~xUFn81mkaRVU1vF5r1yaRg==/com.facebook.katana-9F7Yqg-OZLPhy_qwNWcMow==/split_heliumcore.dm': No such file or directory
03-11 14:17:04.836 29629   665 W Looper  : Drained
03-11 14:17:04.837 26922 26922 W facebook.katana: Entry not found
03-11 14:17:04.837 26922 26922 W ziparchive: Unable to open '/data/app/~~xUFn81mkaRVU1vF5r1yaRg==/com.facebook.katana-9F7Yqg-OZLPhy_qwNWcMow==/split_heliumiab.dm': No such file or directory
03-11 14:17:04.837 26922 26922 W ziparchive: Unable to open '/data/app/~~xUFn81mkaRVU1vF5r1yaRg==/com.facebook.katana-9F7Yqg-OZLPhy_qwNWcMow==/split_heliumiab.dm': No such file or directory
03-11 14:17:04.837 26922 26922 W facebook.katana: Entry not found
03-11 14:17:04.837 26922 26922 W ziparchive: Unable to open '/data/app/~~xUFn81mkaRVU1vF5r1yaRg==/com.facebook.katana-9F7Yqg-OZLPhy_qwNWcMow==/split_instantgames.dm': No such file or directory
03-11 14:17:04.837 26922 26922 W ziparchive: Unable to open '/data/app/~~xUFn81mkaRVU1vF5r1yaRg==/com.facebook.katana-9F7Yqg-OZLPhy_qwNWcMow==/split_instantgames.dm': No such file or directory
03-11 14:17:04.838 26922 26922 W facebook.katana: Entry not found
03-11 14:17:04.838 26922 26922 W ziparchive: Unable to open '/data/app/~~xUFn81mkaRVU1vF5r1yaRg==/com.facebook.katana-9F7Yqg-OZLPhy_qwNWcMow==/split_instantgamesads.dm': No such file or directory
03-11 14:17:04.838 26922 26922 W ziparchive: Unable to open '/data/app/~~xUFn81mkaRVU1vF5r1yaRg==/com.facebook.katana-9F7Yqg-OZLPhy_qwNWcMow==/split_instantgamesads.dm': No such file or directory
03-11 14:17:04.838 26922 26922 W facebook.katana: Entry not found
03-11 14:17:04.838 26922 26922 W ziparchive: Unable to open '/data/app/~~xUFn81mkaRVU1vF5r1yaRg==/com.facebook.katana-9F7Yqg-OZLPhy_qwNWcMow==/split_papaya.dm': No such file or directory
03-11 14:17:04.838 26922 26922 W ziparchive: Unable to open '/data/app/~~xUFn81mkaRVU1vF5r1yaRg==/com.facebook.katana-9F7Yqg-OZLPhy_qwNWcMow==/split_papaya.dm': No such file or directory
03-11 14:17:04.838 26922 26922 W facebook.katana: Entry not found
03-11 14:17:04.839 26922 26922 W ziparchive: Unable to open '/data/app/~~xUFn81mkaRVU1vF5r1yaRg==/com.facebook.katana-9F7Yqg-OZLPhy_qwNWcMow==/split_papayaanalyticstorch.dm': No such file or directory
03-11 14:17:04.839 26922 26922 W ziparchive: Unable to open '/data/app/~~xUFn81mkaRVU1vF5r1yaRg==/com.facebook.katana-9F7Yqg-OZLPhy_qwNWcMow==/split_papayaanalyticstorch.dm': No such file or directory
03-11 14:17:04.839 26922 26922 W facebook.katana: Entry not found
03-11 14:17:04.839 26922 26922 W ziparchive: Unable to open '/data/app/~~xUFn81mkaRVU1vF5r1yaRg==/com.facebook.katana-9F7Yqg-OZLPhy_qwNWcMow==/split_papayatorch.dm': No such file or directory
03-11 14:17:04.839 26922 26922 W ziparchive: Unable to open '/data/app/~~xUFn81mkaRVU1vF5r1yaRg==/com.facebook.katana-9F7Yqg-OZLPhy_qwNWcMow==/split_papayatorch.dm': No such file or directory
03-11 14:17:04.839 26922 26922 W facebook.katana: Entry not found
03-11 14:17:04.839 26922 26922 W ziparchive: Unable to open '/data/app/~~xUFn81mkaRVU1vF5r1yaRg==/com.facebook.katana-9F7Yqg-OZLPhy_qwNWcMow==/split_pytorch.dm': No such file or directory
03-11 14:17:04.839 26922 26922 W ziparchive: Unable to open '/data/app/~~xUFn81mkaRVU1vF5r1yaRg==/com.facebook.katana-9F7Yqg-OZLPhy_qwNWcMow==/split_pytorch.dm': No such file or directory
03-11 14:17:04.840 26922 26922 W facebook.katana: Entry not found
03-11 14:17:04.840 26922 26922 W ziparchive: Unable to open '/data/app/~~xUFn81mkaRVU1vF5r1yaRg==/com.facebook.katana-9F7Yqg-OZLPhy_qwNWcMow==/split_s_arservicesoptional_slam.dm': No such file or directory
03-11 14:17:04.840 26922 26922 W ziparchive: Unable to open '/data/app/~~xUFn81mkaRVU1vF5r1yaRg==/com.facebook.katana-9F7Yqg-OZLPhy_qwNWcMow==/split_s_arservicesoptional_slam.dm': No such file or directory
03-11 14:17:04.840 26922 26922 W facebook.katana: Entry not found
03-11 14:17:04.840 26922 26922 W ziparchive: Unable to open '/data/app/~~xUFn81mkaRVU1vF5r1yaRg==/com.facebook.katana-9F7Yqg-OZLPhy_qwNWcMow==/split_s_papayaanalyticstorch_papayatorch.dm': No such file or directory
03-11 14:17:04.840 26922 26922 W ziparchive: Unable to open '/data/app/~~xUFn81mkaRVU1vF5r1yaRg==/com.facebook.katana-9F7Yqg-OZLPhy_qwNWcMow==/split_s_papayaanalyticstorch_papayatorch.dm': No such file or directory
03-11 14:17:04.840 26922 26922 W facebook.katana: Entry not found
03-11 14:17:04.841 26922 26922 W ziparchive: Unable to open '/data/app/~~xUFn81mkaRVU1vF5r1yaRg==/com.facebook.katana-9F7Yqg-OZLPhy_qwNWcMow==/split_s_papayaanalyticstorch_papayatorch_torchedlooper.dm': No such file or directory
03-11 14:17:04.841 26922 26922 W ziparchive: Unable to open '/data/app/~~xUFn81mkaRVU1vF5r1yaRg==/com.facebook.katana-9F7Yqg-OZLPhy_qwNWcMow==/split_s_papayaanalyticstorch_papayatorch_torchedlooper.dm': No such file or directory
03-11 14:17:04.841 26922 26922 W facebook.katana: Entry not found
03-11 14:17:04.841 26922 26922 W ziparchive: Unable to open '/data/app/~~xUFn81mkaRVU1vF5r1yaRg==/com.facebook.katana-9F7Yqg-OZLPhy_qwNWcMow==/split_s_papayatorch_torchedlooper.dm': No such file or directory
03-11 14:17:04.841 26922 26922 W ziparchive: Unable to open '/data/app/~~xUFn81mkaRVU1vF5r1yaRg==/com.facebook.katana-9F7Yqg-OZLPhy_qwNWcMow==/split_s_papayatorch_torchedlooper.dm': No such file or directory
03-11 14:17:04.841 26922 26922 W facebook.katana: Entry not found
03-11 14:17:04.842 26922 26922 W ziparchive: Unable to open '/data/app/~~xUFn81mkaRVU1vF5r1yaRg==/com.facebook.katana-9F7Yqg-OZLPhy_qwNWcMow==/split_slam.dm': No such file or directory
03-11 14:17:04.842 26922 26922 W ziparchive: Unable to open '/data/app/~~xUFn81mkaRVU1vF5r1yaRg==/com.facebook.katana-9F7Yqg-OZLPhy_qwNWcMow==/split_slam.dm': No such file or directory
03-11 14:17:04.842 26922 26922 W facebook.katana: Entry not found
03-11 14:17:04.872 26922 26922 W AppComponentFactory: Instantiating Application
03-11 14:17:04.874 26922 26922 W InitStatus: Providers blocked (52848867)
03-11 14:17:04.875 26922 26922 W InitStatus: Services blocked (232915680)
03-11 14:17:04.875 26922 26922 W InitStatus: BroadcastReceivers blocked (257665433)
03-11 14:17:04.875 26842 26906 I cr_WVCFactoryProvider: version=133.0.6943.137 (694313733) minSdkVersion=29 isBundle=true multiprocess=true packageId=2
03-11 14:17:04.880 26922 26922 W CrashLoopRemedyLog: unable to delete remedy log, instaCrash: false
03-11 14:17:04.881 26922 26922 W CrashLoopRemedyLog: unable to delete remedy log, instaCrash: true
03-11 14:17:04.883 26922 26980 W AppInitScheduler|Schedule: Schedule 316:ReliabilityInitConfigureErrorReportingOnProcess, deps=null (0 pending tasks)
03-11 14:17:04.884 26922 26981 W InitStatus: Blocking Provider (52848867)
03-11 14:17:04.884 26922 26980 W AppInitScheduler|Schedule:   Executing 316:ReliabilityInitConfigureErrorReportingOnProcess
03-11 14:17:04.884 26922 26980 W AppInitScheduler|Schedule: Schedule 190:InitSharedLibraries, deps=null (1 pending tasks)
03-11 14:17:04.884 26922 26980 W AppInitScheduler|Schedule:   Executing 190:InitSharedLibraries
03-11 14:17:04.885 26922 26987 W AppInitScheduler|Run: DeadlockMonitor active...
03-11 14:17:04.885 26922 26980 W AppInitScheduler|Schedule: Schedule 206:LoadLibDexLoad, deps=[190, 316] (2 pending tasks)
03-11 14:17:04.885 26922 26989 W AppInitScheduler|Run: Running ReliabilityInitConfigureErrorReportingOnProcess [*]
03-11 14:17:04.886 26922 26980 W AppInitScheduler|Schedule: Schedule 332:SetupFbGlog, deps=[206] (3 pending tasks)
03-11 14:17:04.886 26922 26980 W AppInitScheduler|Schedule: Schedule 107:DisableRuntimeVerification, deps=[332] (4 pending tasks)
03-11 14:17:04.886 26922 26980 W AppInitScheduler|Schedule: Schedule 147:GeneratePerfStats, deps=[190] (5 pending tasks)
03-11 14:17:04.886 26922 26980 W AppInitScheduler|Schedule: Schedule 204:LoadDexes, deps=[107] (6 pending tasks)
03-11 14:17:04.886 26922 26980 W AppInitScheduler|Schedule: Schedule 200:IsolatedLongtailAppInit, deps=[204] (7 pending tasks)
03-11 14:17:04.886 26922 26980 W AppInitScheduler|Schedule: Schedule 207:LoadVoltronModules, deps=[200] (8 pending tasks)
03-11 14:17:04.886 26922 26980 W AppInitScheduler|Schedule: Schedule 212:MaybeTraceColdStart, deps=[107] (9 pending tasks)
03-11 14:17:04.886 26922 26991 W AppInitScheduler|Run: Running InitSharedLibraries [*]
03-11 14:17:04.886 26922 26980 W AppInitScheduler|Schedule: Schedule 102:CreateApplicationImpl, deps=[147, 207, 212] (10 pending tasks)
03-11 14:17:04.887 26922 26980 W AppInitScheduler|Schedule: Schedule 197:InitUltralight, deps=[207] (11 pending tasks)
03-11 14:17:04.887 26922 26980 W AppInitScheduler|Schedule: Schedule 321:RunOnApplicationInit, deps=[207] (12 pending tasks)
03-11 14:17:04.887 26922 26980 W AppInitScheduler|Schedule: Schedule 0:AddMainDexStoreInfoToReliabilityLogging, deps=[204] (13 pending tasks)
03-11 14:17:04.887 26922 26980 W AppInitScheduler|Schedule: Schedule 205:LoadLibColdStart, deps=[107] (14 pending tasks)
03-11 14:17:04.887 26922 26980 W AppInitScheduler|Schedule: Schedule 5:ApacheEagerInit, deps=[205] (15 pending tasks)
03-11 14:17:04.887 26922 26980 W AppInitScheduler|Schedule: Schedule 100:ConfigureJitAfterDexesLoad, deps=[204] (16 pending tasks)
03-11 14:17:04.887 26922 26980 W AppInitScheduler|Schedule: Schedule 161:InitClassFailureStapler, deps=[190] (17 pending tasks)
03-11 14:17:04.887 26922 26980 W AppInitScheduler|Schedule: Schedule 162:InitClassTracing, deps=[332] (18 pending tasks)
03-11 14:17:04.887 26922 26980 W AppInitScheduler|Schedule: Schedule 163:InitCrashLoopMitigation, deps=[206] (19 pending tasks)
03-11 14:17:04.888 26922 26989 W lacrima : FbErrorReportingConfig.earlyInit
03-11 14:17:04.891 26922 26991 W SoLoader: Initializing SoLoader: 2
03-11 14:17:04.892 26922 26991 W SoLoader: Recording new base apk path: /data/app/~~xUFn81mkaRVU1vF5r1yaRg==/com.facebook.katana-9F7Yqg-OZLPhy_qwNWcMow==/base.apk
03-11 14:17:04.892 26922 26991 W SoLoader: Previously recorded 0 base apk paths.
03-11 14:17:04.894 26922 26980 W AppInitScheduler|Schedule: Schedule 165:InitDeadResourceDetection, deps=[206] (20 pending tasks)
03-11 14:17:04.894 26922 26980 W AppInitScheduler|Schedule: Schedule 173:InitJit, deps=[205] (21 pending tasks)
03-11 14:17:04.894 26922 26980 W AppInitScheduler|Schedule: Schedule 174:InitLacrimaEarlyNative, deps=[107] (22 pending tasks)
03-11 14:17:04.894 26922 26980 W AppInitScheduler|Schedule: Schedule 179:InitMemoryTracer, deps=[162] (23 pending tasks)
03-11 14:17:04.894 26922 26980 W AppInitScheduler|Schedule: Schedule 181:InitMultiProcessTracker, deps=null (24 pending tasks)
03-11 14:17:04.894 26922 26980 W AppInitScheduler|Schedule:   Executing 181:InitMultiProcessTracker
03-11 14:17:04.894 26922 26980 W AppInitScheduler|Schedule: Schedule 182:InitOxygenCrashReporter, deps=[190] (25 pending tasks)
03-11 14:17:04.894 26922 26980 W AppInitScheduler|Schedule: Schedule 235:MprotectCode, deps=[204] (26 pending tasks)
03-11 14:17:04.894 26922 26991 W BackupSoSource: adding backup source from split: ExtractFromZipSoSource[/data/app/~~xUFn81mkaRVU1vF5r1yaRg==/com.facebook.katana-9F7Yqg-OZLPhy_qwNWcMow==/split_heliumcore.apk]
03-11 14:17:04.894 26922 26997 W AppInitScheduler|Run: Running InitMultiProcessTracker
03-11 14:17:04.894 26922 26991 W BackupSoSource: adding backup source from split: ExtractFromZipSoSource[/data/app/~~xUFn81mkaRVU1vF5r1yaRg==/com.facebook.katana-9F7Yqg-OZLPhy_qwNWcMow==/split_heliumiab.apk]
03-11 14:17:04.895 26922 26980 W AppInitScheduler|Schedule: Schedule 300:PreloadStartupLightSharedPreferenceUsages, deps=null (27 pending tasks)
03-11 14:17:04.895 26922 26980 W AppInitScheduler|Schedule:   Executing 300:PreloadStartupLightSharedPreferenceUsages
03-11 14:17:04.895 26922 26980 W OnProcessInitInvoker: Ignored missing AppInit dependency: 132:FixArtDebugging
03-11 14:17:04.895 26922 26997 W AppInitScheduler|Run:   Finished InitMultiProcessTracker in 1ms
03-11 14:17:04.895 26922 27000 W AppInitScheduler|Run: Running PreloadStartupLightSharedPreferenceUsages
03-11 14:17:04.896 26922 26998 W FileBasedMultiProcessTracker: <default>: Initializing FileBasedMultiProcessTracking using /data/user/0/com.facebook.katana/app_multiprocess_tracking
03-11 14:17:04.896 26922 26998 W FileBasedMultiProcessTracker: <default>: Creating file to track 26922
03-11 14:17:04.897 26922 27001 W FileBasedMultiProcessTracker: <default>: Observed removed PID: 9323
03-11 14:17:04.897 26922 26998 W FileBasedMultiProcessTracker: <default>: FileBasedMultiProcessTracker ready!
03-11 14:17:04.898 26922 26922 W BackgroundStartupDetector: coldStartMode=DEFINITELY_BACKGROUND
03-11 14:17:04.898 26922 26922 W BackgroundStartupDetector: bgMode=BACKGROUND
03-11 14:17:04.900 26922 26941 W InitStatus: Blocking Provider (52848867)
03-11 14:17:04.913 26922 26922 E SlowAppComponent: 0ms: FacebookApplication instantiating
03-11 14:17:04.913 26922 26922 E SlowAppComponent: 12ms: FirebaseInitCustomProvider instantiating
03-11 14:17:04.913 26922 26922 E SlowAppComponent: 12ms: SecureMessagingKeyContentProvider instantiating
03-11 14:17:04.913 26922 26922 E SlowAppComponent: 11ms: FirstPartyUserValuesLiteProvider instantiating
03-11 14:17:04.913 26922 26922 E SlowAppComponent: 11ms: FbContactsContentProvider instantiating
03-11 14:17:04.913 26922 26922 E SlowAppComponent: 11ms: FileProvider instantiating
03-11 14:17:04.913 26922 26922 E SlowAppComponent: 12ms: FirstPartyUserValuesProvider instantiating
03-11 14:17:04.913 26922 26922 E SlowAppComponent: 12ms: MessagesDbContentProvider instantiating
03-11 14:17:04.913 26922 26922 E SlowAppComponent: 12ms: InstallReferrerProvider instantiating
03-11 14:17:04.914 26922 26922 E SlowAppComponent: 12ms: AppManagerSsoProvider instantiating
03-11 14:17:04.914 26922 26922 E SlowAppComponent: 12ms: ThreadsDbPropertiesContentProvider instantiating
03-11 14:17:04.914 26922 26922 E SlowAppComponent: 11ms: ClientMessagePushDedupInfoProvider instantiating
03-11 14:17:04.914 26922 26922 E SlowAppComponent: 11ms: PlatformProviderBase instantiating
03-11 14:17:04.914 26922 26922 E SlowAppComponent: 11ms: ContactsConnectionsProvider instantiating
03-11 14:17:04.914 26922 26922 E SlowAppComponent: 11ms: FeO2InAppContentProvider instantiating
03-11 14:17:04.915 26922 26922 E SlowAppComponent: 11ms: UserValuesProvider instantiating
03-11 14:17:04.915 26922 26922 E SlowAppComponent: 11ms: SecureFileProvider instantiating
03-11 14:17:04.915 26922 26922 E SlowAppComponent: 13ms: FoaBackupTokenProvider instantiating
03-11 14:17:04.915 26922 26922 E SlowAppComponent: 13ms: InitializationProvider instantiating
03-11 14:17:04.915 26922 26922 E SlowAppComponent: 14ms: PhotosProvider instantiating
03-11 14:17:04.915 26922 26922 E SlowAppComponent: 14ms: AttributionIdProvider instantiating
03-11 14:17:04.915 26922 26922 E SlowAppComponent: 14ms: QuickExperimentContentProvider instantiating
03-11 14:17:04.915 26922 26922 E SlowAppComponent: 13ms: TamAttachmentProvider instantiating
03-11 14:17:04.915 26922 26922 E SlowAppComponent: 14ms: CacheProvider instantiating
03-11 14:17:04.915 26922 26922 E SlowAppComponent: Main thread was blocked for 41ms in the background starting with FacebookApplication
03-11 14:17:04.916 26922 26991 W SoLoader: SoLoader initialized: 2
03-11 14:17:04.919 26922 26991 W FbSoLoader: Will use precomputed native lib dependencies file, extractToDisk = true
03-11 14:17:04.923 26922 26989 W AppStateLoggerNative: AppStateLoggerNative.initializeNativeCrashReporting not called.
03-11 14:17:04.925 26922 26989 W lacrima : Start JavaAppDeathCrashDetector... X.0tm
03-11 14:17:04.938 26922 26989 W lacrima : Sending pending reports
03-11 14:17:04.940 26922 26989 W AppInitScheduler|Run:   Finished ReliabilityInitConfigureErrorReportingOnProcess in 56ms
03-11 14:17:04.946 26922 26991 W FbSoLoader: Initialized FBSoLoader
03-11 14:17:04.947 26922 26991 W AppInitScheduler|Run:   Finished InitSharedLibraries in 60ms
03-11 14:17:04.947 26922 26991 W AppInitScheduler|Schedule:   Executing 206:LoadLibDexLoad
03-11 14:17:04.947 26922 26991 W AppInitScheduler|Schedule:   Executing 147:GeneratePerfStats
03-11 14:17:04.947 26922 26991 W AppInitScheduler|Schedule:   Executing 161:InitClassFailureStapler
03-11 14:17:04.947 26922 26991 W AppInitScheduler|Schedule:   Executing 182:InitOxygenCrashReporter
03-11 14:17:04.948 26922 27020 W AppInitScheduler|Run: Running GeneratePerfStats [*]
03-11 14:17:04.949 26922 27019 W AppInitScheduler|Run: Running LoadLibDexLoad [*]
03-11 14:17:04.950 26922 27021 W AppInitScheduler|Run: Running InitClassFailureStapler
03-11 14:17:04.950 26922 27021 W AppInitScheduler|Run:   Finished InitClassFailureStapler in 0ms
03-11 14:17:04.950 26922 27022 W AppInitScheduler|Run: Running InitOxygenCrashReporter
03-11 14:17:04.950 26922 27022 W AppInitScheduler|Run:   Finished InitOxygenCrashReporter in 0ms
03-11 14:17:04.956 26922 27020 W AppInitScheduler|Run:   Finished GeneratePerfStats in 8ms
03-11 14:17:04.960 26922 27019 W AppInitScheduler|Run:   Finished LoadLibDexLoad in 12ms
03-11 14:17:04.960 26922 27019 W AppInitScheduler|Schedule:   Executing 332:SetupFbGlog
03-11 14:17:04.960 26922 27019 W AppInitScheduler|Schedule:   Executing 163:InitCrashLoopMitigation
03-11 14:17:04.960 26922 27019 W AppInitScheduler|Schedule:   Executing 165:InitDeadResourceDetection
03-11 14:17:04.961 26922 26997 W AppInitScheduler|Run: Running InitCrashLoopMitigation
03-11 14:17:04.964 26922 26989 W AppInitScheduler|Run: Running InitDeadResourceDetection
03-11 14:17:04.968 26922 26989 W AppInitScheduler|Run:   Finished InitDeadResourceDetection in 1ms
03-11 14:17:04.968 26922 27023 W AppInitScheduler|Run: Running SetupFbGlog [*]
03-11 14:17:04.971 26922 26997 W dalvik-internals: sigaction64 succeeded
03-11 14:17:04.972 26922 26997 I dalvik-internals: integrateWithCrashLog crashlog: /data/user/0/com.facebook.katana/crash_log, insta_crashlog: /data/user/0/com.facebook.katana/insta_crash_log
03-11 14:17:04.972 26842 26939 I WM-WorkerWrapper: Worker result SUCCESS for Work [ id=6d764137-f9a4-4f60-ac0f-62bb377fd0ef, tags={ com.quora.android.logging.QChargingStatusWorker } ]
03-11 14:17:04.974 26922 26997 I dalvik-internals: installed sigmux crash handler for crash log
03-11 14:17:04.974 26922 26997 W AppInitScheduler|Run:   Finished InitCrashLoopMitigation in 12ms
03-11 14:17:04.994 26842 26942 E m.quora.android: No package ID 76 found for resource ID 0x760b000f.
03-11 14:17:04.994 26842 26942 E m.quora.android: No package ID 76 found for resource ID 0x760b000f.
03-11 14:17:04.995 26842 26942 I FA      : App measurement initialized, version: 118001
03-11 14:17:04.998 26842 26942 I FA      : To enable debug logging run: adb shell setprop log.tag.FA VERBOSE
03-11 14:17:04.998 26842 26942 I FA      : To enable faster debug mode event logging run:
03-11 14:17:04.998 26842 26942 I FA      :   adb shell setprop debug.firebase.analytics.app com.quora.android
03-11 14:17:05.001 26922 27023 W AppInitScheduler|Run:   Finished SetupFbGlog in 30ms
03-11 14:17:05.002 26922 27023 W AppInitScheduler|Schedule:   Executing 107:DisableRuntimeVerification
03-11 14:17:05.003 26922 27023 W AppInitScheduler|Schedule:   Executing 162:InitClassTracing
03-11 14:17:05.003 26922 27023 W AppInitScheduler|Run: Running DisableRuntimeVerification [*]
03-11 14:17:05.003 26922 26991 W AppInitScheduler|Run: Running InitClassTracing
03-11 14:17:05.006 26922 26991 W AppInitScheduler|Run:   Finished InitClassTracing in 3ms
03-11 14:17:05.010 26922 26991 W AppInitScheduler|Schedule:   Executing 179:InitMemoryTracer
03-11 14:17:05.010 26922 26991 W AppInitScheduler|Run: Running InitMemoryTracer
03-11 14:17:05.010 26922 26991 W AppInitScheduler|Run:   Finished InitMemoryTracer in 0ms
03-11 14:17:05.010 26922 27023 W Verifier: Could not disable RTV
03-11 14:17:05.010 26922 27023 W AppInitScheduler|Run:   Finished DisableRuntimeVerification in 7ms
03-11 14:17:05.010 26922 27023 W AppInitScheduler|Schedule:   Executing 204:LoadDexes
03-11 14:17:05.010 26922 27023 W AppInitScheduler|Schedule:   Executing 212:MaybeTraceColdStart
03-11 14:17:05.010 26922 27023 W AppInitScheduler|Schedule:   Executing 205:LoadLibColdStart
03-11 14:17:05.010 26922 27023 W AppInitScheduler|Schedule:   Executing 174:InitLacrimaEarlyNative
03-11 14:17:05.010 26922 27023 W AppInitScheduler|Run: Running LoadDexes [*]
03-11 14:17:05.011 26922 27020 W AppInitScheduler|Run: Running MaybeTraceColdStart [*]
03-11 14:17:05.011 26922 26989 W AppInitScheduler|Run: Running LoadLibColdStart [*]
03-11 14:17:05.011 26922 26997 W AppInitScheduler|Run: Running InitLacrimaEarlyNative
03-11 14:17:05.027 26922 27023 W DexLibLoader: Marking ArtMainStore true!
03-11 14:17:05.030 26922 27023 W DexLibLoader: disabling background optimization
03-11 14:17:05.033 26922 27020 W AppInitScheduler|Run:   Finished MaybeTraceColdStart in 22ms
03-11 14:17:05.037 26922 26989 W AppInitScheduler|Run:   Finished LoadLibColdStart in 26ms
03-11 14:17:05.037 26922 26989 W AppInitScheduler|Schedule:   Executing 5:ApacheEagerInit
03-11 14:17:05.038 26922 26989 W AppInitScheduler|Schedule:   Executing 173:InitJit
03-11 14:17:05.038 26922 26989 W AppInitScheduler|Run: Running ApacheEagerInit
03-11 14:17:05.039 26922 26989 W AppInitScheduler|Run:   Finished ApacheEagerInit in 0ms
03-11 14:17:05.039 26922 27023 W DexLibLoader: This is the main store for art builds, using noop scheme
03-11 14:17:05.042 26922 27007 I AdrenoGLES-0: QUALCOMM build                   : 9c565270d0, Id304a234bb
03-11 14:17:05.042 26922 27007 I AdrenoGLES-0: Build Date                       : 09/23/24
03-11 14:17:05.042 26922 27007 I AdrenoGLES-0: OpenGL ES Shader Compiler Version: E031.45.02.16
03-11 14:17:05.042 26922 27007 I AdrenoGLES-0: Local Branch                     : 
03-11 14:17:05.042 26922 27007 I AdrenoGLES-0: Remote Branch                    : refs/tags/AU_LINUX_ANDROID_LA.VENDOR.14.3.0.11.00.00.973.576
03-11 14:17:05.042 26922 27007 I AdrenoGLES-0: Remote Branch                    : NONE
03-11 14:17:05.042 26922 27007 I AdrenoGLES-0: Reconstruct Branch               : NOTHING
03-11 14:17:05.044 26922 27021 W AppInitScheduler|Run: Running InitJit
03-11 14:17:05.044 26922 27021 W AppInitScheduler|Run:   Finished InitJit in 0ms
03-11 14:17:05.044 26922 27023 W DexLibLoader: Build id used for apk identification
03-11 14:17:05.045 26922 26997 W lacrima : The minidump file is empty!
03-11 14:17:05.045 26922 27007 I AdrenoGLES-0: Build Config                     : S P 16.1.2 AArch64
03-11 14:17:05.046 26922 27007 I AdrenoGLES-0: Driver Path                      : /vendor/lib64/egl/libGLESv2_adreno.so
03-11 14:17:05.046 26922 27007 I AdrenoGLES-0: Driver Version                   : 0762.24
03-11 14:17:05.046 26922 27007 I AdrenoGLES-0: Process Name                     : com.facebook.katana
03-11 14:17:05.048 26922 26997 W lacrima : Start AnrAppDeathDetector... X.0By
03-11 14:17:05.056 26922 27007 I AdrenoGLES-0: PFP: 0x01520175, ME: 0x01520023
03-11 14:17:05.062 26922 27023 W facebook.katana: Suspending all threads took: 9.850ms
03-11 14:17:05.063 26922 26997 E HeliumCrashReporter: Pending crash path /data/data/com.facebook.katana/cache/webview_embedded/Helium Crashpad/pending/ is not a directory
03-11 14:17:05.064 26922 26997 W AppInitScheduler|Run:   Finished InitLacrimaEarlyNative in 52ms
03-11 14:17:05.084 26922 27023 W AppInitScheduler|Run:   Finished LoadDexes in 73ms
03-11 14:17:05.085 26922 27023 W AppInitScheduler|Schedule:   Executing 200:IsolatedLongtailAppInit
03-11 14:17:05.085 26922 27023 W AppInitScheduler|Schedule:   Executing 0:AddMainDexStoreInfoToReliabilityLogging
03-11 14:17:05.085 26922 27023 W AppInitScheduler|Schedule:   Executing 100:ConfigureJitAfterDexesLoad
03-11 14:17:05.085 26922 27023 W AppInitScheduler|Schedule:   Executing 235:MprotectCode
03-11 14:17:05.085 26922 27023 W AppInitScheduler|Run: Running IsolatedLongtailAppInit [*]
03-11 14:17:05.085 26922 27023 W AppInitScheduler|Run:   Finished IsolatedLongtailAppInit in 0ms
03-11 14:17:05.086 26922 27019 W AppInitScheduler|Run: Running ConfigureJitAfterDexesLoad
03-11 14:17:05.086 26922 27019 W AppInitScheduler|Run:   Finished ConfigureJitAfterDexesLoad in 0ms
03-11 14:17:05.086 26922 26991 W AppInitScheduler|Run: Running AddMainDexStoreInfoToReliabilityLogging
03-11 14:17:05.087 26922 27020 W AppInitScheduler|Run: Running MprotectCode
03-11 14:17:05.087 26922 27020 W AppInitScheduler|Run:   Finished MprotectCode in 0ms
03-11 14:17:05.087 26922 27023 W AppInitScheduler|Schedule:   Executing 207:LoadVoltronModules
03-11 14:17:05.087 26922 27023 W AppInitScheduler|Run: Running LoadVoltronModules [*]
03-11 14:17:05.089 26922 27023 W AppInitScheduler|Run:   Finished LoadVoltronModules in 1ms
03-11 14:17:05.091 26922 27023 W AppInitScheduler|Schedule:   Executing 102:CreateApplicationImpl
03-11 14:17:05.091 26922 27023 W AppInitScheduler|Schedule:   Executing 197:InitUltralight
03-11 14:17:05.092 26922 27023 W AppInitScheduler|Schedule:   Executing 321:RunOnApplicationInit
03-11 14:17:05.092 26922 27023 W AppInitScheduler|Run: Running CreateApplicationImpl [*]
03-11 14:17:05.092 26922 27021 W AppInitScheduler|Run: Running InitUltralight [*]
03-11 14:17:05.096 26922 26997 W AppInitScheduler|Run: Running RunOnApplicationInit [*]
03-11 14:17:05.098 26922 27021 W AppInitScheduler|Run:   Finished InitUltralight in 1ms
03-11 14:17:05.099 26922 27007 I AdrenoUtils: <ReadGpuID:357>: Reading chip ID through GSL
03-11 14:17:05.102 26922 26997 W AppInitScheduler|Schedule: Schedule 127:FbSharedPreferenceInitializer, deps=null (5 pending tasks)
03-11 14:17:05.103 26922 26997 W AppInitScheduler|Schedule:   Executing 127:FbSharedPreferenceInitializer
03-11 14:17:05.104 26922 27023 W AppInitScheduler|Run:   Finished CreateApplicationImpl in 6ms
03-11 14:17:05.104 26922 26997 E AppInitScheduler|Schedule: Call to schedule after shutdown: 158:InitAuthentication, deps=null
03-11 14:17:05.104 26922 26997 W AppInitScheduler|Schedule:   Executing 158:InitAuthentication
03-11 14:17:05.104 26922 26997 E AppInitScheduler|Schedule: Call to schedule after shutdown: 229:MobileConfigInit, deps=[158]
03-11 14:17:05.104 26922 26997 E AppInitScheduler|Schedule: Call to schedule after shutdown: 232:MobileConfigSessionlessInit, deps=null
03-11 14:17:05.104 26922 26997 W AppInitScheduler|Schedule:   Executing 232:MobileConfigSessionlessInit
03-11 14:17:05.104 26922 26997 E AppInitScheduler|Schedule: Call to schedule after shutdown: 167:InitExecutors, deps=null
03-11 14:17:05.104 26922 26997 W AppInitScheduler|Schedule:   Executing 167:InitExecutors
03-11 14:17:05.104 26922 26989 W AppInitScheduler|Run: Running MobileConfigSessionlessInit [*]
03-11 14:17:05.105 26922 26999 W AppInitScheduler|Schedule: Shutting down, all work scheduled.
03-11 14:17:05.105 26922 26999 W AppInitScheduler|Schedule: java.lang.RuntimeException
03-11 14:17:05.105 26922 26999 W AppInitScheduler|Schedule: 	at X.15Q.A02(:5)
03-11 14:17:05.105 26922 26999 W AppInitScheduler|Schedule: 	at com.facebook.katana.app.FacebookApplicationImpl.A00(Unknown Source:58)
03-11 14:17:05.105 26922 26999 W AppInitScheduler|Schedule: 	at X.0jv.run(:9)
03-11 14:17:05.105 26922 26999 W AppInitScheduler|Schedule: Shut down called with 8 pending tasks
03-11 14:17:05.105 26922 27022 W AppInitScheduler|Run: Running InitExecutors [*]
03-11 14:17:05.107 26922 27019 W AppInitScheduler|Run: Running FbSharedPreferenceInitializer [*]
03-11 14:17:05.109 26922 26997 E AppInitScheduler|Schedule: Call to schedule after shutdown: 336:StartupQPLInit, deps=[167, 229, 232]
03-11 14:17:05.109 26922 26997 E AppInitScheduler|Schedule: Call to schedule after shutdown: 294:PreloadFeedFullCacheLoad, deps=[127, 336]
03-11 14:17:05.109 26922 26997 E AppInitScheduler|Schedule: Call to schedule after shutdown: 227:MobileConfigAdminIdInit, deps=[158]
03-11 14:17:05.110 26922 26997 E AppInitScheduler|Schedule: Call to schedule after shutdown: 113:E2EForceMobileConfigFetch, deps=[229]
03-11 14:17:05.110 26922 26997 E AppInitScheduler|Schedule: Call to schedule after shutdown: 114:E2EForceMobileConfigSessionlessFetch, deps=[232]
03-11 14:17:05.110 26922 26997 E AppInitScheduler|Schedule: Call to schedule after shutdown: 320:RunEarlyInitForActivity, deps=[113, 114, 127, 227]
03-11 14:17:05.110 26922 26997 E AppInitScheduler|Schedule: Call to schedule after shutdown: 341:StringResourcesDelegate, deps=[127, 167]
03-11 14:17:05.110 26922 26997 E AppInitScheduler|Schedule: Call to schedule after shutdown: 3:AnalyticsLoggerInit, deps=[167, 229, 232]
03-11 14:17:05.111 26922 26997 E AppInitScheduler|Schedule: Call to schedule after shutdown: 130:FdidInitSync, deps=[229]
03-11 14:17:05.111 26922 26997 E AppInitScheduler|Schedule: Call to schedule after shutdown: 157:InitAppModuleFallbackLoader, deps=null
03-11 14:17:05.111 26922 26997 W AppInitScheduler|Schedule:   Executing 157:InitAppModuleFallbackLoader
03-11 14:17:05.111 26922 26997 E AppInitScheduler|Schedule: Call to schedule after shutdown: 322:RunPerfMarkers, deps=[167, 212]
03-11 14:17:05.111 26922 26997 E AppInitScheduler|Schedule: Call to schedule after shutdown: 186:InitPushLiteSdk, deps=[3, 322]
03-11 14:17:05.112 26922 26997 E AppInitScheduler|Schedule: Call to schedule after shutdown: 203:LithoConfiguration, deps=[127, 167, 227, 229]
03-11 14:17:05.113 26922 27021 W AppInitScheduler|Run: Running InitAppModuleFallbackLoader [*]
03-11 14:17:05.114 26922 27021 W AppInitScheduler|Run:   Finished InitAppModuleFallbackLoader in 1ms
03-11 14:17:05.115 26922 27020 W AppInitScheduler|Run: Running InitAuthentication [*]
03-11 14:17:05.115 26922 26997 E AppInitScheduler|Schedule: Call to schedule after shutdown: 305:PreloadWordmark, deps=[3]
03-11 14:17:05.122 26922 26997 E AppInitScheduler|Schedule: Call to schedule after shutdown: 117:EagerInitImagePipeline, deps=[3]
03-11 14:17:05.122 26922 26997 E AppInitScheduler|Schedule: Call to schedule after shutdown: 307:PrivacyUiiDetectionLogger, deps=[229]
03-11 14:17:05.123 26922 26997 E AppInitScheduler|Schedule: Call to schedule after shutdown: 355:WaitForUIDependenciesInitializer, deps=[117, 130, 157, 186, 203, 294, 305, 307, 320, 341]
03-11 14:17:05.123 26922 26997 E AppInitScheduler|Schedule: Call to schedule after shutdown: 108:DismissSplashScreens, deps=[355]
03-11 14:17:05.123 26922 26997 E AppInitScheduler|Schedule: Call to schedule after shutdown: 360:ZeroABTestStaticBootstrap, deps=null
03-11 14:17:05.123 26922 26997 W AppInitScheduler|Schedule:   Executing 360:ZeroABTestStaticBootstrap
03-11 14:17:05.123 26922 26997 E AppInitScheduler|Schedule: Call to schedule after shutdown: 118:EagerInitTigonLiger, deps=[167, 205, 227, 229, 232, 360]
03-11 14:17:05.123 26922 26997 E AppInitScheduler|Schedule: Call to schedule after shutdown: 339:StaticGraphServiceFactoryInitializer, deps=[205]
03-11 14:17:05.123 26922 26997 W AppInitScheduler|Schedule:   Executing 339:StaticGraphServiceFactoryInitializer
03-11 14:17:05.124 26922 26997 E AppInitScheduler|Schedule: Call to schedule after shutdown: 148:GraphServiceEagerInit, deps=[118, 339]
03-11 14:17:05.124 26922 26997 E AppInitScheduler|Schedule: Call to schedule after shutdown: 97:CheckUnstableContentProvider, deps=[229]
03-11 14:17:05.124 26922 26997 E AppInitScheduler|Schedule: Call to schedule after shutdown: 128:FbSharedPreferenceInitializerAsync, deps=null
03-11 14:17:05.124 26922 26997 W AppInitScheduler|Schedule:   Executing 128:FbSharedPreferenceInitializerAsync
03-11 14:17:05.124 26922 26997 E AppInitScheduler|Schedule: Call to schedule after shutdown: 301:PreloadStartupLightSharedPreferenceUsagesAppInit, deps=null
03-11 14:17:05.124 26922 26997 W AppInitScheduler|Schedule:   Executing 301:PreloadStartupLightSharedPreferenceUsagesAppInit
03-11 14:17:05.124 26922 26997 E AppInitScheduler|Schedule: Call to schedule after shutdown: 119:EarliestPossibleColdStartClassPreloadStarter, deps=null
03-11 14:17:05.124 26922 26997 W AppInitScheduler|Schedule:   Executing 119:EarliestPossibleColdStartClassPreloadStarter
03-11 14:17:05.124 26922 26997 E AppInitScheduler|Schedule: Call to schedule after shutdown: 1:AddProcessNameToErrorReport, deps=null
03-11 14:17:05.124 26922 26997 W AppInitScheduler|Schedule:   Executing 1:AddProcessNameToErrorReport
03-11 14:17:05.125 26922 26997 E AppInitScheduler|Schedule: Call to schedule after shutdown: 2:AnalyticsInit, deps=[229]
03-11 14:17:05.125 26922 26997 E AppInitScheduler|Schedule: Call to schedule after shutdown: 4:AnalyticsLoggerPostInitReplay, deps=[3]
03-11 14:17:05.125 26922 26997 E AppInitScheduler|Schedule: Call to schedule after shutdown: 96:BloksInitializer, deps=[3, 227]
03-11 14:17:05.125 26922 26997 E AppInitScheduler|Schedule: Call to schedule after shutdown: 98:ClientCacheEdgeManagerInitializer, deps=[127, 167, 229]
03-11 14:17:05.125 26922 26997 E AppInitScheduler|Schedule: Call to schedule after shutdown: 99:ComposerSavedSessionStoreInitializer, deps=[127, 158, 167]
03-11 14:17:05.125 26922 27019 W AppInitScheduler|Run:   Finished FbSharedPreferenceInitializer in 11ms
03-11 14:17:05.125 26922 27019 W AppInitScheduler|Run: Running ZeroABTestStaticBootstrap [*]
03-11 14:17:05.125 26922 27019 W AppInitScheduler|Run:   Finished ZeroABTestStaticBootstrap in 0ms
03-11 14:17:05.125 26922 27019 W AppInitScheduler|Run: Running StaticGraphServiceFactoryInitializer [*]
03-11 14:17:05.126 26922 26997 E AppInitScheduler|Schedule: Call to schedule after shutdown: 106:DgwEarlySyncInitializer, deps=[167, 205, 227, 229, 232, 360]
03-11 14:17:05.127 26922 27023 W AppInitScheduler|Run: Running FbSharedPreferenceInitializerAsync
03-11 14:17:05.128 26922 26997 E AppInitScheduler|Schedule: Call to schedule after shutdown: 112:DownloadedFbResources, deps=[229, 232]
