03-11 14:17:11.177 26922 27223 I MediaCodec: --kWhatRelease   mState :10/RELEASING
03-11 14:17:11.177 26922 27230 I CCodec  : comp->release() begin
03-11 14:17:11.179 26922 27230 I CCodec  : comp->release() end
03-11 14:17:11.179 26922 27224 I hw-BpHwBinder: onLastStrongRef automatically unlinking death recipients
03-11 14:17:11.187 26922 27057 I CCodecBufferChannel: mIsVivoLogEnable = 0 renderMetricsEnabled = 0
03-11 14:17:11.189 26922 27224 I CCodec  : setting up 'default' as default (vendor) store
03-11 14:17:11.193 26922 27224 I CCodec  : Created component [c2.qti.avc.decoder]
03-11 14:17:11.204 26922 27224 I CCodecConfig: query failed after returning 17 values (BAD_INDEX)
03-11 14:17:11.205 26922 27224 W ColorUtils: expected specified color aspects (0:0:0:0)
03-11 14:17:11.207 26922 27057 W AString : ctor got NULL, using empty string instead
03-11 14:17:11.207 26922 27057 I VideoRenderQualityTracker: mConfiguration.enabled:0
03-11 14:17:11.209 26922 27057 I CCodecBufferChannel: mIsVivoLogEnable = 0 renderMetricsEnabled = 0
03-11 14:17:11.210 26922 27234 I CCodec  : setting up 'default' as default (vendor) store
03-11 14:17:11.230 26922 27234 I CCodec  : Created component [c2.android.aac.decoder]
03-11 14:17:11.243 26922 27234 I CCodecConfig: query failed after returning 21 values (BAD_INDEX)
03-11 14:17:11.247 26922 27234 I MediaCodec: ++kWhatRelease   mState :2/INITIALIZED, rel =1
03-11 14:17:11.247 26922 27234 I MediaCodec: --kWhatRelease   mState :10/RELEASING
03-11 14:17:11.247 26922 27236 I CCodec  : comp->release() begin
03-11 14:17:11.248 26922 27236 I CCodec  : comp->release() end
03-11 14:17:11.250 26922 27236 I hw-BpHwBinder: onLastStrongRef automatically unlinking death recipients
03-11 14:17:11.251 26922 27057 I CCodecBufferChannel: mIsVivoLogEnable = 0 renderMetricsEnabled = 0
03-11 14:17:11.253 26922 27234 I CCodec  : setting up 'default' as default (vendor) store
03-11 14:17:11.259 26922 27234 I CCodec  : Created component [c2.android.aac.decoder]
03-11 14:17:11.266 26922 27234 I CCodecConfig: query failed after returning 21 values (BAD_INDEX)
03-11 14:17:11.277 26922 27202 E fb4a.MobileConfigInit: MobileConfigDebug: endToEndConfigLevelConsistencyTests
03-11 14:17:11.280 26922 27202 E fb4a.AppState: Returning default for first run info
03-11 14:17:11.280 26922 27202 E fb4a.AppState: Returning default for first run info
03-11 14:17:11.343 29655 29655 I Finsky  : [2] aipl.a(9): Connecting InstallListener to SplitInstallService broadcaster...
03-11 14:17:11.407 26922 27057 W fb4a.ServiceInfoParser: X.4hJ: Service com.facebook.browser.lite.BrowserLiteIntentService is missing meta key com.facebook.common.jobscheduler.compat.jobIds
03-11 14:17:11.408 26922 27057 W fb4a.ServiceInfoParser: X.4hJ: Service com.facebook.browser.lite.BrowserLiteInMainProcessIntentService is missing meta key com.facebook.common.jobscheduler.compat.jobIds
03-11 14:17:11.408 26922 27057 W fb4a.ServiceInfoParser: X.4hJ: Service com.facebook.businessintegrity.cloakingdetection.service.CloakingDetectionService is missing meta key com.facebook.common.jobscheduler.compat.jobIds
03-11 14:17:11.408 26922 27057 W fb4a.ServiceInfoParser: X.4hJ: Service com.facebook.contacts.service.ContactLocaleChangeService is missing meta key com.facebook.common.jobscheduler.compat.jobIds
03-11 14:17:11.408 26922 27057 W fb4a.ServiceInfoParser: X.4hJ: Service com.facebook.account.login.notification.LoginNotificationService is missing meta key com.facebook.common.jobscheduler.compat.jobIds
03-11 14:17:11.411 26922 27057 W fb4a.ServiceInfoParser: X.4hJ: Service com.facebook.conditionalworker.ConditionalWorkerService is missing meta key com.facebook.common.jobscheduler.compat.jobIds
03-11 14:17:11.411 26922 27057 W fb4a.ServiceInfoParser: X.4hJ: Service com.facebook.fbservice.service.BlueServiceJobIntentService is missing meta key com.facebook.common.jobscheduler.compat.jobIds
03-11 14:17:11.412 26922 27057 W fb4a.ServiceInfoParser: X.4hJ: Service com.facebook.notifications.appwidget.bugreporter.NotificationsWidgetDebugHelper is missing meta key com.facebook.common.jobscheduler.compat.jobIds
03-11 14:17:11.412 26922 27057 W fb4a.ServiceInfoParser: X.4hJ: Service com.facebook.reportaproblem.base.bugreport.BugReportUploadService is missing meta key com.facebook.common.jobscheduler.compat.jobIds
03-11 14:17:11.412 26922 27057 W fb4a.ServiceInfoParser: X.4hJ: Service com.facebook.push.mqtt.service.MqttPushHelperService is missing meta key com.facebook.common.jobscheduler.compat.jobIds
03-11 14:17:11.412 26922 27057 W fb4a.ServiceInfoParser: X.4hJ: Service com.facebook.registration.notification.RegistrationNotificationService is missing meta key com.facebook.common.jobscheduler.compat.jobIds
03-11 14:17:11.412 26922 27057 W fb4a.ServiceInfoParser: X.4hJ: Service com.facebook.appcomponentmanager.AppComponentManagerService is missing meta key com.facebook.common.jobscheduler.compat.jobIds
03-11 14:17:11.412 26922 27057 W fb4a.ServiceInfoParser: X.4hJ: Service com.facebook.confirmation.notification.ConfirmationNotificationService is missing meta key com.facebook.common.jobscheduler.compat.jobIds
03-11 14:17:11.413 26922 27057 W fb4a.ServiceInfoParser: X.4hJ: Service com.facebook.battery.monitor.ContinuousBatteryMonitorService is missing meta key com.facebook.common.jobscheduler.compat.jobIds
03-11 14:17:11.413 26922 27057 W fb4a.ServiceInfoParser: X.4hJ: Service com.facebook.papaya.fb.client.services.FBPapayaJobService is missing meta key com.facebook.common.jobscheduler.compat.jobIds
03-11 14:17:11.413 26922 27057 W fb4a.ServiceInfoParser: X.4hJ: Service com.facebook.push.adm.ADMService is missing meta key com.facebook.common.jobscheduler.compat.jobIds
03-11 14:17:11.413 26922 27057 W fb4a.ServiceInfoParser: X.4hJ: Service com.facebook.push.adm.ADMBroadcastReceiverJobBase is missing meta key com.facebook.common.jobscheduler.compat.jobIds
03-11 14:17:11.413 26922 27057 W fb4a.ServiceInfoParser: X.4hJ: Service com.facebook.push.adm.ADMJobIntentService is missing meta key com.facebook.common.jobscheduler.compat.jobIds
03-11 14:17:11.413 26922 27057 W fb4a.ServiceInfoParser: X.4hJ: Service com.facebook.push.fbpushdata.common.FbPushDataHandlerService is missing meta key com.facebook.common.jobscheduler.compat.jobIds
03-11 14:17:11.414 26922 27057 W fb4a.ServiceInfoParser: X.4hJ: Service com.facebook.push.registration.RegistrarHelperService is missing meta key com.facebook.common.jobscheduler.compat.jobIds
03-11 14:17:11.414 26922 27057 W fb4a.ServiceInfoParser: X.4hJ: Service com.facebook.delayedworker.DelayedWorkerService is missing meta key com.facebook.common.jobscheduler.compat.jobIds
03-11 14:17:11.414 26922 27057 W fb4a.ServiceInfoParser: X.4hJ: Service com.facebook.feed.platformads.AppInstallService is missing meta key com.facebook.common.jobscheduler.compat.jobIds
03-11 14:17:11.414 26922 27057 W fb4a.ServiceInfoParser: X.4hJ: Service com.facebook.videolite.api.VideoUploadJobService is missing meta key com.facebook.common.jobscheduler.compat.jobIds
03-11 14:17:11.414 26922 27057 W fb4a.ServiceInfoParser: X.4hJ: Service com.facebook.videolite.api.jobscheduler.UploadJobSchedulerService is missing meta key com.facebook.common.jobscheduler.compat.jobIds
03-11 14:17:11.414 26922 27057 W fb4a.ServiceInfoParser: X.4hJ: Service com.facebook.analytics2.logger.service.LollipopUploadSafeService is missing meta key com.facebook.common.jobscheduler.compat.jobIds
03-11 14:17:11.414 26922 27057 W fb4a.ServiceInfoParser: X.4hJ: Service com.facebook.analytics2.logger.legacy.uploader.LollipopUploadService is missing meta key com.facebook.common.jobscheduler.compat.jobIds
03-11 14:17:11.415 26922 27057 W fb4a.ServiceInfoParser: X.4hJ: Service com.facebook.analytics2.logger.legacy.uploader.Analytics2UploadService is missing meta key com.facebook.common.jobscheduler.compat.jobIds
03-11 14:17:11.415 26922 27057 W fb4a.ServiceInfoParser: X.4hJ: Service com.facebook.compost.service.CompostNotificationService is missing meta key com.facebook.common.jobscheduler.compat.jobIds
03-11 14:17:11.415 26922 27057 W fb4a.ServiceInfoParser: X.4hJ: Service androidx.work.impl.background.systemjob.SystemJobService is missing meta key com.facebook.common.jobscheduler.compat.jobIds
03-11 14:17:11.415 26922 27057 W fb4a.ServiceInfoParser: X.4hJ: Service com.facebook.googleplay.GooglePlayInstallRefererService is missing meta key com.facebook.common.jobscheduler.compat.jobIds
03-11 14:17:11.415 26922 27057 W fb4a.ServiceInfoParser: X.4hJ: Service com.facebook.glc.GLCService is missing meta key com.facebook.common.jobscheduler.compat.jobIds
03-11 14:17:11.415 26922 27057 W fb4a.ServiceInfoParser: X.4hJ: Service com.facebook.oxygen.preloads.sdk.firstparty.managedappcache.IsManagedAppCacheJobService is missing meta key com.facebook.common.jobscheduler.compat.jobIds
03-11 14:17:11.415 26922 27057 W fb4a.ServiceInfoParser: X.4hJ: Service com.facebook.orca.notify.MessagesNotificationService is missing meta key com.facebook.common.jobscheduler.compat.jobIds
03-11 14:17:11.415 26922 27057 W fb4a.ServiceInfoParser: X.4hJ: Service com.facebook.push.negativefeedback.PushNegativeFeedbackFbJobIntentService is missing meta key com.facebook.common.jobscheduler.compat.jobIds
03-11 14:17:11.415 26922 27057 W fb4a.ServiceInfoParser: X.4hJ: Service com.facebook.push.fcm.FcmRegistrarFbJobIntentService is missing meta key com.facebook.common.jobscheduler.compat.jobIds
03-11 14:17:11.416 26922 27057 W fb4a.ServiceInfoParser: X.4hJ: Service com.facebook.messaging.prefs.notifications.NotificationPrefsSyncService is missing meta key com.facebook.common.jobscheduler.compat.jobIds
03-11 14:17:11.416 26922 27057 W fb4a.ServiceInfoParser: X.4hJ: Service com.facebook.voltron.download.scheduledinstaller.OxygenScheduledInstallerJobService is missing meta key com.facebook.common.jobscheduler.compat.jobIds
03-11 14:17:11.416 26922 27057 W fb4a.ServiceInfoParser: X.4hJ: Service com.google.android.gms.analytics.AnalyticsJobService is missing meta key com.facebook.common.jobscheduler.compat.jobIds
03-11 14:17:11.529 26922 27056 D SQLiteQueryBuilder: SELECT request_id, conflict_key, operation_type, serialized_param_data, mutation_query_class, serialized_mutation_param, optimistic_tree_class, optimistic_type_tag, serialized_optimistic_model, local_fields_tree_class, local_fields_type_tag, serialized_local_fields_model, response_tree_model_class, response_type_tag, response_tree_shape_hash, capabilities, query_name, root_call_variable, query_name_hash, build_config_name, is_mapping_type, is_rooted_on_operation, call_name, created_time, expire_duration_ms, attempts_number, max_attempts, android_build_fingerprint, app_version_name, attach_request FROM pending_request ORDER BY created_time
03-11 14:17:11.533 26922 27056 E fb4a.AppState: Returning default for first run info
03-11 14:17:11.534 26922 27056 E fb4a.AppState: Returning default for first run info
03-11 14:17:11.536 26922 27056 E fb4a.AppState: Returning default for first run info
03-11 14:17:11.545 26922 27102 W fb4a.ReqContexts: fail() skipped
03-11 14:17:11.701 26922 27069 W fb4a.InitStatus: Not blocking Provider (52848867)
03-11 14:17:11.702 26922 27069 W fb4a.InitStatus: Not blocking Provider (52848867)
03-11 14:17:11.706 26922 27069 E fb4a.ClientMessagePushDedupInfoProvider: Context is null, sync db failed to initialize
03-11 14:17:11.740 26922 27102 W fb4a.BloksPrivacySelectorFetchQpl: markerPoint is called unexpectedly with render location: BPS_COMPOSER
03-11 14:17:11.745 26922 27102 W fb4a.BloksPrivacySelectorFetchQpl: markerPoint is called unexpectedly with render location: BPS_REELS_COMPOSER
03-11 14:17:11.793 10015 10015 W fbservices:InitStatus: Not blocking Service (24316350)
03-11 14:17:11.793 10015 10015 W fbservices:InitStatus: Not blocking Service (24316350)
03-11 14:17:11.793 26922 27098 W fb4a.SyncInitializer: Start regular sync initialization
03-11 14:17:11.895 26922 27282 D SQLiteQueryBuilder: SELECT feed_type, fetched_at, cursor, dedup_key, sort_key, ranking_weight, features_meta, feed_edge_meta, disallow_first, story_type, cache_file_path, cache_file_offset, cache_file_data_length, cache_tree_file_path, story_id, cache_id, seen_state, story_ranking_time, story_bump_reason, unit_position_in_flatbuffer FROM home_stories WHERE ((feed_type=? AND fetched_at>=? AND row_type=?)) ORDER BY sort_key DESC LIMIT 200
03-11 14:17:12.901 14542 14652 I eddit.frontpage: Background young concurrent copying GC freed 3216KB AllocSpace bytes, 112(2240KB) LOS objects, 34% free, 8607KB/12MB, paused 305us,35us total 172.444ms
03-11 14:17:21.970  6362 21516 I FusedLocation: stationary throttling disengaged [CONTEXT service_id=6 ]
03-11 14:17:21.981  6362  7742 I ActivityScheduler: nextTriggerTime: 10202924, in 240000ms, detectorType: 39, FULL_TYPE alarmWindowMillis: 30000
03-11 14:17:21.986  6362  7742 I ActivityScheduler: nextTriggerTime: 10202924, in 239996ms, detectorType: 39, FULL_TYPE alarmWindowMillis: 30000
03-11 14:17:37.593  6362  6362 I NearbyDiscovery: (REDACTED) FastPairDisplayObserver: %s -> %s
03-11 14:17:37.712  6362  6362 I NearbyDiscovery: (REDACTED) FastPairDisplayObserver: %s -> %s
03-11 14:17:41.905  6362  7742 W Settings: Setting airplane_mode_on has moved from android.provider.Settings.System to android.provider.Settings.Global, returning read-only value.
03-11 14:17:41.910  6362 26692 W SystemServiceRegistry: No service published for: wifirtt
03-11 14:17:43.849  6362 26692 I FrewleTileCacheManagerV: (REDACTED) Fetched %d AP models from cache
03-11 14:17:43.882  6362  7742 I ActivityScheduler: nextTriggerTime: 10202924, in 218099ms, detectorType: 39, FULL_TYPE alarmWindowMillis: 30000
03-11 14:17:43.884  6362  7600 I FusedLocation: (REDACTED) location delivery to %s blocked - too close
03-11 14:17:43.885  6362  7600 I FusedLocation: (REDACTED) location delivery to %s blocked - too fast
03-11 14:17:43.887  6362  7600 I FusedLocation: (REDACTED) location delivery to %s blocked - too close
03-11 14:17:46.270  6362 26692 I AlarmManager: setExactAndAllowWhileIdle [name: GCM_HB_ALARM type: 2 triggerAtMillis: 10227212]
03-11 14:17:46.291  6362 26690 W ChimeraUtils: Module com.google.android.gms.gcm missing resource null(0)
03-11 14:17:46.295  6362 26690 I AlarmManager: setExactAndAllowWhileIdle [name: FcmRetry type: 2 triggerAtMillis: 10107236]
03-11 14:17:46.299  6362  6362 W GCM     : broadcast intent callback: result=CANCELLED forIntent { act=com.google.android.c2dm.intent.RECEIVE flg=0x10000000 pkg=org.telegram.messenger (has extras) }
03-11 14:17:46.321  6362 26692 I AlarmManager: setExactAndAllowWhileIdle [name: GCM_HB_ALARM type: 2 triggerAtMillis: 10227263]
03-11 14:17:46.342  6362  6362 I NearbyDiscovery: (REDACTED) FastPairDisplayObserver: %s -> %s
03-11 14:17:46.451 26922 26922 W fb4a.AppComponentFactory: Instantiating BroadcastReceiver
03-11 14:17:46.481 26922 26922 E fb4a.SlowAppComponent: 0ms: FbPushSdkFbnsReceiverShim instantiating
03-11 14:17:46.481 26922 26922 E fb4a.SlowAppComponent: Main thread was blocked for 32ms in the background starting with FbPushSdkFbnsReceiverShim
03-11 14:17:46.493 26922 27057 E fb4a.GraphServiceQueryExecutor: query error
03-11 14:17:46.493 26922 27057 E fb4a.GraphServiceQueryExecutor: X.7GZ: TigonError(error=TransientError, errorDomain=TigonLigerErrorDomain, domainErrorCode=2, analyticsDetail="AsyncSocketException: connect failed, type = Socket not open, errno = 103 (Software caused connection abort)"), queryName=InitiatePushabilityHealthcheck
03-11 14:17:46.493 26922 27057 E fb4a.GraphServiceQueryExecutor: 	at X.2PY.onError(Unknown Source:64)
03-11 14:17:46.493 26922 27057 E fb4a.GraphServiceQueryExecutor: 	at X.2Tn.onError(Unknown Source:239)
03-11 14:17:46.493 26922 27057 E fb4a.GraphServiceQueryExecutor: 	at com.facebook.common.jniexecutors.NativeRunnable.nativeRun(Native Method)
03-11 14:17:46.493 26922 27057 E fb4a.GraphServiceQueryExecutor: 	at com.facebook.common.jniexecutors.NativeRunnable.run(Unknown Source:8)
03-11 14:17:46.493 26922 27057 E fb4a.GraphServiceQueryExecutor: 	at com.facebook.common.jniexecutors.PooledNativeRunnable.run(Unknown Source:7)
03-11 14:17:46.493 26922 27057 E fb4a.GraphServiceQueryExecutor: 	at X.1KL.execute(Unknown Source:0)
03-11 14:17:46.493 26922 27057 E fb4a.GraphServiceQueryExecutor: 	at com.facebook.common.jniexecutors.NativeRunnable.nativeRun(Native Method)
03-11 14:17:46.493 26922 27057 E fb4a.GraphServiceQueryExecutor: 	at com.facebook.common.jniexecutors.NativeRunnable.run(Unknown Source:8)
03-11 14:17:46.493 26922 27057 E fb4a.GraphServiceQueryExecutor: 	at com.facebook.common.jniexecutors.PooledNativeRunnable.run(Unknown Source:7)
03-11 14:17:46.493 26922 27057 E fb4a.GraphServiceQueryExecutor: 	at X.1Hq.run(Unknown Source:2)
03-11 14:17:46.493 26922 27057 E fb4a.GraphServiceQueryExecutor: 	at java.util.concurrent.ThreadPoolExecutor.runWorker(ThreadPoolExecutor.java:1145)
03-11 14:17:46.493 26922 27057 E fb4a.GraphServiceQueryExecutor: 	at java.util.concurrent.ThreadPoolExecutor$Worker.run(ThreadPoolExecutor.java:644)
03-11 14:17:46.493 26922 27057 E fb4a.GraphServiceQueryExecutor: 	at X.1I3.run(Unknown Source:3)
03-11 14:17:46.493 26922 27057 E fb4a.GraphServiceQueryExecutor: 	at X.1I7.run(Unknown Source:14)
03-11 14:17:46.493 26922 27057 E fb4a.GraphServiceQueryExecutor: 	at java.lang.Thread.run(Thread.java:1012)
03-11 14:17:46.495 26922 27057 E fb4a.PushabilityChecker: check pushability failed
03-11 14:17:46.497 26922 27202 E fb4a.GraphServiceQueryExecutor: query error
03-11 14:17:46.497 26922 27202 E fb4a.GraphServiceQueryExecutor: X.7GZ: TigonError(error=TransientError, errorDomain=TigonLigerErrorDomain, domainErrorCode=2, analyticsDetail="AsyncSocketException: connect failed, type = Socket not open, errno = 103 (Software caused connection abort)"), queryName=ClashUnitQuery
03-11 14:17:46.497 26922 27202 E fb4a.GraphServiceQueryExecutor: 	at X.2PY.onError(Unknown Source:64)
03-11 14:17:46.497 26922 27202 E fb4a.GraphServiceQueryExecutor: 	at X.2Tn.onError(Unknown Source:239)
03-11 14:17:46.497 26922 27202 E fb4a.GraphServiceQueryExecutor: 	at com.facebook.common.jniexecutors.NativeRunnable.nativeRun(Native Method)
03-11 14:17:46.497 26922 27202 E fb4a.GraphServiceQueryExecutor: 	at com.facebook.common.jniexecutors.NativeRunnable.run(Unknown Source:8)
03-11 14:17:46.497 26922 27202 E fb4a.GraphServiceQueryExecutor: 	at com.facebook.common.jniexecutors.PooledNativeRunnable.run(Unknown Source:7)
03-11 14:17:46.497 26922 27202 E fb4a.GraphServiceQueryExecutor: 	at X.1KL.execute(Unknown Source:0)
03-11 14:17:46.497 26922 27202 E fb4a.GraphServiceQueryExecutor: 	at com.facebook.common.jniexecutors.NativeRunnable.nativeRun(Native Method)
03-11 14:17:46.497 26922 27202 E fb4a.GraphServiceQueryExecutor: 	at com.facebook.common.jniexecutors.NativeRunnable.run(Unknown Source:8)
03-11 14:17:46.497 26922 27202 E fb4a.GraphServiceQueryExecutor: 	at com.facebook.common.jniexecutors.PooledNativeRunnable.run(Unknown Source:7)
03-11 14:17:46.497 26922 27202 E fb4a.GraphServiceQueryExecutor: 	at X.1Hq.run(Unknown Source:2)
03-11 14:17:46.497 26922 27202 E fb4a.GraphServiceQueryExecutor: 	at java.util.concurrent.ThreadPoolExecutor.runWorker(ThreadPoolExecutor.java:1145)
03-11 14:17:46.497 26922 27202 E fb4a.GraphServiceQueryExecutor: 	at java.util.concurrent.ThreadPoolExecutor$Worker.run(ThreadPoolExecutor.java:644)
03-11 14:17:46.497 26922 27202 E fb4a.GraphServiceQueryExecutor: 	at X.1I3.run(Unknown Source:3)
03-11 14:17:46.497 26922 27202 E fb4a.GraphServiceQueryExecutor: 	at X.1I7.run(Unknown Source:14)
03-11 14:17:46.497 26922 27202 E fb4a.GraphServiceQueryExecutor: 	at java.lang.Thread.run(Thread.java:1012)
03-11 14:17:46.498 26922 27057 E fb4a.GraphServiceQueryExecutor: query error
03-11 14:17:46.498 26922 27057 E fb4a.GraphServiceQueryExecutor: X.7GZ: TigonError(error=TransientError, errorDomain=TigonLigerErrorDomain, domainErrorCode=2, analyticsDetail="AsyncSocketException: connect failed, type = Socket not open, errno = 103 (Software caused connection abort)"), queryName=FbAvatarUserPreferenceQuery
03-11 14:17:46.498 26922 27057 E fb4a.GraphServiceQueryExecutor: 	at X.2PY.onError(Unknown Source:64)
03-11 14:17:46.498 26922 27057 E fb4a.GraphServiceQueryExecutor: 	at X.2Tn.onError(Unknown Source:239)
03-11 14:17:46.498 26922 27057 E fb4a.GraphServiceQueryExecutor: 	at com.facebook.common.jniexecutors.NativeRunnable.nativeRun(Native Method)
03-11 14:17:46.498 26922 27057 E fb4a.GraphServiceQueryExecutor: 	at com.facebook.common.jniexecutors.NativeRunnable.run(Unknown Source:8)
03-11 14:17:46.498 26922 27057 E fb4a.GraphServiceQueryExecutor: 	at com.facebook.common.jniexecutors.PooledNativeRunnable.run(Unknown Source:7)
03-11 14:17:46.498 26922 27057 E fb4a.GraphServiceQueryExecutor: 	at X.1KL.execute(Unknown Source:0)
03-11 14:17:46.498 26922 27057 E fb4a.GraphServiceQueryExecutor: 	at com.facebook.common.jniexecutors.NativeRunnable.nativeRun(Native Method)
03-11 14:17:46.498 26922 27057 E fb4a.GraphServiceQueryExecutor: 	at com.facebook.common.jniexecutors.NativeRunnable.run(Unknown Source:8)
03-11 14:17:46.498 26922 27057 E fb4a.GraphServiceQueryExecutor: 	at com.facebook.common.jniexecutors.PooledNativeRunnable.run(Unknown Source:7)
03-11 14:17:46.498 26922 27057 E fb4a.GraphServiceQueryExecutor: 	at X.1Hq.run(Unknown Source:2)
03-11 14:17:46.498 26922 27057 E fb4a.GraphServiceQueryExecutor: 	at java.util.concurrent.ThreadPoolExecutor.runWorker(ThreadPoolExecutor.java:1145)
03-11 14:17:46.498 26922 27057 E fb4a.GraphServiceQueryExecutor: 	at java.util.concurrent.ThreadPoolExecutor$Worker.run(ThreadPoolExecutor.java:644)
03-11 14:17:46.498 26922 27057 E fb4a.GraphServiceQueryExecutor: 	at X.1I3.run(Unknown Source:3)
03-11 14:17:46.498 26922 27057 E fb4a.GraphServiceQueryExecutor: 	at X.1I7.run(Unknown Source:14)
03-11 14:17:46.498 26922 27057 E fb4a.GraphServiceQueryExecutor: 	at java.lang.Thread.run(Thread.java:1012)
03-11 14:17:46.501 26922 27069 E fb4a.GraphServiceObserverHolder: TigonError(error=TransientError, errorDomain=TigonLigerErrorDomain, domainErrorCode=2, analyticsDetail="AsyncSocketException: connect failed, type = Socket not open, errno = 103 (Software caused connection abort)"), queryName=NotesBasicQuery
03-11 14:17:46.516 26922 27057 E fb4a.GraphServiceQueryExecutor: query error
03-11 14:17:46.516 26922 27057 E fb4a.GraphServiceQueryExecutor: X.7GZ: TigonError(error=TransientError, errorDomain=TigonLigerErrorDomain, domainErrorCode=2, analyticsDetail="AsyncSocketException: connect failed, type = Socket not open, errno = 103 (Software caused connection abort)"), queryName=FBBloksPrivacySelectorForFBShortsQuery
03-11 14:17:46.516 26922 27057 E fb4a.GraphServiceQueryExecutor: 	at X.2PY.onError(Unknown Source:64)
03-11 14:17:46.516 26922 27057 E fb4a.GraphServiceQueryExecutor: 	at X.2Tn.onError(Unknown Source:239)
03-11 14:17:46.516 26922 27057 E fb4a.GraphServiceQueryExecutor: 	at com.facebook.common.jniexecutors.NativeRunnable.nativeRun(Native Method)
03-11 14:17:46.516 26922 27057 E fb4a.GraphServiceQueryExecutor: 	at com.facebook.common.jniexecutors.NativeRunnable.run(Unknown Source:8)
03-11 14:17:46.516 26922 27057 E fb4a.GraphServiceQueryExecutor: 	at com.facebook.common.jniexecutors.PooledNativeRunnable.run(Unknown Source:7)
03-11 14:17:46.516 26922 27057 E fb4a.GraphServiceQueryExecutor: 	at X.1KL.execute(Unknown Source:0)
03-11 14:17:46.516 26922 27057 E fb4a.GraphServiceQueryExecutor: 	at com.facebook.common.jniexecutors.NativeRunnable.nativeRun(Native Method)
03-11 14:17:46.516 26922 27057 E fb4a.GraphServiceQueryExecutor: 	at com.facebook.common.jniexecutors.NativeRunnable.run(Unknown Source:8)
03-11 14:17:46.516 26922 27057 E fb4a.GraphServiceQueryExecutor: 	at com.facebook.common.jniexecutors.PooledNativeRunnable.run(Unknown Source:7)
03-11 14:17:46.516 26922 27057 E fb4a.GraphServiceQueryExecutor: 	at X.1Hq.run(Unknown Source:2)
03-11 14:17:46.516 26922 27057 E fb4a.GraphServiceQueryExecutor: 	at java.util.concurrent.ThreadPoolExecutor.runWorker(ThreadPoolExecutor.java:1145)
03-11 14:17:46.516 26922 27057 E fb4a.GraphServiceQueryExecutor: 	at java.util.concurrent.ThreadPoolExecutor$Worker.run(ThreadPoolExecutor.java:644)
03-11 14:17:46.516 26922 27057 E fb4a.GraphServiceQueryExecutor: 	at X.1I3.run(Unknown Source:3)
03-11 14:17:46.516 26922 27057 E fb4a.GraphServiceQueryExecutor: 	at X.1I7.run(Unknown Source:14)
03-11 14:17:46.516 26922 27057 E fb4a.GraphServiceQueryExecutor: 	at java.lang.Thread.run(Thread.java:1012)
03-11 14:17:46.516 26922 27202 E fb4a.GraphServiceQueryExecutor: query error
03-11 14:17:46.516 26922 27202 E fb4a.GraphServiceQueryExecutor: X.7GZ: TigonError(error=TransientError, errorDomain=TigonLigerErrorDomain, domainErrorCode=2, analyticsDetail="AsyncSocketException: connect failed, type = Socket not open, errno = 103 (Software caused connection abort)"), queryName=FBBloksPrivacySelectorForComposerQuery
03-11 14:17:46.516 26922 27202 E fb4a.GraphServiceQueryExecutor: 	at X.2PY.onError(Unknown Source:64)
03-11 14:17:46.516 26922 27202 E fb4a.GraphServiceQueryExecutor: 	at X.2Tn.onError(Unknown Source:239)
03-11 14:17:46.516 26922 27202 E fb4a.GraphServiceQueryExecutor: 	at com.facebook.common.jniexecutors.NativeRunnable.nativeRun(Native Method)
03-11 14:17:46.516 26922 27202 E fb4a.GraphServiceQueryExecutor: 	at com.facebook.common.jniexecutors.NativeRunnable.run(Unknown Source:8)
03-11 14:17:46.516 26922 27202 E fb4a.GraphServiceQueryExecutor: 	at com.facebook.common.jniexecutors.PooledNativeRunnable.run(Unknown Source:7)
03-11 14:17:46.516 26922 27202 E fb4a.GraphServiceQueryExecutor: 	at X.1KL.execute(Unknown Source:0)
03-11 14:17:46.516 26922 27202 E fb4a.GraphServiceQueryExecutor: 	at com.facebook.common.jniexecutors.NativeRunnable.nativeRun(Native Method)
03-11 14:17:46.516 26922 27202 E fb4a.GraphServiceQueryExecutor: 	at com.facebook.common.jniexecutors.NativeRunnable.run(Unknown Source:8)
03-11 14:17:46.516 26922 27202 E fb4a.GraphServiceQueryExecutor: 	at com.facebook.common.jniexecutors.PooledNativeRunnable.run(Unknown Source:7)
03-11 14:17:46.516 26922 27202 E fb4a.GraphServiceQueryExecutor: 	at X.1Hq.run(Unknown Source:2)
03-11 14:17:46.516 26922 27202 E fb4a.GraphServiceQueryExecutor: 	at java.util.concurrent.ThreadPoolExecutor.runWorker(ThreadPoolExecutor.java:1145)
03-11 14:17:46.516 26922 27202 E fb4a.GraphServiceQueryExecutor: 	at java.util.concurrent.ThreadPoolExecutor$Worker.run(ThreadPoolExecutor.java:644)
03-11 14:17:46.516 26922 27202 E fb4a.GraphServiceQueryExecutor: 	at X.1I3.run(Unknown Source:3)
03-11 14:17:46.516 26922 27202 E fb4a.GraphServiceQueryExecutor: 	at X.1I7.run(Unknown Source:14)
03-11 14:17:46.516 26922 27202 E fb4a.GraphServiceQueryExecutor: 	at java.lang.Thread.run(Thread.java:1012)
03-11 14:17:46.523  6362  6362 I NearbyDiscovery: (REDACTED) FastPairDisplayObserver: %s -> %s
03-11 14:17:46.614 26922 27069 W fb4a.BloksPrivacySelectorFetchQpl: markerPoint is called unexpectedly with render location: BPS_REELS_COMPOSER
03-11 14:17:46.641 26922 27069 W fb4a.BloksPrivacySelectorFetchQpl: fail is called unexpectedly with render location: BPS_REELS_COMPOSER
03-11 14:17:46.642 26922 27069 W fb4a.BloksPrivacySelectorFetchQpl: markerPoint is called unexpectedly with render location: BPS_COMPOSER
03-11 14:17:46.642 26922 27069 W fb4a.BloksPrivacySelectorFetchQpl: fail is called unexpectedly with render location: BPS_COMPOSER
03-11 14:17:46.909  6362 21516 I NearbySharing: Network state changed: NetworkState(isRestricted=false, isOnline=true, isCongested=false, isMetered=true, isWifiConnected=false)
03-11 14:17:47.183 26922 26936 I BpBinder: onLastStrongRef automatically unlinking death recipients: 
03-11 14:17:47.194 26922 26936 I BpBinder: onLastStrongRef automatically unlinking death recipients: 
03-11 14:17:47.222 26922 26937 W System  : A resource failed to call close. 
03-11 14:17:47.224 26922 26937 W fb4a.2DP: AsyncDrawable with url https://lookaside.facebook.com/ras/v2/?id=AQAB3C8nQ1fr&cfg=d$3x wasn't hidden before it was GC'd. Please call setVisible(false, ___ ) in View.onDetachedFromWindow()
03-11 14:17:47.225 26922 26937 W fb4a.2DP: AsyncDrawable with url https://lookaside.facebook.com/ras/v2/?id=AQAC1Qu2Qn8L&cfg=d$3x wasn't hidden before it was GC'd. Please call setVisible(false, ___ ) in View.onDetachedFromWindow()
03-11 14:17:47.225 26922 26937 W fb4a.2DP: AsyncDrawable with url https://lookaside.facebook.com/ras/v2/?id=AQAEK0GLr3HF wasn't hidden before it was GC'd. Please call setVisible(false, ___ ) in View.onDetachedFromWindow()
03-11 14:17:47.225 26922 26937 W fb4a.2DP: AsyncDrawable with url https://lookaside.facebook.com/ras/v2/?id=AQAL4Sw8b3I2 wasn't hidden before it was GC'd. Please call setVisible(false, ___ ) in View.onDetachedFromWindow()
03-11 14:17:47.225 26922 26937 W fb4a.2DP: AsyncDrawable with url https://lookaside.facebook.com/ras/v2/?id=AQABIxlS9QCp wasn't hidden before it was GC'd. Please call setVisible(false, ___ ) in View.onDetachedFromWindow()
03-11 14:17:47.225 26922 26937 W fb4a.2DP: AsyncDrawable with url https://lookaside.facebook.com/ras/v2/?id=AQABv60ZiHcT wasn't hidden before it was GC'd. Please call setVisible(false, ___ ) in View.onDetachedFromWindow()
03-11 14:17:51.700 26922 27200 W JobInfo : Job 'com.facebook.katana/com.facebook.analytics2.logger.legacy.uploader.LollipopUploadService#2131366599' has a deadline with functional constraints and an extremely short time window of 0 ms (delay=0, deadline=0). The functional constraints are not likely to be satisfied when the job runs.
03-11 14:17:51.710 26922 26922 W fb4a.AppComponentFactory: Instantiating Service
03-11 14:17:51.778  6362  6362 I NearbyDiscovery: (REDACTED) FastPairDisplayObserver: %s -> %s
03-11 14:17:51.935  6362  6362 I NearbyDiscovery: (REDACTED) FastPairDisplayObserver: %s -> %s
03-11 14:17:52.273  6362 21516 I NearbySharing: Network state changed: NetworkState(isRestricted=false, isOnline=true, isCongested=false, isMetered=true, isWifiConnected=false)
03-11 14:18:00.034  6362  6362 I NearbyDiscovery: (REDACTED) FastPairDisplayObserver: %s -> %s
03-11 14:18:00.093 27409 27409 I oid.apps.photos: Using CollectorTypeCC GC.
03-11 14:18:00.097 27409 27409 E oid.apps.photos: Not starting debugger since process cannot load the jdwp agent.
03-11 14:18:00.113 27409 27409 E oid.apps.photos: BBinder_init Processname  <pre-initialized>  
03-11 14:18:00.114 27409 27409 E oid.apps.photos: BBinder_init hasGetProcessName  <pre-initialized>
03-11 14:18:00.205 27409 27409 W ziparchive: Unable to open '/data/app/~~DygE0VjH8iaSN8ksdri08g==/com.google.android.apps.photos-fUz8wqpL1El0M3yI9r3Q5w==/split_config.arm64_v8a.dm': No such file or directory
03-11 14:18:00.205 27409 27409 W ziparchive: Unable to open '/data/app/~~DygE0VjH8iaSN8ksdri08g==/com.google.android.apps.photos-fUz8wqpL1El0M3yI9r3Q5w==/split_config.arm64_v8a.dm': No such file or directory
03-11 14:18:00.205 27409 27409 W oid.apps.photos: Entry not found
03-11 14:18:00.206 27409 27409 W ziparchive: Unable to open '/data/app/~~DygE0VjH8iaSN8ksdri08g==/com.google.android.apps.photos-fUz8wqpL1El0M3yI9r3Q5w==/split_config.en.dm': No such file or directory
03-11 14:18:00.206 27409 27409 W ziparchive: Unable to open '/data/app/~~DygE0VjH8iaSN8ksdri08g==/com.google.android.apps.photos-fUz8wqpL1El0M3yI9r3Q5w==/split_config.en.dm': No such file or directory
03-11 14:18:00.206 27409 27409 W oid.apps.photos: Entry not found
03-11 14:18:00.206 27409 27409 W ziparchive: Unable to open '/data/app/~~DygE0VjH8iaSN8ksdri08g==/com.google.android.apps.photos-fUz8wqpL1El0M3yI9r3Q5w==/split_config.xxhdpi.dm': No such file or directory
03-11 14:18:00.206 27409 27409 W ziparchive: Unable to open '/data/app/~~DygE0VjH8iaSN8ksdri08g==/com.google.android.apps.photos-fUz8wqpL1El0M3yI9r3Q5w==/split_config.xxhdpi.dm': No such file or directory
03-11 14:18:00.206 27409 27409 W oid.apps.photos: Entry not found
03-11 14:18:00.213  6362  7742 I ActivityScheduler: nextTriggerTime: 10202924, in 201769ms, detectorType: 39, FULL_TYPE alarmWindowMillis: 30000
03-11 14:18:00.318 27409 27440 W JobInfo : Job 'com.google.android.apps.photos/com.google.android.libraries.social.async.BackgroundTaskJobService#1043' has a deadline with no functional constraints. The deadline won't improve job execution latency. Consider removing the deadline.
03-11 14:18:00.375  6362  6362 I NearbyDiscovery: (REDACTED) FastPairDisplayObserver: %s -> %s
03-11 14:18:03.692  7413  7773 I bbdx    : (REDACTED) getHotwordActive::active query: %s, watch: %s, devices connected: %s
03-11 14:18:03.790  6362  7742 W Settings: Setting airplane_mode_on has moved from android.provider.Settings.System to android.provider.Settings.Global, returning read-only value.
03-11 14:18:03.795  6362 26692 W SystemServiceRegistry: No service published for: wifirtt
03-11 14:18:04.273  6362  6362 I NearbyDiscovery: (REDACTED) FastPairDisplayObserver: %s -> %s
03-11 14:18:04.274  6362  7968 I NearbyDiscovery: (REDACTED) OffloadFastPairScanner: eventType=%s, isInternalReq=%s, isOffloadScanning=%s, isOffloadScanningAllowed=%s
03-11 14:18:04.279  6362  7968 I NearbyDiscovery: (REDACTED) FastPairScanner: isScreenOn=%s, isLocationEnabled=%s, disableLocationRequirement=%s, isDiscoveryScanningEnabled=%s, during24GhzWifiWarmingUpPeriod=%s
03-11 14:18:04.280  6362  7968 I NearbyDiscovery: (REDACTED) FastPairScanner: eventType=%s, intReq=%s, scanning=%s, scanAllowed=%s, bleEnabled=%s, lockScanRate=%s, startScanningByLowPowerMode=%s
03-11 14:18:05.759  6362 26692 I FrewleTileCacheManagerV: (REDACTED) Fetched %d AP models from cache
03-11 14:18:05.791  6362  7600 I FusedLocation: (REDACTED) location delivery to %s blocked - too close
03-11 14:18:05.791  6362  7600 I FusedLocation: (REDACTED) location delivery to %s blocked - too fast
03-11 14:18:05.792  6362  7600 I FusedLocation: (REDACTED) location delivery to %s blocked - too close
03-11 14:18:05.793  6362  7742 I ActivityScheduler: nextTriggerTime: 10202924, in 196189ms, detectorType: 39, FULL_TYPE alarmWindowMillis: 30000
03-11 14:18:09.114 29655 29655 I Finsky  : [2] ptj.onSubscriptionsChanged(6): onSubscriptionsChanged
03-11 14:18:09.214  6362  7968 I NearbyDiscovery: (REDACTED) FastPairHandler: Received action %s
03-11 14:18:09.259 10015 10015 W fbservices:InitStatus: Not blocking Service (24316350)
03-11 14:18:09.259 10015 10015 W fbservices:InitStatus: Not blocking Service (24316350)
03-11 14:18:09.273  6362  7968 I NearbyDiscovery: (REDACTED) FastPairHandler: Received action %s
03-11 14:18:09.314 10015 10015 W fbservices:InitStatus: Not blocking Service (24316350)
03-11 14:18:09.314 10015 10015 W fbservices:InitStatus: Not blocking Service (24316350)
03-11 14:18:09.371 11049 11535 W chromium: [0311/141809.371826:WARNING:dns_config_service_android.cc(81)] Failed to read DnsConfig.
03-11 14:18:09.474 13298 16700 W chromium: [0311/141809.474265:WARNING:dns_config_service_android.cc(81)] Failed to read DnsConfig.
03-11 14:18:09.583 11647 11657 W oadcastreceiver: Reducing the number of considered missed Gc histogram windows from 208 to 100
03-11 14:18:09.631 29655 29655 I Finsky  : [2] ptj.onSubscriptionsChanged(6): onSubscriptionsChanged
03-11 14:18:09.666  6362  5599 I NearbyMediums: WifiNetwork setTelephonyIsDataConnected:true
03-11 14:18:09.702  6362  7968 I NearbyDiscovery: (REDACTED) FastPairHandler: Received action %s
03-11 14:18:09.742  9479  9538 W NetworkConnectionChecke: Unknown host google.com
03-11 14:18:09.742  9479  9538 I NetworkConnectionChecke: Network connection: false
03-11 14:18:09.765 10015 10015 W fbservices:InitStatus: Not blocking Service (24316350)
03-11 14:18:09.765 10015 10015 W fbservices:InitStatus: Not blocking Service (24316350)
03-11 14:18:09.817 11049 11535 W chromium: [0311/141809.817211:WARNING:dns_config_service_android.cc(81)] Failed to read DnsConfig.
03-11 14:18:10.008 29629 30944 I egram.messenger: JIT allocated 53KB for compiled code of boolean org.telegram.messenger.MessagesController.processUpdateArray(java.util.ArrayList, java.util.ArrayList, java.util.ArrayList, boolean, int)
03-11 14:18:10.010 29629 30944 I egram.messenger: Compiler allocated 10MB to compile boolean org.telegram.messenger.MessagesController.processUpdateArray(java.util.ArrayList, java.util.ArrayList, java.util.ArrayList, boolean, int)
03-11 14:18:10.160  6362  5599 I NearbySharing: Network state changed: NetworkState(isRestricted=false, isOnline=true, isCongested=false, isMetered=true, isWifiConnected=false)
03-11 14:18:10.754  9479  9538 W NetworkConnectionChecke: Unknown host google.com
03-11 14:18:10.754  9479  9538 I NetworkConnectionChecke: Network connection: false
03-11 14:18:11.350 29629 30944 I egram.messenger: Compiler allocated 4840KB to compile void org.telegram.messenger.MessageObject.updateMessageText(java.util.AbstractMap, java.util.AbstractMap, androidx.collection.LongSparseArray, androidx.collection.LongSparseArray)
03-11 14:18:11.770  9479  9538 W NetworkConnectionChecke: Unknown host google.com
03-11 14:18:11.770  9479  9538 I NetworkConnectionChecke: Network connection: false
03-11 14:18:12.785  9479  9538 W NetworkConnectionChecke: Unknown host google.com
03-11 14:18:12.786  9479  9538 I NetworkConnectionChecke: Network connection: false
03-11 14:18:13.802  9479  9538 W NetworkConnectionChecke: Unknown host google.com
03-11 14:18:13.803  9479  9538 I NetworkConnectionChecke: Network connection: false
03-11 14:18:14.806  9479  9538 W NetworkConnectionChecke: Unknown host google.com
03-11 14:18:14.806  9479  9538 I NetworkConnectionChecke: Network connection: false
03-11 14:18:15.824  9479  9538 W NetworkConnectionChecke: Unknown host google.com
03-11 14:18:15.825  9479  9538 I NetworkConnectionChecke: Network connection: false
03-11 14:18:16.530 10015 10087 I DGW     : I[notifyStreamGroupError:1452] dgw: notify sgt (notifgateway) error Received_EOM_DISCONNECTING
03-11 14:18:16.840  9479  9538 W NetworkConnectionChecke: Unknown host google.com
03-11 14:18:16.841  9479  9538 I NetworkConnectionChecke: Network connection: false
03-11 14:18:17.861  9479  9538 W NetworkConnectionChecke: Unknown host google.com
03-11 14:18:17.861  9479  9538 I NetworkConnectionChecke: Network connection: false
03-11 14:18:18.041 10015 10067 I DGW     : I[sendRequest:82] DGW Connecting to https://z-m-gateway.facebook.com/notifgateway
03-11 14:18:18.333 10015 10087 W DGW     : W[onSuccessfulResponse:632] StreamGroupTransport on successful response. DGW for serviceId=notifgateway is now connected.
03-11 14:18:18.876  9479  9538 W NetworkConnectionChecke: Unknown host google.com
03-11 14:18:18.877  9479  9538 I NetworkConnectionChecke: Network connection: false
03-11 14:18:19.966  9479  9538 W NetworkConnectionChecke: Unknown host google.com
03-11 14:18:19.966  9479  9538 I NetworkConnectionChecke: Network connection: false
03-11 14:18:22.638  9479  9538 W NetworkConnectionChecke: Unknown host google.com
03-11 14:18:22.638  9479  9538 I NetworkConnectionChecke: Network connection: false
03-11 14:18:27.573  9479  9538 W NetworkConnectionChecke: Unknown host google.com
03-11 14:18:27.573  9479  9538 I NetworkConnectionChecke: Network connection: false
03-11 14:18:28.805  9479  9538 W NetworkConnectionChecke: Unknown host google.com
03-11 14:18:28.805  9479  9538 I NetworkConnectionChecke: Network connection: false
03-11 14:18:29.450  6362  7742 W Settings: Setting airplane_mode_on has moved from android.provider.Settings.System to android.provider.Settings.Global, returning read-only value.
03-11 14:18:29.454  6362 27355 W SystemServiceRegistry: No service published for: wifirtt
03-11 14:18:29.764 19976 23680 W Looper  : Slow delivery took 56341ms android.bg h=android.os.Handler c=android.os.BinderProxy$1@fba778a m=0
03-11 14:18:29.768 19976 23680 W Looper  : Drained
03-11 14:18:29.817  9479  9538 W NetworkConnectionChecke: Unknown host google.com
03-11 14:18:29.817  9479  9538 I NetworkConnectionChecke: Network connection: false
03-11 14:18:30.830  9479  9538 W NetworkConnectionChecke: Unknown host google.com
03-11 14:18:30.830  9479  9538 I NetworkConnectionChecke: Network connection: false
03-11 14:18:31.416  6362 27355 I FrewleTileCacheManagerV: (REDACTED) Fetched %d AP models from cache
03-11 14:18:31.449  6362  7742 I ActivityScheduler: nextTriggerTime: 10202924, in 170532ms, detectorType: 39, FULL_TYPE alarmWindowMillis: 30000
03-11 14:18:31.451  6362  7600 I FusedLocation: (REDACTED) location delivery to %s blocked - too close
03-11 14:18:31.452  6362  7600 I FusedLocation: (REDACTED) location delivery to %s blocked - too fast
03-11 14:18:31.452  6362  7600 I FusedLocation: (REDACTED) location delivery to %s blocked - too fast
03-11 14:18:34.482  9479  9538 W NetworkConnectionChecke: Unknown host google.com
03-11 14:18:34.482  9479  9538 I NetworkConnectionChecke: Network connection: false
03-11 14:18:34.720 10015 10087 I DGW     : I[notifyStreamGroupError:1452] dgw: notify sgt (notifgateway) error Error Domain=MNSSecureTCP Code=0 UserInfo=0xb400007490033bb0 {MCFErrorDirectLocalizedFailureReasonKey=mbedtls_ssl_read(): NET - Reading information from the socket failed (-0x004C), error = Software caused connection abort}
03-11 14:18:34.723  6362 27355 W WakeLock: GCM_HB_ALARM release without a matched acquire!
03-11 14:18:34.723  6362 27355 W WakeLock: GCM_HB_ALARM counter does not exist
03-11 14:18:34.725  6362 27355 I AlarmManager: setExactAndAllowWhileIdle [name: GCM_CONN_ALARM type: 2 triggerAtMillis: 10044935]
03-11 14:18:34.727  6362 27355 W WakeLock: GCM_CONN_ALARM release without a matched acquire!
03-11 14:18:34.727  6362 27355 W WakeLock: GCM_CONN_ALARM counter does not exist
03-11 14:18:34.790 13298 16700 W chromium: [0311/141834.790688:WARNING:dns_config_service_android.cc(81)] Failed to read DnsConfig.
03-11 14:18:34.796 11049 11535 W chromium: [0311/141834.796245:WARNING:dns_config_service_android.cc(81)] Failed to read DnsConfig.
03-11 14:18:35.206  6362  5599 I NearbySharing: Network state changed: NetworkState(isRestricted=false, isOnline=true, isCongested=false, isMetered=true, isWifiConnected=false)
03-11 14:18:35.491  9479  9538 W NetworkConnectionChecke: Unknown host google.com
03-11 14:18:35.492  9479  9538 I NetworkConnectionChecke: Network connection: false
03-11 14:18:36.258 10015 10067 I DGW     : I[sendRequest:82] DGW Connecting to https://z-m-gateway.facebook.com/notifgateway
03-11 14:18:37.170  9479  9538 W NetworkConnectionChecke: Unknown host google.com
03-11 14:18:37.170  9479  9538 I NetworkConnectionChecke: Network connection: false
03-11 14:18:39.475  9479  9538 W NetworkConnectionChecke: Unknown host google.com
03-11 14:18:39.475  9479  9538 I NetworkConnectionChecke: Network connection: false
03-11 14:18:40.600  9479  9538 W NetworkConnectionChecke: Unknown host google.com
03-11 14:18:40.601  9479  9538 I NetworkConnectionChecke: Network connection: false
03-11 14:18:42.240  9479  9538 W NetworkConnectionChecke: Unknown host google.com
03-11 14:18:42.240  9479  9538 I NetworkConnectionChecke: Network connection: false
03-11 14:18:42.289  6362  5599 I NearbyMediums: WifiNetwork setTelephonyIsDataConnected:false
03-11 14:18:42.350  6362  7968 I NearbyDiscovery: (REDACTED) FastPairHandler: Received action %s
03-11 14:18:42.371 10015 10015 W fbservices:InitStatus: Not blocking Service (24316350)
03-11 14:18:42.371 10015 10015 W fbservices:InitStatus: Not blocking Service (24316350)
03-11 14:18:42.824  6362 21515 I NearbySharing: Network state changed: NetworkState(isRestricted=false, isOnline=false, isCongested=false, isMetered=false, isWifiConnected=false)
03-11 14:18:43.146 10015 10086 I DGW     : I[sendRequest:82] DGW Connecting to https://z-m-gateway.facebook.com/notifgateway
03-11 14:18:43.732 10015 10086 I DGW     : I[sendRequest:82] DGW Connecting to https://z-m-gateway.facebook.com/notifgateway
03-11 14:18:45.284  6362 21515 I NearbyMediums: WifiNetwork setTelephonyIsDataConnected:false
03-11 14:18:45.322  6362 21515 I NearbyMediums: WifiNetwork setTelephonyIsDataConnected:false
03-11 14:18:46.136 10015 10086 I DGW     : I[sendRequest:82] DGW Connecting to https://z-m-gateway.facebook.com/notifgateway
03-11 14:18:46.243  6362 21515 I NearbyMediums: WifiNetwork setTelephonyIsDataConnected:true
03-11 14:18:46.335  6362  6833 I NearbyMediums: WifiNetwork defaultNetworkCallback onAvailable netId:126
03-11 14:18:46.386  6362  7968 I NearbyDiscovery: (REDACTED) FastPairHandler: Received action %s
03-11 14:18:46.397 10015 10086 I DGW     : I[sendRequest:82] DGW Connecting to https://z-m-gateway.facebook.com/notifgateway
03-11 14:18:46.466 10015 10015 W fbservices:InitStatus: Not blocking Service (24316350)
03-11 14:18:46.466 10015 10015 W fbservices:InitStatus: Not blocking Service (24316350)
03-11 14:18:46.504 13298 16700 W chromium: [0311/141846.504532:WARNING:dns_config_service_android.cc(81)] Failed to read DnsConfig.
03-11 14:18:46.505 11049 11535 W chromium: [0311/141846.504977:WARNING:dns_config_service_android.cc(81)] Failed to read DnsConfig.
03-11 14:18:46.546  6362 26692 I TrafficStats: tagSocketFd(-1, 1031, -1) failed with errno-9
03-11 14:18:46.849  9479  9538 W NetworkConnectionChecke: Unknown host google.com
03-11 14:18:46.849  9479  9538 I NetworkConnectionChecke: Network connection: false
03-11 14:18:46.872  6362 27355 I AlarmManager: setExactAndAllowWhileIdle [name: GCM_HB_ALARM type: 2 triggerAtMillis: 10287815]
03-11 14:18:47.067 10015 10087 W DGW     : W[onSuccessfulResponse:632] StreamGroupTransport on successful response. DGW for serviceId=notifgateway is now connected.
03-11 14:18:47.275  6362 12850 I AlarmManager: setExactAndAllowWhileIdle [name: GCM_HB_ALARM type: 2 triggerAtMillis: 10288217]
03-11 14:18:47.280  6362 12850 W WakeLock: GCM_CONN_ALARM release without a matched acquire!
03-11 14:18:47.287  6362 12850 I AlarmManager: setExactAndAllowWhileIdle [name: GCM_HB_ALARM type: 2 triggerAtMillis: 10288229]
03-11 14:18:47.333  6362 21516 I NearbySharing: Network state changed: NetworkState(isRestricted=false, isOnline=true, isCongested=false, isMetered=true, isWifiConnected=false)
03-11 14:18:47.865  9479  9538 W NetworkConnectionChecke: Unknown host google.com
03-11 14:18:47.866  9479  9538 I NetworkConnectionChecke: Network connection: false
03-11 14:18:48.886  9479  9538 W NetworkConnectionChecke: Unknown host google.com
03-11 14:18:48.886  9479  9538 I NetworkConnectionChecke: Network connection: false
03-11 14:18:49.899  9479  9538 W NetworkConnectionChecke: Unknown host google.com
03-11 14:18:49.900  9479  9538 I NetworkConnectionChecke: Network connection: false
03-11 14:18:50.918  9479  9538 W NetworkConnectionChecke: Unknown host google.com
03-11 14:18:50.918  9479  9538 I NetworkConnectionChecke: Network connection: false
03-11 14:18:51.934  9479  9538 W NetworkConnectionChecke: Unknown host google.com
03-11 14:18:51.935  9479  9538 I NetworkConnectionChecke: Network connection: false
03-11 14:18:54.953  9479  9538 W NetworkConnectionChecke: Unknown host google.com
03-11 14:18:54.953  9479  9538 I NetworkConnectionChecke: Network connection: false
03-11 14:18:55.965  9479  9538 W NetworkConnectionChecke: Unknown host google.com
03-11 14:18:55.966  9479  9538 I NetworkConnectionChecke: Network connection: false
03-11 14:19:00.616  6362  6418 W .gms.persistent: Couldn't lock the profile file /data/misc/profiles/cur/0/com.google.android.gms/primary.prof: Failed to lock file '/data/misc/profiles/cur/0/com.google.android.gms/primary.prof': Try again
03-11 14:19:00.616  6362  6418 W .gms.persistent: Could not forcefully load profile /data/misc/profiles/cur/0/com.google.android.gms/primary.prof
03-11 14:19:00.617  6362  7742 W Settings: Setting airplane_mode_on has moved from android.provider.Settings.System to android.provider.Settings.Global, returning read-only value.
03-11 14:19:00.623  6362 27823 W SystemServiceRegistry: No service published for: wifirtt
03-11 14:19:00.623 10015 10087 I DGW     : I[notifyStreamGroupError:1452] dgw: notify sgt (notifgateway) error Error Domain=MNSSecureTCP Code=0 UserInfo=0xb400007490031e70 {MCFErrorDirectLocalizedFailureReasonKey=mbedtls_ssl_read(): NET - Reading information from the socket failed (-0x004C), error = Software caused connection abort}
03-11 14:19:00.643  6362 27355 W WakeLock: GCM_HB_ALARM release without a matched acquire!
03-11 14:19:00.644  6362 27355 W WakeLock: GCM_HB_ALARM counter does not exist
03-11 14:19:00.652 13298 16700 W chromium: [0311/141900.652897:WARNING:dns_config_service_android.cc(81)] Failed to read DnsConfig.
03-11 14:19:00.675  9479  9538 W NetworkConnectionChecke: Unknown host google.com
03-11 14:19:00.676  9479  9538 I NetworkConnectionChecke: Network connection: false
03-11 14:19:00.696 11049 11535 W chromium: [0311/141900.696547:WARNING:dns_config_service_android.cc(81)] Failed to read DnsConfig.
03-11 14:19:01.081  6362 21516 I NearbySharing: Network state changed: NetworkState(isRestricted=false, isOnline=true, isCongested=false, isMetered=true, isWifiConnected=false)
03-11 14:19:01.683  9479  9538 W NetworkConnectionChecke: Unknown host google.com
03-11 14:19:01.683  9479  9538 I NetworkConnectionChecke: Network connection: false
03-11 14:19:02.147 10015 10067 I DGW     : I[sendRequest:82] DGW Connecting to https://z-m-gateway.facebook.com/notifgateway
03-11 14:19:02.547  7413  7773 I bbdx    : (REDACTED) getHotwordActive::active query: %s, watch: %s, devices connected: %s
03-11 14:19:02.688  6362 27823 I FrewleTileCacheManagerV: (REDACTED) Fetched %d AP models from cache
03-11 14:19:02.696  9479  9538 W NetworkConnectionChecke: Unknown host google.com
03-11 14:19:02.696  9479  9538 I NetworkConnectionChecke: Network connection: false
03-11 14:19:02.713  6362  7600 I FusedLocation: (REDACTED) location delivery to %s blocked - too close
03-11 14:19:02.713  6362  7600 I FusedLocation: (REDACTED) location delivery to %s blocked - too fast
