02-20 10:25:52.680  7575  8049 W KeyphraseEnrollmentInfo: No enrollment application supports the given keyphrase/locale: 'Y Google'/en_US
02-20 10:39:00.729  2316  4996 D BatteryStatsService: noteVideoSurfaceChanged  noteWhich: 49,arg1: -1, arg2: -1, arg3: 4527, arg4: 2269, name: com.vivo.fingerprintui
02-20 10:39:00.884  2316 14712 D BatteryStatsService: noteVideoSurfaceChanged  noteWhich: 49,arg1: -1, arg2: -1, arg3: 4141, arg4: 392, name: com.vivo.systemuiplugin
02-20 10:39:00.890  2316 14712 D BatteryStatsService: noteVideoSurfaceChanged  noteWhich: 49,arg1: -2, arg2: -1, arg3: 4141, arg4: 223, name: com.android.systemui
02-20 10:39:00.890  2316  5627 D BatteryStatsService: noteVideoSurfaceChanged  noteWhich: 49,arg1: -2, arg2: -1, arg3: 4141, arg4: 229, name: com.android.systemui
02-20 10:39:01.223  2316  4996 D BatteryStatsService: noteVideoSurfaceChanged  noteWhich: 49,arg1: -2, arg2: -1, arg3: 4141, arg4: 223, name: com.android.systemui
02-20 10:39:01.223  2316  4996 D BatteryStatsService: noteVideoSurfaceChanged  noteWhich: 49,arg1: -2, arg2: -1, arg3: 4141, arg4: 229, name: com.android.systemui
02-20 10:39:01.848  2316  7924 D BatteryStatsService: noteVideoSurfaceChanged  noteWhich: 49,arg1: 1260, arg2: 2800, arg3: 4141, arg4: 223, name: com.android.systemui
02-20 10:39:01.849  2316  7924 D BatteryStatsService: noteVideoSurfaceChanged  noteWhich: 49,arg1: 1260, arg2: 2800, arg3: 4141, arg4: 229, name: com.android.systemui
02-20 10:39:01.850  2316  5477 D BatteryStatsService: noteVideoSurfaceChanged  noteWhich: 49,arg1: 1260, arg2: 2800, arg3: 4141, arg4: 223, name: com.android.systemui
02-20 10:39:01.851  2316  7933 D BatteryStatsService: noteVideoSurfaceChanged  noteWhich: 49,arg1: 1260, arg2: 2800, arg3: 4141, arg4: 229, name: com.android.systemui
02-20 10:39:01.863  2316  7933 D BatteryStatsService: noteVideoSurfaceChanged  noteWhich: 49,arg1: 1260, arg2: 2800, arg3: 4141, arg4: 223, name: com.android.systemui
02-20 10:39:01.878  2316  7924 D BatteryStatsService: noteVideoSurfaceChanged  noteWhich: 49,arg1: 1260, arg2: 2800, arg3: 4141, arg4: 223, name: com.android.systemui
02-20 10:39:01.879  2316  7933 D BatteryStatsService: noteVideoSurfaceChanged  noteWhich: 49,arg1: 1260, arg2: 2800, arg3: 4141, arg4: 229, name: com.android.systemui
02-20 10:39:03.717  2316  7924 D BatteryStatsService: noteVideoSurfaceChanged  noteWhich: 49,arg1: -2, arg2: -1, arg3: 4141, arg4: 223, name: com.android.systemui
02-20 10:39:03.726  2316  7933 D BatteryStatsService: noteVideoSurfaceChanged  noteWhich: 49,arg1: -2, arg2: -1, arg3: 4141, arg4: 223, name: com.android.systemui
02-20 10:39:03.727  2316  7933 D BatteryStatsService: noteVideoSurfaceChanged  noteWhich: 49,arg1: -2, arg2: -1, arg3: 4141, arg4: 229, name: com.android.systemui
02-20 10:39:03.879  2316 14712 D BatteryStatsService: noteVideoSurfaceChanged  noteWhich: 49,arg1: -2, arg2: -1, arg3: 4141, arg4: 223, name: com.android.systemui
02-20 10:39:03.880  2316 14712 D BatteryStatsService: noteVideoSurfaceChanged  noteWhich: 49,arg1: -2, arg2: -1, arg3: 4141, arg4: 229, name: com.android.systemui
02-20 10:39:04.006 22518  8388 W Looper  : Slow delivery took 1526478ms android.bg h=android.os.Handler c=android.os.BinderProxy$1@d1407ae m=0
02-20 10:39:04.127  2316  7933 D BatteryStatsService: noteVideoSurfaceChanged  noteWhich: 49,arg1: 1260, arg2: 2240, arg3: 16447, arg4: 5420, name: com.instagram.android
02-20 10:39:04.869  2316  4422 D BatteryStatsService: noteVideoSurfaceChanged  noteWhich: 49,arg1: -1, arg2: -1, arg3: 16447, arg4: 5420, name: com.instagram.android
02-20 10:39:05.001  2316  4290 D BatteryStatsService: noteVideoSurfaceChanged  noteWhich: 49,arg1: 1260, arg2: 709, arg3: 16447, arg4: 5721, name: com.instagram.android
02-20 10:39:05.190  2316  4422 D BatteryStatsService: noteVideoSurfaceChanged  noteWhich: 49,arg1: -1, arg2: -1, arg3: 16447, arg4: 5721, name: com.instagram.android
02-20 10:39:11.420  2316  4290 D BatteryStatsService: noteVideoSurfaceChanged  noteWhich: 49,arg1: 1260, arg2: 2247, arg3: 16447, arg4: 9337, name: com.instagram.android
02-20 10:39:28.440  2316  4417 D BatteryStatsService: noteVideoSurfaceChanged  noteWhich: 49,arg1: -1, arg2: -1, arg3: 16447, arg4: 9337, name: com.instagram.android
02-20 10:39:31.107  2316  2819 D BatteryStatsService: noteVideoSurfaceChanged  noteWhich: 49,arg1: 1260, arg2: 709, arg3: 16447, arg4: 9814, name: com.instagram.android
02-20 10:39:32.416  2316  4292 D BatteryStatsService: noteVideoSurfaceChanged  noteWhich: 49,arg1: -2, arg2: -1, arg3: 16447, arg4: 9814, name: com.instagram.android
02-20 10:39:32.725  2316  4292 D BatteryStatsService: noteVideoSurfaceChanged  noteWhich: 49,arg1: -1, arg2: -1, arg3: 16447, arg4: 9814, name: com.instagram.android
02-20 10:39:34.891  2316  4422 D BatteryStatsService: noteVideoSurfaceChanged  noteWhich: 49,arg1: 1260, arg2: 2800, arg3: 4141, arg4: 223, name: com.android.systemui
02-20 10:39:34.891  2316  4292 D BatteryStatsService: noteVideoSurfaceChanged  noteWhich: 49,arg1: 1260, arg2: 2800, arg3: 4141, arg4: 229, name: com.android.systemui
02-20 10:39:34.900  2316  3481 D BatteryStatsService: noteVideoSurfaceChanged  noteWhich: 49,arg1: 1260, arg2: 2800, arg3: 4141, arg4: 223, name: com.android.systemui
02-20 10:39:34.900  2316  3481 D BatteryStatsService: noteVideoSurfaceChanged  noteWhich: 49,arg1: 1260, arg2: 2800, arg3: 4141, arg4: 229, name: com.android.systemui
02-20 10:39:34.926  2316  2819 D BatteryStatsService: noteVideoSurfaceChanged  noteWhich: 49,arg1: 1260, arg2: 2800, arg3: 4141, arg4: 392, name: com.vivo.systemuiplugin
02-20 10:39:34.929  2316  2819 D BatteryStatsService: noteVideoSurfaceChanged  noteWhich: 49,arg1: 1260, arg2: 2800, arg3: 4141, arg4: 229, name: com.android.systemui
02-20 10:39:34.930  2316  2819 D BatteryStatsService: noteVideoSurfaceChanged  noteWhich: 49,arg1: 1260, arg2: 2800, arg3: 4141, arg4: 392, name: com.vivo.systemuiplugin
02-20 10:39:34.989  2316  4934 D BatteryStatsService: noteVideoSurfaceChanged  noteWhich: 49,arg1: 968, arg2: 790, arg3: 4527, arg4: 2274, name: com.vivo.fingerprintui
02-20 10:39:34.993  2316  4934 D BatteryStatsService: noteVideoSurfaceChanged  noteWhich: 49,arg1: 968, arg2: 790, arg3: 4527, arg4: 2274, name: com.vivo.fingerprintui
02-20 10:42:59.889  2316  5043 D BatteryStatsService: noteVideoSurfaceChanged  noteWhich: 49,arg1: -1, arg2: -1, arg3: 4527, arg4: 2274, name: com.vivo.fingerprintui
02-20 10:43:00.012  2316  4417 D BatteryStatsService: noteVideoSurfaceChanged  noteWhich: 49,arg1: -1, arg2: -1, arg3: 4141, arg4: 392, name: com.vivo.systemuiplugin
02-20 10:43:00.019  2316  4439 D BatteryStatsService: noteVideoSurfaceChanged  noteWhich: 49,arg1: -2, arg2: -1, arg3: 4141, arg4: 223, name: com.android.systemui
02-20 10:43:00.020  2316  4439 D BatteryStatsService: noteVideoSurfaceChanged  noteWhich: 49,arg1: -2, arg2: -1, arg3: 4141, arg4: 229, name: com.android.systemui
02-20 10:43:00.346  2316  5627 D BatteryStatsService: noteVideoSurfaceChanged  noteWhich: 49,arg1: -2, arg2: -1, arg3: 4141, arg4: 223, name: com.android.systemui
02-20 10:43:00.346  2316  5627 D BatteryStatsService: noteVideoSurfaceChanged  noteWhich: 49,arg1: -2, arg2: -1, arg3: 4141, arg4: 229, name: com.android.systemui
02-20 10:43:01.408  2316  4977 D BatteryStatsService: noteVideoSurfaceChanged  noteWhich: 49,arg1: 1260, arg2: 2800, arg3: 4141, arg4: 223, name: com.android.systemui
02-20 10:43:01.409  2316  4977 D BatteryStatsService: noteVideoSurfaceChanged  noteWhich: 49,arg1: 1260, arg2: 2800, arg3: 4141, arg4: 229, name: com.android.systemui
02-20 10:43:01.413  2316  4422 D BatteryStatsService: noteVideoSurfaceChanged  noteWhich: 49,arg1: 1260, arg2: 2800, arg3: 4141, arg4: 223, name: com.android.systemui
02-20 10:43:01.414  2316  4422 D BatteryStatsService: noteVideoSurfaceChanged  noteWhich: 49,arg1: 1260, arg2: 2800, arg3: 4141, arg4: 229, name: com.android.systemui
02-20 10:43:01.463  2316  4977 D BatteryStatsService: noteVideoSurfaceChanged  noteWhich: 49,arg1: 1260, arg2: 2800, arg3: 4141, arg4: 223, name: com.android.systemui
02-20 10:43:01.477  2316  4422 D BatteryStatsService: noteVideoSurfaceChanged  noteWhich: 49,arg1: 1260, arg2: 2800, arg3: 4141, arg4: 223, name: com.android.systemui
02-20 10:43:01.477  2316  4977 D BatteryStatsService: noteVideoSurfaceChanged  noteWhich: 49,arg1: 1260, arg2: 2800, arg3: 4141, arg4: 229, name: com.android.systemui
02-20 10:43:02.798  2316  3482 D BatteryStatsService: noteVideoSurfaceChanged  noteWhich: 49,arg1: -2, arg2: -1, arg3: 4141, arg4: 223, name: com.android.systemui
02-20 10:43:02.803  2316  3482 D BatteryStatsService: noteVideoSurfaceChanged  noteWhich: 49,arg1: -2, arg2: -1, arg3: 4141, arg4: 223, name: com.android.systemui
02-20 10:43:02.803  2316  3482 D BatteryStatsService: noteVideoSurfaceChanged  noteWhich: 49,arg1: -2, arg2: -1, arg3: 4141, arg4: 229, name: com.android.systemui
02-20 10:43:02.952  2316  3482 D BatteryStatsService: noteVideoSurfaceChanged  noteWhich: 49,arg1: -2, arg2: -1, arg3: 4141, arg4: 223, name: com.android.systemui
02-20 10:43:02.952  2316  3482 D BatteryStatsService: noteVideoSurfaceChanged  noteWhich: 49,arg1: -2, arg2: -1, arg3: 4141, arg4: 229, name: com.android.systemui
02-20 10:43:04.765  2316  4977 D BatteryStatsService: noteVideoSurfaceChanged  noteWhich: 49,arg1: 1260, arg2: 2800, arg3: 4141, arg4: 223, name: com.android.systemui
02-20 10:43:04.765  2316  4977 D BatteryStatsService: noteVideoSurfaceChanged  noteWhich: 49,arg1: 1260, arg2: 2800, arg3: 4141, arg4: 229, name: com.android.systemui
02-20 10:43:04.774  2316  4996 D BatteryStatsService: noteVideoSurfaceChanged  noteWhich: 49,arg1: 1260, arg2: 2800, arg3: 4141, arg4: 223, name: com.android.systemui
02-20 10:43:04.775  2316  4422 D BatteryStatsService: noteVideoSurfaceChanged  noteWhich: 49,arg1: 1260, arg2: 2800, arg3: 4141, arg4: 229, name: com.android.systemui
02-20 10:43:04.817  2316  3482 D BatteryStatsService: noteVideoSurfaceChanged  noteWhich: 49,arg1: 1260, arg2: 2800, arg3: 4141, arg4: 392, name: com.vivo.systemuiplugin
02-20 10:43:04.821  2316  4996 D BatteryStatsService: noteVideoSurfaceChanged  noteWhich: 49,arg1: 1260, arg2: 2800, arg3: 4141, arg4: 229, name: com.android.systemui
02-20 10:43:04.821  2316  4996 D BatteryStatsService: noteVideoSurfaceChanged  noteWhich: 49,arg1: 1260, arg2: 2800, arg3: 4141, arg4: 392, name: com.vivo.systemuiplugin
02-20 10:43:04.823  2316  4287 D BatteryStatsService: noteVideoSurfaceChanged  noteWhich: 49,arg1: 968, arg2: 790, arg3: 4527, arg4: 2279, name: com.vivo.fingerprintui
02-20 10:43:04.828  2316  4287 D BatteryStatsService: noteVideoSurfaceChanged  noteWhich: 49,arg1: 968, arg2: 790, arg3: 4527, arg4: 2279, name: com.vivo.fingerprintui
02-20 10:53:13.943  2316  5043 D BatteryStatsService: noteVideoSurfaceChanged  noteWhich: 49,arg1: -1, arg2: -1, arg3: 4527, arg4: 2279, name: com.vivo.fingerprintui
02-20 10:53:14.072  2316  5627 D BatteryStatsService: noteVideoSurfaceChanged  noteWhich: 49,arg1: -1, arg2: -1, arg3: 4141, arg4: 392, name: com.vivo.systemuiplugin
02-20 10:53:14.076  2316  4422 D BatteryStatsService: noteVideoSurfaceChanged  noteWhich: 49,arg1: -2, arg2: -1, arg3: 4141, arg4: 223, name: com.android.systemui
02-20 10:53:14.077  2316  5477 D BatteryStatsService: noteVideoSurfaceChanged  noteWhich: 49,arg1: -2, arg2: -1, arg3: 4141, arg4: 229, name: com.android.systemui
02-20 10:53:14.426  2316  4996 D BatteryStatsService: noteVideoSurfaceChanged  noteWhich: 49,arg1: -2, arg2: -1, arg3: 4141, arg4: 223, name: com.android.systemui
02-20 10:53:14.426  2316  4996 D BatteryStatsService: noteVideoSurfaceChanged  noteWhich: 49,arg1: -2, arg2: -1, arg3: 4141, arg4: 229, name: com.android.systemui
02-20 10:53:14.926  2316  4996 D BatteryStatsService: noteVideoSurfaceChanged  noteWhich: 49,arg1: 1260, arg2: 2800, arg3: 4141, arg4: 223, name: com.android.systemui
02-20 10:53:14.926  2316  4996 D BatteryStatsService: noteVideoSurfaceChanged  noteWhich: 49,arg1: 1260, arg2: 2800, arg3: 4141, arg4: 229, name: com.android.systemui
02-20 10:53:14.929  2316  4996 D BatteryStatsService: noteVideoSurfaceChanged  noteWhich: 49,arg1: 1260, arg2: 2800, arg3: 4141, arg4: 223, name: com.android.systemui
02-20 10:53:14.929  2316  4996 D BatteryStatsService: noteVideoSurfaceChanged  noteWhich: 49,arg1: 1260, arg2: 2800, arg3: 4141, arg4: 229, name: com.android.systemui
02-20 10:53:14.943  2316  3481 D BatteryStatsService: noteVideoSurfaceChanged  noteWhich: 49,arg1: 1260, arg2: 2800, arg3: 4141, arg4: 223, name: com.android.systemui
02-20 10:53:14.960  2316  3481 D BatteryStatsService: noteVideoSurfaceChanged  noteWhich: 49,arg1: 1260, arg2: 2800, arg3: 4141, arg4: 223, name: com.android.systemui
02-20 10:53:14.960  2316  3481 D BatteryStatsService: noteVideoSurfaceChanged  noteWhich: 49,arg1: 1260, arg2: 2800, arg3: 4141, arg4: 229, name: com.android.systemui
02-20 10:53:17.631  2316  3481 D BatteryStatsService: noteVideoSurfaceChanged  noteWhich: 49,arg1: -2, arg2: -1, arg3: 4141, arg4: 223, name: com.android.systemui
02-20 10:53:17.633  2316  3481 D BatteryStatsService: noteVideoSurfaceChanged  noteWhich: 49,arg1: -2, arg2: -1, arg3: 4141, arg4: 223, name: com.android.systemui
02-20 10:53:17.633  2316  3481 D BatteryStatsService: noteVideoSurfaceChanged  noteWhich: 49,arg1: -2, arg2: -1, arg3: 4141, arg4: 229, name: com.android.systemui
02-20 10:53:17.786  2316  5033 D BatteryStatsService: noteVideoSurfaceChanged  noteWhich: 49,arg1: -2, arg2: -1, arg3: 4141, arg4: 223, name: com.android.systemui
02-20 10:53:17.786  2316  4996 D BatteryStatsService: noteVideoSurfaceChanged  noteWhich: 49,arg1: -2, arg2: -1, arg3: 4141, arg4: 229, name: com.android.systemui
02-20 10:53:43.099  2316  5477 D BatteryStatsService: noteVideoSurfaceChanged  noteWhich: 49,arg1: 1260, arg2: 2800, arg3: 4141, arg4: 223, name: com.android.systemui
02-20 10:53:43.107  2316  5477 D BatteryStatsService: noteVideoSurfaceChanged  noteWhich: 49,arg1: 1260, arg2: 2800, arg3: 4141, arg4: 229, name: com.android.systemui
02-20 10:53:43.115  2316  4423 D BatteryStatsService: noteVideoSurfaceChanged  noteWhich: 49,arg1: 1260, arg2: 2800, arg3: 4141, arg4: 223, name: com.android.systemui
02-20 10:53:43.115  2316  4423 D BatteryStatsService: noteVideoSurfaceChanged  noteWhich: 49,arg1: 1260, arg2: 2800, arg3: 4141, arg4: 229, name: com.android.systemui
02-20 10:53:43.139  2316  4996 D BatteryStatsService: noteVideoSurfaceChanged  noteWhich: 49,arg1: 1260, arg2: 2800, arg3: 4141, arg4: 392, name: com.vivo.systemuiplugin
02-20 10:53:43.143  2316  4996 D BatteryStatsService: noteVideoSurfaceChanged  noteWhich: 49,arg1: 1260, arg2: 2800, arg3: 4141, arg4: 229, name: com.android.systemui
02-20 10:53:43.143  2316  4996 D BatteryStatsService: noteVideoSurfaceChanged  noteWhich: 49,arg1: 1260, arg2: 2800, arg3: 4141, arg4: 392, name: com.vivo.systemuiplugin
02-20 10:53:43.186  2316  4288 D BatteryStatsService: noteVideoSurfaceChanged  noteWhich: 49,arg1: 968, arg2: 790, arg3: 4527, arg4: 2284, name: com.vivo.fingerprintui
02-20 10:53:43.194  2316  3482 D BatteryStatsService: noteVideoSurfaceChanged  noteWhich: 49,arg1: 968, arg2: 790, arg3: 4527, arg4: 2284, name: com.vivo.fingerprintui
02-20 10:54:06.062  7575  7603 I AlwaysOnHotwordDetector: onRejected
02-20 10:54:06.063  7575  7993 I AlwaysOnHotwordDetector: handle message 6
02-20 10:54:06.067  7575  8049 W KeyphraseEnrollmentInfo: No enrollment application supports the given keyphrase/locale: 'Y Google'/en_US
02-20 10:55:00.079 22518  8388 W Looper  : Drained
02-20 11:12:13.438 22045 25871 E ActivityThread: Failed to find provider info for subscribedfeeds
02-20 11:12:53.229 22518  8388 W Looper  : Slow delivery took 1011444ms android.bg h=android.os.Handler c=android.os.BinderProxy$1@d1407ae m=0
02-20 11:12:53.256 22518  8388 W Looper  : Drained
02-20 11:12:56.134 30588 13897 W Looper  : Slow delivery took 8833020ms android.bg h=android.os.Handler c=android.os.BinderProxy$1@d164a33 m=0
02-20 11:12:56.134 30588 13897 W Looper  : Drained
02-20 11:12:56.088 28593 30497 W Looper  : Slow delivery took 8832938ms android.bg h=android.os.Handler c=android.os.BinderProxy$1@27137a7 m=0
02-20 11:12:56.136 28593 30497 W Looper  : Drained
02-20 11:15:21.224  7575 12196 I AlwaysOnHotwordDetector: onRejected
02-20 11:15:21.226  7575  7993 I AlwaysOnHotwordDetector: handle message 6
02-20 11:15:21.233  7575  8051 W KeyphraseEnrollmentInfo: No enrollment application supports the given keyphrase/locale: 'Y Google'/en_US
02-20 11:15:35.270  7575 12196 I AlwaysOnHotwordDetector: onRejected
02-20 11:15:35.270  7575  7993 I AlwaysOnHotwordDetector: handle message 6
02-20 11:15:35.274  7575  8051 W KeyphraseEnrollmentInfo: No enrollment application supports the given keyphrase/locale: 'Y Google'/en_US
02-20 11:15:39.999  7575 12196 I AlwaysOnHotwordDetector: onRejected
02-20 11:15:40.000  7575  7993 I AlwaysOnHotwordDetector: handle message 6
02-20 11:15:40.004  7575  8049 W KeyphraseEnrollmentInfo: No enrollment application supports the given keyphrase/locale: 'Y Google'/en_US
02-20 11:21:18.306  2316  3481 D BatteryStatsService: noteVideoSurfaceChanged  noteWhich: 49,arg1: -1, arg2: -1, arg3: 4527, arg4: 2284, name: com.vivo.fingerprintui
02-20 11:21:18.492  2316  5033 D BatteryStatsService: noteVideoSurfaceChanged  noteWhich: 49,arg1: -1, arg2: -1, arg3: 4141, arg4: 392, name: com.vivo.systemuiplugin
02-20 11:21:18.495  2316  7885 D BatteryStatsService: noteVideoSurfaceChanged  noteWhich: 49,arg1: -2, arg2: -1, arg3: 4141, arg4: 223, name: com.android.systemui
02-20 11:21:18.497  2316  4301 D BatteryStatsService: noteVideoSurfaceChanged  noteWhich: 49,arg1: -2, arg2: -1, arg3: 4141, arg4: 229, name: com.android.systemui
02-20 11:21:18.823  2316  4422 D BatteryStatsService: noteVideoSurfaceChanged  noteWhich: 49,arg1: -2, arg2: -1, arg3: 4141, arg4: 223, name: com.android.systemui
02-20 11:21:18.824  2316  4422 D BatteryStatsService: noteVideoSurfaceChanged  noteWhich: 49,arg1: -2, arg2: -1, arg3: 4141, arg4: 229, name: com.android.systemui
02-20 11:21:19.143 22045  8229 E ActivityThread: Failed to find provider info for gmail-ofls
02-20 11:21:20.364 22045  8229 E ActivityThread: Failed to find provider info for gmail-ofls
02-20 11:21:21.071  2316  4996 D BatteryStatsService: noteVideoSurfaceChanged  noteWhich: 49,arg1: 1260, arg2: 2800, arg3: 4141, arg4: 223, name: com.android.systemui
02-20 11:21:21.072  2316  4996 D BatteryStatsService: noteVideoSurfaceChanged  noteWhich: 49,arg1: 1260, arg2: 2800, arg3: 4141, arg4: 229, name: com.android.systemui
02-20 11:21:21.075  2316  5041 D BatteryStatsService: noteVideoSurfaceChanged  noteWhich: 49,arg1: 1260, arg2: 2800, arg3: 4141, arg4: 223, name: com.android.systemui
02-20 11:21:21.076  2316  5041 D BatteryStatsService: noteVideoSurfaceChanged  noteWhich: 49,arg1: 1260, arg2: 2800, arg3: 4141, arg4: 229, name: com.android.systemui
02-20 11:21:21.088  2316  4996 D BatteryStatsService: noteVideoSurfaceChanged  noteWhich: 49,arg1: 1260, arg2: 2800, arg3: 4141, arg4: 223, name: com.android.systemui
02-20 11:21:21.105  2316  4942 D BatteryStatsService: noteVideoSurfaceChanged  noteWhich: 49,arg1: 1260, arg2: 2800, arg3: 4141, arg4: 223, name: com.android.systemui
02-20 11:21:21.105  2316  4942 D BatteryStatsService: noteVideoSurfaceChanged  noteWhich: 49,arg1: 1260, arg2: 2800, arg3: 4141, arg4: 229, name: com.android.systemui
02-20 11:21:22.475 22045  8229 E ActivityThread: Failed to find provider info for gmail-ofls
02-20 11:21:23.552 22045  8229 E ActivityThread: Failed to find provider info for gmail-ofls
02-20 11:21:56.162  2316  4417 D BatteryStatsService: noteVideoSurfaceChanged  noteWhich: 49,arg1: -2, arg2: -1, arg3: 4141, arg4: 223, name: com.android.systemui
02-20 11:21:56.170  2316  4417 D BatteryStatsService: noteVideoSurfaceChanged  noteWhich: 49,arg1: -2, arg2: -1, arg3: 4141, arg4: 223, name: com.android.systemui
02-20 11:21:56.170  2316  4417 D BatteryStatsService: noteVideoSurfaceChanged  noteWhich: 49,arg1: -2, arg2: -1, arg3: 4141, arg4: 229, name: com.android.systemui
02-20 11:21:56.365  2316  4437 D BatteryStatsService: noteVideoSurfaceChanged  noteWhich: 49,arg1: -2, arg2: -1, arg3: 4141, arg4: 223, name: com.android.systemui
02-20 11:21:56.366  2316  4437 D BatteryStatsService: noteVideoSurfaceChanged  noteWhich: 49,arg1: -2, arg2: -1, arg3: 4141, arg4: 229, name: com.android.systemui
02-20 11:21:56.471  2316  5049 D BatteryStatsService: noteVideoSurfaceChanged  noteWhich: 49,arg1: 968, arg2: 790, arg3: 4527, arg4: 2289, name: com.vivo.fingerprintui
02-20 11:21:56.489  2316  7885 D BatteryStatsService: noteVideoSurfaceChanged  noteWhich: 49,arg1: 968, arg2: 790, arg3: 4527, arg4: 2289, name: com.vivo.fingerprintui
02-20 11:22:00.780  2316  2819 D BatteryStatsService: noteVideoSurfaceChanged  noteWhich: 49,arg1: 1260, arg2: 2800, arg3: 4141, arg4: 223, name: com.android.systemui
02-20 11:22:00.781  2316  2819 D BatteryStatsService: noteVideoSurfaceChanged  noteWhich: 49,arg1: 1260, arg2: 2800, arg3: 4141, arg4: 229, name: com.android.systemui
02-20 11:22:00.801  2316  4015 D BatteryStatsService: noteVideoSurfaceChanged  noteWhich: 49,arg1: 1260, arg2: 2800, arg3: 4141, arg4: 223, name: com.android.systemui
02-20 11:22:00.803  2316  4301 D BatteryStatsService: noteVideoSurfaceChanged  noteWhich: 49,arg1: 1260, arg2: 2800, arg3: 4141, arg4: 229, name: com.android.systemui
02-20 11:22:00.851  2316  7885 D BatteryStatsService: noteVideoSurfaceChanged  noteWhich: 49,arg1: 1260, arg2: 2800, arg3: 4141, arg4: 392, name: com.vivo.systemuiplugin
02-20 11:22:00.857  2316  7885 D BatteryStatsService: noteVideoSurfaceChanged  noteWhich: 49,arg1: 1260, arg2: 2800, arg3: 4141, arg4: 229, name: com.android.systemui
02-20 11:22:00.859  2316  7885 D BatteryStatsService: noteVideoSurfaceChanged  noteWhich: 49,arg1: 1260, arg2: 2800, arg3: 4141, arg4: 392, name: com.vivo.systemuiplugin
02-20 11:22:16.173  2316  4437 D BatteryStatsService: noteVideoSurfaceChanged  noteWhich: 49,arg1: -1, arg2: -1, arg3: 4527, arg4: 2289, name: com.vivo.fingerprintui
02-20 11:22:16.301  2316  4423 D BatteryStatsService: noteVideoSurfaceChanged  noteWhich: 49,arg1: -1, arg2: -1, arg3: 4141, arg4: 392, name: com.vivo.systemuiplugin
02-20 11:22:16.305  2316  4015 D BatteryStatsService: noteVideoSurfaceChanged  noteWhich: 49,arg1: -2, arg2: -1, arg3: 4141, arg4: 223, name: com.android.systemui
02-20 11:22:16.306  2316  4015 D BatteryStatsService: noteVideoSurfaceChanged  noteWhich: 49,arg1: -2, arg2: -1, arg3: 4141, arg4: 229, name: com.android.systemui
02-20 11:22:16.619  2316  7885 D BatteryStatsService: noteVideoSurfaceChanged  noteWhich: 49,arg1: -2, arg2: -1, arg3: 4141, arg4: 223, name: com.android.systemui
02-20 11:22:16.619  2316  7885 D BatteryStatsService: noteVideoSurfaceChanged  noteWhich: 49,arg1: -2, arg2: -1, arg3: 4141, arg4: 229, name: com.android.systemui
02-20 11:22:17.161  2316  4437 D BatteryStatsService: noteVideoSurfaceChanged  noteWhich: 49,arg1: 1260, arg2: 2800, arg3: 4141, arg4: 223, name: com.android.systemui
02-20 11:22:17.162  2316  4437 D BatteryStatsService: noteVideoSurfaceChanged  noteWhich: 49,arg1: 1260, arg2: 2800, arg3: 4141, arg4: 229, name: com.android.systemui
02-20 11:22:17.165  2316  4996 D BatteryStatsService: noteVideoSurfaceChanged  noteWhich: 49,arg1: 1260, arg2: 2800, arg3: 4141, arg4: 223, name: com.android.systemui
02-20 11:22:17.166  2316  4996 D BatteryStatsService: noteVideoSurfaceChanged  noteWhich: 49,arg1: 1260, arg2: 2800, arg3: 4141, arg4: 229, name: com.android.systemui
02-20 11:22:17.180  2316  4437 D BatteryStatsService: noteVideoSurfaceChanged  noteWhich: 49,arg1: 1260, arg2: 2800, arg3: 4141, arg4: 223, name: com.android.systemui
02-20 11:22:17.199  2316  4437 D BatteryStatsService: noteVideoSurfaceChanged  noteWhich: 49,arg1: 1260, arg2: 2800, arg3: 4141, arg4: 223, name: com.android.systemui
02-20 11:22:17.199  2316  2822 D BatteryStatsService: noteVideoSurfaceChanged  noteWhich: 49,arg1: 1260, arg2: 2800, arg3: 4141, arg4: 229, name: com.android.systemui
02-20 11:22:18.122  2316  4996 D BatteryStatsService: noteVideoSurfaceChanged  noteWhich: 49,arg1: -2, arg2: -1, arg3: 4141, arg4: 223, name: com.android.systemui
02-20 11:22:18.129  2316  2819 D BatteryStatsService: noteVideoSurfaceChanged  noteWhich: 49,arg1: -2, arg2: -1, arg3: 4141, arg4: 223, name: com.android.systemui
02-20 11:22:18.130  2316  4996 D BatteryStatsService: noteVideoSurfaceChanged  noteWhich: 49,arg1: -2, arg2: -1, arg3: 4141, arg4: 229, name: com.android.systemui
02-20 11:22:18.276  2316  4996 D BatteryStatsService: noteVideoSurfaceChanged  noteWhich: 49,arg1: -2, arg2: -1, arg3: 4141, arg4: 223, name: com.android.systemui
02-20 11:22:18.277  2316  4996 D BatteryStatsService: noteVideoSurfaceChanged  noteWhich: 49,arg1: -2, arg2: -1, arg3: 4141, arg4: 229, name: com.android.systemui
02-20 11:22:48.383  2316  4420 D BatteryStatsService: noteVideoSurfaceChanged  noteWhich: 49,arg1: 968, arg2: 790, arg3: 4527, arg4: 2294, name: com.vivo.fingerprintui
02-20 11:22:48.395  2316  4437 D BatteryStatsService: noteVideoSurfaceChanged  noteWhich: 49,arg1: 968, arg2: 790, arg3: 4527, arg4: 2294, name: com.vivo.fingerprintui
02-20 11:22:52.697  2316  4942 D BatteryStatsService: noteVideoSurfaceChanged  noteWhich: 49,arg1: 1260, arg2: 2800, arg3: 4141, arg4: 223, name: com.android.systemui
02-20 11:22:52.698  2316  4942 D BatteryStatsService: noteVideoSurfaceChanged  noteWhich: 49,arg1: 1260, arg2: 2800, arg3: 4141, arg4: 229, name: com.android.systemui
02-20 11:22:52.714  2316  3482 D BatteryStatsService: noteVideoSurfaceChanged  noteWhich: 49,arg1: 1260, arg2: 2800, arg3: 4141, arg4: 223, name: com.android.systemui
02-20 11:22:52.715  2316  4301 D BatteryStatsService: noteVideoSurfaceChanged  noteWhich: 49,arg1: 1260, arg2: 2800, arg3: 4141, arg4: 229, name: com.android.systemui
02-20 11:22:52.777  2316  4437 D BatteryStatsService: noteVideoSurfaceChanged  noteWhich: 49,arg1: 1260, arg2: 2800, arg3: 4141, arg4: 392, name: com.vivo.systemuiplugin
02-20 11:22:52.782  2316  4437 D BatteryStatsService: noteVideoSurfaceChanged  noteWhich: 49,arg1: 1260, arg2: 2800, arg3: 4141, arg4: 229, name: com.android.systemui
02-20 11:22:52.783  2316  4437 D BatteryStatsService: noteVideoSurfaceChanged  noteWhich: 49,arg1: 1260, arg2: 2800, arg3: 4141, arg4: 392, name: com.vivo.systemuiplugin
02-20 11:26:04.003  7575 12196 I AlwaysOnHotwordDetector: onRejected
02-20 11:26:04.003  7575  7993 I AlwaysOnHotwordDetector: handle message 6
02-20 11:26:04.010  7575  8048 W KeyphraseEnrollmentInfo: No enrollment application supports the given keyphrase/locale: 'Y Google'/en_US
02-20 11:31:48.348  2316  4287 D BatteryStatsService: noteVideoSurfaceChanged  noteWhich: 49,arg1: -1, arg2: -1, arg3: 4527, arg4: 2294, name: com.vivo.fingerprintui
02-20 11:31:48.399  2316  5033 D BatteryStatsService: noteVideoSurfaceChanged  noteWhich: 49,arg1: 1260, arg2: 2800, arg3: 4141, arg4: 243, name: com.android.systemui
02-20 11:31:48.470  2316  4942 D BatteryStatsService: noteVideoSurfaceChanged  noteWhich: 49,arg1: -1, arg2: -1, arg3: 4141, arg4: 392, name: com.vivo.systemuiplugin
02-20 11:31:48.476  2316  4942 D BatteryStatsService: noteVideoSurfaceChanged  noteWhich: 49,arg1: -2, arg2: -1, arg3: 4141, arg4: 223, name: com.android.systemui
02-20 11:31:48.476  2316  7885 D BatteryStatsService: noteVideoSurfaceChanged  noteWhich: 49,arg1: -2, arg2: -1, arg3: 4141, arg4: 229, name: com.android.systemui
02-20 11:31:48.491  2316  4301 D BatteryStatsService: noteVideoSurfaceChanged  noteWhich: 49,arg1: -2, arg2: -1, arg3: 4141, arg4: 243, name: com.android.systemui
02-20 11:31:48.492  2316  4301 D BatteryStatsService: noteVideoSurfaceChanged  noteWhich: 49,arg1: -2, arg2: -1, arg3: 4141, arg4: 243, name: com.android.systemui
02-20 11:31:48.494  2316  4015 D BatteryStatsService: noteVideoSurfaceChanged  noteWhich: 49,arg1: -2, arg2: -1, arg3: 4141, arg4: 243, name: com.android.systemui
02-20 11:31:48.509  2316  4287 D BatteryStatsService: noteVideoSurfaceChanged  noteWhich: 49,arg1: -2, arg2: -1, arg3: 4141, arg4: 223, name: com.android.systemui
02-20 11:31:48.509  2316  4287 D BatteryStatsService: noteVideoSurfaceChanged  noteWhich: 49,arg1: -2, arg2: -1, arg3: 4141, arg4: 229, name: com.android.systemui
02-20 11:31:48.509  2316  4015 D BatteryStatsService: noteVideoSurfaceChanged  noteWhich: 49,arg1: -2, arg2: -1, arg3: 4141, arg4: 243, name: com.android.systemui
02-20 11:31:48.584  2316  4420 D BatteryStatsService: noteVideoSurfaceChanged  noteWhich: 49,arg1: -1, arg2: -1, arg3: 4141, arg4: 243, name: com.android.systemui
02-20 11:31:51.557 22518  8388 W Looper  : Slow delivery took 731424ms android.bg h=android.os.Handler c=android.os.BinderProxy$1@d1407ae m=0
02-20 11:31:51.570 30588 13897 W Looper  : Slow delivery took 728559ms android.bg h=android.os.Handler c=android.os.BinderProxy$1@d164a33 m=0
02-20 11:31:51.579 22518  8388 W Looper  : Drained
02-20 11:31:51.581 28593 30497 W Looper  : Slow delivery took 728570ms android.bg h=android.os.Handler c=android.os.BinderProxy$1@27137a7 m=0
02-20 11:31:51.582 28593 30497 W Looper  : Drained
02-20 11:31:51.585 30588 13897 W Looper  : Drained
02-20 11:31:55.999  2316  4015 D BatteryStatsService: noteVideoSurfaceChanged  noteWhich: 49,arg1: 0, arg2: 0, arg3: 22624, arg4: 7, name: com.larksuite.suite
02-20 11:31:56.000  2316  4270 D BatteryStatsService: noteVideoSurfaceChanged  noteWhich: 49,arg1: -2, arg2: -1, arg3: 22624, arg4: 7, name: com.larksuite.suite
02-20 11:31:56.001  2316  4270 D BatteryStatsService: noteVideoSurfaceChanged  noteWhich: 49,arg1: 0, arg2: 0, arg3: 22624, arg4: 7, name: com.larksuite.suite
02-20 11:31:57.853  2316  4996 D BatteryStatsService: noteVideoSurfaceChanged  noteWhich: 49,arg1: -2, arg2: -1, arg3: 22624, arg4: 7, name: com.larksuite.suite
02-20 11:32:29.558  2316  4439 D BatteryStatsService: noteVideoSurfaceChanged  noteWhich: 49,arg1: 968, arg2: 790, arg3: 4527, arg4: 2299, name: com.vivo.fingerprintui
02-20 11:32:29.599  2316  4439 D BatteryStatsService: noteVideoSurfaceChanged  noteWhich: 49,arg1: 968, arg2: 790, arg3: 4527, arg4: 2299, name: com.vivo.fingerprintui
02-20 11:32:33.917  2316  4292 D BatteryStatsService: noteVideoSurfaceChanged  noteWhich: 49,arg1: 1260, arg2: 2800, arg3: 4141, arg4: 223, name: com.android.systemui
02-20 11:32:33.917  2316  4292 D BatteryStatsService: noteVideoSurfaceChanged  noteWhich: 49,arg1: 1260, arg2: 2800, arg3: 4141, arg4: 229, name: com.android.systemui
02-20 11:32:33.935  2316  4977 D BatteryStatsService: noteVideoSurfaceChanged  noteWhich: 49,arg1: 1260, arg2: 2800, arg3: 4141, arg4: 223, name: com.android.systemui
02-20 11:32:33.935  2316  5049 D BatteryStatsService: noteVideoSurfaceChanged  noteWhich: 49,arg1: 1260, arg2: 2800, arg3: 4141, arg4: 229, name: com.android.systemui
02-20 11:32:33.998  2316 14712 D BatteryStatsService: noteVideoSurfaceChanged  noteWhich: 49,arg1: 1260, arg2: 2800, arg3: 4141, arg4: 392, name: com.vivo.systemuiplugin
02-20 11:32:34.003  2316 14712 D BatteryStatsService: noteVideoSurfaceChanged  noteWhich: 49,arg1: 1260, arg2: 2800, arg3: 4141, arg4: 229, name: com.android.systemui
02-20 11:32:34.004  2316 14712 D BatteryStatsService: noteVideoSurfaceChanged  noteWhich: 49,arg1: 1260, arg2: 2800, arg3: 4141, arg4: 392, name: com.vivo.systemuiplugin
02-20 11:33:53.166 22045 30787 V AconfigFlags: Read Aconfig default flag value android.location.flags.fix_service_watcher = true
02-20 11:33:53.166 22045 30787 V AconfigFlags: Read Aconfig default flag value android.location.flags.geoid_heights_via_altitude_hal = true
02-20 11:33:53.166 22045 30787 V AconfigFlags: Read Aconfig default flag value android.location.flags.gnss_api_measurement_request_work_source = true
02-20 11:33:53.166 22045 30787 V AconfigFlags: Read Aconfig default flag value android.location.flags.gnss_api_navic_l1 = true
02-20 11:33:53.166 22045 30787 V AconfigFlags: Read Aconfig default flag value android.location.flags.gnss_call_stop_before_set_position_mode = true
02-20 11:33:53.166 22045 30787 V AconfigFlags: Read Aconfig default flag value android.location.flags.gnss_configuration_from_resource = true
02-20 11:33:53.166 22045 30787 V AconfigFlags: Read Aconfig default flag value android.location.flags.location_bypass = true
02-20 11:33:53.166 22045 30787 V AconfigFlags: Read Aconfig default flag value android.location.flags.location_validation = true
02-20 11:33:53.166 22045 30787 V AconfigFlags: Read Aconfig default flag value android.location.flags.new_geocoder = true
02-20 11:33:53.166 22045 30787 V AconfigFlags: Read Aconfig default flag value android.location.flags.release_supl_connection_on_timeout = true
02-20 11:33:53.166 22045 30787 V AconfigFlags: Read Aconfig default flag value android.location.flags.replace_future_elapsed_realtime_jni = true
02-20 11:33:53.166 22045 30787 V AconfigFlags: Read Aconfig default flag value android.location.flags.subscriptions_changed_listener_thread = false
02-20 11:33:53.166 22045 30787 V AconfigFlags: Read Aconfig default flag value android.media.audio.auto_public_volume_api_hardening = false
02-20 11:33:53.166 22045 30787 V AconfigFlags: Read Aconfig default flag value android.media.audio.automatic_bt_device_type = true
02-20 11:33:53.166 22045 30787 V AconfigFlags: Read Aconfig default flag value android.media.audio.feature_spatial_audio_headtracking_low_latency = false
02-20 11:33:53.166 22045 30787 V AconfigFlags: Read Aconfig default flag value android.media.audio.focus_exclusive_with_recording = true
02-20 11:33:53.166 22045 30787 V AconfigFlags: Read Aconfig default flag value android.media.audio.focus_freeze_test_api = true
02-20 11:33:53.166 22045 30787 V AconfigFlags: Read Aconfig default flag value android.media.audio.foreground_audio_control = false
02-20 11:33:53.167 22045 30787 V AconfigFlags: Read Aconfig default flag value android.media.audio.loudness_configurator_api = true
02-20 11:33:53.167 22045 30787 V AconfigFlags: Read Aconfig default flag value android.media.audio.mtk_audio_manager_api = false
02-20 11:33:53.167 22045 30787 V AconfigFlags: Read Aconfig default flag value android.media.audio.mute_background_audio = false
02-20 11:33:53.167 22045 30787 V AconfigFlags: Read Aconfig default flag value android.media.audio.ro_foreground_audio_control = true
02-20 11:33:53.167 22045 30787 V AconfigFlags: Read Aconfig default flag value android.media.audio.ro_volume_ringer_api_hardening = false
02-20 11:33:53.167 22045 30787 V AconfigFlags: Read Aconfig default flag value android.media.audio.sco_managed_by_audio = false
02-20 11:33:53.167 22045 30787 V AconfigFlags: Read Aconfig default flag value android.media.audio.supported_device_types_api = true
02-20 11:33:53.167 22045 30787 V AconfigFlags: Read Aconfig default flag value android.media.audio.volume_ringer_api_hardening = false
02-20 11:33:53.167 22045 30787 V AconfigFlags: Read Aconfig default flag value android.media.audiopolicy.audio_mix_ownership = true
02-20 11:33:53.167 22045 30787 V AconfigFlags: Read Aconfig default flag value android.media.audiopolicy.audio_mix_policy_ordering = false
02-20 11:33:53.167 22045 30787 V AconfigFlags: Read Aconfig default flag value android.media.audiopolicy.audio_mix_test_api = true
02-20 11:33:53.167 22045 30787 V AconfigFlags: Read Aconfig default flag value android.media.audiopolicy.audio_policy_update_mixing_rules_api = true
02-20 11:33:53.167 22045 30787 V AconfigFlags: Read Aconfig default flag value android.media.audiopolicy.enable_fade_manager_configuration = true
02-20 11:33:53.167 22045 30787 V AconfigFlags: Read Aconfig default flag value android.media.audiopolicy.multi_zone_audio = false
02-20 11:33:53.167 22045 30787 V AconfigFlags: Read Aconfig default flag value android.media.audiopolicy.record_audio_device_aware_permission = true
02-20 11:33:53.167 22045 30787 V AconfigFlags: Read Aconfig default flag value android.media.codec.aidl_hal_input_surface = false
02-20 11:33:53.167 22045 30787 V AconfigFlags: Read Aconfig default flag value android.media.codec.dynamic_color_aspects = true
02-20 11:33:53.167 22045 30787 V AconfigFlags: Read Aconfig default flag value android.media.codec.hlg_editing = true
02-20 11:33:53.167 22045 30787 V AconfigFlags: Read Aconfig default flag value android.media.codec.in_process_sw_audio_codec = false
02-20 11:33:53.167 22045 30787 V AconfigFlags: Read Aconfig default flag value android.media.codec.in_process_sw_audio_codec_support = false
02-20 11:33:53.167 22045 30787 V AconfigFlags: Read Aconfig default flag value android.media.codec.input_surface_throttle = false
02-20 11:33:53.167 22045 30787 V AconfigFlags: Read Aconfig default flag value android.media.codec.large_audio_frame_finish = true
02-20 11:33:53.167 22045 30787 V AconfigFlags: Read Aconfig default flag value android.media.codec.native_capabilites = false
02-20 11:33:53.167 22045 30787 V AconfigFlags: Read Aconfig default flag value android.media.codec.null_output_surface = true
02-20 11:33:53.167 22045 30787 V AconfigFlags: Read Aconfig default flag value android.media.codec.null_output_surface_support = true
02-20 11:33:53.167 22045 30787 V AconfigFlags: Read Aconfig default flag value android.media.codec.region_of_interest = true
02-20 11:33:53.167 22045 30787 V AconfigFlags: Read Aconfig default flag value android.media.codec.region_of_interest_support = true
02-20 11:33:53.167 22045 30787 V AconfigFlags: Read Aconfig default flag value android.media.codec.set_callback_stall = false
02-20 11:33:53.167 22045 30787 V AconfigFlags: Read Aconfig default flag value android.media.codec.set_state_early = true
02-20 11:33:53.167 22045 30787 V AconfigFlags: Read Aconfig default flag value android.media.codec.stop_hal_before_surface = true
02-20 11:33:53.167 22045 30787 V AconfigFlags: Read Aconfig default flag value android.media.codec.teamfood = false
02-20 11:33:53.167 22045 30787 V AconfigFlags: Read Aconfig default flag value android.media.midi.virtual_ump = true
02-20 11:33:53.167 22045 30787 V AconfigFlags: Read Aconfig default flag value android.media.soundtrigger.sound_trigger_generic_model_api = false
02-20 11:33:53.167 22045 30787 V AconfigFlags: Read Aconfig default flag value android.media.tv.flags.broadcast_visibility_types = false
02-20 11:33:53.167 22045 30787 V AconfigFlags: Read Aconfig default flag value android.media.tv.flags.enable_ad_service_fw = false
02-20 11:33:53.167 22045 30787 V AconfigFlags: Read Aconfig default flag value android.media.tv.flags.tiaf_v_apis = false
02-20 11:33:53.167 22045 30787 V AconfigFlags: Read Aconfig default flag value android.multiuser.add_ui_for_sounds_from_background_users = false
02-20 11:33:53.167 22045 30787 V AconfigFlags: Read Aconfig default flag value android.multiuser.allow_main_user_to_access_blocked_number_provider = false
02-20 11:33:53.167 22045 30787 V AconfigFlags: Read Aconfig default flag value android.multiuser.allow_resolver_sheet_for_private_space = true
02-20 11:33:53.167 22045 30787 V AconfigFlags: Read Aconfig default flag value android.multiuser.avatar_sync = true
02-20 11:33:53.167 22045 30787 V AconfigFlags: Read Aconfig default flag value android.multiuser.bind_wallpaper_service_on_its_own_thread_during_a_user_switch = true
02-20 11:33:53.167 22045 30787 V AconfigFlags: Read Aconfig default flag value android.multiuser.block_private_space_creation = true
02-20 11:33:53.168 22045 30787 V AconfigFlags: Read Aconfig default flag value android.multiuser.delete_private_space_from_reset = true
02-20 11:33:53.168 22045 30787 V AconfigFlags: Read Aconfig default flag value android.multiuser.disable_private_space_items_on_home = true
02-20 11:33:53.168 22045 30787 V AconfigFlags: Read Aconfig default flag value android.multiuser.enable_biometrics_to_unlock_private_space = true
02-20 11:33:53.168 22045 30787 V AconfigFlags: Read Aconfig default flag value android.multiuser.enable_hiding_profiles = true
02-20 11:33:53.168 22045 30787 V AconfigFlags: Read Aconfig default flag value android.multiuser.enable_launcher_apps_hidden_profile_checks = true
02-20 11:33:53.168 22045 30787 V AconfigFlags: Read Aconfig default flag value android.multiuser.enable_permission_to_access_hidden_profiles = true
02-20 11:33:53.168 22045 30787 V AconfigFlags: Read Aconfig default flag value android.multiuser.enable_private_space_autolock_on_restarts = true
02-20 11:33:53.168 22045 30787 V AconfigFlags: Read Aconfig default flag value android.multiuser.enable_private_space_features = true
02-20 11:33:53.168 22045 30787 V AconfigFlags: Read Aconfig default flag value android.multiuser.enable_private_space_intent_redirection = true
02-20 11:33:53.168 22045 30787 V AconfigFlags: Read Aconfig default flag value android.multiuser.enable_ps_sensitive_notifications_toggle = true
02-20 11:33:53.168 22045 30787 V AconfigFlags: Read Aconfig default flag value android.multiuser.enable_system_user_only_for_services_and_providers = true
02-20 11:33:53.168 22045 30787 V AconfigFlags: Read Aconfig default flag value android.multiuser.fix_avatar_concurrent_file_write = false
02-20 11:33:53.168 22045 30787 V AconfigFlags: Read Aconfig default flag value android.multiuser.fix_avatar_picker_read_back_order = true
02-20 11:33:53.168 22045 30787 V AconfigFlags: Read Aconfig default flag value android.multiuser.fix_avatar_picker_selected_read_back = true
02-20 11:33:53.168 22045 30787 V AconfigFlags: Read Aconfig default flag value android.multiuser.handle_interleaved_settings_for_private_space = true
02-20 11:33:53.168 22045 30787 V AconfigFlags: Read Aconfig default flag value android.multiuser.move_quiet_mode_operations_to_separate_thread = true
02-20 11:33:53.168 22045 30787 V AconfigFlags: Read Aconfig default flag value android.multiuser.new_multiuser_settings_ux = false
02-20 11:33:53.168 22045 30787 V AconfigFlags: Read Aconfig default flag value android.multiuser.reorder_wallpaper_during_user_switch = true
02-20 11:33:53.168 22045 30787 V AconfigFlags: Read Aconfig default flag value android.multiuser.restrict_quiet_mode_credential_bug_fix_to_managed_profiles = true
02-20 11:33:53.168 22045 30787 V AconfigFlags: Read Aconfig default flag value android.multiuser.save_global_and_guest_restrictions_on_system_user_xml = false
02-20 11:33:53.168 22045 30787 V AconfigFlags: Read Aconfig default flag value android.multiuser.save_global_and_guest_restrictions_on_system_user_xml_read_only = false
02-20 11:33:53.168 22045 30787 V AconfigFlags: Read Aconfig default flag value android.multiuser.schedule_stop_of_background_user = false
02-20 11:33:53.168 22045 30787 V AconfigFlags: Read Aconfig default flag value android.multiuser.set_power_mode_during_user_switch = true
02-20 11:33:53.168 22045 30787 V AconfigFlags: Read Aconfig default flag value android.multiuser.show_set_screen_lock_dialog = true
02-20 11:33:53.168 22045 30787 V AconfigFlags: Read Aconfig default flag value android.multiuser.start_user_before_scheduled_alarms = false
02-20 11:33:53.168 22045 30787 V AconfigFlags: Read Aconfig default flag value android.multiuser.support_autolock_for_private_space = true
02-20 11:33:53.168 22045 30787 V AconfigFlags: Read Aconfig default flag value android.multiuser.support_communal_profile = false
02-20 11:33:53.168 22045 30787 V AconfigFlags: Read Aconfig default flag value android.multiuser.support_communal_profile_nextgen = false
02-20 11:33:53.168 22045 30787 V AconfigFlags: Read Aconfig default flag value android.multiuser.use_all_cpus_during_user_switch = true
02-20 11:33:53.168 22045 30787 V AconfigFlags: Read Aconfig default flag value android.multiuser.use_private_space_icon_in_biometric_prompt = true
02-20 11:33:53.168 22045 30787 V AconfigFlags: Read Aconfig default flag value android.net.platform.flags.ipsec_transform_state = false
02-20 11:33:53.168 22045 30787 V AconfigFlags: Read Aconfig default flag value android.net.platform.flags.powered_off_finding_platform = true
02-20 11:33:53.168 22045 30787 V AconfigFlags: Read Aconfig default flag value android.net.platform.flags.register_nsd_offload_engine = false
02-20 11:33:53.168 22045 30787 V AconfigFlags: Read Aconfig default flag value android.net.vcn.allow_disable_ipsec_loss_detector = true
02-20 11:33:53.168 22045 30787 V AconfigFlags: Read Aconfig default flag value android.net.vcn.enforce_main_user = true
02-20 11:33:53.168 22045 30787 V AconfigFlags: Read Aconfig default flag value android.net.vcn.evaluate_ipsec_loss_on_lp_nc_change = true
02-20 11:33:53.168 22045 30787 V AconfigFlags: Read Aconfig default flag value android.net.vcn.handle_seq_num_leap = true
02-20 11:33:53.168 22045 30787 V AconfigFlags: Read Aconfig default flag value android.net.vcn.network_metric_monitor = true
02-20 11:33:53.168 22045 30787 V AconfigFlags: Read Aconfig default flag value android.net.vcn.safe_mode_config = true
02-20 11:33:53.168 22045 30787 V AconfigFlags: Read Aconfig default flag value android.net.vcn.safe_mode_timeout_config = true
02-20 11:33:53.168 22045 30787 V AconfigFlags: Read Aconfig default flag value android.net.vcn.validate_network_on_ipsec_loss = true
02-20 11:33:53.168 22045 30787 V AconfigFlags: Read Aconfig default flag value android.net.wifi.flags.get_device_cross_akm_roaming_support = true
02-20 11:33:53.168 22045 30787 V AconfigFlags: Read Aconfig default flag value android.net.wifi.flags.network_provider_battery_charging_status = true
02-20 11:33:53.168 22045 30787 V AconfigFlags: Read Aconfig default flag value android.nfc.enable_nfc_charging = false
02-20 11:33:53.168 22045 30787 V AconfigFlags: Read Aconfig default flag value android.nfc.enable_nfc_mainline = true
02-20 11:33:53.168 22045 30787 V AconfigFlags: Read Aconfig default flag value android.nfc.enable_nfc_reader_option = true
02-20 11:33:53.168 22045 30787 V AconfigFlags: Read Aconfig default flag value android.nfc.enable_nfc_set_discovery_tech = true
02-20 11:33:53.168 22045 30787 V AconfigFlags: Read Aconfig default flag value android.nfc.enable_nfc_user_restriction = true
02-20 11:33:53.168 22045 30787 V AconfigFlags: Read Aconfig default flag value android.nfc.enable_tag_detection_broadcasts = false
02-20 11:33:53.168 22045 30787 V AconfigFlags: Read Aconfig default flag value android.nfc.nfc_observe_mode = true
02-20 11:33:53.168 22045 30787 V AconfigFlags: Read Aconfig default flag value android.nfc.nfc_observe_mode_st_shim = true
02-20 11:33:53.168 22045 30787 V AconfigFlags: Read Aconfig default flag value android.nfc.nfc_oem_extension = false
02-20 11:33:53.168 22045 30787 V AconfigFlags: Read Aconfig default flag value android.nfc.nfc_read_polling_loop = false
02-20 11:33:53.168 22045 30787 V AconfigFlags: Read Aconfig default flag value android.nfc.nfc_read_polling_loop_st_shim = true
02-20 11:33:53.168 22045 30787 V AconfigFlags: Read Aconfig default flag value android.nfc.nfc_set_default_disc_tech = false
02-20 11:33:53.168 22045 30787 V AconfigFlags: Read Aconfig default flag value android.nfc.nfc_state_change = false
02-20 11:33:53.168 22045 30787 V AconfigFlags: Read Aconfig default flag value android.nfc.nfc_vendor_cmd = false
02-20 11:33:53.168 22045 30787 V AconfigFlags: Read Aconfig default flag value android.os.adpf_fmq_eager_send = false
02-20 11:33:53.168 22045 30787 V AconfigFlags: Read Aconfig default flag value android.os.adpf_gpu_report_actual_work_duration = true
02-20 11:33:53.168 22045 30787 V AconfigFlags: Read Aconfig default flag value android.os.adpf_hwui_gpu = false
02-20 11:33:53.168 22045 30787 V AconfigFlags: Read Aconfig default flag value android.os.adpf_measure_during_input_event_boost = false
02-20 11:33:53.168 22045 30787 V AconfigFlags: Read Aconfig default flag value android.os.adpf_obtainview_boost = false
02-20 11:33:53.168 22045 30787 V AconfigFlags: Read Aconfig default flag value android.os.adpf_platform_power_efficiency = false
02-20 11:33:53.169 22045 30787 V AconfigFlags: Read Aconfig default flag value android.os.adpf_prefer_power_efficiency = true
02-20 11:33:53.169 22045 30787 V AconfigFlags: Read Aconfig default flag value android.os.adpf_use_fmq_channel = true
02-20 11:33:53.169 22045 30787 V AconfigFlags: Read Aconfig default flag value android.os.adpf_use_fmq_channel_fixed = false
02-20 11:33:53.169 22045 30787 V AconfigFlags: Read Aconfig default flag value android.os.allow_private_profile = true
02-20 11:33:53.169 22045 30787 V AconfigFlags: Read Aconfig default flag value android.os.allow_thermal_headroom_thresholds = true
02-20 11:33:53.169 22045 30787 V AconfigFlags: Read Aconfig default flag value android.os.android_os_build_vanilla_ice_cream = false
02-20 11:33:53.169 22045 30787 V AconfigFlags: Read Aconfig default flag value android.os.battery_part_status_api = true
02-20 11:33:53.169 22045 30787 V AconfigFlags: Read Aconfig default flag value android.os.battery_saver_supported_check_api = false
02-20 11:33:53.169 22045 30787 V AconfigFlags: Read Aconfig default flag value android.os.battery_service_support_current_adb_command = false
02-20 11:33:53.169 22045 30787 V AconfigFlags: Read Aconfig default flag value android.os.bugreport_mode_max_value = true
02-20 11:33:53.169 22045 30787 V AconfigFlags: Read Aconfig default flag value android.os.disallow_cellular_null_ciphers_restriction = false
02-20 11:33:53.169 22045 30787 V AconfigFlags: Read Aconfig default flag value android.os.message_queue_tail_tracking = true
02-20 11:33:53.169 22045 30787 V AconfigFlags: Read Aconfig default flag value android.os.perfetto_sdk_tracing = false
02-20 11:33:53.169 22045 30787 V AconfigFlags: Read Aconfig default flag value android.os.remove_app_profiler_pss_collection = true
02-20 11:33:53.169 22045 30787 V AconfigFlags: Read Aconfig default flag value android.os.security_state_service = true
02-20 11:33:53.169 22045 30787 V AconfigFlags: Read Aconfig default flag value android.os.state_of_health_public = false
