02-12 10:37:49.311 10014 10014 V AconfigFlags: Read Aconfig default flag value com.android.systemui.screenshot_action_dismiss_system_windows = false
02-12 10:37:49.311 10014 10014 V AconfigFlags: Read Aconfig default flag value com.android.systemui.screenshot_shelf_ui2 = true
02-12 10:37:49.311 10014 10014 V AconfigFlags: Read Aconfig default flag value com.android.systemui.shade_collapse_activity_launch_fix = false
02-12 10:37:49.311 10014 10014 V AconfigFlags: Read Aconfig default flag value com.android.systemui.shaderlib_loading_effect_refactor = false
02-12 10:37:49.311 10014 10014 V AconfigFlags: Read Aconfig default flag value com.android.systemui.status_bar_monochrome_icons_fix = true
02-12 10:37:49.311 10014 10014 V AconfigFlags: Read Aconfig default flag value com.android.systemui.switch_user_on_bg = true
02-12 10:37:49.311 10014 10014 V AconfigFlags: Read Aconfig default flag value com.android.systemui.sysui_teamfood = false
02-12 10:37:49.311 10014 10014 V AconfigFlags: Read Aconfig default flag value com.android.systemui.validate_keyboard_shortcut_helper_icon_uri = false
02-12 10:37:49.311 10014 10014 V AconfigFlags: Read Aconfig default flag value com.android.systemui.visual_interruptions_refactor = true
02-12 10:37:49.311 10014 10014 V AconfigFlags: Read Aconfig default flag value com.android.text.flags.insert_mode_not_update_selection = false
02-12 10:37:49.311 10014 10014 V AconfigFlags: Read Aconfig default flag value com.android.text.flags.letter_spacing_justification = true
02-12 10:37:49.311 10014 10014 V AconfigFlags: Read Aconfig default flag value com.android.text.flags.vendor_custom_locale_fallback = true
02-12 10:37:49.311 10014 10014 V AconfigFlags: Read Aconfig default flag value com.android.text.flags.word_style_auto = true
02-12 10:37:49.311 10014 10014 V AconfigFlags: Read Aconfig default flag value com.android.window.flags.activity_embedding_overlay_presentation_flag = true
02-12 10:37:49.311 10014 10014 V AconfigFlags: Read Aconfig default flag value com.android.window.flags.activity_snapshot_by_default = true
02-12 10:37:49.311 10014 10014 V AconfigFlags: Read Aconfig default flag value com.android.window.flags.always_draw_magnification_fullscreen_border = true
02-12 10:37:49.311 10014 10014 V AconfigFlags: Read Aconfig default flag value com.android.window.flags.always_update_wallpaper_permission = true
02-12 10:37:49.311 10014 10014 V AconfigFlags: Read Aconfig default flag value com.android.window.flags.delete_capture_display = true
02-12 10:37:49.311 10014 10014 V AconfigFlags: Read Aconfig default flag value com.android.window.flags.enable_app_header_with_task_density = false
02-12 10:37:49.311 10014 10014 V AconfigFlags: Read Aconfig default flag value com.android.window.flags.enable_camera_compat_for_desktop_windowing = false
02-12 10:37:49.311 10014 10014 V AconfigFlags: Read Aconfig default flag value com.android.window.flags.enable_desktop_windowing_modals_policy = false
02-12 10:37:49.311 10014 10014 V AconfigFlags: Read Aconfig default flag value com.android.window.flags.enable_scaled_resizing = false
02-12 10:37:49.311 10014 10014 V AconfigFlags: Read Aconfig default flag value com.android.window.flags.enable_task_stack_observer_in_shell = false
02-12 10:37:49.311 10014 10014 V AconfigFlags: Read Aconfig default flag value com.android.window.flags.enable_themed_app_headers = false
02-12 10:37:49.311 10014 10014 V AconfigFlags: Read Aconfig default flag value com.android.window.flags.enable_windowing_dynamic_initial_bounds = false
02-12 10:37:49.311 10014 10014 V AconfigFlags: Read Aconfig default flag value com.android.window.flags.enable_wm_extensions_for_all_flag = false
02-12 10:37:49.311 10014 10014 V AconfigFlags: Read Aconfig default flag value com.android.window.flags.enforce_edge_to_edge = true
02-12 10:37:49.311 10014 10014 V AconfigFlags: Read Aconfig default flag value com.android.window.flags.movable_cutout_configuration = true
02-12 10:37:49.311 10014 10014 V AconfigFlags: Read Aconfig default flag value com.android.window.flags.nav_bar_transparent_by_default = false
02-12 10:37:49.311 10014 10014 V AconfigFlags: Read Aconfig default flag value com.android.window.flags.no_consecutive_visibility_events = true
02-12 10:37:49.311 10014 10014 V AconfigFlags: Read Aconfig default flag value com.android.window.flags.no_visibility_event_on_display_state_change = false
02-12 10:37:49.311 10014 10014 V AconfigFlags: Read Aconfig default flag value com.android.window.flags.predictive_back_system_anims = true
02-12 10:37:49.311 10014 10014 V AconfigFlags: Read Aconfig default flag value com.android.window.flags.rear_display_disable_force_desktop_system_decorations = false
02-12 10:37:49.311 10014 10014 V AconfigFlags: Read Aconfig default flag value com.android.window.flags.release_snapshot_aggressively = false
02-12 10:37:49.311 10014 10014 V AconfigFlags: Read Aconfig default flag value com.android.window.flags.set_sc_properties_in_client = false
02-12 10:37:49.311 10014 10014 V AconfigFlags: Read Aconfig default flag value com.android.window.flags.skip_sleeping_when_switching_display = true
02-12 10:37:49.311 10014 10014 V AconfigFlags: Read Aconfig default flag value com.android.window.flags.surface_control_input_receiver = true
02-12 10:37:49.311 10014 10014 V AconfigFlags: Read Aconfig default flag value com.android.window.flags.surface_trusted_overlay = true
02-12 10:37:49.311 10014 10014 V AconfigFlags: Read Aconfig default flag value com.android.window.flags.task_fragment_system_organizer_flag = true
02-12 10:37:49.311 10014 10014 V AconfigFlags: Read Aconfig default flag value com.android.window.flags.transit_ready_tracking = false
02-12 10:37:49.311 10014 10014 V AconfigFlags: Read Aconfig default flag value com.android.window.flags.window_session_relayout_info = true
02-12 10:37:49.311 10014 10014 V AconfigFlags: Read Aconfig default flag value com.android.window.flags.window_token_config_thread_safe = true
02-12 10:37:49.311 10014 10014 V AconfigFlags: Read Aconfig default flag value com.android.wm.shell.animate_bubble_size_change = false
02-12 10:37:49.311 10014 10014 V AconfigFlags: Read Aconfig default flag value com.android.wm.shell.enable_new_bubble_animations = false
02-12 10:37:49.311 10014 10014 V AconfigFlags: Read Aconfig default flag value com.example.android.aconfig.demo.flags.append_static_content = false
02-12 10:37:49.311 10014 10014 V AconfigFlags: Read Aconfig default flag value com.example.android.aconfig.demo.flags.test_mendel_gantry_disintegration = false
02-12 10:37:49.311 10014 10014 V AconfigFlags: Read Aconfig default flag value com.example.android.aconfig.demo.flags.test_mendel_gantry_disintegration_again = false
02-12 10:37:49.311 10014 10014 V AconfigFlags: Read Aconfig default flag value com.example.android.aconfig.demo.flags.yet_another_mendel_gantry_disintegration_bugfix_flag = false
02-12 10:37:49.311 10014 10014 V AconfigFlags: Read Aconfig default flag value com.example.android.aconfig.demo.flags.yet_another_mendel_gantry_disintegration_flag = false
02-12 10:37:49.311 10014 10014 V AconfigFlags: Read Aconfig default flag value com.example.android.aconfig.demo.flags.yet_another_test_bugfix_flag = false
02-12 10:37:49.311 10014 10014 V AconfigFlags: Read Aconfig default flag value com.example.android.aconfig.demo.flags.yet_another_test_flag = false
02-12 10:37:49.312 10014 10014 E AconfigFlags: Failed to read Aconfig values from /vendor/etc/aconfig_flags.pb
02-12 10:37:49.312 10014 10014 E AconfigFlags: java.io.FileNotFoundException: /vendor/etc/aconfig_flags.pb: open failed: ENOENT (No such file or directory)
02-12 10:37:49.312 10014 10014 E AconfigFlags: 	at libcore.io.IoBridge.open(IoBridge.java:574)
02-12 10:37:49.312 10014 10014 E AconfigFlags: 	at java.io.FileInputStream.<init>(FileInputStream.java:179)
02-12 10:37:49.312 10014 10014 E AconfigFlags: 	at java.io.FileInputStream.<init>(FileInputStream.java:133)
02-12 10:37:49.312 10014 10014 E AconfigFlags: 	at com.android.internal.pm.pkg.component.AconfigFlags.<init>(AconfigFlags.java:71)
02-12 10:37:49.312 10014 10014 E AconfigFlags: 	at com.android.internal.pm.pkg.parsing.ParsingPackageUtils.<clinit>(ParsingPackageUtils.java:299)
02-12 10:37:49.312 10014 10014 E AconfigFlags: 	at com.android.internal.pm.parsing.PackageParser2.<init>(PackageParser2.java:99)
02-12 10:37:49.312 10014 10014 E AconfigFlags: 	at android.content.pm.PackageManager.getPackageArchiveInfo(PackageManager.java:8937)
02-12 10:37:49.312 10014 10014 E AconfigFlags: 	at android.content.pm.PackageManager.getPackageArchiveInfo(PackageManager.java:8911)
02-12 10:37:49.312 10014 10014 E AconfigFlags: 	at com.larksuite.component.dynamicresources.g.q(SourceFile:33554441)
02-12 10:37:49.312 10014 10014 E AconfigFlags: 	at com.larksuite.component.dynamicresources.g.c(SourceFile:33554432)
02-12 10:37:49.312 10014 10014 E AconfigFlags: 	at com.larksuite.component.dynamicresources.g$a.a(SourceFile:13)
02-12 10:37:49.312 10014 10014 E AconfigFlags: 	at com.larksuite.component.dynamicresources.g$a.run(SourceFile:0)
02-12 10:37:49.312 10014 10014 E AconfigFlags: 	at com.larksuite.component.dynamicresources.c.execute(SourceFile:33554442)
02-12 10:37:49.312 10014 10014 E AconfigFlags: 	at com.larksuite.component.dynamicresources.g.l(SourceFile:50331658)
02-12 10:37:49.312 10014 10014 E AconfigFlags: 	at com.larksuite.component.dynamicresources.g.i(SourceFile:50331648)
02-12 10:37:49.312 10014 10014 E AconfigFlags: 	at com.larksuite.component.dynamicresources.DynamicResourcesFacade.b(SourceFile:33554470)
02-12 10:37:49.312 10014 10014 E AconfigFlags: 	at com.ss.android.lark.integrator.core.h.initDynamicResources(SourceFile:16777468)
02-12 10:37:49.312 10014 10014 E AconfigFlags: 	at com.ss.android.lark.integrator.core.k.a(SourceFile:8)
02-12 10:37:49.312 10014 10014 E AconfigFlags: 	at com.ss.android.lark.core.impl.CoreApiImpl.initDynamicResources(SourceFile:16777224)
02-12 10:37:49.312 10014 10014 E AconfigFlags: 	at com.ss.android.lark.framework.assembly.dynamicresource.InitDynamicResourceTask.d(SourceFile:16777230)
02-12 10:37:49.312 10014 10014 E AconfigFlags: 	at com.ss.android.lark.app.task.InitBaseFeatureTask.B(SourceFile:33554436)
02-12 10:37:49.312 10014 10014 E AconfigFlags: 	at com.ss.android.lark.app.task.InitBaseFeatureTask.d(SourceFile:16777293)
02-12 10:37:49.312 10014 10014 E AconfigFlags: 	at com.ss.android.lark.app.task.central.InitUIComponentTask.d(SourceFile:16777234)
02-12 10:37:49.312 10014 10014 E AconfigFlags: 	at com.ss.android.lark.app.task.scheduler.AppLauncherTaskScheduler.b(SourceFile:33554436)
02-12 10:37:49.312 10014 10014 E AconfigFlags: 	at com.ss.android.lark.app.task.scheduler.AppLauncherTaskScheduler.h(SourceFile:33554440)
02-12 10:37:49.312 10014 10014 E AconfigFlags: 	at com.ss.android.lark.app.task.scheduler.AppLauncherTaskScheduler.m(SourceFile:50331648)
02-12 10:37:49.312 10014 10014 E AconfigFlags: 	at com.ss.android.lark.app.task.scheduler.AppLauncherTaskScheduler.c(SourceFile:67108864)
02-12 10:37:49.312 10014 10014 E AconfigFlags: 	at com.ss.android.lark.app.task.scheduler.AppLauncherTaskScheduler$2.a(SourceFile:16777222)
02-12 10:37:49.312 10014 10014 E AconfigFlags: 	at com.ss.android.lark.app.task.scheduler.LaunchTaskExecutor.d(SourceFile:27)
02-12 10:37:49.312 10014 10014 E AconfigFlags: 	at com.ss.android.lark.app.task.scheduler.LaunchTaskExecutor.f(SourceFile:0)
02-12 10:37:49.312 10014 10014 E AconfigFlags: 	at com.ss.android.lark.app.task.scheduler.LaunchTaskExecutor.a(SourceFile:16777228)
02-12 10:37:49.312 10014 10014 E AconfigFlags: 	at com.ss.android.lark.app.initiator.i.c(SourceFile:16777270)
02-12 10:37:49.312 10014 10014 E AconfigFlags: 	at com.ss.android.lark.app.initiator.a.c(SourceFile:16777221)
02-12 10:37:49.312 10014 10014 E AconfigFlags: 	at tm1.c.onCreate(SourceFile:41)
02-12 10:37:49.312 10014 10014 E AconfigFlags: 	at com.ss.android.lark.app.LarkApplication.onCreate(SourceFile:12)
02-12 10:37:49.312 10014 10014 E AconfigFlags: 	at android.app.Instrumentation.callApplicationOnCreate(Instrumentation.java:1386)
02-12 10:37:49.312 10014 10014 E AconfigFlags: 	at android.app.ActivityThread.handleBindApplication(ActivityThread.java:8545)
02-12 10:37:49.312 10014 10014 E AconfigFlags: 	at android.app.ActivityThread.-$$Nest$mhandleBindApplication(Unknown Source:0)
02-12 10:37:49.312 10014 10014 E AconfigFlags: 	at android.app.ActivityThread$H.handleMessage(ActivityThread.java:2861)
02-12 10:37:49.312 10014 10014 E AconfigFlags: 	at android.os.Handler.dispatchMessage(Handler.java:109)
02-12 10:37:49.312 10014 10014 E AconfigFlags: 	at android.os.Looper.loopOnce(Looper.java:250)
02-12 10:37:49.312 10014 10014 E AconfigFlags: 	at android.os.Looper.loop(Looper.java:340)
02-12 10:37:49.312 10014 10014 E AconfigFlags: 	at android.app.ActivityThread.main(ActivityThread.java:9872)
02-12 10:37:49.312 10014 10014 E AconfigFlags: 	at java.lang.reflect.Method.invoke(Native Method)
02-12 10:37:49.312 10014 10014 E AconfigFlags: 	at com.android.internal.os.RuntimeInit$MethodAndArgsCaller.run(RuntimeInit.java:621)
02-12 10:37:49.312 10014 10014 E AconfigFlags: 	at com.android.internal.os.ZygoteInit.main(ZygoteInit.java:957)
02-12 10:37:49.312 10014 10014 E AconfigFlags: Caused by: android.system.ErrnoException: open failed: ENOENT (No such file or directory)
02-12 10:37:49.312 10014 10014 E AconfigFlags: 	at libcore.io.Linux.open(Native Method)
02-12 10:37:49.312 10014 10014 E AconfigFlags: 	at libcore.io.ForwardingOs.open(ForwardingOs.java:563)
02-12 10:37:49.312 10014 10014 E AconfigFlags: 	at libcore.io.BlockGuardOs.open(BlockGuardOs.java:274)
02-12 10:37:49.312 10014 10014 E AconfigFlags: 	at libcore.io.ForwardingOs.open(ForwardingOs.java:563)
02-12 10:37:49.312 10014 10014 E AconfigFlags: 	at android.app.ActivityThread$AndroidOs.open(ActivityThread.java:9729)
02-12 10:37:49.312 10014 10014 E AconfigFlags: 	at libcore.io.IoBridge.open(IoBridge.java:560)
02-12 10:37:49.312 10014 10014 E AconfigFlags: 	... 45 more
02-12 10:37:55.347 10014 10177 W PowerProfile: screen.on is deprecated! Use screen.on.display0 instead.
02-12 10:37:55.347 10014 10177 W PowerProfile: screen.full is deprecated! Use screen.full.display0 instead.
02-12 10:37:55.347 10014 10177 W ModemPowerProfile: getAverageBatteryDrainMaH called with unexpected key: 0x0, drain:SLEEP,RAT:DEFAULT
02-12 10:37:55.347 10014 10177 W ModemPowerProfile: getAverageBatteryDrainMaH called with unexpected key: 0x10000000, drain:IDLE,RAT:DEFAULT
02-12 10:37:55.347 10014 10177 W ModemPowerProfile: getAverageBatteryDrainMaH called with unexpected key: 0x20000000, drain:RX,RAT:DEFAULT
02-12 10:37:55.348 10014 10177 W ModemPowerProfile: getAverageBatteryDrainMaH called with unexpected key: 0x30000000, drain:TX,level:0,RAT:DEFAULT
02-12 10:37:55.348 10014 10177 W ModemPowerProfile: getAverageBatteryDrainMaH called with unexpected key: 0x31000000, drain:TX,level:1,RAT:DEFAULT
02-12 10:37:55.348 10014 10177 W ModemPowerProfile: getAverageBatteryDrainMaH called with unexpected key: 0x32000000, drain:TX,level:2,RAT:DEFAULT
02-12 10:37:55.348 10014 10177 W ModemPowerProfile: getAverageBatteryDrainMaH called with unexpected key: 0x33000000, drain:TX,level:3,RAT:DEFAULT
02-12 10:37:55.348 10014 10177 W ModemPowerProfile: getAverageBatteryDrainMaH called with unexpected key: 0x34000000, drain:TX,level:4,RAT:DEFAULT
02-12 10:52:59.232  2535  4118 D BatteryStatsService: noteVideoSurfaceChanged  noteWhich: 49,arg1: -1, arg2: -1, arg3: 4671, arg4: 344, name: com.vivo.fingerprintui
02-12 10:52:59.374  2535  2882 D BatteryStatsService: noteVideoSurfaceChanged  noteWhich: 49,arg1: -1, arg2: -1, arg3: 4276, arg4: 392, name: com.vivo.systemuiplugin
02-12 10:52:59.382  2535  5256 D BatteryStatsService: noteVideoSurfaceChanged  noteWhich: 49,arg1: -2, arg2: -1, arg3: 4276, arg4: 223, name: com.android.systemui
02-12 10:52:59.382  2535  8679 D BatteryStatsService: noteVideoSurfaceChanged  noteWhich: 49,arg1: -2, arg2: -1, arg3: 4276, arg4: 229, name: com.android.systemui
02-12 10:52:59.696  2535  4508 D BatteryStatsService: noteVideoSurfaceChanged  noteWhich: 49,arg1: -2, arg2: -1, arg3: 4276, arg4: 223, name: com.android.systemui
02-12 10:52:59.696  2535  4508 D BatteryStatsService: noteVideoSurfaceChanged  noteWhich: 49,arg1: -2, arg2: -1, arg3: 4276, arg4: 229, name: com.android.systemui
02-12 10:52:59.929  2535  5571 D BatteryStatsService: noteVideoSurfaceChanged  noteWhich: 49,arg1: 1260, arg2: 2800, arg3: 4276, arg4: 223, name: com.android.systemui
02-12 10:52:59.929  2535  5571 D BatteryStatsService: noteVideoSurfaceChanged  noteWhich: 49,arg1: 1260, arg2: 2800, arg3: 4276, arg4: 229, name: com.android.systemui
02-12 10:52:59.932  2535  5571 D BatteryStatsService: noteVideoSurfaceChanged  noteWhich: 49,arg1: 1260, arg2: 2800, arg3: 4276, arg4: 223, name: com.android.systemui
02-12 10:52:59.932  2535  5571 D BatteryStatsService: noteVideoSurfaceChanged  noteWhich: 49,arg1: 1260, arg2: 2800, arg3: 4276, arg4: 229, name: com.android.systemui
02-12 10:52:59.940  2535  5256 D BatteryStatsService: noteVideoSurfaceChanged  noteWhich: 49,arg1: 1260, arg2: 2800, arg3: 4276, arg4: 223, name: com.android.systemui
02-12 10:52:59.951  2535  5256 D BatteryStatsService: noteVideoSurfaceChanged  noteWhich: 49,arg1: 1260, arg2: 2800, arg3: 4276, arg4: 223, name: com.android.systemui
02-12 10:52:59.952  2535  5571 D BatteryStatsService: noteVideoSurfaceChanged  noteWhich: 49,arg1: 1260, arg2: 2800, arg3: 4276, arg4: 229, name: com.android.systemui
02-12 10:53:01.154  2535  4508 D BatteryStatsService: noteVideoSurfaceChanged  noteWhich: 49,arg1: -2, arg2: -1, arg3: 4276, arg4: 223, name: com.android.systemui
02-12 10:53:01.157  2535  2882 D BatteryStatsService: noteVideoSurfaceChanged  noteWhich: 49,arg1: -2, arg2: -1, arg3: 4276, arg4: 223, name: com.android.systemui
02-12 10:53:01.157  2535  2882 D BatteryStatsService: noteVideoSurfaceChanged  noteWhich: 49,arg1: -2, arg2: -1, arg3: 4276, arg4: 229, name: com.android.systemui
02-12 10:53:01.352  2535  8571 D BatteryStatsService: noteVideoSurfaceChanged  noteWhich: 49,arg1: -2, arg2: -1, arg3: 4276, arg4: 223, name: com.android.systemui
02-12 10:53:01.352  2535  8571 D BatteryStatsService: noteVideoSurfaceChanged  noteWhich: 49,arg1: -2, arg2: -1, arg3: 4276, arg4: 229, name: com.android.systemui
02-12 10:53:25.245  2535  4849 D BatteryStatsService: noteVideoSurfaceChanged  noteWhich: 49,arg1: 0, arg2: 0, arg3: 10014, arg4: 16, name: com.larksuite.suite
02-12 10:53:25.250  2535  4517 D BatteryStatsService: noteVideoSurfaceChanged  noteWhich: 49,arg1: -2, arg2: -1, arg3: 10014, arg4: 16, name: com.larksuite.suite
02-12 10:53:25.258  2535  2882 D BatteryStatsService: noteVideoSurfaceChanged  noteWhich: 49,arg1: 0, arg2: 0, arg3: 10014, arg4: 16, name: com.larksuite.suite
02-12 10:53:27.310  2535  2882 D BatteryStatsService: noteVideoSurfaceChanged  noteWhich: 49,arg1: -2, arg2: -1, arg3: 10014, arg4: 16, name: com.larksuite.suite
02-12 10:53:31.135  2535  4517 D BatteryStatsService: noteVideoSurfaceChanged  noteWhich: 49,arg1: 0, arg2: 0, arg3: 24394, arg4: 55, name: com.vivo.browser
02-12 10:53:31.244  2535  8401 D BatteryStatsService: noteVideoSurfaceChanged  noteWhich: 49,arg1: 1260, arg2: 2605, arg3: 24394, arg4: 55, name: com.vivo.browser
02-12 10:53:34.584  2535  4650 D BatteryStatsService: noteVideoSurfaceChanged  noteWhich: 49,arg1: 1260, arg2: 2800, arg3: 4276, arg4: 223, name: com.android.systemui
02-12 10:53:34.585  2535  4650 D BatteryStatsService: noteVideoSurfaceChanged  noteWhich: 49,arg1: 1260, arg2: 2800, arg3: 4276, arg4: 229, name: com.android.systemui
02-12 10:53:34.593  2535  8571 D BatteryStatsService: noteVideoSurfaceChanged  noteWhich: 49,arg1: 1260, arg2: 2800, arg3: 4276, arg4: 223, name: com.android.systemui
02-12 10:53:34.594  2535  8571 D BatteryStatsService: noteVideoSurfaceChanged  noteWhich: 49,arg1: 1260, arg2: 2800, arg3: 4276, arg4: 229, name: com.android.systemui
02-12 10:53:34.615  2535  8401 D BatteryStatsService: noteVideoSurfaceChanged  noteWhich: 49,arg1: 1260, arg2: 2800, arg3: 4276, arg4: 392, name: com.vivo.systemuiplugin
02-12 10:53:34.620  2535  8369 D BatteryStatsService: noteVideoSurfaceChanged  noteWhich: 49,arg1: 1260, arg2: 2800, arg3: 4276, arg4: 229, name: com.android.systemui
02-12 10:53:34.620  2535  8369 D BatteryStatsService: noteVideoSurfaceChanged  noteWhich: 49,arg1: 1260, arg2: 2800, arg3: 4276, arg4: 392, name: com.vivo.systemuiplugin
02-12 10:53:34.639  2535  8401 D BatteryStatsService: noteVideoSurfaceChanged  noteWhich: 49,arg1: 968, arg2: 790, arg3: 4671, arg4: 349, name: com.vivo.fingerprintui
02-12 10:53:34.695  2535  4118 D BatteryStatsService: noteVideoSurfaceChanged  noteWhich: 49,arg1: 968, arg2: 790, arg3: 4671, arg4: 349, name: com.vivo.fingerprintui
02-12 11:08:09.715  2535  3545 D BatteryStatsService: noteVideoSurfaceChanged  noteWhich: 49,arg1: -1, arg2: -1, arg3: 4671, arg4: 349, name: com.vivo.fingerprintui
02-12 11:08:09.828  2535  5321 D BatteryStatsService: noteVideoSurfaceChanged  noteWhich: 49,arg1: -1, arg2: -1, arg3: 4276, arg4: 392, name: com.vivo.systemuiplugin
02-12 11:08:09.833  2535  8369 D BatteryStatsService: noteVideoSurfaceChanged  noteWhich: 49,arg1: -2, arg2: -1, arg3: 4276, arg4: 223, name: com.android.systemui
02-12 11:08:09.833  2535  8369 D BatteryStatsService: noteVideoSurfaceChanged  noteWhich: 49,arg1: -2, arg2: -1, arg3: 4276, arg4: 229, name: com.android.systemui
02-12 11:08:09.974  6628 14866 E ActivityThread: Failed to find provider info for subscribedfeeds
02-12 11:08:10.167  2535  4517 D BatteryStatsService: noteVideoSurfaceChanged  noteWhich: 49,arg1: -2, arg2: -1, arg3: 4276, arg4: 223, name: com.android.systemui
02-12 11:08:10.168  2535  3545 D BatteryStatsService: noteVideoSurfaceChanged  noteWhich: 49,arg1: -2, arg2: -1, arg3: 4276, arg4: 229, name: com.android.systemui
02-12 11:08:11.773  2535  3545 V AutofillSession: Primary service component name: ComponentInfo{com.google.android.gms/com.google.android.gms.autofill.service.AutofillService}, secondary service component name: ComponentInfo{com.android.credentialmanager/com.android.credentialmanager.autofill.CredentialAutofillService}
02-12 11:08:12.018  2535  4433 D AutofillSession: clearPendingIntentLocked
02-12 11:08:12.019  2535  4433 V AutofillSession: Primary service component name: ComponentInfo{com.google.android.gms/com.google.android.gms.autofill.service.AutofillService}, secondary service component name: ComponentInfo{com.android.credentialmanager/com.android.credentialmanager.autofill.CredentialAutofillService}
02-12 11:08:13.754  2535  4517 D AutofillSession: clearPendingIntentLocked
02-12 11:08:18.525  2535  3545 D BatteryStatsService: noteVideoSurfaceChanged  noteWhich: 49,arg1: 1260, arg2: 2800, arg3: 14091, arg4: 2542, name: com.whatsapp
02-12 11:08:18.532  2535  5256 D BatteryStatsService: noteVideoSurfaceChanged  noteWhich: 49,arg1: 1260, arg2: 2252, arg3: 14091, arg4: 2542, name: com.whatsapp
02-12 11:08:19.038  2535  5571 D BatteryStatsService: noteVideoSurfaceChanged  noteWhich: 49,arg1: -2, arg2: -1, arg3: 14091, arg4: 2542, name: com.whatsapp
02-12 11:08:19.042  2535  5571 D BatteryStatsService: noteVideoSurfaceChanged  noteWhich: 49,arg1: 1260, arg2: 2252, arg3: 14091, arg4: 2542, name: com.whatsapp
02-12 11:08:19.141  2535  8369 D BatteryStatsService: noteVideoSurfaceChanged  noteWhich: 49,arg1: 1260, arg2: 700, arg3: 14091, arg4: 2542, name: com.whatsapp
02-12 11:08:19.563  2535  5256 D BatteryStatsService: noteVideoSurfaceChanged  noteWhich: 49,arg1: -2, arg2: -1, arg3: 14091, arg4: 2542, name: com.whatsapp
02-12 11:08:20.248  2535  4433 D BatteryStatsService: noteVideoSurfaceChanged  noteWhich: 49,arg1: 1260, arg2: 700, arg3: 14091, arg4: 2542, name: com.whatsapp
02-12 11:08:20.323  2535  4433 D BatteryStatsService: noteVideoSurfaceChanged  noteWhich: 49,arg1: 1260, arg2: 2240, arg3: 14091, arg4: 2542, name: com.whatsapp
02-12 11:08:20.770  2535  8536 D BatteryStatsService: noteVideoSurfaceChanged  noteWhich: 49,arg1: -2, arg2: -1, arg3: 14091, arg4: 2542, name: com.whatsapp
02-12 11:08:21.751  2535  8369 D BatteryStatsService: noteVideoSurfaceChanged  noteWhich: 49,arg1: -2, arg2: -1, arg3: 14091, arg4: 2542, name: com.whatsapp
02-12 11:08:21.757  2535  8369 D BatteryStatsService: noteVideoSurfaceChanged  noteWhich: 49,arg1: -1, arg2: -1, arg3: 14091, arg4: 2542, name: com.whatsapp
02-12 11:08:24.053  2535  5571 D BatteryStatsService: noteVideoSurfaceChanged  noteWhich: 49,arg1: 1260, arg2: 2800, arg3: 14091, arg4: 4864, name: com.whatsapp
02-12 11:08:24.062  2535  5256 D BatteryStatsService: noteVideoSurfaceChanged  noteWhich: 49,arg1: 1260, arg2: 1582, arg3: 14091, arg4: 4864, name: com.whatsapp
02-12 11:08:25.875  2535  2883 D BatteryStatsService: noteVideoSurfaceChanged  noteWhich: 49,arg1: -2, arg2: -1, arg3: 14091, arg4: 4864, name: com.whatsapp
02-12 11:08:25.877  2535  2883 D BatteryStatsService: noteVideoSurfaceChanged  noteWhich: 49,arg1: -2, arg2: -1, arg3: 14091, arg4: 4864, name: com.whatsapp
02-12 11:08:25.884  2535  2883 D BatteryStatsService: noteVideoSurfaceChanged  noteWhich: 49,arg1: -1, arg2: -1, arg3: 14091, arg4: 4864, name: com.whatsapp
02-12 11:08:30.226  2535  4849 D BatteryStatsService: noteVideoSurfaceChanged  noteWhich: 49,arg1: 1260, arg2: 2800, arg3: 4276, arg4: 223, name: com.android.systemui
02-12 11:08:30.228  2535  4849 D BatteryStatsService: noteVideoSurfaceChanged  noteWhich: 49,arg1: 1260, arg2: 2800, arg3: 4276, arg4: 229, name: com.android.systemui
02-12 11:08:30.237  2535  8369 D BatteryStatsService: noteVideoSurfaceChanged  noteWhich: 49,arg1: 1260, arg2: 2800, arg3: 4276, arg4: 223, name: com.android.systemui
02-12 11:08:30.237  2535  8369 D BatteryStatsService: noteVideoSurfaceChanged  noteWhich: 49,arg1: 1260, arg2: 2800, arg3: 4276, arg4: 229, name: com.android.systemui
02-12 11:08:30.260  2535  4849 D BatteryStatsService: noteVideoSurfaceChanged  noteWhich: 49,arg1: 1260, arg2: 2800, arg3: 4276, arg4: 392, name: com.vivo.systemuiplugin
02-12 11:08:30.263  2535  4849 D BatteryStatsService: noteVideoSurfaceChanged  noteWhich: 49,arg1: 1260, arg2: 2800, arg3: 4276, arg4: 229, name: com.android.systemui
02-12 11:08:30.264  2535  4582 D BatteryStatsService: noteVideoSurfaceChanged  noteWhich: 49,arg1: 1260, arg2: 2800, arg3: 4276, arg4: 392, name: com.vivo.systemuiplugin
02-12 11:08:30.306  2535  4117 D BatteryStatsService: noteVideoSurfaceChanged  noteWhich: 49,arg1: 968, arg2: 790, arg3: 4671, arg4: 354, name: com.vivo.fingerprintui
02-12 11:08:30.315  2535  4117 D BatteryStatsService: noteVideoSurfaceChanged  noteWhich: 49,arg1: 968, arg2: 790, arg3: 4671, arg4: 354, name: com.vivo.fingerprintui
02-12 11:11:32.664  2535  4849 D BatteryStatsService: noteVideoSurfaceChanged  noteWhich: 49,arg1: -1, arg2: -1, arg3: 4671, arg4: 354, name: com.vivo.fingerprintui
02-12 11:11:32.792  2535  8061 D BatteryStatsService: noteVideoSurfaceChanged  noteWhich: 49,arg1: -1, arg2: -1, arg3: 4276, arg4: 392, name: com.vivo.systemuiplugin
02-12 11:11:32.798  2535  2883 D BatteryStatsService: noteVideoSurfaceChanged  noteWhich: 49,arg1: -2, arg2: -1, arg3: 4276, arg4: 223, name: com.android.systemui
02-12 11:11:32.799  2535  8679 D BatteryStatsService: noteVideoSurfaceChanged  noteWhich: 49,arg1: -2, arg2: -1, arg3: 4276, arg4: 229, name: com.android.systemui
02-12 11:11:33.121  2535  3545 D BatteryStatsService: noteVideoSurfaceChanged  noteWhich: 49,arg1: -2, arg2: -1, arg3: 4276, arg4: 223, name: com.android.systemui
02-12 11:11:33.121  2535  3545 D BatteryStatsService: noteVideoSurfaceChanged  noteWhich: 49,arg1: -2, arg2: -1, arg3: 4276, arg4: 229, name: com.android.systemui
02-12 11:12:45.201  2535  4508 D BatteryStatsService: noteVideoSurfaceChanged  noteWhich: 49,arg1: 1260, arg2: 1575, arg3: 12625, arg4: 5530, name: com.instagram.android
02-12 11:12:55.670  2535  8571 D BatteryStatsService: noteVideoSurfaceChanged  noteWhich: 49,arg1: -1, arg2: -1, arg3: 12625, arg4: 5530, name: com.instagram.android
02-12 11:13:27.999  2535  8407 D BatteryStatsService: noteVideoSurfaceChanged  noteWhich: 49,arg1: 1260, arg2: 2800, arg3: 4276, arg4: 223, name: com.android.systemui
02-12 11:13:27.999  2535  8407 D BatteryStatsService: noteVideoSurfaceChanged  noteWhich: 49,arg1: 1260, arg2: 2800, arg3: 4276, arg4: 229, name: com.android.systemui
02-12 11:13:28.009  2535  5571 D BatteryStatsService: noteVideoSurfaceChanged  noteWhich: 49,arg1: 1260, arg2: 2800, arg3: 4276, arg4: 223, name: com.android.systemui
02-12 11:13:28.009  2535  8536 D BatteryStatsService: noteVideoSurfaceChanged  noteWhich: 49,arg1: 1260, arg2: 2800, arg3: 4276, arg4: 229, name: com.android.systemui
02-12 11:13:28.051  2535  8407 D BatteryStatsService: noteVideoSurfaceChanged  noteWhich: 49,arg1: 1260, arg2: 2800, arg3: 4276, arg4: 392, name: com.vivo.systemuiplugin
02-12 11:13:28.059  2535  2883 D BatteryStatsService: noteVideoSurfaceChanged  noteWhich: 49,arg1: 1260, arg2: 2800, arg3: 4276, arg4: 229, name: com.android.systemui
02-12 11:13:28.059  2535  2883 D BatteryStatsService: noteVideoSurfaceChanged  noteWhich: 49,arg1: 1260, arg2: 2800, arg3: 4276, arg4: 392, name: com.vivo.systemuiplugin
02-12 11:13:28.095  2535  4849 D BatteryStatsService: noteVideoSurfaceChanged  noteWhich: 49,arg1: 968, arg2: 790, arg3: 4671, arg4: 359, name: com.vivo.fingerprintui
02-12 11:13:28.115  2535  4582 D BatteryStatsService: noteVideoSurfaceChanged  noteWhich: 49,arg1: 968, arg2: 790, arg3: 4671, arg4: 359, name: com.vivo.fingerprintui
02-12 11:16:07.687  2535  8679 D BatteryStatsService: noteVideoSurfaceChanged  noteWhich: 49,arg1: -1, arg2: -1, arg3: 4671, arg4: 359, name: com.vivo.fingerprintui
02-12 11:16:07.744  2535  2883 D BatteryStatsService: noteVideoSurfaceChanged  noteWhich: 49,arg1: 1260, arg2: 2801, arg3: 4276, arg4: 392, name: com.vivo.systemuiplugin
02-12 11:16:07.759  2535  4435 D BatteryStatsService: noteVideoSurfaceChanged  noteWhich: 49,arg1: -1, arg2: -1, arg3: 4276, arg4: 392, name: com.vivo.systemuiplugin
02-12 11:16:07.766  2535  8407 D BatteryStatsService: noteVideoSurfaceChanged  noteWhich: 49,arg1: -2, arg2: -1, arg3: 4276, arg4: 223, name: com.android.systemui
02-12 11:16:07.767  2535  8679 D BatteryStatsService: noteVideoSurfaceChanged  noteWhich: 49,arg1: -2, arg2: -1, arg3: 4276, arg4: 229, name: com.android.systemui
02-12 11:16:08.092  2535  8407 D BatteryStatsService: noteVideoSurfaceChanged  noteWhich: 49,arg1: -2, arg2: -1, arg3: 4276, arg4: 223, name: com.android.systemui
02-12 11:16:08.092  2535  8407 D BatteryStatsService: noteVideoSurfaceChanged  noteWhich: 49,arg1: -2, arg2: -1, arg3: 4276, arg4: 229, name: com.android.systemui
02-12 11:16:11.054  2535  4118 D BatteryStatsService: noteVideoSurfaceChanged  noteWhich: 49,arg1: 1260, arg2: 2240, arg3: 12625, arg4: 6914, name: com.instagram.android
02-12 11:16:31.456  8139  9073 I AlwaysOnHotwordDetector: onRejected
02-12 11:16:31.457  8139  8591 I AlwaysOnHotwordDetector: handle message 6
02-12 11:16:31.464  8139  8664 W KeyphraseEnrollmentInfo: No enrollment application supports the given keyphrase/locale: 'Y Google'/en_US
02-12 11:16:36.283  2535  5256 D BatteryStatsService: noteVideoSurfaceChanged  noteWhich: 49,arg1: -1, arg2: -1, arg3: 12625, arg4: 6914, name: com.instagram.android
02-12 11:16:39.298  2535  5654 D BatteryStatsService: noteVideoSurfaceChanged  noteWhich: 49,arg1: 1260, arg2: 2800, arg3: 4276, arg4: 223, name: com.android.systemui
02-12 11:16:39.299  2535  4849 D BatteryStatsService: noteVideoSurfaceChanged  noteWhich: 49,arg1: 1260, arg2: 2800, arg3: 4276, arg4: 229, name: com.android.systemui
02-12 11:16:39.316  2535  3545 D BatteryStatsService: noteVideoSurfaceChanged  noteWhich: 49,arg1: 1260, arg2: 2800, arg3: 4276, arg4: 223, name: com.android.systemui
02-12 11:16:39.316  2535  3545 D BatteryStatsService: noteVideoSurfaceChanged  noteWhich: 49,arg1: 1260, arg2: 2800, arg3: 4276, arg4: 229, name: com.android.systemui
02-12 11:16:39.339  2535  8536 D BatteryStatsService: noteVideoSurfaceChanged  noteWhich: 49,arg1: 1260, arg2: 2800, arg3: 4276, arg4: 392, name: com.vivo.systemuiplugin
02-12 11:16:39.342  2535  8536 D BatteryStatsService: noteVideoSurfaceChanged  noteWhich: 49,arg1: 1260, arg2: 2800, arg3: 4276, arg4: 229, name: com.android.systemui
02-12 11:16:39.343  2535  8536 D BatteryStatsService: noteVideoSurfaceChanged  noteWhich: 49,arg1: 1260, arg2: 2800, arg3: 4276, arg4: 392, name: com.vivo.systemuiplugin
02-12 11:16:39.397  2535  4849 D BatteryStatsService: noteVideoSurfaceChanged  noteWhich: 49,arg1: 968, arg2: 790, arg3: 4671, arg4: 364, name: com.vivo.fingerprintui
02-12 11:16:39.407  2535  3545 D BatteryStatsService: noteVideoSurfaceChanged  noteWhich: 49,arg1: 968, arg2: 790, arg3: 4671, arg4: 364, name: com.vivo.fingerprintui
02-12 11:23:39.570  2535  5571 D BatteryStatsService: noteVideoSurfaceChanged  noteWhich: 49,arg1: -1, arg2: -1, arg3: 4671, arg4: 364, name: com.vivo.fingerprintui
02-12 11:23:39.654  2535  4849 D BatteryStatsService: noteVideoSurfaceChanged  noteWhich: 49,arg1: 1260, arg2: 2801, arg3: 4276, arg4: 392, name: com.vivo.systemuiplugin
02-12 11:23:39.668  2535  8536 D BatteryStatsService: noteVideoSurfaceChanged  noteWhich: 49,arg1: -1, arg2: -1, arg3: 4276, arg4: 392, name: com.vivo.systemuiplugin
02-12 11:23:39.673  2535  4517 D BatteryStatsService: noteVideoSurfaceChanged  noteWhich: 49,arg1: -2, arg2: -1, arg3: 4276, arg4: 223, name: com.android.systemui
02-12 11:23:39.674  2535  3545 D BatteryStatsService: noteVideoSurfaceChanged  noteWhich: 49,arg1: -2, arg2: -1, arg3: 4276, arg4: 229, name: com.android.systemui
02-12 11:23:39.994  2535  8536 D BatteryStatsService: noteVideoSurfaceChanged  noteWhich: 49,arg1: -2, arg2: -1, arg3: 4276, arg4: 223, name: com.android.systemui
02-12 11:23:39.994  2535  8536 D BatteryStatsService: noteVideoSurfaceChanged  noteWhich: 49,arg1: -2, arg2: -1, arg3: 4276, arg4: 229, name: com.android.systemui
02-12 11:23:41.447  6628  2804 E ActivityThread: Failed to find provider info for gmail-ofls
02-12 11:23:44.311  6628  2804 E ActivityThread: Failed to find provider info for gmail-ofls
02-12 11:23:44.851  2535  5046 D BatteryStatsService: noteVideoSurfaceChanged  noteWhich: 49,arg1: 1260, arg2: 2800, arg3: 4276, arg4: 223, name: com.android.systemui
02-12 11:23:44.851  2535  5046 D BatteryStatsService: noteVideoSurfaceChanged  noteWhich: 49,arg1: 1260, arg2: 2800, arg3: 4276, arg4: 229, name: com.android.systemui
02-12 11:23:44.854  2535  8679 D BatteryStatsService: noteVideoSurfaceChanged  noteWhich: 49,arg1: 1260, arg2: 2800, arg3: 4276, arg4: 223, name: com.android.systemui
02-12 11:23:44.856  2535  5571 D BatteryStatsService: noteVideoSurfaceChanged  noteWhich: 49,arg1: 1260, arg2: 2800, arg3: 4276, arg4: 229, name: com.android.systemui
02-12 11:23:44.868  2535  5571 D BatteryStatsService: noteVideoSurfaceChanged  noteWhich: 49,arg1: 1260, arg2: 2800, arg3: 4276, arg4: 223, name: com.android.systemui
02-12 11:23:44.884  2535  5571 D BatteryStatsService: noteVideoSurfaceChanged  noteWhich: 49,arg1: 1260, arg2: 2800, arg3: 4276, arg4: 223, name: com.android.systemui
02-12 11:23:44.885  2535  5571 D BatteryStatsService: noteVideoSurfaceChanged  noteWhich: 49,arg1: 1260, arg2: 2800, arg3: 4276, arg4: 229, name: com.android.systemui
02-12 11:23:47.053  2535  4849 D BatteryStatsService: noteVideoSurfaceChanged  noteWhich: 49,arg1: -2, arg2: -1, arg3: 4276, arg4: 223, name: com.android.systemui
02-12 11:23:47.055  2535  4435 D BatteryStatsService: noteVideoSurfaceChanged  noteWhich: 49,arg1: -2, arg2: -1, arg3: 4276, arg4: 223, name: com.android.systemui
02-12 11:23:47.056  2535  8369 D BatteryStatsService: noteVideoSurfaceChanged  noteWhich: 49,arg1: -2, arg2: -1, arg3: 4276, arg4: 229, name: com.android.systemui
02-12 11:23:47.083  2535  4435 D BatteryStatsService: noteVideoSurfaceChanged  noteWhich: 49,arg1: -2, arg2: -1, arg3: 4276, arg4: 223, name: com.android.systemui
02-12 11:23:47.083  2535  4435 D BatteryStatsService: noteVideoSurfaceChanged  noteWhich: 49,arg1: -2, arg2: -1, arg3: 4276, arg4: 229, name: com.android.systemui
02-12 11:24:15.531  2535  4435 D BatteryStatsService: noteVideoSurfaceChanged  noteWhich: 49,arg1: 1260, arg2: 2800, arg3: 4276, arg4: 223, name: com.android.systemui
02-12 11:24:15.531  2535  4435 D BatteryStatsService: noteVideoSurfaceChanged  noteWhich: 49,arg1: 1260, arg2: 2800, arg3: 4276, arg4: 229, name: com.android.systemui
02-12 11:24:15.534  2535  8369 D BatteryStatsService: noteVideoSurfaceChanged  noteWhich: 49,arg1: 1260, arg2: 2800, arg3: 4276, arg4: 223, name: com.android.systemui
02-12 11:24:15.534  2535  8369 D BatteryStatsService: noteVideoSurfaceChanged  noteWhich: 49,arg1: 1260, arg2: 2800, arg3: 4276, arg4: 229, name: com.android.systemui
02-12 11:24:15.549  2535  4849 D BatteryStatsService: noteVideoSurfaceChanged  noteWhich: 49,arg1: 1260, arg2: 2800, arg3: 4276, arg4: 223, name: com.android.systemui
02-12 11:24:15.561  2535  8679 D BatteryStatsService: noteVideoSurfaceChanged  noteWhich: 49,arg1: 1260, arg2: 2800, arg3: 4276, arg4: 223, name: com.android.systemui
02-12 11:24:15.562  2535  8679 D BatteryStatsService: noteVideoSurfaceChanged  noteWhich: 49,arg1: 1260, arg2: 2800, arg3: 4276, arg4: 229, name: com.android.systemui
02-12 11:24:20.532  2535  4118 D BatteryStatsService: noteVideoSurfaceChanged  noteWhich: 49,arg1: -2, arg2: -1, arg3: 4276, arg4: 223, name: com.android.systemui
02-12 11:24:20.544  2535  2883 D BatteryStatsService: noteVideoSurfaceChanged  noteWhich: 49,arg1: -2, arg2: -1, arg3: 4276, arg4: 223, name: com.android.systemui
02-12 11:24:20.544  2535  2883 D BatteryStatsService: noteVideoSurfaceChanged  noteWhich: 49,arg1: -2, arg2: -1, arg3: 4276, arg4: 229, name: com.android.systemui
02-12 11:24:20.701  2535  4435 D BatteryStatsService: noteVideoSurfaceChanged  noteWhich: 49,arg1: -2, arg2: -1, arg3: 4276, arg4: 223, name: com.android.systemui
02-12 11:24:20.702  2535  4435 D BatteryStatsService: noteVideoSurfaceChanged  noteWhich: 49,arg1: -2, arg2: -1, arg3: 4276, arg4: 229, name: com.android.systemui
02-12 11:24:50.842  2535  4849 D BatteryStatsService: noteVideoSurfaceChanged  noteWhich: 49,arg1: 968, arg2: 790, arg3: 4671, arg4: 369, name: com.vivo.fingerprintui
02-12 11:24:50.860  2535  4435 D BatteryStatsService: noteVideoSurfaceChanged  noteWhich: 49,arg1: 968, arg2: 790, arg3: 4671, arg4: 369, name: com.vivo.fingerprintui
02-12 11:24:55.154  2535  4508 D BatteryStatsService: noteVideoSurfaceChanged  noteWhich: 49,arg1: 1260, arg2: 2800, arg3: 4276, arg4: 223, name: com.android.systemui
02-12 11:24:55.154  2535  5571 D BatteryStatsService: noteVideoSurfaceChanged  noteWhich: 49,arg1: 1260, arg2: 2800, arg3: 4276, arg4: 229, name: com.android.systemui
02-12 11:24:55.174  2535  5571 D BatteryStatsService: noteVideoSurfaceChanged  noteWhich: 49,arg1: 1260, arg2: 2800, arg3: 4276, arg4: 223, name: com.android.systemui
02-12 11:24:55.175  2535  5571 D BatteryStatsService: noteVideoSurfaceChanged  noteWhich: 49,arg1: 1260, arg2: 2800, arg3: 4276, arg4: 229, name: com.android.systemui
02-12 11:24:55.242  2535  3545 D BatteryStatsService: noteVideoSurfaceChanged  noteWhich: 49,arg1: 1260, arg2: 2800, arg3: 4276, arg4: 392, name: com.vivo.systemuiplugin
02-12 11:24:55.248  2535  4849 D BatteryStatsService: noteVideoSurfaceChanged  noteWhich: 49,arg1: 1260, arg2: 2800, arg3: 4276, arg4: 229, name: com.android.systemui
02-12 11:24:55.249  2535  4650 D BatteryStatsService: noteVideoSurfaceChanged  noteWhich: 49,arg1: 1260, arg2: 2800, arg3: 4276, arg4: 392, name: com.vivo.systemuiplugin
02-12 11:25:16.792  8139  8203 I AlwaysOnHotwordDetector: onRejected
02-12 11:25:16.793  8139  8591 I AlwaysOnHotwordDetector: handle message 6
02-12 11:25:16.797  8139  8673 W KeyphraseEnrollmentInfo: No enrollment application supports the given keyphrase/locale: 'Y Google'/en_US
02-12 11:27:29.390  8139  8203 I AlwaysOnHotwordDetector: onRejected
02-12 11:27:29.391  8139  8591 I AlwaysOnHotwordDetector: handle message 6
02-12 11:27:29.396  8139  8668 W KeyphraseEnrollmentInfo: No enrollment application supports the given keyphrase/locale: 'Y Google'/en_US
--------- beginning of main
02-12 11:27:45.443  6445  6445 I NearbyDiscovery: (REDACTED) FastPairDisplayObserver: %s -> %s
02-12 11:27:45.773  6445  6445 I NearbyDiscovery: (REDACTED) FastPairDisplayObserver: %s -> %s
02-12 11:27:50.972  6445  8863 I NearbyDiscovery: FastPair: isDestroyable: Scanner is alive. [CONTEXT service_id=265 ]
02-12 11:27:50.973  6445  8863 I NearbyDiscovery: DiscoveryService: Skip stopSelf(), fast pair controller is not destroyable. [CONTEXT service_id=265 ]
02-12 11:28:00.033  6445  6445 I NearbyDiscovery: (REDACTED) FastPairDisplayObserver: %s -> %s
02-12 11:28:00.368  6445  6445 I NearbyDiscovery: (REDACTED) FastPairDisplayObserver: %s -> %s
02-12 11:28:20.273  8139  8502 I bari    : (REDACTED) getHotwordActive::active query: %s, watch: %s, devices connected: %s
02-12 11:28:34.423  8139  9073 I IPCThreadState: oneway function results for code 2 on binder at 0xb4000077d0054dc0 will be dropped but finished with status UNKNOWN_TRANSACTION
02-12 11:29:00.031  6445  6445 I NearbyDiscovery: (REDACTED) FastPairDisplayObserver: %s -> %s
02-12 11:29:00.346  6445  6445 I NearbyDiscovery: (REDACTED) FastPairDisplayObserver: %s -> %s
02-12 11:29:03.824  6445 18404 I NearbySharing: Network state changed: NetworkState(isRestricted=false, isOnline=true, isCongested=false, isMetered=false, isWifiConnected=true)
02-12 11:29:06.024  6445  6445 I NearbyDiscovery: (REDACTED) FastPairDisplayObserver: %s -> %s
02-12 11:29:06.051 26985 26985 D CellBroadcastReceiver: onReceive Intent { act=android.intent.action.SERVICE_STATE flg=0x1000010 cmp=com.google.android.cellbroadcastreceiver/com.android.cellbroadcastreceiver.CellBroadcastReceiver (has extras) }
02-12 11:29:06.052 26985 26985 D CellBroadcastReceiver: onServiceStateChanged, ss: 0
02-12 11:29:06.052 26985 26985 D CellBroadcastReceiver: networkOperator: 40407
02-12 11:29:06.052 26985 26985 D CellBroadcastReceiver: update supported roaming operator as 
02-12 11:29:06.143  6445  6445 I NearbyDiscovery: (REDACTED) FastPairDisplayObserver: %s -> %s
02-12 11:29:07.519  6445  8520 I NearbySharing: Network state changed: NetworkState(isRestricted=false, isOnline=true, isCongested=false, isMetered=false, isWifiConnected=true)
02-12 11:29:20.136  6445  6445 I NearbyDiscovery: (REDACTED) FastPairDisplayObserver: %s -> %s
02-12 11:29:20.155 26985 26985 D CellBroadcastReceiver: onReceive Intent { act=android.intent.action.SERVICE_STATE flg=0x1000010 cmp=com.google.android.cellbroadcastreceiver/com.android.cellbroadcastreceiver.CellBroadcastReceiver (has extras) }
02-12 11:29:20.156 26985 26985 D CellBroadcastReceiver: onServiceStateChanged, ss: 0
02-12 11:29:20.156 26985 26985 D CellBroadcastReceiver: networkOperator: 40407
02-12 11:29:20.156 26985 26985 D CellBroadcastReceiver: update supported roaming operator as 
02-12 11:29:20.258  6445  6445 I NearbyDiscovery: (REDACTED) FastPairDisplayObserver: %s -> %s
02-12 11:29:20.269  8139  8676 I bari    : (REDACTED) getHotwordActive::active query: %s, watch: %s, devices connected: %s
02-12 11:29:33.594  6445  6445 I NearbyDiscovery: (REDACTED) FastPairDisplayObserver: %s -> %s
02-12 11:29:34.577  6445  6445 I NearbyDiscovery: (REDACTED) FastPairDisplayObserver: %s -> %s
02-12 11:29:34.584  6445  8863 I NearbyDiscovery: (REDACTED) OffloadFastPairScanner: eventType=%s, isInternalReq=%s, isOffloadScanning=%s, isOffloadScanningAllowed=%s
02-12 11:29:34.595  8071 19330 I DeviceStatusMonitor: DeviceStatusMonitor.handleBroadcast():123 onReceive() : Action = android.intent.action.SCREEN_ON
02-12 11:29:34.595  8071 19330 I DeviceStatusMonitor: DeviceStatusMonitor.updateCountryInfo():139 updateCountryInfo(), notifyAnyway = false
02-12 11:29:34.627  6445 18404 I NearbyUWB: (REDACTED) Screen unlocked: %s
02-12 11:29:34.633  6445  8863 I NearbyDiscovery: (REDACTED) FastPairScanner: isScreenOn=%s, isLocationEnabled=%s, disableLocationRequirement=%s, isDiscoveryScanningEnabled=%s, during24GhzWifiWarmingUpPeriod=%s
02-12 11:29:34.633  6445  8863 D BluetoothAdapter: isLeEnabled(): BLE_ON
02-12 11:29:34.633  6445  8863 I NearbyDiscovery: (REDACTED) FastPairScanner: eventType=%s, intReq=%s, scanning=%s, scanAllowed=%s, bleEnabled=%s, lockScanRate=%s, startScanningByLowPowerMode=%s
02-12 11:29:34.661  6445  8863 I NearbyDiscovery: (REDACTED) FastPairScanner: isScreenOn=%s, isLocationEnabled=%s, disableLocationRequirement=%s, isDiscoveryScanningEnabled=%s, during24GhzWifiWarmingUpPeriod=%s
02-12 11:29:34.661  6445  8863 I NearbyDiscovery: (REDACTED) FastPairScanner: Start scanning internally, %s
02-12 11:29:34.664  6445  8863 D BluetoothAdapter: isLeEnabled(): BLE_ON
02-12 11:29:34.677  6445  8574 D BluetoothLeScanner: onScannerRegistered() - status=0 scannerId=1 mScannerId=0
02-12 11:29:34.695  6445  8863 I NearbyDiscovery: (REDACTED) FastPairScanner: Starting %s scan for %s seconds
02-12 11:29:34.695  6445  8863 I NearbyDiscovery: (REDACTED) FastPairHandler: Received action %s
02-12 11:29:34.696  6445  8863 I NearbyDiscovery: (REDACTED) OffloadFastPairScanner: eventType=%s, isInternalReq=%s, isOffloadScanning=%s, isOffloadScanningAllowed=%s
02-12 11:29:34.696  6445  8863 I NearbyDiscovery: (REDACTED) FastPairScanner: isScreenOn=%s, isLocationEnabled=%s, disableLocationRequirement=%s, isDiscoveryScanningEnabled=%s, during24GhzWifiWarmingUpPeriod=%s
02-12 11:29:34.696  6445  8863 D BluetoothAdapter: isLeEnabled(): BLE_ON
02-12 11:29:34.696  6445  8863 I NearbyDiscovery: (REDACTED) FastPairScanner: eventType=%s, intReq=%s, scanning=%s, scanAllowed=%s, bleEnabled=%s, lockScanRate=%s, startScanningByLowPowerMode=%s
02-12 11:29:34.696  6445  8863 I NearbyDiscovery: FastPairController: onSystemStateChanged: skip due to flag disabled [CONTEXT service_id=265 ]
02-12 11:29:34.726 22169 22247 D WM-NetworkStateTracker: Network capabilities changed: [ Transports: WIFI Capabilities: NOT_METERED&INTERNET&NOT_RESTRICTED&TRUSTED&NOT_VPN&VALIDATED&NOT_ROAMING&FOREGROUND&NOT_CONGESTED&NOT_SUSPENDED&NOT_VCN_MANAGED&NOT_BANDWIDTH_CONSTRAINED LinkUpBandwidth>=65708Kbps LinkDnBandwidth>=73269Kbps TransportInfo: <SSID: <unknown ssid>, BSSID: 02:00:00:00:00:00, MAC: 02:00:00:00:00:00, IP: /172.16.0.14, Security type: 2, Supplicant state: COMPLETED, Wi-Fi standard: 11ax, RSSI: -53, Link speed: 324Mbps, Tx Link speed: 324Mbps, Max Supported Tx Link speed: 1200Mbps, Rx Link speed: 576Mbps, Max Supported Rx Link speed: 1200Mbps, Frequency: 5240MHz, Net ID: -1, Metered hint: false, score: 60, isUsable: true, CarrierMerged: false, SubscriptionId: -1, IsPrimary: -1, Trusted: true, Restricted: false, Ephemeral: false, OEM paid: false, OEM private: false, OSU AP: false, FQDN: <none>, Provider friendly name: <none>, Requesting package name: <none><none>MLO Information: , Is TID-To-Link negotiation supported by the AP: false, AP MLD Address: <none>, AP MLO Link Id: <none>, AP MLO Affiliated links: <none>, Vendor Data: <none>> SignalStrength: -53 UnderlyingNetworks: Null]
02-12 11:29:34.736  6445  8574 I NullBinder: NullBinder for android.net.action.RECOMMEND_NETWORKS triggering remote TransactionTooLargeException due to Service without Chimera impl
02-12 11:29:34.736  6445  8574 W .gms.persistent: Large reply transaction of 4227072 bytes, interface descriptor , code 1
02-12 11:29:34.742  6445  8574 I NullBinder: NullBinder for android.net.action.RECOMMEND_NETWORKS triggering remote TransactionTooLargeException due to Service without Chimera impl
02-12 11:29:34.742  6445  8574 W .gms.persistent: Large reply transaction of 4227072 bytes, interface descriptor , code 1
02-12 11:29:34.747  6445  8574 I NullBinder: NullBinder for android.net.action.RECOMMEND_NETWORKS triggering remote TransactionTooLargeException due to Service without Chimera impl
02-12 11:29:34.747  6445  8574 W .gms.persistent: Large reply transaction of 4227072 bytes, interface descriptor , code 1
02-12 11:29:35.144 17748 17748 D ViewRootImpl: AppSizeAfterRelayout, size: Point(1, 1), rotation: ROTATION_0
02-12 11:29:35.144 17748 17748 W libc    : Access denied finding property "vendor.gpp.create_frc_extension"
02-12 11:29:35.224  6445  8520 I NearbySharing: Network state changed: NetworkState(isRestricted=false, isOnline=true, isCongested=false, isMetered=false, isWifiConnected=true)
02-12 11:29:35.654 17748 17748 W WindowOnBackDispatcher: sendCancelIfRunning: isInProgress=false callback=android.view.ViewRootImpl$$ExternalSyntheticLambda11@43959cc
02-12 11:29:35.999  2535  4118 D BatteryStatsService: noteVideoSurfaceChanged  noteWhich: 49,arg1: -1, arg2: -1, arg3: 4671, arg4: 369, name: com.vivo.fingerprintui
02-12 11:29:36.066 22169 22169 D VRI[0 fl=}]: visibilityChanged oldVisibility=false newVisibility=true
02-12 11:29:36.083 22169 22169 D ViewRootImpl: AppSizeAfterRelayout, size: Point(1260, 2800), rotation: ROTATION_90
02-12 11:29:36.086 15997 15997 D WM-DelayedWorkTracker: Scheduling work 09103ed0-6199-4ca1-b14c-05240b121486
02-12 11:29:36.087 15997 15997 D WM-GreedyScheduler: Starting tracking for 09103ed0-6199-4ca1-b14c-05240b121486
02-12 11:29:36.093 22169 22169 W libc    : Access denied finding property "vendor.gpp.create_frc_extension"
02-12 11:29:36.103 22169 22169 I cjef    : onStart
02-12 11:29:36.107 22169 22169 I cjef    : onResume
02-12 11:29:36.111  6628  6628 D BoundBrokerSvc: onRebind: Intent { act=com.google.android.gms.inappreach.service.START dat=chimera-action:/... cmp=com.google.android.gms/.chimera.GmsApiService }
02-12 11:29:36.112  8139  8673 I tbu     : Disconnecting from SysUi, flag disabled [IVR-C]
02-12 11:29:36.112  8139  8673 I tbp     : No binding to unbind [IVR-C]
02-12 11:29:36.112  8139  8673 I tbp     : Disconnected from SysUi [IVR-C]
02-12 11:29:36.121  8139  8139 I eyib    : (REDACTED) O received %s
