02-20 11:33:53.166 22045 30787 V AconfigFlags: Read Aconfig default flag value android.location.flags.enable_location_bypass = false
02-20 11:33:53.173 22045 30787 V AconfigFlags: Read Aconfig default flag value com.android.internal.telephony.flags.reconnect_qualified_network = true
02-20 11:33:53.174 22045 30787 V AconfigFlags: Read Aconfig default flag value com.android.internal.telephony.flags.remove_country_code_from_local_singapore_calls = true
02-20 11:33:53.177 22045 30787 V AconfigFlags: Read Aconfig default flag value com.android.systemui.save_and_restore_magnification_settings_buttons = false
02-20 11:33:53.177 22045 30787 V AconfigFlags: Read Aconfig default flag value com.android.systemui.scene_container = false
02-20 11:33:53.177 22045 30787 V AconfigFlags: Read Aconfig default flag value com.android.systemui.screenshare_notification_hiding_bug_fix = true
02-20 11:33:53.177 22045 30787 V AconfigFlags: Read Aconfig default flag value com.android.systemui.screenshot_action_dismiss_system_windows = false
02-20 11:33:53.177 22045 30787 V AconfigFlags: Read Aconfig default flag value com.android.systemui.screenshot_private_profile_accessibility_announcement_fix = true
02-20 11:33:53.177 22045 30787 V AconfigFlags: Read Aconfig default flag value com.android.systemui.screenshot_private_profile_behavior_fix = true
02-20 11:33:53.177 22045 30787 V AconfigFlags: Read Aconfig default flag value com.android.systemui.screenshot_scroll_crop_view_crash_fix = true
02-20 11:33:53.177 22045 30787 V AconfigFlags: Read Aconfig default flag value com.android.systemui.screenshot_shelf_ui2 = true
02-20 11:33:53.177 22045 30787 V AconfigFlags: Read Aconfig default flag value com.android.systemui.shade_collapse_activity_launch_fix = false
02-20 11:33:53.177 22045 30787 V AconfigFlags: Read Aconfig default flag value com.android.systemui.shaderlib_loading_effect_refactor = false
02-20 11:33:53.177 22045 30787 V AconfigFlags: Read Aconfig default flag value com.android.systemui.shared.bouncer_area_exclusion = true
02-20 11:33:53.177 22045 30787 V AconfigFlags: Read Aconfig default flag value com.android.systemui.shared.enable_home_delay = false
02-20 11:33:53.177 22045 30787 V AconfigFlags: Read Aconfig default flag value com.android.systemui.shared.example_shared_flag = false
02-20 11:33:53.177 22045 30787 V AconfigFlags: Read Aconfig default flag value com.android.systemui.shared.return_animation_framework_library = false
02-20 11:33:53.177 22045 30787 V AconfigFlags: Read Aconfig default flag value com.android.systemui.shared.shade_allow_back_gesture = false
02-20 11:33:53.177 22045 30787 V AconfigFlags: Read Aconfig default flag value com.android.systemui.shared.sidefps_controller_refactor = true
02-20 11:33:53.177 22045 30787 V AconfigFlags: Read Aconfig default flag value com.android.systemui.slice_broadcast_relay_in_background = false
02-20 11:33:53.174 22045 30787 V AconfigFlags: Read Aconfig default flag value com.android.internal.telephony.flags.reset_primary_sim_default_values = false
02-20 11:33:53.174 22045 30787 V AconfigFlags: Read Aconfig default flag value com.android.internal.telephony.flags.roaming_notification_for_single_data_network = true
02-20 11:33:53.174 22045 30787 V AconfigFlags: Read Aconfig default flag value com.android.internal.telephony.flags.satellite_internet = true
02-20 11:33:53.174 22045 30787 V AconfigFlags: Read Aconfig default flag value com.android.internal.telephony.flags.satellite_persistent_logging = false
02-20 11:33:53.174 22045 30787 V AconfigFlags: Read Aconfig default flag value com.android.internal.telephony.flags.set_no_reply_timer_for_cfnry = true
02-20 11:33:53.174 22045 30787 V AconfigFlags: Read Aconfig default flag value com.android.internal.telephony.flags.set_number_of_sim_for_ims_enable = true
02-20 11:33:53.174 22045 30787 V AconfigFlags: Read Aconfig default flag value com.android.internal.telephony.flags.simultaneous_calling_indications = true
02-20 11:33:53.174 22045 30787 V AconfigFlags: Read Aconfig default flag value com.android.internal.telephony.flags.slicing_additional_error_codes = true
02-20 11:33:53.174 22045 30787 V AconfigFlags: Read Aconfig default flag value com.android.internal.telephony.flags.stop_spamming_emergency_notification = false
02-20 11:33:53.177 22045 30787 V AconfigFlags: Read Aconfig default flag value com.android.systemui.smartspace_lockscreen_viewmodel = false
02-20 11:33:53.177 22045 30787 V AconfigFlags: Read Aconfig default flag value com.android.systemui.smartspace_relocate_to_bottom = false
02-20 11:33:53.177 22045 30787 V AconfigFlags: Read Aconfig default flag value com.android.systemui.smartspace_remoteviews_rendering = false
02-20 11:33:53.174 22045 30787 V AconfigFlags: Read Aconfig default flag value com.android.internal.telephony.flags.terminate_active_video_call_when_accepting_second_video_call_as_audio_only = false
02-20 11:33:53.174 22045 30787 V AconfigFlags: Read Aconfig default flag value com.android.internal.telephony.flags.unregister_sms_broadcast_receiver_from_cat_service = false
02-20 11:33:53.174 22045 30787 V AconfigFlags: Read Aconfig default flag value com.android.internal.telephony.flags.update_ims_service_by_gathering_provisioning_changes = true
02-20 11:33:53.174 22045 30787 V AconfigFlags: Read Aconfig default flag value com.android.internal.telephony.flags.use_aosp_domain_selection_service = false
02-20 11:33:53.174 22045 30787 V AconfigFlags: Read Aconfig default flag value com.android.media.flags.enable_use_of_bluetooth_device_get_alias_for_mr2info_get_name = true
02-20 11:33:53.174 22045 30787 V AconfigFlags: Read Aconfig default flag value com.android.server.accessibility.cleanup_a11y_overlays = false
02-20 11:33:53.175 22045 30787 V AconfigFlags: Read Aconfig default flag value com.android.server.flags.disable_system_compaction = true
02-20 11:33:53.175 22045 30787 V AconfigFlags: Read Aconfig default flag value com.android.server.job.batch_connectivity_jobs_per_network = false
02-20 11:33:53.175 22045 30787 V AconfigFlags: Read Aconfig default flag value com.android.server.job.count_quota_fix = true
02-20 11:33:53.175 22045 30787 V AconfigFlags: Read Aconfig default flag value com.android.server.job.relax_prefetch_connectivity_constraint_only_on_charger = true
02-20 11:33:53.175 22045 30787 V AconfigFlags: Read Aconfig default flag value com.android.server.power.feature.flags.improve_wakelock_latency = false
02-20 11:33:53.175 22045 30787 V AconfigFlags: Read Aconfig default flag value com.android.server.power.hint.adpf_session_tag = false
02-20 11:33:53.175 22045 30787 V AconfigFlags: Read Aconfig default flag value com.android.server.power.hint.powerhint_thread_cleanup = true
02-20 11:33:53.175 22045 30787 V AconfigFlags: Read Aconfig default flag value com.android.server.power.optimization.disable_system_service_power_attr = true
02-20 11:33:53.176 22045 30787 V AconfigFlags: Read Aconfig default flag value com.android.systemui.communal_bouncer_do_not_modify_plugin_open = false
02-20 11:33:53.176 22045 30787 V AconfigFlags: Read Aconfig default flag value com.android.systemui.communal_hub = false
02-20 11:33:53.176 22045 30787 V AconfigFlags: Read Aconfig default flag value com.android.systemui.compose_bouncer = false
02-20 11:33:53.176 22045 30787 V AconfigFlags: Read Aconfig default flag value com.android.systemui.disable_contextual_tips_ios_switcher_check = false
02-20 11:33:53.177 22045 30787 V AconfigFlags: Read Aconfig default flag value com.android.systemui.media_controls_lockscreen_shade_bug_fix = true
02-20 11:33:53.178 22045 30787 V AconfigFlags: Read Aconfig default flag value com.android.window.flags.surface_control_input_receiver = true
02-20 11:33:53.179 22045 30787 V AconfigFlags: Read Aconfig default flag value com.android.window.flags.surface_trusted_overlay = true
02-20 11:33:53.179 22045 30787 V AconfigFlags: Read Aconfig default flag value com.android.window.flags.sync_screen_capture = true
02-20 11:33:53.179 22045 30787 V AconfigFlags: Read Aconfig default flag value com.android.window.flags.task_fragment_system_organizer_flag = true
02-20 11:33:53.179 22045 30787 V AconfigFlags: Read Aconfig default flag value com.android.window.flags.transit_ready_tracking = false
02-20 11:33:53.179 22045 30787 V AconfigFlags: Read Aconfig default flag value com.android.window.flags.trusted_presentation_listener_for_window = true
02-20 11:33:53.179 22045 30787 V AconfigFlags: Read Aconfig default flag value com.android.window.flags.untrusted_embedding_any_app_permission = false
02-20 11:33:53.179 22045 30787 V AconfigFlags: Read Aconfig default flag value com.android.window.flags.untrusted_embedding_state_sharing = true
02-20 11:33:53.177 22045 30787 V AconfigFlags: Read Aconfig default flag value com.android.systemui.status_bar_screen_sharing_chips = false
02-20 11:33:53.177 22045 30787 V AconfigFlags: Read Aconfig default flag value com.android.systemui.status_bar_static_inout_indicators = false
02-20 11:33:53.177 22045 30787 V AconfigFlags: Read Aconfig default flag value com.android.systemui.switch_user_on_bg = true
02-20 11:33:53.177 22045 30787 V AconfigFlags: Read Aconfig default flag value com.android.systemui.sysui_teamfood = false
02-20 11:33:53.177 22045 30787 V AconfigFlags: Read Aconfig default flag value com.android.systemui.theme_overlay_controller_wakefulness_deprecation = false
02-20 11:33:53.177 22045 30787 V AconfigFlags: Read Aconfig default flag value com.android.systemui.translucent_occluding_activity_fix = true
02-20 11:33:53.177 22045 30787 V AconfigFlags: Read Aconfig default flag value com.android.systemui.truncated_status_bar_icons_fix = true
02-20 11:33:53.177 22045 30787 V AconfigFlags: Read Aconfig default flag value com.android.systemui.udfps_view_performance = true
02-20 11:33:53.177 22045 30787 V AconfigFlags: Read Aconfig default flag value com.android.systemui.unfold_animation_background_progress = true
02-20 11:33:53.177 22045 30787 V AconfigFlags: Read Aconfig default flag value com.android.systemui.update_user_switcher_background = true
02-20 11:33:53.177 22045 30787 V AconfigFlags: Read Aconfig default flag value com.android.systemui.validate_keyboard_shortcut_helper_icon_uri = false
02-20 11:33:53.177 22045 30787 V AconfigFlags: Read Aconfig default flag value com.android.systemui.visual_interruptions_refactor = true
02-20 11:33:53.177 22045 30787 V AconfigFlags: Read Aconfig default flag value com.android.text.flags.complete_font_load_in_system_services_ready = true
02-20 11:33:53.177 22045 30787 V AconfigFlags: Read Aconfig default flag value com.android.text.flags.deprecate_ui_fonts = true
02-20 11:33:53.177 22045 30787 V AconfigFlags: Read Aconfig default flag value com.android.text.flags.disable_handwriting_initiator_for_ime = true
02-20 11:33:53.177 22045 30787 V AconfigFlags: Read Aconfig default flag value com.android.text.flags.escape_clears_focus = true
02-20 11:33:53.178 22045 30787 V AconfigFlags: Read Aconfig default flag value com.android.text.flags.fix_double_underline = true
02-20 11:33:53.178 22045 30787 V AconfigFlags: Read Aconfig default flag value com.android.text.flags.fix_font_update_failure = true
02-20 11:33:53.178 22045 30787 V AconfigFlags: Read Aconfig default flag value com.android.text.flags.fix_line_height_for_locale = true
02-20 11:33:53.178 22045 30787 V AconfigFlags: Read Aconfig default flag value com.android.text.flags.fix_misaligned_context_menu = true
02-20 11:33:53.178 22045 30787 V AconfigFlags: Read Aconfig default flag value com.android.text.flags.fix_null_typeface_bolding = false
02-20 11:33:53.178 22045 30787 V AconfigFlags: Read Aconfig default flag value com.android.text.flags.handwriting_cursor_position = true
02-20 11:33:53.178 22045 30787 V AconfigFlags: Read Aconfig default flag value com.android.text.flags.handwriting_end_of_line_tap = true
02-20 11:33:53.178 22045 30787 V AconfigFlags: Read Aconfig default flag value com.android.text.flags.handwriting_unsupported_message = true
02-20 11:33:53.178 22045 30787 V AconfigFlags: Read Aconfig default flag value com.android.text.flags.icu_bidi_migration = true
02-20 11:33:53.178 22045 30787 V AconfigFlags: Read Aconfig default flag value com.android.text.flags.insert_mode_crash_when_delete = true
02-20 11:33:53.178 22045 30787 V AconfigFlags: Read Aconfig default flag value com.android.text.flags.insert_mode_not_update_selection = false
02-20 11:33:53.178 22045 30787 V AconfigFlags: Read Aconfig default flag value com.android.text.flags.lazy_variation_instance = true
02-20 11:33:53.178 22045 30787 V AconfigFlags: Read Aconfig default flag value com.android.text.flags.letter_spacing_justification = true
02-20 11:33:53.178 22045 30787 V AconfigFlags: Read Aconfig default flag value com.android.text.flags.missing_getter_apis = false
02-20 11:33:53.178 22045 30787 V AconfigFlags: Read Aconfig default flag value com.android.text.flags.new_fonts_fallback_xml = true
02-20 11:33:53.178 22045 30787 V AconfigFlags: Read Aconfig default flag value com.android.text.flags.no_break_no_hyphenation_span = true
02-20 11:33:53.178 22045 30787 V AconfigFlags: Read Aconfig default flag value com.android.text.flags.phrase_strict_fallback = true
02-20 11:33:53.178 22045 30787 V AconfigFlags: Read Aconfig default flag value com.android.text.flags.rust_hyphenator = false
02-20 11:33:53.178 22045 30787 V AconfigFlags: Read Aconfig default flag value com.android.text.flags.use_bounds_for_width = true
02-20 11:33:53.178 22045 30787 V AconfigFlags: Read Aconfig default flag value com.android.text.flags.use_optimized_boottime_font_loading = true
02-20 11:33:53.178 22045 30787 V AconfigFlags: Read Aconfig default flag value com.android.text.flags.vendor_custom_locale_fallback = true
02-20 11:33:53.178 22045 30787 V AconfigFlags: Read Aconfig default flag value com.android.text.flags.word_style_auto = true
02-20 11:33:53.178 22045 30787 V AconfigFlags: Read Aconfig default flag value com.android.window.flags.activity_embedding_animation_customization_flag = false
02-20 11:33:53.178 22045 30787 V AconfigFlags: Read Aconfig default flag value com.android.window.flags.activity_embedding_interactive_divider_flag = true
02-20 11:33:53.178 22045 30787 V AconfigFlags: Read Aconfig default flag value com.android.window.flags.activity_embedding_overlay_presentation_flag = true
02-20 11:33:53.178 22045 30787 V AconfigFlags: Read Aconfig default flag value com.android.window.flags.activity_snapshot_by_default = true
02-20 11:33:53.178 22045 30787 V AconfigFlags: Read Aconfig default flag value com.android.window.flags.activity_window_info_flag = true
02-20 11:33:53.178 22045 30787 V AconfigFlags: Read Aconfig default flag value com.android.window.flags.allow_disable_activity_record_input_sink = true
02-20 11:33:53.178 22045 30787 V AconfigFlags: Read Aconfig default flag value com.android.window.flags.allow_hide_scm_button = true
02-20 11:33:53.178 22045 30787 V AconfigFlags: Read Aconfig default flag value com.android.window.flags.allows_screen_size_decoupled_from_status_bar_and_cutout = true
02-20 11:33:53.178 22045 30787 V AconfigFlags: Read Aconfig default flag value com.android.window.flags.always_defer_transition_when_apply_wct = true
02-20 11:33:53.178 22045 30787 V AconfigFlags: Read Aconfig default flag value com.android.window.flags.always_draw_magnification_fullscreen_border = true
02-20 11:33:53.178 22045 30787 V AconfigFlags: Read Aconfig default flag value com.android.window.flags.always_update_wallpaper_permission = true
02-20 11:33:53.178 22045 30787 V AconfigFlags: Read Aconfig default flag value com.android.window.flags.app_compat_properties_api = true
02-20 11:33:53.178 22045 30787 V AconfigFlags: Read Aconfig default flag value com.android.window.flags.app_compat_refactoring = false
02-20 11:33:53.178 22045 30787 V AconfigFlags: Read Aconfig default flag value com.android.window.flags.bal_dont_bring_existing_background_task_stack_to_fg = true
02-20 11:33:53.178 22045 30787 V AconfigFlags: Read Aconfig default flag value com.android.window.flags.bal_improve_real_caller_visibility_check = true
02-20 11:33:53.178 22045 30787 V AconfigFlags: Read Aconfig default flag value com.android.window.flags.bal_improved_metrics = false
02-20 11:33:53.178 22045 30787 V AconfigFlags: Read Aconfig default flag value com.android.window.flags.bal_require_opt_in_by_pending_intent_creator = true
02-20 11:33:53.178 22045 30787 V AconfigFlags: Read Aconfig default flag value com.android.window.flags.bal_require_opt_in_same_uid = false
02-20 11:33:53.178 22045 30787 V AconfigFlags: Read Aconfig default flag value com.android.window.flags.bal_respect_app_switch_state_when_check_bound_by_foreground_uid = true
02-20 11:33:53.178 22045 30787 V AconfigFlags: Read Aconfig default flag value com.android.window.flags.bal_show_toasts = false
02-20 11:33:53.178 22045 30787 V AconfigFlags: Read Aconfig default flag value com.android.window.flags.bal_show_toasts_blocked = false
02-20 11:33:53.178 22045 30787 V AconfigFlags: Read Aconfig default flag value com.android.window.flags.blast_sync_notification_shade_on_display_switch = false
02-20 11:33:53.178 22045 30787 V AconfigFlags: Read Aconfig default flag value com.android.window.flags.bundle_client_transaction_flag = true
02-20 11:33:53.178 22045 30787 V AconfigFlags: Read Aconfig default flag value com.android.window.flags.camera_compat_for_freeform = false
02-20 11:33:53.178 22045 30787 V AconfigFlags: Read Aconfig default flag value com.android.window.flags.close_to_square_config_includes_status_bar = false
02-20 11:33:53.178 22045 30787 V AconfigFlags: Read Aconfig default flag value com.android.window.flags.configurable_font_scale_default = true
02-20 11:33:53.178 22045 30787 V AconfigFlags: Read Aconfig default flag value com.android.window.flags.cover_display_opt_in = true
02-20 11:33:53.178 22045 30787 V AconfigFlags: Read Aconfig default flag value com.android.window.flags.defer_display_updates = true
02-20 11:33:53.178 22045 30787 V AconfigFlags: Read Aconfig default flag value com.android.window.flags.delay_notification_to_magnification_when_recents_window_to_front_transition = true
02-20 11:33:53.178 22045 30787 V AconfigFlags: Read Aconfig default flag value com.android.window.flags.delegate_unhandled_drags = true
02-20 11:33:53.178 22045 30787 V AconfigFlags: Read Aconfig default flag value com.android.window.flags.delete_capture_display = true
02-20 11:33:53.178 22045 30787 V AconfigFlags: Read Aconfig default flag value com.android.window.flags.density_390_api = true
02-20 11:33:53.178 22045 30787 V AconfigFlags: Read Aconfig default flag value com.android.window.flags.disable_object_pool = false
02-20 11:33:53.178 22045 30787 V AconfigFlags: Read Aconfig default flag value com.android.window.flags.disable_thin_letterboxing_policy = true
02-20 11:33:53.178 22045 30787 V AconfigFlags: Read Aconfig default flag value com.android.window.flags.do_not_check_intersection_when_non_magnifiable_window_transitions = false
02-20 11:33:53.178 22045 30787 V AconfigFlags: Read Aconfig default flag value com.android.window.flags.draw_snapshot_aspect_ratio_match = false
02-20 11:33:53.178 22045 30787 V AconfigFlags: Read Aconfig default flag value com.android.window.flags.edge_to_edge_by_default = false
02-20 11:33:53.178 22045 30787 V AconfigFlags: Read Aconfig default flag value com.android.window.flags.embedded_activity_back_nav_flag = true
02-20 11:33:53.178 22045 30787 V AconfigFlags: Read Aconfig default flag value com.android.window.flags.enable_additional_windows_above_status_bar = false
02-20 11:33:53.178 22045 30787 V AconfigFlags: Read Aconfig default flag value com.android.window.flags.enable_app_header_with_task_density = false
02-20 11:33:53.178 22045 30787 V AconfigFlags: Read Aconfig default flag value com.android.window.flags.enable_buffer_transform_hint_from_display = true
02-20 11:33:53.178 22045 30787 V AconfigFlags: Read Aconfig default flag value com.android.window.flags.enable_camera_compat_for_desktop_windowing = false
02-20 11:33:53.178 22045 30787 V AconfigFlags: Read Aconfig default flag value com.android.window.flags.enable_compatui_sysui_launcher = false
02-20 11:33:53.178 22045 30787 V AconfigFlags: Read Aconfig default flag value com.android.window.flags.enable_desktop_windowing_immersive_handle_hiding = false
02-20 11:33:53.178 22045 30787 V AconfigFlags: Read Aconfig default flag value com.android.window.flags.enable_desktop_windowing_modals_policy = false
02-20 11:33:53.178 22045 30787 V AconfigFlags: Read Aconfig default flag value com.android.window.flags.enable_desktop_windowing_mode = false
02-20 11:33:53.178 22045 30787 V AconfigFlags: Read Aconfig default flag value com.android.window.flags.enable_desktop_windowing_quick_switch = false
02-20 11:33:53.178 22045 30787 V AconfigFlags: Read Aconfig default flag value com.android.window.flags.enable_desktop_windowing_scvh_cache = false
02-20 11:33:53.178 22045 30787 V AconfigFlags: Read Aconfig default flag value com.android.window.flags.enable_desktop_windowing_size_constraints = false
02-20 11:33:53.178 22045 30787 V AconfigFlags: Read Aconfig default flag value com.android.window.flags.enable_desktop_windowing_task_limit = false
02-20 11:33:53.178 22045 30787 V AconfigFlags: Read Aconfig default flag value com.android.window.flags.enable_desktop_windowing_taskbar_running_apps = false
02-20 11:33:53.178 22045 30787 V AconfigFlags: Read Aconfig default flag value com.android.window.flags.enable_desktop_windowing_wallpaper_activity = false
02-20 11:33:53.178 22045 30787 V AconfigFlags: Read Aconfig default flag value com.android.window.flags.enable_scaled_resizing = false
02-20 11:33:53.178 22045 30787 V AconfigFlags: Read Aconfig default flag value com.android.window.flags.enable_task_stack_observer_in_shell = false
02-20 11:33:53.178 22045 30787 V AconfigFlags: Read Aconfig default flag value com.android.window.flags.enable_themed_app_headers = false
02-20 11:33:53.178 22045 30787 V AconfigFlags: Read Aconfig default flag value com.android.window.flags.enable_windowing_dynamic_initial_bounds = false
02-20 11:33:53.178 22045 30787 V AconfigFlags: Read Aconfig default flag value com.android.window.flags.enable_windowing_edge_drag_resize = false
02-20 11:33:53.178 22045 30787 V AconfigFlags: Read Aconfig default flag value com.android.window.flags.enable_wm_extensions_for_all_flag = false
02-20 11:33:53.178 22045 30787 V AconfigFlags: Read Aconfig default flag value com.android.window.flags.enforce_edge_to_edge = true
02-20 11:33:53.178 22045 30787 V AconfigFlags: Read Aconfig default flag value com.android.window.flags.ensure_wallpaper_in_transitions = false
02-20 11:33:53.178 22045 30787 V AconfigFlags: Read Aconfig default flag value com.android.window.flags.explicit_refresh_rate_hints = true
02-20 11:33:53.178 22045 30787 V AconfigFlags: Read Aconfig default flag value com.android.window.flags.fifo_priority_for_major_ui_processes = false
02-20 11:33:53.178 22045 30787 V AconfigFlags: Read Aconfig default flag value com.android.window.flags.fix_no_container_update_without_resize = true
02-20 11:33:53.178 22045 30787 V AconfigFlags: Read Aconfig default flag value com.android.window.flags.fix_pip_restore_to_overlay = true
02-20 11:33:53.178 22045 30787 V AconfigFlags: Read Aconfig default flag value com.android.window.flags.fullscreen_dim_flag = true
02-20 11:33:53.178 22045 30787 V AconfigFlags: Read Aconfig default flag value com.android.window.flags.get_dimmer_on_closing = false
02-20 11:33:53.178 22045 30787 V AconfigFlags: Read Aconfig default flag value com.android.window.flags.immersive_app_repositioning = true
02-20 11:33:53.178 22045 30787 V AconfigFlags: Read Aconfig default flag value com.android.window.flags.insets_control_changed_item = true
02-20 11:33:53.178 22045 30787 V AconfigFlags: Read Aconfig default flag value com.android.window.flags.insets_control_seq = false
02-20 11:33:53.178 22045 30787 V AconfigFlags: Read Aconfig default flag value com.android.window.flags.insets_decoupled_configuration = true
02-20 11:33:53.178 22045 30787 V AconfigFlags: Read Aconfig default flag value com.android.window.flags.introduce_smoother_dimmer = true
02-20 11:33:53.178 22045 30787 V AconfigFlags: Read Aconfig default flag value com.android.window.flags.keyguard_appear_transition = true
02-20 11:33:53.178 22045 30787 V AconfigFlags: Read Aconfig default flag value com.android.window.flags.letterbox_background_wallpaper = false
02-20 11:33:53.178 22045 30787 V AconfigFlags: Read Aconfig default flag value com.android.window.flags.movable_cutout_configuration = true
02-20 11:33:53.178 22045 30787 V AconfigFlags: Read Aconfig default flag value com.android.window.flags.move_animation_options_to_change = false
02-20 11:33:53.178 22045 30787 V AconfigFlags: Read Aconfig default flag value com.android.window.flags.multi_crop = true
02-20 11:33:53.178 22045 30787 V AconfigFlags: Read Aconfig default flag value com.android.window.flags.nav_bar_transparent_by_default = false
02-20 11:33:53.178 22045 30787 V AconfigFlags: Read Aconfig default flag value com.android.window.flags.no_consecutive_visibility_events = true
02-20 11:33:53.178 22045 30787 V AconfigFlags: Read Aconfig default flag value com.android.window.flags.no_visibility_event_on_display_state_change = false
02-20 11:33:53.178 22045 30787 V AconfigFlags: Read Aconfig default flag value com.android.window.flags.offload_color_extraction = false
02-20 11:33:53.178 22045 30787 V AconfigFlags: Read Aconfig default flag value com.android.window.flags.predictive_back_system_anims = true
02-20 11:33:53.178 22045 30787 V AconfigFlags: Read Aconfig default flag value com.android.window.flags.rear_display_disable_force_desktop_system_decorations = false
02-20 11:33:53.178 22045 30787 V AconfigFlags: Read Aconfig default flag value com.android.window.flags.release_snapshot_aggressively = false
02-20 11:33:53.178 22045 30787 V AconfigFlags: Read Aconfig default flag value com.android.window.flags.remove_prepare_surface_in_placement = false
02-20 11:33:53.178 22045 30787 V AconfigFlags: Read Aconfig default flag value com.android.window.flags.screen_recording_callbacks = true
02-20 11:33:53.178 22045 30787 V AconfigFlags: Read Aconfig default flag value com.android.window.flags.sdk_desired_present_time = true
02-20 11:33:53.178 22045 30787 V AconfigFlags: Read Aconfig default flag value com.android.window.flags.secure_window_state = true
02-20 11:33:53.178 22045 30787 V AconfigFlags: Read Aconfig default flag value com.android.window.flags.set_sc_properties_in_client = false
02-20 11:33:53.178 22045 30787 V AconfigFlags: Read Aconfig default flag value com.android.window.flags.skip_sleeping_when_switching_display = true
02-20 11:33:53.178 22045 30787 V AconfigFlags: Read Aconfig default flag value com.android.window.flags.supports_multi_instance_system_ui = true
02-20 11:33:53.179 22045 30787 V AconfigFlags: Read Aconfig default flag value com.android.window.flags.user_min_aspect_ratio_app_default = true
02-20 11:33:53.179 22045 30787 V AconfigFlags: Read Aconfig default flag value com.android.wm.shell.enable_app_pairs = true
02-20 11:33:53.179 22045 30787 V AconfigFlags: Read Aconfig default flag value com.android.wm.shell.enable_bubble_anything = false
02-20 11:33:53.179 22045 30787 V AconfigFlags: Read Aconfig default flag value com.android.wm.shell.enable_bubble_bar = false
02-20 11:33:53.179 22045 30787 V AconfigFlags: Read Aconfig default flag value com.android.wm.shell.enable_bubble_stashing = false
02-20 11:33:53.179 22045 30787 V AconfigFlags: Read Aconfig default flag value com.android.wm.shell.enable_bubbles_long_press_nav_handle = false
02-20 11:33:53.179 22045 30787 V AconfigFlags: Read Aconfig default flag value com.android.wm.shell.enable_left_right_split_in_portrait = true
02-20 11:33:53.179 22045 30787 V AconfigFlags: Read Aconfig default flag value com.android.wm.shell.enable_new_bubble_animations = false
02-20 11:33:53.179 22045 30787 V AconfigFlags: Read Aconfig default flag value com.android.wm.shell.enable_optional_bubble_overflow = false
02-20 11:33:53.179 22045 30787 V AconfigFlags: Read Aconfig default flag value com.android.wm.shell.enable_pip2_implementation = false
02-20 11:33:53.179 22045 30787 V AconfigFlags: Read Aconfig default flag value com.android.wm.shell.enable_pip_umo_experience = false
02-20 11:33:53.179 22045 30787 V AconfigFlags: Read Aconfig default flag value com.android.wm.shell.enable_retrievable_bubbles = false
02-20 11:33:53.179 22045 30787 V AconfigFlags: Read Aconfig default flag value com.android.wm.shell.enable_split_contextual = true
02-20 11:33:53.179 22045 30787 V AconfigFlags: Read Aconfig default flag value com.android.wm.shell.enable_taskbar_navbar_unification = true
02-20 11:33:53.179 22045 30787 V AconfigFlags: Read Aconfig default flag value com.android.wm.shell.enable_tiny_taskbar = false
02-20 11:33:53.179 22045 30787 V AconfigFlags: Read Aconfig default flag value com.android.wm.shell.only_reuse_bubbled_task_when_launched_from_bubble = false
02-20 11:33:53.179 22045 30787 V AconfigFlags: Read Aconfig default flag value com.example.android.aconfig.demo.flags.append_injected_content = false
02-20 11:33:53.179 22045 30787 V AconfigFlags: Read Aconfig default flag value com.example.android.aconfig.demo.flags.append_static_content = false
02-20 11:33:53.179 22045 30787 V AconfigFlags: Read Aconfig default flag value com.example.android.aconfig.demo.flags.awesome_flag_1 = false
02-20 11:33:53.179 22045 30787 V AconfigFlags: Read Aconfig default flag value com.example.android.aconfig.demo.flags.awesome_flag_2 = false
02-20 11:33:53.179 22045 30787 V AconfigFlags: Read Aconfig default flag value com.example.android.aconfig.demo.flags.fifth_flag = false
02-20 11:33:53.179 22045 30787 V AconfigFlags: Read Aconfig default flag value com.example.android.aconfig.demo.flags.read_only_flag = false
02-20 11:33:53.179 22045 30787 V AconfigFlags: Read Aconfig default flag value com.example.android.aconfig.demo.flags.support_bugfix_templates_demo_flag = false
02-20 11:33:53.179 22045 30787 V AconfigFlags: Read Aconfig default flag value com.example.android.aconfig.demo.flags.support_bugfix_templates_demo_flag_fixed_read_only = false
02-20 11:33:53.179 22045 30787 V AconfigFlags: Read Aconfig default flag value com.example.android.aconfig.demo.flags.support_wear_bugfix_templates_demo_flag = false
02-20 11:33:53.179 22045 30787 V AconfigFlags: Read Aconfig default flag value com.example.android.aconfig.demo.flags.support_wear_bugfix_templates_demo_flag_fixed_read_only = false
02-20 11:33:53.179 22045 30787 V AconfigFlags: Read Aconfig default flag value com.example.android.aconfig.demo.flags.test_mendel_gantry_disintegration = false
02-20 11:33:53.179 22045 30787 V AconfigFlags: Read Aconfig default flag value com.example.android.aconfig.demo.flags.test_mendel_gantry_disintegration_again = false
02-20 11:33:53.179 22045 30787 V AconfigFlags: Read Aconfig default flag value com.example.android.aconfig.demo.flags.third_flag = false
02-20 11:33:53.179 22045 30787 V AconfigFlags: Read Aconfig default flag value com.example.android.aconfig.demo.flags.yet_another_mendel_gantry_disintegration_bugfix_flag = false
02-20 11:33:53.179 22045 30787 V AconfigFlags: Read Aconfig default flag value com.example.android.aconfig.demo.flags.yet_another_mendel_gantry_disintegration_flag = false
02-20 11:33:53.179 22045 30787 V AconfigFlags: Read Aconfig default flag value com.example.android.aconfig.demo.flags.yet_another_test_bugfix_flag = false
02-20 11:33:53.179 22045 30787 V AconfigFlags: Read Aconfig default flag value com.example.android.aconfig.demo.flags.yet_another_test_flag = false
02-20 11:33:53.180 22045 30787 E AconfigFlags: Failed to read Aconfig values from /vendor/etc/aconfig_flags.pb
02-20 11:33:53.180 22045 30787 E AconfigFlags: java.io.FileNotFoundException: /vendor/etc/aconfig_flags.pb: open failed: ENOENT (No such file or directory)
02-20 11:33:53.180 22045 30787 E AconfigFlags: 	at libcore.io.IoBridge.open(IoBridge.java:574)
02-20 11:33:53.180 22045 30787 E AconfigFlags: 	at java.io.FileInputStream.<init>(FileInputStream.java:179)
02-20 11:33:53.180 22045 30787 E AconfigFlags: 	at java.io.FileInputStream.<init>(FileInputStream.java:133)
02-20 11:33:53.180 22045 30787 E AconfigFlags: 	at com.android.internal.pm.pkg.component.AconfigFlags.<init>(AconfigFlags.java:71)
02-20 11:33:53.180 22045 30787 E AconfigFlags: 	at com.android.internal.pm.pkg.parsing.ParsingPackageUtils.<clinit>(ParsingPackageUtils.java:299)
02-20 11:33:53.180 22045 30787 E AconfigFlags: 	at com.android.internal.pm.parsing.PackageParser2.<init>(PackageParser2.java:99)
02-20 11:33:53.180 22045 30787 E AconfigFlags: 	at android.content.pm.PackageManager.getPackageArchiveInfo(PackageManager.java:8937)
02-20 11:33:53.180 22045 30787 E AconfigFlags: 	at android.content.pm.PackageManager.getPackageArchiveInfo(PackageManager.java:8911)
02-20 11:33:53.180 22045 30787 E AconfigFlags: 	at rxv.e(:com.google.android.gms@250632035@25.06.32 (260400-724425688):43)
02-20 11:33:53.180 22045 30787 E AconfigFlags: 	at rxf.w(:com.google.android.gms@250632035@25.06.32 (260400-724425688):113)
02-20 11:33:53.180 22045 30787 E AconfigFlags: 	at com.google.android.gms.chimera.container.GmsModuleFinder.o(:com.google.android.gms@250632035@25.06.32 (260400-724425688):236)
02-20 11:33:53.180 22045 30787 E AconfigFlags: 	at com.google.android.gms.chimera.container.GmsModuleFinder.r(:com.google.android.gms@250632035@25.06.32 (260400-724425688):230)
02-20 11:33:53.180 22045 30787 E AconfigFlags: 	at com.google.android.gms.chimera.container.GmsModuleFinder.j(:com.google.android.gms@250632035@25.06.32 (260400-724425688):6)
02-20 11:33:53.180 22045 30787 E AconfigFlags: 	at com.google.android.gms.chimera.container.GmsModuleFinder.i(:com.google.android.gms@250632035@25.06.32 (260400-724425688):2)
02-20 11:33:53.180 22045 30787 E AconfigFlags: 	at com.google.android.gms.chimera.container.GmsModuleFinder$ConfigUpdateIntentOperation.onHandleIntent(:com.google.android.gms@250632035@25.06.32 (260400-724425688):132)
02-20 11:33:53.180 22045 30787 E AconfigFlags: 	at com.google.android.chimera.IntentOperation.onHandleIntent(:com.google.android.gms@250632035@25.06.32 (260400-724425688):2)
02-20 11:33:53.180 22045 30787 E AconfigFlags: 	at aogz.onHandleIntent(:com.google.android.gms@250632035@25.06.32 (260400-724425688):8)
02-20 11:33:53.180 22045 30787 E AconfigFlags: 	at sbe.run(:com.google.android.gms@250632035@25.06.32 (260400-724425688):70)
02-20 11:33:53.180 22045 30787 E AconfigFlags: 	at sbd.run(:com.google.android.gms@250632035@25.06.32 (260400-724425688):152)
02-20 11:33:53.180 22045 30787 E AconfigFlags: 	at ffot.run(:com.google.android.gms@250632035@25.06.32 (260400-724425688):21)
02-20 11:33:53.180 22045 30787 E AconfigFlags: 	at java.util.concurrent.ThreadPoolExecutor.runWorker(ThreadPoolExecutor.java:1145)
02-20 11:33:53.180 22045 30787 E AconfigFlags: 	at java.util.concurrent.ThreadPoolExecutor$Worker.run(ThreadPoolExecutor.java:644)
02-20 11:33:53.180 22045 30787 E AconfigFlags: 	at java.lang.Thread.run(Thread.java:1012)
02-20 11:33:53.180 22045 30787 E AconfigFlags: Caused by: android.system.ErrnoException: open failed: ENOENT (No such file or directory)
02-20 11:33:53.180 22045 30787 E AconfigFlags: 	at libcore.io.Linux.open(Native Method)
02-20 11:33:53.180 22045 30787 E AconfigFlags: 	at libcore.io.ForwardingOs.open(ForwardingOs.java:563)
02-20 11:33:53.180 22045 30787 E AconfigFlags: 	at libcore.io.BlockGuardOs.open(BlockGuardOs.java:274)
02-20 11:33:53.180 22045 30787 E AconfigFlags: 	at libcore.io.ForwardingOs.open(ForwardingOs.java:563)
02-20 11:33:53.180 22045 30787 E AconfigFlags: 	at android.app.ActivityThread$AndroidOs.open(ActivityThread.java:9729)
02-20 11:33:53.180 22045 30787 E AconfigFlags: 	at libcore.io.IoBridge.open(IoBridge.java:560)
02-20 11:33:53.180 22045 30787 E AconfigFlags: 	... 22 more
02-20 11:33:53.408 22045 30806 E ActivityThread: Failed to find provider info for subscribedfeeds
02-20 11:33:53.409 22045 30806 E ActivityThread: Failed to find provider info for subscribedfeeds
02-20 11:34:29.630 22045 30986 E ActivityThread: Failed to find provider info for subscribedfeeds
02-20 11:34:29.631 22045 30986 E ActivityThread: Failed to find provider info for subscribedfeeds
02-20 11:36:01.288 22045 31135 E ActivityThread: Failed to find provider info for subscribedfeeds
02-20 11:36:01.288 22045 31135 E ActivityThread: Failed to find provider info for subscribedfeeds
02-20 11:47:26.398  2316  3957 D BatteryStatsService: noteVideoSurfaceChanged  noteWhich: 49,arg1: -1, arg2: -1, arg3: 4527, arg4: 2299, name: com.vivo.fingerprintui
02-20 11:47:26.518  2316  4420 D BatteryStatsService: noteVideoSurfaceChanged  noteWhich: 49,arg1: -1, arg2: -1, arg3: 4141, arg4: 392, name: com.vivo.systemuiplugin
02-20 11:47:26.522  2316  3957 D BatteryStatsService: noteVideoSurfaceChanged  noteWhich: 49,arg1: -2, arg2: -1, arg3: 4141, arg4: 223, name: com.android.systemui
02-20 11:47:26.523  2316  3957 D BatteryStatsService: noteVideoSurfaceChanged  noteWhich: 49,arg1: -2, arg2: -1, arg3: 4141, arg4: 229, name: com.android.systemui
02-20 11:47:26.865  2316  4292 D BatteryStatsService: noteVideoSurfaceChanged  noteWhich: 49,arg1: -2, arg2: -1, arg3: 4141, arg4: 223, name: com.android.systemui
02-20 11:47:26.865  2316  4292 D BatteryStatsService: noteVideoSurfaceChanged  noteWhich: 49,arg1: -2, arg2: -1, arg3: 4141, arg4: 229, name: com.android.systemui
02-20 11:47:27.739  2316  4437 D BatteryStatsService: noteVideoSurfaceChanged  noteWhich: 49,arg1: 1260, arg2: 2800, arg3: 4141, arg4: 223, name: com.android.systemui
02-20 11:47:27.740  2316  4437 D BatteryStatsService: noteVideoSurfaceChanged  noteWhich: 49,arg1: 1260, arg2: 2800, arg3: 4141, arg4: 229, name: com.android.systemui
02-20 11:47:27.742  2316  4934 D BatteryStatsService: noteVideoSurfaceChanged  noteWhich: 49,arg1: 1260, arg2: 2800, arg3: 4141, arg4: 223, name: com.android.systemui
02-20 11:47:27.742  2316  4934 D BatteryStatsService: noteVideoSurfaceChanged  noteWhich: 49,arg1: 1260, arg2: 2800, arg3: 4141, arg4: 229, name: com.android.systemui
02-20 11:47:27.757  2316  4292 D BatteryStatsService: noteVideoSurfaceChanged  noteWhich: 49,arg1: 1260, arg2: 2800, arg3: 4141, arg4: 223, name: com.android.systemui
02-20 11:47:27.771  2316  7924 D BatteryStatsService: noteVideoSurfaceChanged  noteWhich: 49,arg1: 1260, arg2: 2800, arg3: 4141, arg4: 223, name: com.android.systemui
02-20 11:47:27.771  2316  3957 D BatteryStatsService: noteVideoSurfaceChanged  noteWhich: 49,arg1: 1260, arg2: 2800, arg3: 4141, arg4: 229, name: com.android.systemui
02-20 11:47:28.773  2316  3957 D BatteryStatsService: noteVideoSurfaceChanged  noteWhich: 49,arg1: -2, arg2: -1, arg3: 4141, arg4: 223, name: com.android.systemui
02-20 11:47:28.777  2316  7924 D BatteryStatsService: noteVideoSurfaceChanged  noteWhich: 49,arg1: -2, arg2: -1, arg3: 4141, arg4: 223, name: com.android.systemui
02-20 11:47:28.777  2316  7924 D BatteryStatsService: noteVideoSurfaceChanged  noteWhich: 49,arg1: -2, arg2: -1, arg3: 4141, arg4: 229, name: com.android.systemui
02-20 11:47:28.938  2316  3957 D BatteryStatsService: noteVideoSurfaceChanged  noteWhich: 49,arg1: -2, arg2: -1, arg3: 4141, arg4: 223, name: com.android.systemui
02-20 11:47:28.938  2316  3957 D BatteryStatsService: noteVideoSurfaceChanged  noteWhich: 49,arg1: -2, arg2: -1, arg3: 4141, arg4: 229, name: com.android.systemui
02-20 11:47:29.352  2316  4437 D BatteryStatsService: noteVideoSurfaceChanged  noteWhich: 49,arg1: -1, arg2: -1, arg3: 22624, arg4: 7, name: com.larksuite.suite
02-20 11:47:29.366  2316  4292 D BatteryStatsService: noteVideoSurfaceChanged  noteWhich: 49,arg1: -1, arg2: -1, arg3: 22624, arg4: 4661, name: com.larksuite.suite
02-20 11:47:32.367  2316  5477 D BatteryStatsService: noteVideoSurfaceChanged  noteWhich: 49,arg1: 1260, arg2: 2800, arg3: 4141, arg4: 223, name: com.android.systemui
02-20 11:47:32.368  2316  7924 D BatteryStatsService: noteVideoSurfaceChanged  noteWhich: 49,arg1: 1260, arg2: 2800, arg3: 4141, arg4: 229, name: com.android.systemui
02-20 11:47:32.369  2316  7924 D BatteryStatsService: noteVideoSurfaceChanged  noteWhich: 49,arg1: 1260, arg2: 2800, arg3: 4141, arg4: 223, name: com.android.systemui
02-20 11:47:32.369  2316  4270 D BatteryStatsService: noteVideoSurfaceChanged  noteWhich: 49,arg1: 1260, arg2: 2800, arg3: 4141, arg4: 229, name: com.android.systemui
02-20 11:47:32.377  2316  4270 D BatteryStatsService: noteVideoSurfaceChanged  noteWhich: 49,arg1: 1260, arg2: 2800, arg3: 4141, arg4: 229, name: com.android.systemui
02-20 11:47:32.399  2316  4270 D BatteryStatsService: noteVideoSurfaceChanged  noteWhich: 49,arg1: 1260, arg2: 2800, arg3: 4141, arg4: 223, name: com.android.systemui
02-20 11:47:32.404  2316  4270 D BatteryStatsService: noteVideoSurfaceChanged  noteWhich: 49,arg1: 1260, arg2: 2800, arg3: 4141, arg4: 223, name: com.android.systemui
02-20 11:47:33.852  2316  7924 D BatteryStatsService: noteVideoSurfaceChanged  noteWhich: 49,arg1: -2, arg2: -1, arg3: 4141, arg4: 223, name: com.android.systemui
02-20 11:47:33.859  2316  7924 D BatteryStatsService: noteVideoSurfaceChanged  noteWhich: 49,arg1: -2, arg2: -1, arg3: 4141, arg4: 223, name: com.android.systemui
02-20 11:47:33.862  2316  7924 D BatteryStatsService: noteVideoSurfaceChanged  noteWhich: 49,arg1: -2, arg2: -1, arg3: 4141, arg4: 229, name: com.android.systemui
02-20 11:47:34.013  2316  4934 D BatteryStatsService: noteVideoSurfaceChanged  noteWhich: 49,arg1: -2, arg2: -1, arg3: 4141, arg4: 223, name: com.android.systemui
02-20 11:47:34.014  2316  4934 D BatteryStatsService: noteVideoSurfaceChanged  noteWhich: 49,arg1: -2, arg2: -1, arg3: 4141, arg4: 229, name: com.android.systemui
02-20 11:47:43.370  2316  3481 D BatteryStatsService: noteVideoSurfaceChanged  noteWhich: 49,arg1: 1260, arg2: 2240, arg3: 20701, arg4: 981, name: com.instagram.android
02-20 11:47:43.475  2316  4288 D BatteryStatsService: noteVideoSurfaceChanged  noteWhich: 49,arg1: -1, arg2: -1, arg3: 20701, arg4: 981, name: com.instagram.android
02-20 11:47:54.243  2316  4292 D BatteryStatsService: noteVideoSurfaceChanged  noteWhich: 49,arg1: 1260, arg2: 2155, arg3: 20701, arg4: 4757, name: com.instagram.android
02-20 11:47:54.251  2316  4292 D BatteryStatsService: noteVideoSurfaceChanged  noteWhich: 49,arg1: 1260, arg2: 2240, arg3: 20701, arg4: 4757, name: com.instagram.android
02-20 11:47:55.108  2316  4270 D BatteryStatsService: noteVideoSurfaceChanged  noteWhich: 49,arg1: -2, arg2: -1, arg3: 20701, arg4: 4757, name: com.instagram.android
02-20 11:47:55.509  2316  4996 D BatteryStatsService: noteVideoSurfaceChanged  noteWhich: 49,arg1: -1, arg2: -1, arg3: 20701, arg4: 4757, name: com.instagram.android
02-20 11:47:57.013  2316  7924 D BatteryStatsService: noteVideoSurfaceChanged  noteWhich: 49,arg1: 1260, arg2: 2800, arg3: 4141, arg4: 223, name: com.android.systemui
02-20 11:47:57.013  2316  7924 D BatteryStatsService: noteVideoSurfaceChanged  noteWhich: 49,arg1: 1260, arg2: 2800, arg3: 4141, arg4: 229, name: com.android.systemui
02-20 11:47:57.025  2316  3481 D BatteryStatsService: noteVideoSurfaceChanged  noteWhich: 49,arg1: 1260, arg2: 2800, arg3: 4141, arg4: 223, name: com.android.systemui
02-20 11:47:57.025  2316  7924 D BatteryStatsService: noteVideoSurfaceChanged  noteWhich: 49,arg1: 1260, arg2: 2800, arg3: 4141, arg4: 229, name: com.android.systemui
02-20 11:47:57.049  2316  5033 D BatteryStatsService: noteVideoSurfaceChanged  noteWhich: 49,arg1: 1260, arg2: 2800, arg3: 4141, arg4: 392, name: com.vivo.systemuiplugin
02-20 11:47:57.052  2316  5033 D BatteryStatsService: noteVideoSurfaceChanged  noteWhich: 49,arg1: 1260, arg2: 2800, arg3: 4141, arg4: 229, name: com.android.systemui
02-20 11:47:57.053  2316  4290 D BatteryStatsService: noteVideoSurfaceChanged  noteWhich: 49,arg1: 1260, arg2: 2800, arg3: 4141, arg4: 392, name: com.vivo.systemuiplugin
02-20 11:47:57.093  2316  7924 D BatteryStatsService: noteVideoSurfaceChanged  noteWhich: 49,arg1: 968, arg2: 790, arg3: 4527, arg4: 2304, name: com.vivo.fingerprintui
02-20 11:47:57.098  2316  4977 D BatteryStatsService: noteVideoSurfaceChanged  noteWhich: 49,arg1: 968, arg2: 790, arg3: 4527, arg4: 2304, name: com.vivo.fingerprintui
02-20 11:51:48.988  7575 23003 I AlwaysOnHotwordDetector: onRejected
02-20 11:51:48.988  7575  7993 I AlwaysOnHotwordDetector: handle message 6
02-20 11:51:48.995  7575  8038 W KeyphraseEnrollmentInfo: No enrollment application supports the given keyphrase/locale: 'Y Google'/en_US
02-20 11:53:54.693  2316  5627 D BatteryStatsService: noteVideoSurfaceChanged  noteWhich: 49,arg1: 1260, arg2: 2800, arg3: 4141, arg4: 223, name: com.android.systemui
02-20 11:53:54.702  2316  2819 D BatteryStatsService: noteVideoSurfaceChanged  noteWhich: 49,arg1: 1260, arg2: 2800, arg3: 4141, arg4: 223, name: com.android.systemui
02-20 11:53:54.905  2316  4942 D BatteryStatsService: noteVideoSurfaceChanged  noteWhich: 49,arg1: -1, arg2: -1, arg3: 4527, arg4: 2304, name: com.vivo.fingerprintui
02-20 11:53:55.020  2316 14712 D BatteryStatsService: noteVideoSurfaceChanged  noteWhich: 49,arg1: -1, arg2: -1, arg3: 4141, arg4: 392, name: com.vivo.systemuiplugin
02-20 11:53:55.027  2316 14712 D BatteryStatsService: noteVideoSurfaceChanged  noteWhich: 49,arg1: -2, arg2: -1, arg3: 4141, arg4: 223, name: com.android.systemui
02-20 11:53:55.028  2316 14712 D BatteryStatsService: noteVideoSurfaceChanged  noteWhich: 49,arg1: -2, arg2: -1, arg3: 4141, arg4: 223, name: com.android.systemui
02-20 11:53:55.028  2316  5627 D BatteryStatsService: noteVideoSurfaceChanged  noteWhich: 49,arg1: -2, arg2: -1, arg3: 4141, arg4: 229, name: com.android.systemui
02-20 11:53:55.037  2316  5043 D BatteryStatsService: noteVideoSurfaceChanged  noteWhich: 49,arg1: 1260, arg2: 2800, arg3: 4141, arg4: 223, name: com.android.systemui
02-20 11:53:55.084  2316  3957 D BatteryStatsService: noteVideoSurfaceChanged  noteWhich: 49,arg1: 1260, arg2: 2800, arg3: 4141, arg4: 223, name: com.android.systemui
02-20 11:53:55.069  2316  4942 D BatteryStatsService: noteVideoSurfaceChanged  noteWhich: 49,arg1: -2, arg2: -1, arg3: 4141, arg4: 223, name: com.android.systemui
02-20 11:53:55.104  2316  5043 D BatteryStatsService: noteVideoSurfaceChanged  noteWhich: 49,arg1: -2, arg2: -1, arg3: 4141, arg4: 223, name: com.android.systemui
02-20 11:53:55.116  2316  4290 D BatteryStatsService: noteVideoSurfaceChanged  noteWhich: 49,arg1: 1260, arg2: 2800, arg3: 4141, arg4: 223, name: com.android.systemui
02-20 11:53:55.383  2316  4420 D BatteryStatsService: noteVideoSurfaceChanged  noteWhich: 49,arg1: -2, arg2: -1, arg3: 4141, arg4: 223, name: com.android.systemui
02-20 11:53:55.383  2316  4420 D BatteryStatsService: noteVideoSurfaceChanged  noteWhich: 49,arg1: -2, arg2: -1, arg3: 4141, arg4: 229, name: com.android.systemui
02-20 11:53:57.889  2316  5043 D BatteryStatsService: noteVideoSurfaceChanged  noteWhich: 49,arg1: 1260, arg2: 2240, arg3: 1224, arg4: 1730, name: com.instagram.android
02-20 11:53:57.908  2316  4287 D BatteryStatsService: noteVideoSurfaceChanged  noteWhich: 49,arg1: 1263, arg2: 2240, arg3: 1224, arg4: 1730, name: com.instagram.android
02-20 11:53:59.147  2316  4287 D BatteryStatsService: noteVideoSurfaceChanged  noteWhich: 49,arg1: -2, arg2: -1, arg3: 1224, arg4: 1730, name: com.instagram.android
02-20 11:53:59.158  2316  4287 D BatteryStatsService: noteVideoSurfaceChanged  noteWhich: 49,arg1: -1, arg2: -1, arg3: 1224, arg4: 1730, name: com.instagram.android
02-20 11:54:01.033  2316  4287 D BatteryStatsService: noteVideoSurfaceChanged  noteWhich: 49,arg1: 1260, arg2: 2240, arg3: 1224, arg4: 4366, name: com.instagram.android
02-20 11:54:01.737  2316  4420 D BatteryStatsService: noteVideoSurfaceChanged  noteWhich: 49,arg1: -1, arg2: -1, arg3: 1224, arg4: 4366, name: com.instagram.android
02-20 11:54:03.142  2316  5043 D BatteryStatsService: noteVideoSurfaceChanged  noteWhich: 49,arg1: 416, arg2: 840, arg3: 1224, arg4: 5483, name: com.instagram.android
02-20 11:54:04.778  2316  4420 D BatteryStatsService: noteVideoSurfaceChanged  noteWhich: 49,arg1: -1, arg2: -1, arg3: 1224, arg4: 5483, name: com.instagram.android
02-20 11:54:07.770  2316  4288 D BatteryStatsService: noteVideoSurfaceChanged  noteWhich: 49,arg1: -1, arg2: -1, arg3: 1224, arg4: 5698, name: com.instagram.android
02-20 11:54:08.012  2316  4288 D BatteryStatsService: noteVideoSurfaceChanged  noteWhich: 49,arg1: 416, arg2: 840, arg3: 1224, arg4: 5773, name: com.instagram.android
02-20 11:54:08.020  2316  4288 D BatteryStatsService: noteVideoSurfaceChanged  noteWhich: 49,arg1: 472, arg2: 838, arg3: 1224, arg4: 5773, name: com.instagram.android
02-20 11:54:08.597  2316  4015 D BatteryStatsService: noteVideoSurfaceChanged  noteWhich: 49,arg1: -1, arg2: -1, arg3: 1224, arg4: 5772, name: com.instagram.android
02-20 11:54:10.515  2316  5043 D BatteryStatsService: noteVideoSurfaceChanged  noteWhich: 49,arg1: 472, arg2: 838, arg3: 1224, arg4: 5774, name: com.instagram.android
02-20 11:54:12.174  2316  4288 D BatteryStatsService: noteVideoSurfaceChanged  noteWhich: 49,arg1: -1, arg2: -1, arg3: 1224, arg4: 5773, name: com.instagram.android
02-20 11:54:12.177  2316  5043 D BatteryStatsService: noteVideoSurfaceChanged  noteWhich: 49,arg1: -1, arg2: -1, arg3: 1224, arg4: 5774, name: com.instagram.android
02-20 11:54:12.280  2316  4288 D BatteryStatsService: noteVideoSurfaceChanged  noteWhich: 49,arg1: 1260, arg2: 2240, arg3: 1224, arg4: 5892, name: com.instagram.android
02-20 11:55:03.636  2316  4942 D BatteryStatsService: noteVideoSurfaceChanged  noteWhich: 49,arg1: -2, arg2: -1, arg3: 4141, arg4: 223, name: com.android.systemui
