--------- beginning of crash
01-15 08:49:17.931   852   852 F libc    : Fatal signal 6 (SIGABRT), code -1 (SI_QUEUE) in tid 852 (init), pid 852 (init)
01-15 08:49:17.957   852   852 F libc    : crash_dump helper failed to exec, or was killed
02-11 16:00:04.244  1805  1805 F libc    : Fatal signal 6 (SIGABRT), code -1 (SI_QUEUE) in tid 1805 (init), pid 1805 (init)
02-11 16:00:04.305  1805  1805 F libc    : crash_dump helper failed to exec, or was killed
02-11 16:00:04.621  2179  2179 F libc    : Fatal signal 6 (SIGABRT), code -1 (SI_QUEUE) in tid 2179 (init), pid 2179 (init)
02-11 16:00:04.675  2179  2179 F libc    : crash_dump helper failed to exec, or was killed
02-11 16:00:13.826  5867  5867 F libc    : Fatal signal 6 (SIGABRT), code -1 (SI_QUEUE) in tid 5867 (init), pid 5867 (init)
02-11 16:00:13.948  5867  5867 F libc    : crash_dump helper failed to exec, or was killed
--------- beginning of system
02-12 09:38:12.491  2535  4117 D BatteryStatsService: noteVideoSurfaceChanged  noteWhich: 49,arg1: 228, arg2: 230, arg3: 4671, arg4: 244, name: com.vivo.fingerprintui
02-12 09:38:12.492  2535  4117 D BatteryStatsService: noteVideoSurfaceChanged  noteWhich: 49,arg1: 228, arg2: 230, arg3: 4671, arg4: 244, name: com.vivo.fingerprintui
02-12 09:38:13.288  2535  8564 D BatteryStatsService: noteVideoSurfaceChanged  noteWhich: 49,arg1: -1, arg2: -1, arg3: 4671, arg4: 244, name: com.vivo.fingerprintui
02-12 09:38:19.488  2535  8401 V AutofillSession: Primary service component name: ComponentInfo{com.google.android.gms/com.google.android.gms.autofill.service.AutofillService}, secondary service component name: ComponentInfo{com.android.credentialmanager/com.android.credentialmanager.autofill.CredentialAutofillService}
02-12 09:38:19.508  2535  8401 D AutofillSession: createPendingIntent for request 258
02-12 09:38:19.618  2535  2535 D AutofillSession: clearPendingIntentLocked
02-12 09:38:22.818  2535  8564 D BatteryStatsService: noteVideoSurfaceChanged  noteWhich: 49,arg1: -2, arg2: -1, arg3: 7405, arg4: 115, name: com.google.android.apps.nbu.paisa.user
02-12 09:38:23.242  2535  3545 D BatteryStatsService: noteVideoSurfaceChanged  noteWhich: 49,arg1: -1, arg2: -1, arg3: 7405, arg4: 10, name: com.google.android.apps.nbu.paisa.user
02-12 09:38:24.792  2535  8564 D BatteryStatsService: noteVideoSurfaceChanged  noteWhich: 49,arg1: 1260, arg2: 2800, arg3: 7405, arg4: 10, name: com.google.android.apps.nbu.paisa.user
02-12 09:38:24.796  2535  8564 D BatteryStatsService: noteVideoSurfaceChanged  noteWhich: 49,arg1: 1260, arg2: 2800, arg3: 7405, arg4: 10, name: com.google.android.apps.nbu.paisa.user
02-12 09:38:25.087  2535  5321 D BatteryStatsService: noteVideoSurfaceChanged  noteWhich: 49,arg1: -2, arg2: -1, arg3: 7405, arg4: 115, name: com.google.android.apps.nbu.paisa.user
02-12 09:38:38.413  2535  5106 V AutofillSession: Primary service component name: ComponentInfo{com.google.android.gms/com.google.android.gms.autofill.service.AutofillService}, secondary service component name: ComponentInfo{com.android.credentialmanager/com.android.credentialmanager.autofill.CredentialAutofillService}
02-12 09:38:38.420  2535  3545 D AutofillSession: createPendingIntent for request 260
02-12 09:38:38.468  2535  2535 D AutofillSession: clearPendingIntentLocked
02-12 09:38:42.282  2535  5106 D BatteryStatsService: noteVideoSurfaceChanged  noteWhich: 49,arg1: -2, arg2: -1, arg3: 7405, arg4: 257, name: com.google.android.apps.nbu.paisa.user
02-12 09:38:42.692  2535  5106 D BatteryStatsService: noteVideoSurfaceChanged  noteWhich: 49,arg1: -1, arg2: -1, arg3: 7405, arg4: 10, name: com.google.android.apps.nbu.paisa.user
02-12 09:38:44.274  2535  3545 D BatteryStatsService: noteVideoSurfaceChanged  noteWhich: 49,arg1: 1260, arg2: 2800, arg3: 7405, arg4: 10, name: com.google.android.apps.nbu.paisa.user
02-12 09:38:44.278  2535  3545 D BatteryStatsService: noteVideoSurfaceChanged  noteWhich: 49,arg1: 1260, arg2: 2800, arg3: 7405, arg4: 10, name: com.google.android.apps.nbu.paisa.user
02-12 09:38:44.572  2535  5106 D BatteryStatsService: noteVideoSurfaceChanged  noteWhich: 49,arg1: -2, arg2: -1, arg3: 7405, arg4: 257, name: com.google.android.apps.nbu.paisa.user
02-12 09:38:55.160  2535  5106 D BatteryStatsService: noteVideoSurfaceChanged  noteWhich: 49,arg1: -1, arg2: -1, arg3: 7405, arg4: 10, name: com.google.android.apps.nbu.paisa.user
02-12 09:39:00.512  2535  5321 D BatteryStatsService: noteVideoSurfaceChanged  noteWhich: 49,arg1: 1260, arg2: 2800, arg3: 7405, arg4: 10, name: com.google.android.apps.nbu.paisa.user
02-12 09:39:00.514  2535  3545 D BatteryStatsService: noteVideoSurfaceChanged  noteWhich: 49,arg1: 1260, arg2: 2800, arg3: 7405, arg4: 10, name: com.google.android.apps.nbu.paisa.user
02-12 09:39:10.139  2535  8564 V AutofillSession: Primary service component name: ComponentInfo{com.google.android.gms/com.google.android.gms.autofill.service.AutofillService}, secondary service component name: ComponentInfo{com.android.credentialmanager/com.android.credentialmanager.autofill.CredentialAutofillService}
02-12 09:39:10.148  2535  5654 D AutofillSession: createPendingIntent for request 262
02-12 09:39:10.181  2535  2535 D AutofillSession: clearPendingIntentLocked
02-12 09:39:12.194  2535  3545 D BatteryStatsService: noteVideoSurfaceChanged  noteWhich: 49,arg1: -2, arg2: -1, arg3: 7405, arg4: 403, name: com.google.android.apps.nbu.paisa.user
02-12 09:39:12.592  2535  4650 D BatteryStatsService: noteVideoSurfaceChanged  noteWhich: 49,arg1: -1, arg2: -1, arg3: 7405, arg4: 10, name: com.google.android.apps.nbu.paisa.user
02-12 09:39:13.926  2535  4435 D BatteryStatsService: noteVideoSurfaceChanged  noteWhich: 49,arg1: 1260, arg2: 2800, arg3: 7405, arg4: 10, name: com.google.android.apps.nbu.paisa.user
02-12 09:39:13.930  2535  4435 D BatteryStatsService: noteVideoSurfaceChanged  noteWhich: 49,arg1: 1260, arg2: 2800, arg3: 7405, arg4: 10, name: com.google.android.apps.nbu.paisa.user
02-12 09:39:14.215  2535  4435 D BatteryStatsService: noteVideoSurfaceChanged  noteWhich: 49,arg1: -2, arg2: -1, arg3: 7405, arg4: 403, name: com.google.android.apps.nbu.paisa.user
02-12 09:39:44.236  2535  4435 D BatteryStatsService: noteVideoSurfaceChanged  noteWhich: 49,arg1: -1, arg2: -1, arg3: 7405, arg4: 10, name: com.google.android.apps.nbu.paisa.user
02-12 09:39:44.479  2535  2883 D BatteryStatsService: noteVideoSurfaceChanged  noteWhich: 49,arg1: 968, arg2: 790, arg3: 4671, arg4: 249, name: com.vivo.fingerprintui
02-12 09:39:44.522  2535  4117 D BatteryStatsService: noteVideoSurfaceChanged  noteWhich: 49,arg1: 968, arg2: 790, arg3: 4671, arg4: 249, name: com.vivo.fingerprintui
02-12 09:39:45.890  2535  8401 D BatteryStatsService: noteVideoSurfaceChanged  noteWhich: 49,arg1: -1, arg2: -1, arg3: 4671, arg4: 249, name: com.vivo.fingerprintui
02-12 09:39:45.890  2535  8401 D BatteryStatsService: noteVideoSurfaceChanged  noteWhich: 49,arg1: 1260, arg2: 2800, arg3: 7405, arg4: 10, name: com.google.android.apps.nbu.paisa.user
02-12 09:39:45.890  2535  8401 D BatteryStatsService: noteVideoSurfaceChanged  noteWhich: 49,arg1: 1260, arg2: 2800, arg3: 7405, arg4: 10, name: com.google.android.apps.nbu.paisa.user
02-12 09:40:10.673  2535  5321 D BatteryStatsService: noteVideoSurfaceChanged  noteWhich: 49,arg1: 1260, arg2: 2800, arg3: 4276, arg4: 223, name: com.android.systemui
02-12 09:40:10.673  2535  5321 D BatteryStatsService: noteVideoSurfaceChanged  noteWhich: 49,arg1: 1260, arg2: 2800, arg3: 4276, arg4: 229, name: com.android.systemui
02-12 09:40:10.687  2535  4612 D BatteryStatsService: noteVideoSurfaceChanged  noteWhich: 49,arg1: 1260, arg2: 2800, arg3: 4276, arg4: 223, name: com.android.systemui
02-12 09:40:10.688  2535  4612 D BatteryStatsService: noteVideoSurfaceChanged  noteWhich: 49,arg1: 1260, arg2: 2800, arg3: 4276, arg4: 229, name: com.android.systemui
02-12 09:40:10.710  2535  3544 D BatteryStatsService: noteVideoSurfaceChanged  noteWhich: 49,arg1: -1, arg2: -1, arg3: 7405, arg4: 10, name: com.google.android.apps.nbu.paisa.user
02-12 09:40:10.725  2535  4435 D BatteryStatsService: noteVideoSurfaceChanged  noteWhich: 49,arg1: 1260, arg2: 2800, arg3: 4276, arg4: 392, name: com.vivo.systemuiplugin
02-12 09:40:10.728  2535  8684 D BatteryStatsService: noteVideoSurfaceChanged  noteWhich: 49,arg1: 1260, arg2: 2800, arg3: 4276, arg4: 229, name: com.android.systemui
02-12 09:40:10.729  2535  8564 D BatteryStatsService: noteVideoSurfaceChanged  noteWhich: 49,arg1: 1260, arg2: 2800, arg3: 4276, arg4: 392, name: com.vivo.systemuiplugin
02-12 09:40:10.861  2535  5106 D BatteryStatsService: noteVideoSurfaceChanged  noteWhich: 49,arg1: 968, arg2: 790, arg3: 4671, arg4: 254, name: com.vivo.fingerprintui
02-12 09:40:10.861  2535  5106 D BatteryStatsService: noteVideoSurfaceChanged  noteWhich: 49,arg1: 968, arg2: 790, arg3: 4671, arg4: 254, name: com.vivo.fingerprintui
02-12 09:40:11.816  2535  2882 D BatteryStatsService: noteVideoSurfaceChanged  noteWhich: 49,arg1: -1, arg2: -1, arg3: 4671, arg4: 254, name: com.vivo.fingerprintui
02-12 09:40:11.884  2535  5654 D BatteryStatsService: noteVideoSurfaceChanged  noteWhich: 49,arg1: 1260, arg2: 2800, arg3: 7405, arg4: 10, name: com.google.android.apps.nbu.paisa.user
02-12 09:40:11.886  2535  5654 D BatteryStatsService: noteVideoSurfaceChanged  noteWhich: 49,arg1: 1260, arg2: 2800, arg3: 7405, arg4: 10, name: com.google.android.apps.nbu.paisa.user
02-12 09:40:11.908  2535  8401 D BatteryStatsService: noteVideoSurfaceChanged  noteWhich: 49,arg1: 1260, arg2: 2801, arg3: 4276, arg4: 392, name: com.vivo.systemuiplugin
02-12 09:40:11.922  2535  4612 D BatteryStatsService: noteVideoSurfaceChanged  noteWhich: 49,arg1: -1, arg2: -1, arg3: 4276, arg4: 392, name: com.vivo.systemuiplugin
02-12 09:40:11.929  2535  5321 D BatteryStatsService: noteVideoSurfaceChanged  noteWhich: 49,arg1: -2, arg2: -1, arg3: 4276, arg4: 223, name: com.android.systemui
02-12 09:40:11.929  2535  8369 D BatteryStatsService: noteVideoSurfaceChanged  noteWhich: 49,arg1: -2, arg2: -1, arg3: 4276, arg4: 229, name: com.android.systemui
02-12 09:40:12.258  2535  5321 D BatteryStatsService: noteVideoSurfaceChanged  noteWhich: 49,arg1: -2, arg2: -1, arg3: 4276, arg4: 223, name: com.android.systemui
02-12 09:40:12.258  2535  5321 D BatteryStatsService: noteVideoSurfaceChanged  noteWhich: 49,arg1: -2, arg2: -1, arg3: 4276, arg4: 229, name: com.android.systemui
02-12 09:40:14.678  2535  4612 D BatteryStatsService: noteVideoSurfaceChanged  noteWhich: 49,arg1: -1, arg2: -1, arg3: 7405, arg4: 10, name: com.google.android.apps.nbu.paisa.user
02-12 09:40:19.682  2535  4612 D BatteryStatsService: noteVideoSurfaceChanged  noteWhich: 49,arg1: 1260, arg2: 2800, arg3: 7405, arg4: 10, name: com.google.android.apps.nbu.paisa.user
02-12 09:40:19.684  2535  8054 D BatteryStatsService: noteVideoSurfaceChanged  noteWhich: 49,arg1: 1260, arg2: 2800, arg3: 7405, arg4: 10, name: com.google.android.apps.nbu.paisa.user
02-12 09:40:22.180  2535  8054 D BatteryStatsService: noteVideoSurfaceChanged  noteWhich: 49,arg1: -2, arg2: -1, arg3: 7405, arg4: 535, name: com.google.android.apps.nbu.paisa.user
02-12 09:40:22.576  2535  8684 D BatteryStatsService: noteVideoSurfaceChanged  noteWhich: 49,arg1: -1, arg2: -1, arg3: 7405, arg4: 10, name: com.google.android.apps.nbu.paisa.user
02-12 09:40:23.949  2535  8054 D BatteryStatsService: noteVideoSurfaceChanged  noteWhich: 49,arg1: 1260, arg2: 2800, arg3: 7405, arg4: 10, name: com.google.android.apps.nbu.paisa.user
02-12 09:40:23.957  2535  8401 D BatteryStatsService: noteVideoSurfaceChanged  noteWhich: 49,arg1: 1260, arg2: 2800, arg3: 7405, arg4: 10, name: com.google.android.apps.nbu.paisa.user
02-12 09:40:24.237  2535  5106 D BatteryStatsService: noteVideoSurfaceChanged  noteWhich: 49,arg1: -2, arg2: -1, arg3: 7405, arg4: 535, name: com.google.android.apps.nbu.paisa.user
02-12 09:41:01.573  2535  8407 D BatteryStatsService: noteVideoSurfaceChanged  noteWhich: 49,arg1: -1, arg2: -1, arg3: 7405, arg4: 10, name: com.google.android.apps.nbu.paisa.user
02-12 09:41:01.781  2535  8407 D BatteryStatsService: noteVideoSurfaceChanged  noteWhich: 49,arg1: 968, arg2: 790, arg3: 4671, arg4: 259, name: com.vivo.fingerprintui
02-12 09:41:01.804  2535  8407 D BatteryStatsService: noteVideoSurfaceChanged  noteWhich: 49,arg1: 968, arg2: 790, arg3: 4671, arg4: 259, name: com.vivo.fingerprintui
02-12 09:41:06.097  2535  4849 D BatteryStatsService: noteVideoSurfaceChanged  noteWhich: 49,arg1: 1260, arg2: 2800, arg3: 4276, arg4: 223, name: com.android.systemui
02-12 09:41:06.097  2535  4849 D BatteryStatsService: noteVideoSurfaceChanged  noteWhich: 49,arg1: 1260, arg2: 2800, arg3: 4276, arg4: 229, name: com.android.systemui
02-12 09:41:06.115  2535  8401 D BatteryStatsService: noteVideoSurfaceChanged  noteWhich: 49,arg1: 1260, arg2: 2800, arg3: 4276, arg4: 223, name: com.android.systemui
02-12 09:41:06.116  2535  5106 D BatteryStatsService: noteVideoSurfaceChanged  noteWhich: 49,arg1: 1260, arg2: 2800, arg3: 4276, arg4: 229, name: com.android.systemui
02-12 09:41:06.153  2535  4849 D BatteryStatsService: noteVideoSurfaceChanged  noteWhich: 49,arg1: 1260, arg2: 2800, arg3: 4276, arg4: 392, name: com.vivo.systemuiplugin
02-12 09:41:06.158  2535  4849 D BatteryStatsService: noteVideoSurfaceChanged  noteWhich: 49,arg1: 1260, arg2: 2800, arg3: 4276, arg4: 229, name: com.android.systemui
02-12 09:41:06.159  2535  4849 D BatteryStatsService: noteVideoSurfaceChanged  noteWhich: 49,arg1: 1260, arg2: 2800, arg3: 4276, arg4: 392, name: com.vivo.systemuiplugin
02-12 09:41:27.054  2535  8407 D BatteryStatsService: noteVideoSurfaceChanged  noteWhich: 49,arg1: -1, arg2: -1, arg3: 4671, arg4: 259, name: com.vivo.fingerprintui
02-12 09:41:27.205  2535  8679 D BatteryStatsService: noteVideoSurfaceChanged  noteWhich: 49,arg1: 1260, arg2: 2800, arg3: 7405, arg4: 10, name: com.google.android.apps.nbu.paisa.user
02-12 09:41:27.211  2535  8679 D BatteryStatsService: noteVideoSurfaceChanged  noteWhich: 49,arg1: 1260, arg2: 2800, arg3: 7405, arg4: 10, name: com.google.android.apps.nbu.paisa.user
02-12 09:41:27.248  2535  4582 D BatteryStatsService: noteVideoSurfaceChanged  noteWhich: 49,arg1: -1, arg2: -1, arg3: 4276, arg4: 392, name: com.vivo.systemuiplugin
02-12 09:41:27.253  2535  8061 D BatteryStatsService: noteVideoSurfaceChanged  noteWhich: 49,arg1: -2, arg2: -1, arg3: 4276, arg4: 223, name: com.android.systemui
02-12 09:41:27.254  2535  8061 D BatteryStatsService: noteVideoSurfaceChanged  noteWhich: 49,arg1: -2, arg2: -1, arg3: 4276, arg4: 229, name: com.android.systemui
02-12 09:41:27.588  2535  5321 D BatteryStatsService: noteVideoSurfaceChanged  noteWhich: 49,arg1: -2, arg2: -1, arg3: 4276, arg4: 223, name: com.android.systemui
02-12 09:41:27.588  2535  5321 D BatteryStatsService: noteVideoSurfaceChanged  noteWhich: 49,arg1: -2, arg2: -1, arg3: 4276, arg4: 229, name: com.android.systemui
02-12 09:41:28.728  2535  5571 D BatteryStatsService: noteVideoSurfaceChanged  noteWhich: 49,arg1: 1260, arg2: 2800, arg3: 4276, arg4: 223, name: com.android.systemui
02-12 09:41:28.728  2535  5321 D BatteryStatsService: noteVideoSurfaceChanged  noteWhich: 49,arg1: 1260, arg2: 2800, arg3: 4276, arg4: 229, name: com.android.systemui
02-12 09:41:28.730  2535  4117 D BatteryStatsService: noteVideoSurfaceChanged  noteWhich: 49,arg1: 1260, arg2: 2800, arg3: 4276, arg4: 223, name: com.android.systemui
02-12 09:41:28.730  2535  4117 D BatteryStatsService: noteVideoSurfaceChanged  noteWhich: 49,arg1: 1260, arg2: 2800, arg3: 4276, arg4: 229, name: com.android.systemui
02-12 09:41:28.760  2535  5321 D BatteryStatsService: noteVideoSurfaceChanged  noteWhich: 49,arg1: 1260, arg2: 2800, arg3: 4276, arg4: 223, name: com.android.systemui
02-12 09:41:28.773  2535  4849 D BatteryStatsService: noteVideoSurfaceChanged  noteWhich: 49,arg1: 1260, arg2: 2800, arg3: 4276, arg4: 223, name: com.android.systemui
02-12 09:41:28.774  2535  4117 D BatteryStatsService: noteVideoSurfaceChanged  noteWhich: 49,arg1: 1260, arg2: 2800, arg3: 4276, arg4: 229, name: com.android.systemui
02-12 09:41:29.094  2535  5321 D BatteryStatsService: noteVideoSurfaceChanged  noteWhich: 49,arg1: -1, arg2: -1, arg3: 7405, arg4: 10, name: com.google.android.apps.nbu.paisa.user
02-12 09:41:29.939  2535  8401 D BatteryStatsService: noteVideoSurfaceChanged  noteWhich: 49,arg1: -2, arg2: -1, arg3: 4276, arg4: 223, name: com.android.systemui
02-12 09:41:29.944  2535  8401 D BatteryStatsService: noteVideoSurfaceChanged  noteWhich: 49,arg1: -2, arg2: -1, arg3: 4276, arg4: 223, name: com.android.systemui
02-12 09:41:29.944  2535  8401 D BatteryStatsService: noteVideoSurfaceChanged  noteWhich: 49,arg1: -2, arg2: -1, arg3: 4276, arg4: 229, name: com.android.systemui
02-12 09:41:30.100  2535  5321 D BatteryStatsService: noteVideoSurfaceChanged  noteWhich: 49,arg1: -2, arg2: -1, arg3: 4276, arg4: 223, name: com.android.systemui
02-12 09:41:30.101  2535  5321 D BatteryStatsService: noteVideoSurfaceChanged  noteWhich: 49,arg1: -2, arg2: -1, arg3: 4276, arg4: 229, name: com.android.systemui
02-12 09:41:31.623  2535  5106 D BatteryStatsService: noteVideoSurfaceChanged  noteWhich: 49,arg1: 1260, arg2: 2240, arg3: 24171, arg4: 17910, name: com.instagram.android
02-12 09:41:32.266  2535  8061 D BatteryStatsService: noteVideoSurfaceChanged  noteWhich: 49,arg1: -1, arg2: -1, arg3: 24171, arg4: 17910, name: com.instagram.android
02-12 09:41:32.405  2535  5106 D BatteryStatsService: noteVideoSurfaceChanged  noteWhich: 49,arg1: 1260, arg2: 2243, arg3: 24171, arg4: 18118, name: com.instagram.android
02-12 09:41:33.884  2535  4117 D BatteryStatsService: noteVideoSurfaceChanged  noteWhich: 49,arg1: -1, arg2: -1, arg3: 24171, arg4: 18118, name: com.instagram.android
02-12 09:42:03.886  2535  4433 D BatteryStatsService: noteVideoSurfaceChanged  noteWhich: 49,arg1: -1, arg2: -1, arg3: 24171, arg4: 19037, name: com.instagram.android
02-12 09:42:04.056  2535  8401 D BatteryStatsService: noteVideoSurfaceChanged  noteWhich: 49,arg1: 416, arg2: 840, arg3: 24171, arg4: 19141, name: com.instagram.android
02-12 09:42:04.056  2535  4435 D BatteryStatsService: noteVideoSurfaceChanged  noteWhich: 49,arg1: 416, arg2: 840, arg3: 24171, arg4: 19143, name: com.instagram.android
02-12 09:42:04.064  2535  8401 D BatteryStatsService: noteVideoSurfaceChanged  noteWhich: 49,arg1: 472, arg2: 838, arg3: 24171, arg4: 19141, name: com.instagram.android
02-12 09:42:04.065  2535  8401 D BatteryStatsService: noteVideoSurfaceChanged  noteWhich: 49,arg1: 471, arg2: 838, arg3: 24171, arg4: 19143, name: com.instagram.android
02-12 09:42:13.198  2535  4117 D BatteryStatsService: noteVideoSurfaceChanged  noteWhich: 49,arg1: -1, arg2: -1, arg3: 24171, arg4: 19141, name: com.instagram.android
02-12 09:42:13.200  2535  4517 D BatteryStatsService: noteVideoSurfaceChanged  noteWhich: 49,arg1: -1, arg2: -1, arg3: 24171, arg4: 19143, name: com.instagram.android
02-12 09:42:13.368  2535  4433 D BatteryStatsService: noteVideoSurfaceChanged  noteWhich: 49,arg1: 416, arg2: 840, arg3: 24171, arg4: 19214, name: com.instagram.android
02-12 09:42:13.384  2535  4435 D BatteryStatsService: noteVideoSurfaceChanged  noteWhich: 49,arg1: 472, arg2: 838, arg3: 24171, arg4: 19214, name: com.instagram.android
02-12 09:42:13.434  2535  4433 D BatteryStatsService: noteVideoSurfaceChanged  noteWhich: 49,arg1: 416, arg2: 840, arg3: 24171, arg4: 19215, name: com.instagram.android
02-12 09:42:13.450  2535  4433 D BatteryStatsService: noteVideoSurfaceChanged  noteWhich: 49,arg1: 472, arg2: 838, arg3: 24171, arg4: 19215, name: com.instagram.android
02-12 09:42:19.596  2535  4433 D BatteryStatsService: noteVideoSurfaceChanged  noteWhich: 49,arg1: -1, arg2: -1, arg3: 24171, arg4: 19214, name: com.instagram.android
02-12 09:42:19.598  2535  4433 D BatteryStatsService: noteVideoSurfaceChanged  noteWhich: 49,arg1: -1, arg2: -1, arg3: 24171, arg4: 19215, name: com.instagram.android
02-12 09:42:19.741  2535  4435 D BatteryStatsService: noteVideoSurfaceChanged  noteWhich: 49,arg1: 416, arg2: 840, arg3: 24171, arg4: 19229, name: com.instagram.android
02-12 09:42:19.807  2535  4517 D BatteryStatsService: noteVideoSurfaceChanged  noteWhich: 49,arg1: 472, arg2: 838, arg3: 24171, arg4: 19229, name: com.instagram.android
02-12 09:42:19.907  2535  5256 D BatteryStatsService: noteVideoSurfaceChanged  noteWhich: 49,arg1: 472, arg2: 838, arg3: 24171, arg4: 19230, name: com.instagram.android
02-12 09:42:26.411  2535  4517 D BatteryStatsService: noteVideoSurfaceChanged  noteWhich: 49,arg1: -1, arg2: -1, arg3: 24171, arg4: 19229, name: com.instagram.android
02-12 09:42:26.413  2535  5256 D BatteryStatsService: noteVideoSurfaceChanged  noteWhich: 49,arg1: -1, arg2: -1, arg3: 24171, arg4: 19230, name: com.instagram.android
02-12 09:42:26.553  2535  5256 D BatteryStatsService: noteVideoSurfaceChanged  noteWhich: 49,arg1: 416, arg2: 840, arg3: 24171, arg4: 19244, name: com.instagram.android
02-12 09:42:26.603  2535  4117 D BatteryStatsService: noteVideoSurfaceChanged  noteWhich: 49,arg1: 472, arg2: 838, arg3: 24171, arg4: 19244, name: com.instagram.android
02-12 09:42:26.786  2535  4117 D BatteryStatsService: noteVideoSurfaceChanged  noteWhich: 49,arg1: 472, arg2: 838, arg3: 24171, arg4: 19245, name: com.instagram.android
02-12 09:42:32.910  2535  4435 D BatteryStatsService: noteVideoSurfaceChanged  noteWhich: 49,arg1: -1, arg2: -1, arg3: 24171, arg4: 19244, name: com.instagram.android
02-12 09:42:32.911  2535  4117 D BatteryStatsService: noteVideoSurfaceChanged  noteWhich: 49,arg1: -1, arg2: -1, arg3: 24171, arg4: 19245, name: com.instagram.android
02-12 09:42:33.021  2535  4435 D BatteryStatsService: noteVideoSurfaceChanged  noteWhich: 49,arg1: 416, arg2: 840, arg3: 24171, arg4: 19259, name: com.instagram.android
02-12 09:42:33.035  2535  4517 D BatteryStatsService: noteVideoSurfaceChanged  noteWhich: 49,arg1: 472, arg2: 838, arg3: 24171, arg4: 19259, name: com.instagram.android
02-12 09:42:33.276  2535  5106 D BatteryStatsService: noteVideoSurfaceChanged  noteWhich: 49,arg1: 472, arg2: 838, arg3: 24171, arg4: 19260, name: com.instagram.android
02-12 09:42:37.990  2535  4435 D BatteryStatsService: noteVideoSurfaceChanged  noteWhich: 49,arg1: -1, arg2: -1, arg3: 24171, arg4: 19259, name: com.instagram.android
02-12 09:42:37.992  2535  4517 D BatteryStatsService: noteVideoSurfaceChanged  noteWhich: 49,arg1: -1, arg2: -1, arg3: 24171, arg4: 19260, name: com.instagram.android
02-12 09:42:38.153  2535  5256 D BatteryStatsService: noteVideoSurfaceChanged  noteWhich: 49,arg1: 416, arg2: 840, arg3: 24171, arg4: 19274, name: com.instagram.android
02-12 09:42:38.169  2535  5106 D BatteryStatsService: noteVideoSurfaceChanged  noteWhich: 49,arg1: 472, arg2: 838, arg3: 24171, arg4: 19274, name: com.instagram.android
02-12 09:42:38.336  2535  5106 D BatteryStatsService: noteVideoSurfaceChanged  noteWhich: 49,arg1: 416, arg2: 840, arg3: 24171, arg4: 19275, name: com.instagram.android
02-12 09:42:38.353  2535  5106 D BatteryStatsService: noteVideoSurfaceChanged  noteWhich: 49,arg1: 472, arg2: 838, arg3: 24171, arg4: 19275, name: com.instagram.android
02-12 09:42:42.089  2535  8684 D BatteryStatsService: noteVideoSurfaceChanged  noteWhich: 49,arg1: -1, arg2: -1, arg3: 24171, arg4: 19274, name: com.instagram.android
02-12 09:42:42.091  2535  5256 D BatteryStatsService: noteVideoSurfaceChanged  noteWhich: 49,arg1: -1, arg2: -1, arg3: 24171, arg4: 19275, name: com.instagram.android
02-12 09:42:42.245  2535  5256 D BatteryStatsService: noteVideoSurfaceChanged  noteWhich: 49,arg1: 416, arg2: 840, arg3: 24171, arg4: 19289, name: com.instagram.android
02-12 09:42:42.261  2535  4433 D BatteryStatsService: noteVideoSurfaceChanged  noteWhich: 49,arg1: 472, arg2: 838, arg3: 24171, arg4: 19289, name: com.instagram.android
02-12 09:42:42.394  2535  4433 D BatteryStatsService: noteVideoSurfaceChanged  noteWhich: 49,arg1: 416, arg2: 840, arg3: 24171, arg4: 19290, name: com.instagram.android
02-12 09:42:42.410  2535  4117 D BatteryStatsService: noteVideoSurfaceChanged  noteWhich: 49,arg1: 472, arg2: 838, arg3: 24171, arg4: 19290, name: com.instagram.android
02-12 09:42:46.496  2535  4117 D BatteryStatsService: noteVideoSurfaceChanged  noteWhich: 49,arg1: -1, arg2: -1, arg3: 24171, arg4: 19289, name: com.instagram.android
02-12 09:42:46.497  2535  4117 D BatteryStatsService: noteVideoSurfaceChanged  noteWhich: 49,arg1: -1, arg2: -1, arg3: 24171, arg4: 19290, name: com.instagram.android
02-12 09:42:46.655  2535  4433 D BatteryStatsService: noteVideoSurfaceChanged  noteWhich: 49,arg1: 416, arg2: 840, arg3: 24171, arg4: 19304, name: com.instagram.android
02-12 09:42:46.671  2535  4117 D BatteryStatsService: noteVideoSurfaceChanged  noteWhich: 49,arg1: 472, arg2: 838, arg3: 24171, arg4: 19304, name: com.instagram.android
02-12 09:42:46.788  2535  4435 D BatteryStatsService: noteVideoSurfaceChanged  noteWhich: 49,arg1: 471, arg2: 838, arg3: 24171, arg4: 19305, name: com.instagram.android
02-12 09:42:49.728  2535  8684 D BatteryStatsService: noteVideoSurfaceChanged  noteWhich: 49,arg1: -1, arg2: -1, arg3: 24171, arg4: 19304, name: com.instagram.android
02-12 09:42:49.729  2535  4433 D BatteryStatsService: noteVideoSurfaceChanged  noteWhich: 49,arg1: -1, arg2: -1, arg3: 24171, arg4: 19305, name: com.instagram.android
02-12 09:42:49.898  2535  8684 D BatteryStatsService: noteVideoSurfaceChanged  noteWhich: 49,arg1: 416, arg2: 840, arg3: 24171, arg4: 19319, name: com.instagram.android
02-12 09:42:49.906  2535  8684 D BatteryStatsService: noteVideoSurfaceChanged  noteWhich: 49,arg1: 472, arg2: 838, arg3: 24171, arg4: 19319, name: com.instagram.android
02-12 09:42:49.972  2535  5256 D BatteryStatsService: noteVideoSurfaceChanged  noteWhich: 49,arg1: 471, arg2: 838, arg3: 24171, arg4: 19320, name: com.instagram.android
02-12 09:42:52.302  2535  4117 D BatteryStatsService: noteVideoSurfaceChanged  noteWhich: 49,arg1: -1, arg2: -1, arg3: 24171, arg4: 19319, name: com.instagram.android
02-12 09:42:52.304  2535  4117 D BatteryStatsService: noteVideoSurfaceChanged  noteWhich: 49,arg1: -1, arg2: -1, arg3: 24171, arg4: 19320, name: com.instagram.android
02-12 09:42:52.436  2535  4433 D BatteryStatsService: noteVideoSurfaceChanged  noteWhich: 49,arg1: 416, arg2: 840, arg3: 24171, arg4: 19334, name: com.instagram.android
02-12 09:42:52.466  2535  4117 D BatteryStatsService: noteVideoSurfaceChanged  noteWhich: 49,arg1: 472, arg2: 838, arg3: 24171, arg4: 19334, name: com.instagram.android
02-12 09:42:52.557  2535  4117 D BatteryStatsService: noteVideoSurfaceChanged  noteWhich: 49,arg1: 472, arg2: 838, arg3: 24171, arg4: 19335, name: com.instagram.android
02-12 09:42:55.345  2535  5256 D BatteryStatsService: noteVideoSurfaceChanged  noteWhich: 49,arg1: -1, arg2: -1, arg3: 24171, arg4: 19334, name: com.instagram.android
02-12 09:42:55.346  2535  4435 D BatteryStatsService: noteVideoSurfaceChanged  noteWhich: 49,arg1: -1, arg2: -1, arg3: 24171, arg4: 19335, name: com.instagram.android
02-12 09:42:55.514  2535  4435 D BatteryStatsService: noteVideoSurfaceChanged  noteWhich: 49,arg1: 416, arg2: 840, arg3: 24171, arg4: 19349, name: com.instagram.android
02-12 09:42:55.524  2535  4435 D BatteryStatsService: noteVideoSurfaceChanged  noteWhich: 49,arg1: 416, arg2: 234, arg3: 24171, arg4: 19349, name: com.instagram.android
02-12 09:42:55.668  2535  4435 D BatteryStatsService: noteVideoSurfaceChanged  noteWhich: 49,arg1: 471, arg2: 838, arg3: 24171, arg4: 19350, name: com.instagram.android
02-12 09:42:59.047  2535  4435 D BatteryStatsService: noteVideoSurfaceChanged  noteWhich: 49,arg1: -1, arg2: -1, arg3: 24171, arg4: 19349, name: com.instagram.android
02-12 09:42:59.051  2535  4517 D BatteryStatsService: noteVideoSurfaceChanged  noteWhich: 49,arg1: -1, arg2: -1, arg3: 24171, arg4: 19350, name: com.instagram.android
02-12 09:42:59.176  2535  4435 D BatteryStatsService: noteVideoSurfaceChanged  noteWhich: 49,arg1: 416, arg2: 840, arg3: 24171, arg4: 19364, name: com.instagram.android
02-12 09:42:59.181  2535  4435 D BatteryStatsService: noteVideoSurfaceChanged  noteWhich: 49,arg1: 472, arg2: 838, arg3: 24171, arg4: 19364, name: com.instagram.android
02-12 09:42:59.246  2535  4435 D BatteryStatsService: noteVideoSurfaceChanged  noteWhich: 49,arg1: 472, arg2: 838, arg3: 24171, arg4: 19365, name: com.instagram.android
02-12 09:43:04.813  2535  8684 D BatteryStatsService: noteVideoSurfaceChanged  noteWhich: 49,arg1: -1, arg2: -1, arg3: 24171, arg4: 19364, name: com.instagram.android
02-12 09:43:04.815  2535  8684 D BatteryStatsService: noteVideoSurfaceChanged  noteWhich: 49,arg1: -1, arg2: -1, arg3: 24171, arg4: 19365, name: com.instagram.android
02-12 09:43:04.943  2535  4117 D BatteryStatsService: noteVideoSurfaceChanged  noteWhich: 49,arg1: 416, arg2: 840, arg3: 24171, arg4: 19379, name: com.instagram.android
02-12 09:43:04.962  2535  4433 D BatteryStatsService: noteVideoSurfaceChanged  noteWhich: 49,arg1: 472, arg2: 838, arg3: 24171, arg4: 19379, name: com.instagram.android
02-12 09:43:05.087  2535  4433 D BatteryStatsService: noteVideoSurfaceChanged  noteWhich: 49,arg1: 472, arg2: 838, arg3: 24171, arg4: 19380, name: com.instagram.android
02-12 09:43:19.094  2535  4117 D BatteryStatsService: noteVideoSurfaceChanged  noteWhich: 49,arg1: -1, arg2: -1, arg3: 24171, arg4: 19379, name: com.instagram.android
02-12 09:43:19.096  2535  8684 D BatteryStatsService: noteVideoSurfaceChanged  noteWhich: 49,arg1: -1, arg2: -1, arg3: 24171, arg4: 19380, name: com.instagram.android
02-12 09:43:19.269  2535  4517 D BatteryStatsService: noteVideoSurfaceChanged  noteWhich: 49,arg1: 416, arg2: 840, arg3: 24171, arg4: 19394, name: com.instagram.android
02-12 09:43:19.285  2535  4517 D BatteryStatsService: noteVideoSurfaceChanged  noteWhich: 49,arg1: 472, arg2: 838, arg3: 24171, arg4: 19394, name: com.instagram.android
02-12 09:43:19.335  2535  8684 D BatteryStatsService: noteVideoSurfaceChanged  noteWhich: 49,arg1: 472, arg2: 838, arg3: 24171, arg4: 19395, name: com.instagram.android
02-12 09:43:21.882  2535  5321 D BatteryStatsService: noteVideoSurfaceChanged  noteWhich: 49,arg1: -1, arg2: -1, arg3: 24171, arg4: 19395, name: com.instagram.android
02-12 09:43:21.884  2535  5654 D BatteryStatsService: noteVideoSurfaceChanged  noteWhich: 49,arg1: -1, arg2: -1, arg3: 24171, arg4: 19394, name: com.instagram.android
02-12 09:43:31.192  2535  5106 D BatteryStatsService: noteVideoSurfaceChanged  noteWhich: 49,arg1: 416, arg2: 840, arg3: 24171, arg4: 19686, name: com.instagram.android
02-12 09:43:31.201  2535  8684 D BatteryStatsService: noteVideoSurfaceChanged  noteWhich: 49,arg1: 472, arg2: 838, arg3: 24171, arg4: 19686, name: com.instagram.android
02-12 09:43:31.217  2535  8684 D BatteryStatsService: noteVideoSurfaceChanged  noteWhich: 49,arg1: 472, arg2: 838, arg3: 24171, arg4: 19687, name: com.instagram.android
02-12 09:43:35.854  2535  4117 D BatteryStatsService: noteVideoSurfaceChanged  noteWhich: 49,arg1: -1, arg2: -1, arg3: 24171, arg4: 19687, name: com.instagram.android
02-12 09:43:35.856  2535  4517 D BatteryStatsService: noteVideoSurfaceChanged  noteWhich: 49,arg1: -1, arg2: -1, arg3: 24171, arg4: 19686, name: com.instagram.android
02-12 09:43:36.009  2535  5256 D BatteryStatsService: noteVideoSurfaceChanged  noteWhich: 49,arg1: 416, arg2: 840, arg3: 24171, arg4: 19742, name: com.instagram.android
02-12 09:43:36.026  2535  5256 D BatteryStatsService: noteVideoSurfaceChanged  noteWhich: 49,arg1: 472, arg2: 838, arg3: 24171, arg4: 19742, name: com.instagram.android
02-12 09:43:36.158  2535  4117 D BatteryStatsService: noteVideoSurfaceChanged  noteWhich: 49,arg1: 416, arg2: 840, arg3: 24171, arg4: 19743, name: com.instagram.android
02-12 09:43:36.174  2535  4117 D BatteryStatsService: noteVideoSurfaceChanged  noteWhich: 49,arg1: 472, arg2: 838, arg3: 24171, arg4: 19743, name: com.instagram.android
02-12 09:43:39.473  2535  8564 D BatteryStatsService: noteVideoSurfaceChanged  noteWhich: 49,arg1: -1, arg2: -1, arg3: 24171, arg4: 19743, name: com.instagram.android
02-12 09:43:39.479  2535  8564 D BatteryStatsService: noteVideoSurfaceChanged  noteWhich: 49,arg1: -1, arg2: -1, arg3: 24171, arg4: 19742, name: com.instagram.android
02-12 09:43:39.722  6628  6433 E ActivityThread: Failed to find provider info for gmail-ofls
02-12 09:43:39.729  6628  6433 E ActivityThread: Failed to find provider info for gmail-ofls
02-12 09:43:39.735  6628  6433 E ActivityThread: Failed to find provider info for gmail-ofls
02-12 09:43:40.842  6628  6433 E ActivityThread: Failed to find provider info for gmail-ofls
02-12 09:43:40.847  6628  6433 E ActivityThread: Failed to find provider info for gmail-ofls
02-12 09:43:40.850  6628  6433 E ActivityThread: Failed to find provider info for gmail-ofls
02-12 09:43:49.035  2535  8679 D BatteryStatsService: noteVideoSurfaceChanged  noteWhich: 49,arg1: 1260, arg2: 2800, arg3: 4276, arg4: 223, name: com.android.systemui
02-12 09:43:49.036  2535  3544 D BatteryStatsService: noteVideoSurfaceChanged  noteWhich: 49,arg1: 1260, arg2: 2800, arg3: 4276, arg4: 229, name: com.android.systemui
02-12 09:43:49.048  2535  8054 D BatteryStatsService: noteVideoSurfaceChanged  noteWhich: 49,arg1: 1260, arg2: 2800, arg3: 4276, arg4: 223, name: com.android.systemui
02-12 09:43:49.049  2535  8054 D BatteryStatsService: noteVideoSurfaceChanged  noteWhich: 49,arg1: 1260, arg2: 2800, arg3: 4276, arg4: 229, name: com.android.systemui
02-12 09:43:49.078  2535  8536 D BatteryStatsService: noteVideoSurfaceChanged  noteWhich: 49,arg1: 1260, arg2: 2800, arg3: 4276, arg4: 392, name: com.vivo.systemuiplugin
02-12 09:43:49.082  2535  3839 D BatteryStatsService: noteVideoSurfaceChanged  noteWhich: 49,arg1: 1260, arg2: 2800, arg3: 4276, arg4: 229, name: com.android.systemui
02-12 09:43:49.083  2535  3545 D BatteryStatsService: noteVideoSurfaceChanged  noteWhich: 49,arg1: 1260, arg2: 2800, arg3: 4276, arg4: 392, name: com.vivo.systemuiplugin
02-12 09:43:49.171  2535  8054 D BatteryStatsService: noteVideoSurfaceChanged  noteWhich: 49,arg1: 968, arg2: 790, arg3: 4671, arg4: 264, name: com.vivo.fingerprintui
02-12 09:43:49.187  2535  3545 D BatteryStatsService: noteVideoSurfaceChanged  noteWhich: 49,arg1: 968, arg2: 790, arg3: 4671, arg4: 264, name: com.vivo.fingerprintui
02-12 09:47:31.616  2535  4508 D BatteryStatsService: noteVideoSurfaceChanged  noteWhich: 49,arg1: -1, arg2: -1, arg3: 4671, arg4: 264, name: com.vivo.fingerprintui
02-12 09:47:31.754  2535  4435 D BatteryStatsService: noteVideoSurfaceChanged  noteWhich: 49,arg1: -1, arg2: -1, arg3: 4276, arg4: 392, name: com.vivo.systemuiplugin
02-12 09:47:31.762  2535  2882 D BatteryStatsService: noteVideoSurfaceChanged  noteWhich: 49,arg1: -2, arg2: -1, arg3: 4276, arg4: 223, name: com.android.systemui
02-12 09:47:31.763  2535  4435 D BatteryStatsService: noteVideoSurfaceChanged  noteWhich: 49,arg1: -2, arg2: -1, arg3: 4276, arg4: 229, name: com.android.systemui
02-12 09:47:32.084  2535  4517 D BatteryStatsService: noteVideoSurfaceChanged  noteWhich: 49,arg1: -2, arg2: -1, arg3: 4276, arg4: 223, name: com.android.systemui
02-12 09:47:32.085  2535  4517 D BatteryStatsService: noteVideoSurfaceChanged  noteWhich: 49,arg1: -2, arg2: -1, arg3: 4276, arg4: 229, name: com.android.systemui
02-12 09:47:32.800  2535  4650 D BatteryStatsService: noteVideoSurfaceChanged  noteWhich: 49,arg1: 1260, arg2: 2800, arg3: 4276, arg4: 223, name: com.android.systemui
02-12 09:47:32.800  2535  4650 D BatteryStatsService: noteVideoSurfaceChanged  noteWhich: 49,arg1: 1260, arg2: 2800, arg3: 4276, arg4: 229, name: com.android.systemui
02-12 09:47:32.802  2535  5256 D BatteryStatsService: noteVideoSurfaceChanged  noteWhich: 49,arg1: 1260, arg2: 2800, arg3: 4276, arg4: 223, name: com.android.systemui
02-12 09:47:32.803  2535  5256 D BatteryStatsService: noteVideoSurfaceChanged  noteWhich: 49,arg1: 1260, arg2: 2800, arg3: 4276, arg4: 229, name: com.android.systemui
02-12 09:47:32.818  2535  8054 D BatteryStatsService: noteVideoSurfaceChanged  noteWhich: 49,arg1: 1260, arg2: 2800, arg3: 4276, arg4: 223, name: com.android.systemui
02-12 09:47:32.836  2535  4650 D BatteryStatsService: noteVideoSurfaceChanged  noteWhich: 49,arg1: 1260, arg2: 2800, arg3: 4276, arg4: 223, name: com.android.systemui
02-12 09:47:32.837  2535  8054 D BatteryStatsService: noteVideoSurfaceChanged  noteWhich: 49,arg1: 1260, arg2: 2800, arg3: 4276, arg4: 229, name: com.android.systemui
02-12 09:47:33.919  2535  3839 D BatteryStatsService: noteVideoSurfaceChanged  noteWhich: 49,arg1: 216, arg2: 120, arg3: 24660, arg4: 284, name: com.spotify.music
02-12 09:47:34.207  2535  8054 D BatteryStatsService: noteVideoSurfaceChanged  noteWhich: 49,arg1: -2, arg2: -1, arg3: 4276, arg4: 223, name: com.android.systemui
02-12 09:47:34.210  2535  3839 D BatteryStatsService: noteVideoSurfaceChanged  noteWhich: 49,arg1: -2, arg2: -1, arg3: 4276, arg4: 223, name: com.android.systemui
02-12 09:47:34.214  2535  8054 D BatteryStatsService: noteVideoSurfaceChanged  noteWhich: 49,arg1: -2, arg2: -1, arg3: 4276, arg4: 229, name: com.android.systemui
02-12 09:47:34.332  2535  2882 D BatteryStatsService: noteVideoSurfaceChanged  noteWhich: 49,arg1: -2, arg2: -1, arg3: 24660, arg4: 2027, name: com.spotify.music
02-12 09:47:34.420  2535  4118 D BatteryStatsService: noteVideoSurfaceChanged  noteWhich: 49,arg1: -2, arg2: -1, arg3: 4276, arg4: 223, name: com.android.systemui
02-12 09:47:34.420  2535  4118 D BatteryStatsService: noteVideoSurfaceChanged  noteWhich: 49,arg1: -2, arg2: -1, arg3: 4276, arg4: 229, name: com.android.systemui
02-12 09:47:34.985  2535  5256 D BatteryStatsService: noteVideoSurfaceChanged  noteWhich: 49,arg1: 0, arg2: 0, arg3: 24660, arg4: 2027, name: com.spotify.music
02-12 09:47:34.986  2535  5256 D BatteryStatsService: noteVideoSurfaceChanged  noteWhich: 49,arg1: 1260, arg2: 2800, arg3: 24660, arg4: 2027, name: com.spotify.music
02-12 09:47:36.313  2535  3545 D BatteryStatsService: noteVideoSurfaceChanged  noteWhich: 49,arg1: -1, arg2: -1, arg3: 24660, arg4: 2086, name: com.spotify.music
02-12 09:47:36.314  2535  4650 D BatteryStatsService: noteVideoSurfaceChanged  noteWhich: 49,arg1: -1, arg2: -1, arg3: 24660, arg4: 2104, name: com.spotify.music
02-12 09:47:36.315  2535  3545 D BatteryStatsService: noteVideoSurfaceChanged  noteWhich: 49,arg1: -1, arg2: -1, arg3: 24660, arg4: 2122, name: com.spotify.music
02-12 09:47:36.723  2535  8054 D BatteryStatsService: noteVideoSurfaceChanged  noteWhich: 49,arg1: 1260, arg2: 2800, arg3: 24660, arg4: 2175, name: com.spotify.music
02-12 09:47:36.747  2535  8536 D BatteryStatsService: noteVideoSurfaceChanged  noteWhich: 49,arg1: 1260, arg2: 2800, arg3: 24660, arg4: 2175, name: com.spotify.music
02-12 09:47:36.749  2535  2882 D BatteryStatsService: noteVideoSurfaceChanged  noteWhich: 49,arg1: -2, arg2: -1, arg3: 24660, arg4: 2027, name: com.spotify.music
02-12 09:47:36.758  2535  2882 D BatteryStatsService: noteVideoSurfaceChanged  noteWhich: 49,arg1: -1, arg2: -1, arg3: 24660, arg4: 2027, name: com.spotify.music
02-12 09:47:37.338  2535  2882 D BatteryStatsService: noteVideoSurfaceChanged  noteWhich: 49,arg1: 324, arg2: 576, arg3: 24660, arg4: 2217, name: com.spotify.music
02-12 09:47:37.525  2535  8536 D BatteryStatsService: noteVideoSurfaceChanged  noteWhich: 49,arg1: -2, arg2: -1, arg3: 24660, arg4: 2175, name: com.spotify.music
02-12 09:47:37.789  2535  8536 D BatteryStatsService: noteVideoSurfaceChanged  noteWhich: 49,arg1: -1, arg2: -1, arg3: 24660, arg4: 2235, name: com.spotify.music
02-12 09:47:37.790  2535  4517 D BatteryStatsService: noteVideoSurfaceChanged  noteWhich: 49,arg1: -1, arg2: -1, arg3: 24660, arg4: 2253, name: com.spotify.music
02-12 09:47:37.790  2535  8536 D BatteryStatsService: noteVideoSurfaceChanged  noteWhich: 49,arg1: -1, arg2: -1, arg3: 24660, arg4: 2271, name: com.spotify.music
02-12 09:47:37.791  2535  4517 D BatteryStatsService: noteVideoSurfaceChanged  noteWhich: 49,arg1: -1, arg2: -1, arg3: 24660, arg4: 2217, name: com.spotify.music
02-12 09:47:37.793  2535  8536 D BatteryStatsService: noteVideoSurfaceChanged  noteWhich: 49,arg1: -2, arg2: -1, arg3: 24660, arg4: 2175, name: com.spotify.music
02-12 09:47:37.795  2535  8536 D BatteryStatsService: noteVideoSurfaceChanged  noteWhich: 49,arg1: -1, arg2: -1, arg3: 24660, arg4: 2175, name: com.spotify.music
02-12 09:47:46.784  2535  4650 D BatteryStatsService: noteVideoSurfaceChanged  noteWhich: 49,arg1: -2, arg2: -1, arg3: 24660, arg4: 284, name: com.spotify.music
02-12 09:47:46.998  2535  4508 D BatteryStatsService: noteVideoSurfaceChanged  noteWhich: 49,arg1: 1260, arg2: 2800, arg3: 4276, arg4: 223, name: com.android.systemui
02-12 09:47:46.999  2535  4508 D BatteryStatsService: noteVideoSurfaceChanged  noteWhich: 49,arg1: 1260, arg2: 2800, arg3: 4276, arg4: 229, name: com.android.systemui
02-12 09:47:47.011  2535  8061 D BatteryStatsService: noteVideoSurfaceChanged  noteWhich: 49,arg1: 1260, arg2: 2800, arg3: 4276, arg4: 223, name: com.android.systemui
02-12 09:47:47.011  2535  5654 D BatteryStatsService: noteVideoSurfaceChanged  noteWhich: 49,arg1: 1260, arg2: 2800, arg3: 4276, arg4: 229, name: com.android.systemui
02-12 09:47:47.042  2535  8061 D BatteryStatsService: noteVideoSurfaceChanged  noteWhich: 49,arg1: 1260, arg2: 2800, arg3: 4276, arg4: 392, name: com.vivo.systemuiplugin
02-12 09:47:47.048  2535  5654 D BatteryStatsService: noteVideoSurfaceChanged  noteWhich: 49,arg1: 1260, arg2: 2800, arg3: 4276, arg4: 229, name: com.android.systemui
02-12 09:47:47.049  2535  5654 D BatteryStatsService: noteVideoSurfaceChanged  noteWhich: 49,arg1: 1260, arg2: 2800, arg3: 4276, arg4: 392, name: com.vivo.systemuiplugin
02-12 09:47:47.114  2535  5256 D BatteryStatsService: noteVideoSurfaceChanged  noteWhich: 49,arg1: 968, arg2: 790, arg3: 4671, arg4: 269, name: com.vivo.fingerprintui
02-12 09:47:47.126  2535  5654 D BatteryStatsService: noteVideoSurfaceChanged  noteWhich: 49,arg1: 968, arg2: 790, arg3: 4671, arg4: 269, name: com.vivo.fingerprintui
02-12 09:47:48.164  2535  8679 D BatteryStatsService: noteVideoSurfaceChanged  noteWhich: 49,arg1: -1, arg2: -1, arg3: 4671, arg4: 269, name: com.vivo.fingerprintui
02-12 09:47:48.392  2535  5046 D BatteryStatsService: noteVideoSurfaceChanged  noteWhich: 49,arg1: 216, arg2: 120, arg3: 24660, arg4: 284, name: com.spotify.music
02-12 09:47:48.448  2535  4433 D BatteryStatsService: noteVideoSurfaceChanged  noteWhich: 49,arg1: -1, arg2: -1, arg3: 4276, arg4: 392, name: com.vivo.systemuiplugin
02-12 09:47:48.454  2535  5654 D BatteryStatsService: noteVideoSurfaceChanged  noteWhich: 49,arg1: -2, arg2: -1, arg3: 4276, arg4: 223, name: com.android.systemui
02-12 09:47:48.454  2535  5654 D BatteryStatsService: noteVideoSurfaceChanged  noteWhich: 49,arg1: -2, arg2: -1, arg3: 4276, arg4: 229, name: com.android.systemui
02-12 09:47:48.669  2535  4517 D BatteryStatsService: noteVideoSurfaceChanged  noteWhich: 49,arg1: 1260, arg2: 2800, arg3: 4276, arg4: 223, name: com.android.systemui
02-12 09:47:48.670  2535  4517 D BatteryStatsService: noteVideoSurfaceChanged  noteWhich: 49,arg1: 1260, arg2: 2800, arg3: 4276, arg4: 229, name: com.android.systemui
02-12 09:47:48.684  2535  4517 D BatteryStatsService: noteVideoSurfaceChanged  noteWhich: 49,arg1: 1260, arg2: 2800, arg3: 4276, arg4: 223, name: com.android.systemui
02-12 09:47:48.694  2535  2883 D BatteryStatsService: noteVideoSurfaceChanged  noteWhich: 49,arg1: 1260, arg2: 2800, arg3: 4276, arg4: 223, name: com.android.systemui
02-12 09:47:48.698  2535  2883 D BatteryStatsService: noteVideoSurfaceChanged  noteWhich: 49,arg1: -2, arg2: -1, arg3: 4276, arg4: 223, name: com.android.systemui
02-12 09:47:48.699  2535  4517 D BatteryStatsService: noteVideoSurfaceChanged  noteWhich: 49,arg1: -2, arg2: -1, arg3: 4276, arg4: 229, name: com.android.systemui
02-12 09:47:48.702  2535  2883 D BatteryStatsService: noteVideoSurfaceChanged  noteWhich: 49,arg1: 1260, arg2: 2800, arg3: 4276, arg4: 223, name: com.android.systemui
02-12 09:47:48.702  2535  2883 D BatteryStatsService: noteVideoSurfaceChanged  noteWhich: 49,arg1: 1260, arg2: 2800, arg3: 4276, arg4: 229, name: com.android.systemui
02-12 09:47:49.829  6628  2804 E ActivityThread: Failed to find provider info for gmail-ofls
02-12 09:47:50.438  2535  3544 D BatteryStatsService: noteVideoSurfaceChanged  noteWhich: 49,arg1: -2, arg2: -1, arg3: 4276, arg4: 223, name: com.android.systemui
02-12 09:47:50.444  2535  5256 D BatteryStatsService: noteVideoSurfaceChanged  noteWhich: 49,arg1: -2, arg2: -1, arg3: 4276, arg4: 223, name: com.android.systemui
02-12 09:47:50.447  2535  3544 D BatteryStatsService: noteVideoSurfaceChanged  noteWhich: 49,arg1: -2, arg2: -1, arg3: 4276, arg4: 229, name: com.android.systemui
02-12 09:47:50.600  2535  5654 D BatteryStatsService: noteVideoSurfaceChanged  noteWhich: 49,arg1: -2, arg2: -1, arg3: 4276, arg4: 223, name: com.android.systemui
02-12 09:47:50.601  2535  5654 D BatteryStatsService: noteVideoSurfaceChanged  noteWhich: 49,arg1: -2, arg2: -1, arg3: 4276, arg4: 229, name: com.android.systemui
02-12 09:47:50.955  6628  2804 E ActivityThread: Failed to find provider info for gmail-ofls
02-12 09:47:51.180  2535  4517 D BatteryStatsService: noteVideoSurfaceChanged  noteWhich: 49,arg1: -2, arg2: -1, arg3: 24660, arg4: 284, name: com.spotify.music
02-12 09:47:51.332  2535  4517 D BatteryStatsService: noteVideoSurfaceChanged  noteWhich: 49,arg1: 1260, arg2: 2800, arg3: 4276, arg4: 223, name: com.android.systemui
02-12 09:47:51.333  2535  5106 D BatteryStatsService: noteVideoSurfaceChanged  noteWhich: 49,arg1: 1260, arg2: 2800, arg3: 4276, arg4: 229, name: com.android.systemui
02-12 09:47:51.346  2535  5106 D BatteryStatsService: noteVideoSurfaceChanged  noteWhich: 49,arg1: 1260, arg2: 2800, arg3: 4276, arg4: 223, name: com.android.systemui
02-12 09:47:51.346  2535  5106 D BatteryStatsService: noteVideoSurfaceChanged  noteWhich: 49,arg1: 1260, arg2: 2800, arg3: 4276, arg4: 229, name: com.android.systemui
02-12 09:47:51.381  2535  4612 D BatteryStatsService: noteVideoSurfaceChanged  noteWhich: 49,arg1: 1260, arg2: 2800, arg3: 4276, arg4: 392, name: com.vivo.systemuiplugin
02-12 09:47:51.385  2535  5046 D BatteryStatsService: noteVideoSurfaceChanged  noteWhich: 49,arg1: 1260, arg2: 2800, arg3: 4276, arg4: 229, name: com.android.systemui
02-12 09:47:51.386  2535  5256 D BatteryStatsService: noteVideoSurfaceChanged  noteWhich: 49,arg1: 1260, arg2: 2800, arg3: 4276, arg4: 392, name: com.vivo.systemuiplugin
02-12 09:47:51.414  2535  5106 D BatteryStatsService: noteVideoSurfaceChanged  noteWhich: 49,arg1: 968, arg2: 790, arg3: 4671, arg4: 274, name: com.vivo.fingerprintui
02-12 09:47:51.424  2535  4435 D BatteryStatsService: noteVideoSurfaceChanged  noteWhich: 49,arg1: 968, arg2: 790, arg3: 4671, arg4: 274, name: com.vivo.fingerprintui
02-12 09:47:53.086  6628 30803 E ActivityThread: Failed to find provider info for gmail-ofls
02-12 09:48:33.800  8139  9073 I AlwaysOnHotwordDetector: onRejected
02-12 09:48:33.801  8139  8591 I AlwaysOnHotwordDetector: handle message 6
02-12 09:48:33.808  8139  8672 W KeyphraseEnrollmentInfo: No enrollment application supports the given keyphrase/locale: 'Y Google'/en_US
02-12 09:49:08.435  6628 30803 E ActivityThread: Failed to find provider info for gmail-ofls
02-12 09:50:08.732  2535  2883 D BatteryStatsService: noteVideoSurfaceChanged  noteWhich: 49,arg1: -1, arg2: -1, arg3: 4671, arg4: 274, name: com.vivo.fingerprintui
02-12 09:50:08.939  2535  8536 D BatteryStatsService: noteVideoSurfaceChanged  noteWhich: 49,arg1: 216, arg2: 120, arg3: 24660, arg4: 284, name: com.spotify.music
02-12 09:50:08.997  2535  8536 D BatteryStatsService: noteVideoSurfaceChanged  noteWhich: 49,arg1: -1, arg2: -1, arg3: 4276, arg4: 392, name: com.vivo.systemuiplugin
02-12 09:50:09.004  2535  2882 D BatteryStatsService: noteVideoSurfaceChanged  noteWhich: 49,arg1: -2, arg2: -1, arg3: 4276, arg4: 223, name: com.android.systemui
02-12 09:50:09.006  2535  8407 D BatteryStatsService: noteVideoSurfaceChanged  noteWhich: 49,arg1: -2, arg2: -1, arg3: 4276, arg4: 229, name: com.android.systemui
02-12 09:50:09.337  2535  5256 D BatteryStatsService: noteVideoSurfaceChanged  noteWhich: 49,arg1: -2, arg2: -1, arg3: 4276, arg4: 223, name: com.android.systemui
02-12 09:50:09.338  2535  5256 D BatteryStatsService: noteVideoSurfaceChanged  noteWhich: 49,arg1: -2, arg2: -1, arg3: 4276, arg4: 229, name: com.android.systemui
02-12 09:50:10.010  2535  8536 D BatteryStatsService: noteVideoSurfaceChanged  noteWhich: 49,arg1: 1260, arg2: 2800, arg3: 7405, arg4: 10, name: com.google.android.apps.nbu.paisa.user
02-12 09:50:10.017  2535  4582 D BatteryStatsService: noteVideoSurfaceChanged  noteWhich: 49,arg1: 1260, arg2: 2800, arg3: 7405, arg4: 10, name: com.google.android.apps.nbu.paisa.user
02-12 09:50:10.566  2535  4433 D BatteryStatsService: noteVideoSurfaceChanged  noteWhich: 49,arg1: -2, arg2: -1, arg3: 24660, arg4: 284, name: com.spotify.music
02-12 09:50:10.770  2535  3545 D BatteryStatsService: noteVideoSurfaceChanged  noteWhich: 49,arg1: 228, arg2: 230, arg3: 4671, arg4: 279, name: com.vivo.fingerprintui
02-12 09:50:10.772  2535  5256 D BatteryStatsService: noteVideoSurfaceChanged  noteWhich: 49,arg1: 228, arg2: 230, arg3: 4671, arg4: 279, name: com.vivo.fingerprintui
02-12 09:50:11.094  2535  4433 D BatteryStatsService: noteVideoSurfaceChanged  noteWhich: 49,arg1: -1, arg2: -1, arg3: 4671, arg4: 279, name: com.vivo.fingerprintui
02-12 09:50:14.765  2535  8369 V AutofillSession: Primary service component name: ComponentInfo{com.google.android.gms/com.google.android.gms.autofill.service.AutofillService}, secondary service component name: ComponentInfo{com.android.credentialmanager/com.android.credentialmanager.autofill.CredentialAutofillService}
02-12 09:50:14.777  2535  8369 D AutofillSession: createPendingIntent for request 264
02-12 09:50:14.879  2535  2535 D AutofillSession: clearPendingIntentLocked
