02-12 11:31:40.495  8139  8668 I eqid    : (REDACTED) #getDspAvailableResult locale : %s, dsp locale : %s, keyphrase : %s, DSP keyphrase : %s, isKeyphraseAndLocaleSupported : %b, canUseDownloadDspModel : %b. forceUniversalDspHotwordModel : %b
02-12 11:31:40.495  8139  8665 I eqfi    : (REDACTED) #onSodaStop inside sequentialExecutor %s
02-12 11:31:40.495  8139  8665 W eqfi    : (REDACTED) %s. Completer is null; It could be set earlier or we ware not waiting for the disconnect signal.
02-12 11:31:40.495  8139  8668 W KeyphraseEnrollmentInfo: No enrollment application supports the given keyphrase/locale: 'Y Google'/en_US
02-12 11:31:40.495  8139  8664 I eqid    : (REDACTED) isDspHotwordSupportedByPlatform = %s, isDspHotwordModelAvailable = %s
02-12 11:31:40.495  8139  8665 I efjh    : (REDACTED) HDM event received: %s
02-12 11:31:40.496  8139  8664 I eqfi    : (REDACTED) getAllConfigAndTakeAction dspAvailable: %b, disableDspInTest: %b
02-12 11:31:40.496  8139  8664 I eqdn    : (REDACTED) Voice Match (Speaker-id) supported : %b 
02-12 11:31:40.496  8139  8664 I eqdn    : (REDACTED) hotword enrollment state is enrolled:  %b, speakerId model exist: %b. Voice Match supported : %b 
02-12 11:31:40.496  8139  8664 I eqdn    : (REDACTED) isHotwordAvailable():  %b, isHotwordEnabled() %b 
02-12 11:31:40.496  8139  8664 I eqdn    : (REDACTED) Hotword enrollment state : %s.
02-12 11:31:40.496  8139  8664 I eqfi    : Registering for screen on/off intent ...
02-12 11:31:40.496  8139  8664 I eqdn    : (REDACTED) Voice Match (Speaker-id) supported : %b 
02-12 11:31:40.496  8139  8664 I eqdn    : (REDACTED) Hotword enrollment state : %s.
02-12 11:31:40.497  8139  8665 I effo    : (REDACTED) Platform configuration for connection(%s) has changed(@%s):%s
02-12 11:31:40.497  8139  8665 I efde    : (REDACTED) On platform configuration update(@%s) in connection(%s).
02-12 11:31:40.498  8139  8667 I bhme    : (REDACTED) On platform configuration update(%s).
02-12 11:31:40.498  8139  8667 I bhml    : Received ConfigurationUpdate from Triggering API
02-12 11:31:40.498  8139  8687 W AidlConversionCppNdk: aidl2legacy_AudioChannelLayout_audio_channel_mask_t: no legacy output audio_channel_mask_t found for AudioChannelLayout{layoutMask: 16}
02-12 11:31:40.498  8139  8664 I eqgg    : (REDACTED) Operational mode passed in HotwordConfig is %s
02-12 11:31:40.498  8139  8664 I eqdn    : (REDACTED) Hotword enrollment state : %s.
02-12 11:31:40.499  8139  8664 I eqfy    : (REDACTED) DefaultPersonalDecisionMaker#getNextAction. Voice match enabled: %b. incomplete enrollment state: %b, screen on: %b, screen locked: %b dsp available: %b
02-12 11:31:40.499  8139  8664 I eqgi    : (REDACTED) SharedDecisionMaker#getNextAction for requester %s, mode %s 
02-12 11:31:40.499  8139  8664 I eqgi    : #SharedDecisionMaker. NextAction.START
02-12 11:31:40.499  8139  8664 I eqed    : Reconfig not needed.
02-12 11:31:40.499  8139  8664 I eqfi    : (REDACTED) currentReconfigCheckerResult %s
02-12 11:31:40.499  8139  8664 I eqmg    : (REDACTED) #setSpeakerIdRequired: %s
02-12 11:31:40.499  8139  8664 I eqfi    : (REDACTED) HDM. enableIrisHotword %b
02-12 11:31:40.499  8139  8522 I eqnp    : (REDACTED) #setSpeakerIdRequired inside sequencer %b
02-12 11:31:40.499  8139  8664 I eqfi    : (REDACTED) Get the next action %s for requester %s.
02-12 11:31:40.499  8139  8522 I eqnp    : No change in speaker-id requirement, so no need to update.
02-12 11:31:40.499  8139  8664 I eqod    : Trusted hotword enabled for flag
02-12 11:31:40.499  8139  8664 I eqfi    : getDspTriggerNotificationRequirement
02-12 11:31:40.499  8139  8664 I eqfi    : (REDACTED) dspTriggerNotificationRequirement: %s
02-12 11:31:40.499  8139  8664 I eqod    : Trusted hotword enabled for flag
02-12 11:31:40.499  8139  8664 I eqea    : Starting trusted DSP hotword detection
02-12 11:31:40.499  8139  8664 I eqnp    : #setDspHotwordModel
02-12 11:31:40.499  8139  8667 I eqnp    : #setDspHotwordModel inside sequencer.
02-12 11:31:40.500  8139  8664 I eqnp    : #startDspHotwordRecognition
02-12 11:31:40.500  8139  8675 I eqnp    : onHotwordDetectionServiceI