02-20 11:55:03.674  2316  5033 D BatteryStatsService: noteVideoSurfaceChanged  noteWhich: 49,arg1: -1, arg2: -1, arg3: 1224, arg4: 5892, name: com.instagram.android
02-20 11:55:03.864  2316  2822 D BatteryStatsService: noteVideoSurfaceChanged  noteWhich: 49,arg1: 1260, arg2: 2800, arg3: 4141, arg4: 223, name: com.android.systemui
02-20 11:55:03.865  2316  4290 D BatteryStatsService: noteVideoSurfaceChanged  noteWhich: 49,arg1: 1260, arg2: 2800, arg3: 4141, arg4: 229, name: com.android.systemui
02-20 11:55:03.875  2316 14712 D BatteryStatsService: noteVideoSurfaceChanged  noteWhich: 49,arg1: 1260, arg2: 2800, arg3: 4141, arg4: 223, name: com.android.systemui
02-20 11:55:03.876  2316 14712 D BatteryStatsService: noteVideoSurfaceChanged  noteWhich: 49,arg1: 1260, arg2: 2800, arg3: 4141, arg4: 229, name: com.android.systemui
02-20 11:55:03.900  2316  5033 D BatteryStatsService: noteVideoSurfaceChanged  noteWhich: 49,arg1: 1260, arg2: 2800, arg3: 4141, arg4: 392, name: com.vivo.systemuiplugin
02-20 11:55:03.904  2316  5033 D BatteryStatsService: noteVideoSurfaceChanged  noteWhich: 49,arg1: 1260, arg2: 2800, arg3: 4141, arg4: 229, name: com.android.systemui
02-20 11:55:03.904  2316  5033 D BatteryStatsService: noteVideoSurfaceChanged  noteWhich: 49,arg1: 1260, arg2: 2800, arg3: 4141, arg4: 392, name: com.vivo.systemuiplugin
02-20 11:55:03.935  2316  5043 D BatteryStatsService: noteVideoSurfaceChanged  noteWhich: 49,arg1: 968, arg2: 790, arg3: 4527, arg4: 2309, name: com.vivo.fingerprintui
02-20 11:55:03.964  2316  5033 D BatteryStatsService: noteVideoSurfaceChanged  noteWhich: 49,arg1: 968, arg2: 790, arg3: 4527, arg4: 2309, name: com.vivo.fingerprintui
02-20 11:58:14.775  7575 12196 I AlwaysOnHotwordDetector: onRejected
02-20 11:58:14.775  7575  7993 I AlwaysOnHotwordDetector: handle message 6
02-20 11:58:14.780  7575  8055 W KeyphraseEnrollmentInfo: No enrollment application supports the given keyphrase/locale: 'Y Google'/en_US
02-20 11:58:53.177  7575 12196 I AlwaysOnHotwordDetector: onRejected
02-20 11:58:53.177  7575  7993 I AlwaysOnHotwordDetector: handle message 6
02-20 11:58:53.182  7575  8038 W KeyphraseEnrollmentInfo: No enrollment application supports the given keyphrase/locale: 'Y Google'/en_US
02-20 12:05:08.084  2316  4439 D BatteryStatsService: noteVideoSurfaceChanged  noteWhich: 49,arg1: -1, arg2: -1, arg3: 4527, arg4: 2309, name: com.vivo.fingerprintui
02-20 12:05:08.158  2316  3482 D BatteryStatsService: noteVideoSurfaceChanged  noteWhich: 49,arg1: 1260, arg2: 2801, arg3: 4141, arg4: 392, name: com.vivo.systemuiplugin
02-20 12:05:08.169  2316  4420 D BatteryStatsService: noteVideoSurfaceChanged  noteWhich: 49,arg1: -1, arg2: -1, arg3: 4141, arg4: 392, name: com.vivo.systemuiplugin
02-20 12:05:08.175  2316  5477 D BatteryStatsService: noteVideoSurfaceChanged  noteWhich: 49,arg1: -2, arg2: -1, arg3: 4141, arg4: 223, name: com.android.systemui
02-20 12:05:08.176  2316  3482 D BatteryStatsService: noteVideoSurfaceChanged  noteWhich: 49,arg1: -2, arg2: -1, arg3: 4141, arg4: 229, name: com.android.systemui
02-20 12:05:08.341  2316  5477 D BatteryStatsService: noteVideoSurfaceChanged  noteWhich: 49,arg1: 1260, arg2: 2240, arg3: 1224, arg4: 6022, name: com.instagram.android
02-20 12:05:08.407  2316  5477 D BatteryStatsService: noteVideoSurfaceChanged  noteWhich: 49,arg1: 1260, arg2: 2800, arg3: 4141, arg4: 223, name: com.android.systemui
02-20 12:05:08.407  2316  5477 D BatteryStatsService: noteVideoSurfaceChanged  noteWhich: 49,arg1: 1260, arg2: 2800, arg3: 4141, arg4: 229, name: com.android.systemui
02-20 12:05:08.442  2316  4015 D BatteryStatsService: noteVideoSurfaceChanged  noteWhich: 49,arg1: 1260, arg2: 2800, arg3: 4141, arg4: 223, name: com.android.systemui
02-20 12:05:08.448  2316  4439 D BatteryStatsService: noteVideoSurfaceChanged  noteWhich: 49,arg1: 1260, arg2: 2800, arg3: 4141, arg4: 223, name: com.android.systemui
02-20 12:05:08.540  2316  5477 D BatteryStatsService: noteVideoSurfaceChanged  noteWhich: 49,arg1: -1, arg2: -1, arg3: 1224, arg4: 6023, name: com.instagram.android
02-20 12:05:09.432  2316  5477 D BatteryStatsService: noteVideoSurfaceChanged  noteWhich: 49,arg1: -2, arg2: -1, arg3: 4141, arg4: 223, name: com.android.systemui
02-20 12:05:09.434  2316  7924 D BatteryStatsService: noteVideoSurfaceChanged  noteWhich: 49,arg1: -2, arg2: -1, arg3: 4141, arg4: 223, name: com.android.systemui
02-20 12:05:09.434  2316  7924 D BatteryStatsService: noteVideoSurfaceChanged  noteWhich: 49,arg1: -2, arg2: -1, arg3: 4141, arg4: 229, name: com.android.systemui
02-20 12:05:09.548 22518  8388 W Looper  : Slow delivery took 271968ms android.bg h=android.os.Handler c=android.os.BinderProxy$1@d1407ae m=0
02-20 12:05:09.556 22518  8388 W Looper  : Drained
02-20 12:05:09.580  2316  4015 D BatteryStatsService: noteVideoSurfaceChanged  noteWhich: 49,arg1: -2, arg2: -1, arg3: 4141, arg4: 223, name: com.android.systemui
02-20 12:05:09.581  2316  4015 D BatteryStatsService: noteVideoSurfaceChanged  noteWhich: 49,arg1: -2, arg2: -1, arg3: 4141, arg4: 229, name: com.android.systemui
02-20 12:05:10.735  2316  4015 D BatteryStatsService: noteVideoSurfaceChanged  noteWhich: 49,arg1: -1, arg2: -1, arg3: 1224, arg4: 6022, name: com.instagram.android
02-20 12:05:14.348  2316  4270 V AutofillSession: Primary service component name: ComponentInfo{com.google.android.gms/com.google.android.gms.autofill.service.AutofillService}, secondary service component name: ComponentInfo{com.android.credentialmanager/com.android.credentialmanager.autofill.CredentialAutofillService}
02-20 12:05:14.534  2316  2819 D AutofillSession: clearPendingIntentLocked
02-20 12:05:14.534  2316  2819 V AutofillSession: Primary service component name: ComponentInfo{com.google.android.gms/com.google.android.gms.autofill.service.AutofillService}, secondary service component name: ComponentInfo{com.android.credentialmanager/com.android.credentialmanager.autofill.CredentialAutofillService}
02-20 12:05:30.713  2316  5049 D AutofillSession: clearPendingIntentLocked
02-20 12:05:31.868  2316  2819 V AutofillSession: Primary service component name: ComponentInfo{com.google.android.gms/com.google.android.gms.autofill.service.AutofillService}, secondary service component name: ComponentInfo{com.android.credentialmanager/com.android.credentialmanager.autofill.CredentialAutofillService}
02-20 12:05:32.142  2316  5477 D AutofillSession: clearPendingIntentLocked
02-20 12:05:32.147  2316  5477 V AutofillSession: Primary service component name: ComponentInfo{com.google.android.gms/com.google.android.gms.autofill.service.AutofillService}, secondary service component name: ComponentInfo{com.android.credentialmanager/com.android.credentialmanager.autofill.CredentialAutofillService}
02-20 12:05:34.541  2316  5041 D AutofillSession: clearPendingIntentLocked
02-20 12:05:43.028  2316  5049 D BatteryStatsService: noteVideoSurfaceChanged  noteWhich: 49,arg1: 1260, arg2: 2800, arg3: 22619, arg4: 3241, name: com.whatsapp
02-20 12:05:43.036  2316  4996 D BatteryStatsService: noteVideoSurfaceChanged  noteWhich: 49,arg1: 1260, arg2: 2247, arg3: 22619, arg4: 3241, name: com.whatsapp
02-20 12:05:43.762  2316 14712 D BatteryStatsService: noteVideoSurfaceChanged  noteWhich: 49,arg1: -2, arg2: -1, arg3: 22619, arg4: 3241, name: com.whatsapp
02-20 12:05:43.764  2316 14712 D BatteryStatsService: noteVideoSurfaceChanged  noteWhich: 49,arg1: -2, arg2: -1, arg3: 22619, arg4: 3241, name: com.whatsapp
02-20 12:05:43.771  2316 14712 D BatteryStatsService: noteVideoSurfaceChanged  noteWhich: 49,arg1: -1, arg2: -1, arg3: 22619, arg4: 3241, name: com.whatsapp
02-20 12:05:46.098  2316  5049 V AutofillSession: Primary service component name: ComponentInfo{com.google.android.gms/com.google.android.gms.autofill.service.AutofillService}, secondary service component name: ComponentInfo{com.android.credentialmanager/com.android.credentialmanager.autofill.CredentialAutofillService}
02-20 12:05:47.837  2316  5049 D AutofillSession: clearPendingIntentLocked
02-20 12:05:48.233  2316  5049 V AutofillSession: Primary service component name: ComponentInfo{com.google.android.gms/com.google.android.gms.autofill.service.AutofillService}, secondary service component name: ComponentInfo{com.android.credentialmanager/com.android.credentialmanager.autofill.CredentialAutofillService}
02-20 12:05:52.045  2316  4423 D AutofillSession: clearPendingIntentLocked
02-20 12:05:52.452  2316  2822 V AutofillSession: Primary service component name: ComponentInfo{com.google.android.gms/com.google.android.gms.autofill.service.AutofillService}, secondary service component name: ComponentInfo{com.android.credentialmanager/com.android.credentialmanager.autofill.CredentialAutofillService}
02-20 12:05:53.720  2316  4423 D AutofillSession: clearPendingIntentLocked
02-20 12:05:54.037  2316  4423 V AutofillSession: Primary service component name: ComponentInfo{com.google.android.gms/com.google.android.gms.autofill.service.AutofillService}, secondary service component name: ComponentInfo{com.android.credentialmanager/com.android.credentialmanager.autofill.CredentialAutofillService}
02-20 12:05:59.301  2316  7885 D BatteryStatsService: noteVideoSurfaceChanged  noteWhich: 49,arg1: 1260, arg2: 2800, arg3: 22619, arg4: 5353, name: com.whatsapp
02-20 12:05:59.318  2316  7885 D BatteryStatsService: noteVideoSurfaceChanged  noteWhich: 49,arg1: 1260, arg2: 2800, arg3: 22619, arg4: 5353, name: com.whatsapp
02-20 12:06:00.856  2316  7885 D BatteryStatsService: noteVideoSurfaceChanged  noteWhich: 49,arg1: 1260, arg2: 2800, arg3: 22619, arg4: 5353, name: com.whatsapp
02-20 12:06:00.864  2316  7885 D BatteryStatsService: noteVideoSurfaceChanged  noteWhich: 49,arg1: 1260, arg2: 2800, arg3: 22619, arg4: 5353, name: com.whatsapp
02-20 12:06:00.875  2316  7885 D BatteryStatsService: noteVideoSurfaceChanged  noteWhich: 49,arg1: 1260, arg2: 2800, arg3: 22619, arg4: 5353, name: com.whatsapp
02-20 12:06:00.882  2316  4439 D BatteryStatsService: noteVideoSurfaceChanged  noteWhich: 49,arg1: 1260, arg2: 2800, arg3: 22619, arg4: 5353, name: com.whatsapp
02-20 12:06:00.890  2316  4288 D BatteryStatsService: noteVideoSurfaceChanged  noteWhich: 49,arg1: 1260, arg2: 2800, arg3: 22619, arg4: 5353, name: com.whatsapp
02-20 12:06:00.899  2316  4288 D BatteryStatsService: noteVideoSurfaceChanged  noteWhich: 49,arg1: 1260, arg2: 2800, arg3: 22619, arg4: 5353, name: com.whatsapp
02-20 12:06:00.907  2316  4439 D BatteryStatsService: noteVideoSurfaceChanged  noteWhich: 49,arg1: 1260, arg2: 2800, arg3: 22619, arg4: 5353, name: com.whatsapp
02-20 12:06:00.916  2316  4439 D BatteryStatsService: noteVideoSurfaceChanged  noteWhich: 49,arg1: 1260, arg2: 2800, arg3: 22619, arg4: 5353, name: com.whatsapp
02-20 12:06:00.924  2316  4439 D BatteryStatsService: noteVideoSurfaceChanged  noteWhich: 49,arg1: 1260, arg2: 2800, arg3: 22619, arg4: 5353, name: com.whatsapp
02-20 12:06:00.932  2316  4288 D BatteryStatsService: noteVideoSurfaceChanged  noteWhich: 49,arg1: 1260, arg2: 2800, arg3: 22619, arg4: 5353, name: com.whatsapp
02-20 12:06:00.941  2316  4288 D BatteryStatsService: noteVideoSurfaceChanged  noteWhich: 49,arg1: 1260, arg2: 2800, arg3: 22619, arg4: 5353, name: com.whatsapp
02-20 12:06:00.948  2316  4288 D BatteryStatsService: noteVideoSurfaceChanged  noteWhich: 49,arg1: 1260, arg2: 2800, arg3: 22619, arg4: 5353, name: com.whatsapp
02-20 12:06:00.956  2316  7885 D BatteryStatsService: noteVideoSurfaceChanged  noteWhich: 49,arg1: 1260, arg2: 2800, arg3: 22619, arg4: 5353, name: com.whatsapp
02-20 12:06:00.965  2316  4942 D BatteryStatsService: noteVideoSurfaceChanged  noteWhich: 49,arg1: 1260, arg2: 2800, arg3: 22619, arg4: 5353, name: com.whatsapp
02-20 12:06:00.973  2316  4942 D BatteryStatsService: noteVideoSurfaceChanged  noteWhich: 49,arg1: 1260, arg2: 2800, arg3: 22619, arg4: 5353, name: com.whatsapp
02-20 12:06:00.981  2316  5477 D BatteryStatsService: noteVideoSurfaceChanged  noteWhich: 49,arg1: 1260, arg2: 2800, arg3: 22619, arg4: 5353, name: com.whatsapp
02-20 12:06:00.993  2316  5477 D BatteryStatsService: noteVideoSurfaceChanged  noteWhich: 49,arg1: 1260, arg2: 2800, arg3: 22619, arg4: 5353, name: com.whatsapp
02-20 12:06:01.204  2316  5477 D BatteryStatsService: noteVideoSurfaceChanged  noteWhich: 49,arg1: 1260, arg2: 2800, arg3: 22619, arg4: 5353, name: com.whatsapp
02-20 12:06:01.219  2316  5477 D BatteryStatsService: noteVideoSurfaceChanged  noteWhich: 49,arg1: 1260, arg2: 2800, arg3: 22619, arg4: 5353, name: com.whatsapp
02-20 12:06:01.233  2316  5477 D BatteryStatsService: noteVideoSurfaceChanged  noteWhich: 49,arg1: 1260, arg2: 2800, arg3: 22619, arg4: 5353, name: com.whatsapp
02-20 12:06:01.241  2316  5477 D BatteryStatsService: noteVideoSurfaceChanged  noteWhich: 49,arg1: 1260, arg2: 2800, arg3: 22619, arg4: 5353, name: com.whatsapp
02-20 12:06:01.250  2316  5477 D BatteryStatsService: noteVideoSurfaceChanged  noteWhich: 49,arg1: 1260, arg2: 2800, arg3: 22619, arg4: 5353, name: com.whatsapp
02-20 12:06:01.258  2316  5477 D BatteryStatsService: noteVideoSurfaceChanged  noteWhich: 49,arg1: 1260, arg2: 2800, arg3: 22619, arg4: 5353, name: com.whatsapp
02-20 12:06:01.267  2316  5477 D BatteryStatsService: noteVideoSurfaceChanged  noteWhich: 49,arg1: 1260, arg2: 2800, arg3: 22619, arg4: 5353, name: com.whatsapp
02-20 12:06:01.275  2316  5477 D BatteryStatsService: noteVideoSurfaceChanged  noteWhich: 49,arg1: 1260, arg2: 2800, arg3: 22619, arg4: 5353, name: com.whatsapp
02-20 12:06:01.285  2316  4942 D BatteryStatsService: noteVideoSurfaceChanged  noteWhich: 49,arg1: 1260, arg2: 2800, arg3: 22619, arg4: 5353, name: com.whatsapp
02-20 12:06:01.290  2316  4942 D BatteryStatsService: noteVideoSurfaceChanged  noteWhich: 49,arg1: 1260, arg2: 2800, arg3: 22619, arg4: 5353, name: com.whatsapp
02-20 12:06:01.674  2316  4288 D BatteryStatsService: noteVideoSurfaceChanged  noteWhich: 49,arg1: -1, arg2: -1, arg3: 22619, arg4: 5353, name: com.whatsapp
02-20 12:06:02.828  2316  4942 D BatteryStatsService: noteVideoSurfaceChanged  noteWhich: 49,arg1: 1260, arg2: 2800, arg3: 22619, arg4: 5508, name: com.whatsapp
02-20 12:06:02.848  2316 14712 D BatteryStatsService: noteVideoSurfaceChanged  noteWhich: 49,arg1: 1260, arg2: 2800, arg3: 22619, arg4: 5547, name: com.whatsapp
02-20 12:06:02.855  2316 14712 D BatteryStatsService: noteVideoSurfaceChanged  noteWhich: 49,arg1: 1260, arg2: 2800, arg3: 22619, arg4: 5508, name: com.whatsapp
02-20 12:06:02.855  2316 14712 D BatteryStatsService: noteVideoSurfaceChanged  noteWhich: 49,arg1: 1260, arg2: 2800, arg3: 22619, arg4: 5547, name: com.whatsapp
02-20 12:06:07.902  2316  5477 D BatteryStatsService: noteVideoSurfaceChanged  noteWhich: 49,arg1: 1260, arg2: 2240, arg3: 22619, arg4: 5508, name: com.whatsapp
02-20 12:06:07.904  2316  4420 D BatteryStatsService: noteVideoSurfaceChanged  noteWhich: 49,arg1: 1260, arg2: 2240, arg3: 22619, arg4: 5508, name: com.whatsapp
02-20 12:06:10.091  2316  4437 D BatteryStatsService: noteVideoSurfaceChanged  noteWhich: 49,arg1: -1, arg2: -1, arg3: 22619, arg4: 5508, name: com.whatsapp
02-20 12:06:10.092  2316  4437 D BatteryStatsService: noteVideoSurfaceChanged  noteWhich: 49,arg1: -1, arg2: -1, arg3: 22619, arg4: 5547, name: com.whatsapp
02-20 12:06:11.650  2316  4420 D AutofillSession: clearPendingIntentLocked
02-20 12:06:19.989  2316  4437 V AutofillSession: Primary service component name: ComponentInfo{com.google.android.gms/com.google.android.gms.autofill.service.AutofillService}, secondary service component name: ComponentInfo{com.android.credentialmanager/com.android.credentialmanager.autofill.CredentialAutofillService}
02-20 12:06:20.184  2316  4942 D AutofillSession: clearPendingIntentLocked
02-20 12:06:20.186  2316  4942 V AutofillSession: Primary service component name: ComponentInfo{com.google.android.gms/com.google.android.gms.autofill.service.AutofillService}, secondary service component name: ComponentInfo{com.android.credentialmanager/com.android.credentialmanager.autofill.CredentialAutofillService}
02-20 12:06:22.041  2316 14712 D AutofillSession: clearPendingIntentLocked
02-20 12:06:25.227  2316  4437 V AutofillSession: Primary service component name: ComponentInfo{com.google.android.gms/com.google.android.gms.autofill.service.AutofillService}, secondary service component name: ComponentInfo{com.android.credentialmanager/com.android.credentialmanager.autofill.CredentialAutofillService}
02-20 12:06:25.426  2316  4288 D AutofillSession: clearPendingIntentLocked
02-20 12:06:25.429  2316  4288 V AutofillSession: Primary service component name: ComponentInfo{com.google.android.gms/com.google.android.gms.autofill.service.AutofillService}, secondary service component name: ComponentInfo{com.android.credentialmanager/com.android.credentialmanager.autofill.CredentialAutofillService}
02-20 12:06:26.988  2316  4437 D AutofillSession: clearPendingIntentLocked
02-20 12:07:08.173  2316  7885 V AutofillSession: Primary service component name: ComponentInfo{com.google.android.gms/com.google.android.gms.autofill.service.AutofillService}, secondary service component name: ComponentInfo{com.android.credentialmanager/com.android.credentialmanager.autofill.CredentialAutofillService}
02-20 12:07:08.332  2316  7885 D AutofillSession: clearPendingIntentLocked
02-20 12:07:08.335  2316  7885 V AutofillSession: Primary service component name: ComponentInfo{com.google.android.gms/com.google.android.gms.autofill.service.AutofillService}, secondary service component name: ComponentInfo{com.android.credentialmanager/com.android.credentialmanager.autofill.CredentialAutofillService}
02-20 12:07:09.513  2316  4996 D AutofillSession: clearPendingIntentLocked
02-20 12:07:15.783  2316 14712 V AutofillSession: Primary service component name: ComponentInfo{com.google.android.gms/com.google.android.gms.autofill.service.AutofillService}, secondary service component name: ComponentInfo{com.android.credentialmanager/com.android.credentialmanager.autofill.CredentialAutofillService}
02-20 12:07:15.935  2316  7885 D AutofillSession: clearPendingIntentLocked
02-20 12:07:15.938  2316  7885 V AutofillSession: Primary service component name: ComponentInfo{com.google.android.gms/com.google.android.gms.autofill.service.AutofillService}, secondary service component name: ComponentInfo{com.android.credentialmanager/com.android.credentialmanager.autofill.CredentialAutofillService}
02-20 12:07:17.961  2316 14712 D AutofillSession: clearPendingIntentLocked
02-20 12:07:25.462  2316  4437 V AutofillSession: Primary service component name: ComponentInfo{com.google.android.gms/com.google.android.gms.autofill.service.AutofillService}, secondary service component name: ComponentInfo{com.android.credentialmanager/com.android.credentialmanager.autofill.CredentialAutofillService}
02-20 12:07:25.602  2316  7885 D AutofillSession: clearPendingIntentLocked
02-20 12:07:25.604  2316  7885 V AutofillSession: Primary service component name: ComponentInfo{com.google.android.gms/com.google.android.gms.autofill.service.AutofillService}, secondary service component name: ComponentInfo{com.android.credentialmanager/com.android.credentialmanager.autofill.CredentialAutofillService}
02-20 12:07:33.643  2316  7885 D AutofillSession: clearPendingIntentLocked
02-20 12:07:41.105  2316  4420 D BatteryStatsService: noteVideoSurfaceChanged  noteWhich: 49,arg1: 1260, arg2: 2800, arg3: 4141, arg4: 223, name: com.android.systemui
02-20 12:07:41.105  2316  4420 D BatteryStatsService: noteVideoSurfaceChanged  noteWhich: 49,arg1: 1260, arg2: 2800, arg3: 4141, arg4: 229, name: com.android.systemui
02-20 12:07:41.121  2316  4417 D BatteryStatsService: noteVideoSurfaceChanged  noteWhich: 49,arg1: 1260, arg2: 2800, arg3: 4141, arg4: 223, name: com.android.systemui
02-20 12:07:41.122  2316  4417 D BatteryStatsService: noteVideoSurfaceChanged  noteWhich: 49,arg1: 1260, arg2: 2800, arg3: 4141, arg4: 229, name: com.android.systemui
02-20 12:07:41.147  2316  4420 D BatteryStatsService: noteVideoSurfaceChanged  noteWhich: 49,arg1: 1260, arg2: 2800, arg3: 4141, arg4: 392, name: com.vivo.systemuiplugin
02-20 12:07:41.151  2316  4420 D BatteryStatsService: noteVideoSurfaceChanged  noteWhich: 49,arg1: 1260, arg2: 2800, arg3: 4141, arg4: 229, name: com.android.systemui
02-20 12:07:41.152  2316  4420 D BatteryStatsService: noteVideoSurfaceChanged  noteWhich: 49,arg1: 1260, arg2: 2800, arg3: 4141, arg4: 392, name: com.vivo.systemuiplugin
02-20 12:07:41.183  2316  3481 D BatteryStatsService: noteVideoSurfaceChanged  noteWhich: 49,arg1: 968, arg2: 790, arg3: 4527, arg4: 2314, name: com.vivo.fingerprintui
02-20 12:07:41.217  2316  4422 D BatteryStatsService: noteVideoSurfaceChanged  noteWhich: 49,arg1: 968, arg2: 790, arg3: 4527, arg4: 2314, name: com.vivo.fingerprintui
02-20 12:08:52.069 10704 10811 D ActivityThread: Loading provider com.larksuite.suite.ttnet.share: com.ss.android.lark.framework.assembly.ttnet.MultiProcessSharedProvider
02-20 12:08:52.070 10704 10808 D ActivityThread: Loading provider com.larksuite.suite.ttnet.share: com.ss.android.lark.framework.assembly.ttnet.MultiProcessSharedProvider
02-20 12:08:52.143 10704 10846 E ActivityThread: Failed to find provider info for com.vivo.awarecontext.awareeventprovider
02-20 12:08:52.175 10704 10704 V AconfigFlags: Read Aconfig default flag value android.hardware.biometrics.custom_biometric_prompt = true
02-20 12:08:52.175 10704 10704 V AconfigFlags: Read Aconfig default flag value android.hardware.biometrics.get_op_id_crypto_object = true
02-20 12:08:52.175 10704 10704 V AconfigFlags: Read Aconfig default flag value android.hardware.biometrics.last_authentication_time = true
02-20 12:08:52.175 10704 10704 V AconfigFlags: Read Aconfig default flag value android.hardware.biometrics.mandatory_biometrics = false
02-20 12:08:52.175 10704 10704 V AconfigFlags: Read Aconfig default flag value android.hardware.devicestate.feature.flags.device_state_property_api = true
02-20 12:08:52.175 10704 10704 V AconfigFlags: Read Aconfig default flag value android.hardware.flags.overlayproperties_class_api = true
02-20 12:08:52.175 10704 10704 V AconfigFlags: Read Aconfig default flag value android.hardware.radio.hd_radio_improved = true
02-20 12:08:52.176 10704 10704 V AconfigFlags: Read Aconfig default flag value android.hardware.usb.flags.enable_input_power_limited_warning = true
02-20 12:08:52.176 10704 10704 V AconfigFlags: Read Aconfig default flag value android.hardware.usb.flags.enable_interface_name_device_filter = false
02-20 12:08:52.176 10704 10704 V AconfigFlags: Read Aconfig default flag value android.hardware.usb.flags.enable_is_mode_change_supported_api = true
02-20 12:08:52.176 10704 10704 V AconfigFlags: Read Aconfig default flag value android.hardware.usb.flags.enable_is_pd_compliant_api = true
02-20 12:08:52.176 10704 10704 V AconfigFlags: Read Aconfig default flag value android.hardware.usb.flags.enable_report_usb_data_compliance_warning = true
02-20 12:08:52.176 10704 10704 V AconfigFlags: Read Aconfig default flag value android.hardware.usb.flags.enable_usb_data_compliance_warning = true
02-20 12:08:52.176 10704 10704 V AconfigFlags: Read Aconfig default flag value android.hardware.usb.flags.enable_usb_data_signal_staking = true
02-20 12:08:52.176 10704 10704 V AconfigFlags: Read Aconfig default flag value android.hardware.usb.flags.enable_usb_sysfs_midi_identification = false
02-20 12:08:52.176 10704 10704 V AconfigFlags: Read Aconfig default flag value android.location.flags.enable_location_bypass = false
02-20 12:08:52.176 10704 10704 V AconfigFlags: Read Aconfig default flag value android.location.flags.fix_service_watcher = true
02-20 12:08:52.176 10704 10704 V AconfigFlags: Read Aconfig default flag value android.location.flags.geoid_heights_via_altitude_hal = true
02-20 12:08:52.176 10704 10704 V AconfigFlags: Read Aconfig default flag value android.location.flags.gnss_api_measurement_request_work_source = true
02-20 12:08:52.176 10704 10704 V AconfigFlags: Read Aconfig default flag value android.location.flags.gnss_api_navic_l1 = true
02-20 12:08:52.176 10704 10704 V AconfigFlags: Read Aconfig default flag value android.location.flags.gnss_call_stop_before_set_position_mode = true
02-20 12:08:52.176 10704 10704 V AconfigFlags: Read Aconfig default flag value android.location.flags.gnss_configuration_from_resource = true
02-20 12:08:52.176 10704 10704 V AconfigFlags: Read Aconfig default flag value android.location.flags.location_bypass = true
02-20 12:08:52.176 10704 10704 V AconfigFlags: Read Aconfig default flag value android.location.flags.location_validation = true
02-20 12:08:52.176 10704 10704 V AconfigFlags: Read Aconfig default flag value android.location.flags.new_geocoder = true
02-20 12:08:52.176 10704 10704 V AconfigFlags: Read Aconfig default flag value android.location.flags.release_supl_connection_on_timeout = true
02-20 12:08:52.176 10704 10704 V AconfigFlags: Read Aconfig default flag value android.location.flags.replace_future_elapsed_realtime_jni = true
02-20 12:08:52.176 10704 10704 V AconfigFlags: Read Aconfig default flag value android.location.flags.subscriptions_changed_listener_thread = false
02-20 12:08:52.176 10704 10704 V AconfigFlags: Read Aconfig default flag value android.media.audio.auto_public_volume_api_hardening = false
02-20 12:08:52.176 10704 10704 V AconfigFlags: Read Aconfig default flag value android.media.audio.automatic_bt_device_type = true
02-20 12:08:52.176 10704 10704 V AconfigFlags: Read Aconfig default flag value android.media.audio.feature_spatial_audio_headtracking_low_latency = false
02-20 12:08:52.176 10704 10704 V AconfigFlags: Read Aconfig default flag value android.media.audio.focus_exclusive_with_recording = true
02-20 12:08:52.176 10704 10704 V AconfigFlags: Read Aconfig default flag value android.media.audio.focus_freeze_test_api = true
02-20 12:08:52.176 10704 10704 V AconfigFlags: Read Aconfig default flag value android.media.audio.foreground_audio_control = false
02-20 12:08:52.176 10704 10704 V AconfigFlags: Read Aconfig default flag value android.media.audio.loudness_configurator_api = true
02-20 12:08:52.176 10704 10704 V AconfigFlags: Read Aconfig default flag value android.media.audio.mtk_audio_manager_api = false
02-20 12:08:52.176 10704 10704 V AconfigFlags: Read Aconfig default flag value android.media.audio.mute_background_audio = false
02-20 12:08:52.176 10704 10704 V AconfigFlags: Read Aconfig default flag value android.media.audio.ro_foreground_audio_control = true
02-20 12:08:52.176 10704 10704 V AconfigFlags: Read Aconfig default flag value android.media.audio.ro_volume_ringer_api_hardening = false
02-20 12:08:52.176 10704 10704 V AconfigFlags: Read Aconfig default flag value android.media.audio.sco_managed_by_audio = false
02-20 12:08:52.176 10704 10704 V AconfigFlags: Read Aconfig default flag value android.media.audio.supported_device_types_api = true
02-20 12:08:52.176 10704 10704 V AconfigFlags: Read Aconfig default flag value android.media.audio.volume_ringer_api_hardening = false
02-20 12:08:52.176 10704 10704 V AconfigFlags: Read Aconfig default flag value android.media.audiopolicy.audio_mix_ownership = true
02-20 12:08:52.176 10704 10704 V AconfigFlags: Read Aconfig default flag value android.media.audiopolicy.audio_mix_policy_ordering = false
02-20 12:08:52.176 10704 10704 V AconfigFlags: Read Aconfig default flag value android.media.audiopolicy.audio_mix_test_api = true
02-20 12:08:52.176 10704 10704 V AconfigFlags: Read Aconfig default flag value android.media.audiopolicy.audio_policy_update_mixing_rules_api = true
02-20 12:08:52.176 10704 10704 V AconfigFlags: Read Aconfig default flag value android.media.audiopolicy.enable_fade_manager_configuration = true
02-20 12:08:52.176 10704 10704 V AconfigFlags: Read Aconfig default flag value android.media.audiopolicy.multi_zone_audio = false
02-20 12:08:52.176 10704 10704 V AconfigFlags: Read Aconfig default flag value android.media.audiopolicy.record_audio_device_aware_permission = true
02-20 12:08:52.176 10704 10704 V AconfigFlags: Read Aconfig default flag value android.media.codec.aidl_hal_input_surface = false
02-20 12:08:52.176 10704 10704 V AconfigFlags: Read Aconfig default flag value android.media.codec.dynamic_color_aspects = true
02-20 12:08:52.176 10704 10704 V AconfigFlags: Read Aconfig default flag value android.media.codec.hlg_editing = true
02-20 12:08:52.176 10704 10704 V AconfigFlags: Read Aconfig default flag value android.media.codec.in_process_sw_audio_codec = false
02-20 12:08:52.176 10704 10704 V AconfigFlags: Read Aconfig default flag value android.media.codec.in_process_sw_audio_codec_support = false
02-20 12:08:52.176 10704 10704 V AconfigFlags: Read Aconfig default flag value android.media.codec.input_surface_throttle = false
02-20 12:08:52.176 10704 10704 V AconfigFlags: Read Aconfig default flag value android.media.codec.large_audio_frame_finish = true
02-20 12:08:52.176 10704 10704 V AconfigFlags: Read Aconfig default flag value android.media.codec.native_capabilites = false
02-20 12:08:52.176 10704 10704 V AconfigFlags: Read Aconfig default flag value android.media.codec.null_output_surface = true
02-20 12:08:52.176 10704 10704 V AconfigFlags: Read Aconfig default flag value android.media.codec.null_output_surface_support = true
02-20 12:08:52.176 10704 10704 V AconfigFlags: Read Aconfig default flag value android.media.codec.region_of_interest = true
02-20 12:08:52.176 10704 10704 V AconfigFlags: Read Aconfig default flag value android.media.codec.region_of_interest_support = true
02-20 12:08:52.176 10704 10704 V AconfigFlags: Read Aconfig default flag value android.media.codec.set_callback_stall = false
02-20 12:08:52.176 10704 10704 V AconfigFlags: Read Aconfig default flag value android.media.codec.set_state_early = true
02-20 12:08:52.176 10704 10704 V AconfigFlags: Read Aconfig default flag value android.media.codec.stop_hal_before_surface = true
02-20 12:08:52.176 10704 10704 V AconfigFlags: Read Aconfig default flag value android.media.codec.teamfood = false
02-20 12:08:52.176 10704 10704 V AconfigFlags: Read Aconfig default flag value android.media.midi.virtual_ump = true
02-20 12:08:52.176 10704 10704 V AconfigFlags: Read Aconfig default flag value android.media.soundtrigger.sound_trigger_generic_model_api = false
02-20 12:08:52.176 10704 10704 V AconfigFlags: Read Aconfig default flag value android.media.tv.flags.broadcast_visibility_types = false
02-20 12:08:52.176 10704 10704 V AconfigFlags: Read Aconfig default flag value android.media.tv.flags.enable_ad_service_fw = false
02-20 12:08:52.176 10704 10704 V AconfigFlags: Read Aconfig default flag value android.media.tv.flags.tiaf_v_apis = false
02-20 12:08:52.176 10704 10704 V AconfigFlags: Read Aconfig default flag value android.multiuser.add_ui_for_sounds_from_background_users = false
02-20 12:08:52.176 10704 10704 V AconfigFlags: Read Aconfig default flag value android.multiuser.allow_main_user_to_access_blocked_number_provider = false
02-20 12:08:52.176 10704 10704 V AconfigFlags: Read Aconfig default flag value android.multiuser.allow_resolver_sheet_for_private_space = true
02-20 12:08:52.176 10704 10704 V AconfigFlags: Read Aconfig default flag value android.multiuser.avatar_sync = true
02-20 12:08:52.176 10704 10704 V AconfigFlags: Read Aconfig default flag value android.multiuser.bind_wallpaper_service_on_its_own_thread_during_a_user_switch = true
02-20 12:08:52.176 10704 10704 V AconfigFlags: Read Aconfig default flag value android.multiuser.block_private_space_creation = true
02-20 12:08:52.176 10704 10704 V AconfigFlags: Read Aconfig default flag value android.multiuser.delete_private_space_from_reset = true
02-20 12:08:52.176 10704 10704 V AconfigFlags: Read Aconfig default flag value android.multiuser.disable_private_space_items_on_home = true
02-20 12:08:52.176 10704 10704 V AconfigFlags: Read Aconfig default flag value android.multiuser.enable_biometrics_to_unlock_private_space = true
02-20 12:08:52.176 10704 10704 V AconfigFlags: Read Aconfig default flag value android.multiuser.enable_hiding_profiles = true
02-20 12:08:52.176 10704 10704 V AconfigFlags: Read Aconfig default flag value android.multiuser.enable_launcher_apps_hidden_profile_checks = true
02-20 12:08:52.176 10704 10704 V AconfigFlags: Read Aconfig default flag value android.multiuser.enable_permission_to_access_hidden_profiles = true
02-20 12:08:52.176 10704 10704 V AconfigFlags: Read Aconfig default flag value android.multiuser.enable_private_space_autolock_on_restarts = true
02-20 12:08:52.176 10704 10704 V AconfigFlags: Read Aconfig default flag value android.multiuser.enable_private_space_features = true
02-20 12:08:52.176 10704 10704 V AconfigFlags: Read Aconfig default flag value android.multiuser.enable_private_space_intent_redirection = true
02-20 12:08:52.176 10704 10704 V AconfigFlags: Read Aconfig default flag value android.multiuser.enable_ps_sensitive_notifications_toggle = true
02-20 12:08:52.176 10704 10704 V AconfigFlags: Read Aconfig default flag value android.multiuser.enable_system_user_only_for_services_and_providers = true
02-20 12:08:52.176 10704 10704 V AconfigFlags: Read Aconfig default flag value android.multiuser.fix_avatar_concurrent_file_write = false
02-20 12:08:52.176 10704 10704 V AconfigFlags: Read Aconfig default flag value android.multiuser.fix_avatar_picker_read_back_order = true
02-20 12:08:52.176 10704 10704 V AconfigFlags: Read Aconfig default flag value android.multiuser.fix_avatar_picker_selected_read_back = true
02-20 12:08:52.176 10704 10704 V AconfigFlags: Read Aconfig default flag value android.multiuser.handle_interleaved_settings_for_private_space = true
02-20 12:08:52.176 10704 10704 V AconfigFlags: Read Aconfig default flag value android.multiuser.move_quiet_mode_operations_to_separate_thread = true
02-20 12:08:52.176 10704 10704 V AconfigFlags: Read Aconfig default flag value android.multiuser.new_multiuser_settings_ux = false
02-20 12:08:52.176 10704 10704 V AconfigFlags: Read Aconfig default flag value android.multiuser.reorder_wallpaper_during_user_switch = true
02-20 12:08:52.176 10704 10704 V AconfigFlags: Read Aconfig default flag value android.multiuser.restrict_quiet_mode_credential_bug_fix_to_managed_profiles = true
02-20 12:08:52.176 10704 10704 V AconfigFlags: Read Aconfig default flag value android.multiuser.save_global_and_guest_restrictions_on_system_user_xml = false
02-20 12:08:52.176 10704 10704 V AconfigFlags: Read Aconfig default flag value android.multiuser.save_global_and_guest_restrictions_on_system_user_xml_read_only = false
02-20 12:08:52.176 10704 10704 V AconfigFlags: Read Aconfig default flag value android.multiuser.schedule_stop_of_background_user = false
02-20 12:08:52.176 10704 10704 V AconfigFlags: Read Aconfig default flag value android.multiuser.set_power_mode_during_user_switch = true
02-20 12:08:52.176 10704 10704 V AconfigFlags: Read Aconfig default flag value android.multiuser.show_set_screen_lock_dialog = true
02-20 12:08:52.176 10704 10704 V AconfigFlags: Read Aconfig default flag value android.multiuser.start_user_before_scheduled_alarms = false
02-20 12:08:52.176 10704 10704 V AconfigFlags: Read Aconfig default flag value android.multiuser.support_autolock_for_private_space = true
02-20 12:08:52.176 10704 10704 V AconfigFlags: Read Aconfig default flag value android.multiuser.support_communal_profile = false
02-20 12:08:52.176 10704 10704 V AconfigFlags: Read Aconfig default flag value android.multiuser.support_communal_profile_nextgen = false
02-20 12:08:52.176 10704 10704 V AconfigFlags: Read Aconfig default flag value android.multiuser.use_all_cpus_during_user_switch = true
02-20 12:08:52.176 10704 10704 V AconfigFlags: Read Aconfig default flag value android.multiuser.use_private_space_icon_in_biometric_prompt = true
02-20 12:08:52.176 10704 10704 V AconfigFlags: Read Aconfig default flag value android.net.platform.flags.ipsec_transform_state = false
02-20 12:08:52.176 10704 10704 V AconfigFlags: Read Aconfig default flag value android.net.platform.flags.powered_off_finding_platform = true
02-20 12:08:52.176 10704 10704 V AconfigFlags: Read Aconfig default flag value android.net.platform.flags.register_nsd_offload_engine = false
02-20 12:08:52.176 10704 10704 V AconfigFlags: Read Aconfig default flag value android.net.vcn.allow_disable_ipsec_loss_detector = true
02-20 12:08:52.176 10704 10704 V AconfigFlags: Read Aconfig default flag value android.net.vcn.enforce_main_user = true
02-20 12:08:52.176 10704 10704 V AconfigFlags: Read Aconfig default flag value android.net.vcn.evaluate_ipsec_loss_on_lp_nc_change = true
02-20 12:08:52.176 10704 10704 V AconfigFlags: Read Aconfig default flag value android.net.vcn.handle_seq_num_leap = true
02-20 12:08:52.176 10704 10704 V AconfigFlags: Read Aconfig default flag value android.net.vcn.network_metric_monitor = true
02-20 12:08:52.176 10704 10704 V AconfigFlags: Read Aconfig default flag value android.net.vcn.safe_mode_config = true
02-20 12:08:52.176 10704 10704 V AconfigFlags: Read Aconfig default flag value android.net.vcn.safe_mode_timeout_config = true
02-20 12:08:52.176 10704 10704 V AconfigFlags: Read Aconfig default flag value android.net.vcn.validate_network_on_ipsec_loss = true
02-20 12:08:52.176 10704 10704 V AconfigFlags: Read Aconfig default flag value android.net.wifi.flags.get_device_cross_akm_roaming_support = true
02-20 12:08:52.176 10704 10704 V AconfigFlags: Read Aconfig default flag value android.net.wifi.flags.network_provider_battery_charging_status = true
02-20 12:08:52.176 10704 10704 V AconfigFlags: Read Aconfig default flag value android.nfc.enable_nfc_charging = false
02-20 12:08:52.176 10704 10704 V AconfigFlags: Read Aconfig default flag value android.nfc.enable_nfc_mainline = true
02-20 12:08:52.176 10704 10704 V AconfigFlags: Read Aconfig default flag value android.nfc.enable_nfc_reader_option = true
02-20 12:08:52.176 10704 10704 V AconfigFlags: Read Aconfig default flag value android.nfc.enable_nfc_set_discovery_tech = true
02-20 12:08:52.176 10704 10704 V AconfigFlags: Read Aconfig default flag value android.nfc.enable_nfc_user_restriction = true
02-20 12:08:52.176 10704 10704 V AconfigFlags: Read Aconfig default flag value android.nfc.enable_tag_detection_broadcasts = false
02-20 12:08:52.176 10704 10704 V AconfigFlags: Read Aconfig default flag value android.nfc.nfc_observe_mode = true
02-20 12:08:52.176 10704 10704 V AconfigFlags: Read Aconfig default flag value android.nfc.nfc_observe_mode_st_shim = true
02-20 12:08:52.176 10704 10704 V AconfigFlags: Read Aconfig default flag value android.nfc.nfc_oem_extension = false
02-20 12:08:52.176 10704 10704 V AconfigFlags: Read Aconfig default flag value android.nfc.nfc_read_polling_loop = false
02-20 12:08:52.176 10704 10704 V AconfigFlags: Read Aconfig default flag value android.nfc.nfc_read_polling_loop_st_shim = true
02-20 12:08:52.176 10704 10704 V AconfigFlags: Read Aconfig default flag value android.nfc.nfc_set_default_disc_tech = false
02-20 12:08:52.176 10704 10704 V AconfigFlags: Read Aconfig default flag value android.nfc.nfc_state_change = false
02-20 12:08:52.176 10704 10704 V AconfigFlags: Read Aconfig default flag value android.nfc.nfc_vendor_cmd = false
02-20 12:08:52.176 10704 10704 V AconfigFlags: Read Aconfig default flag value android.os.adpf_fmq_eager_send = false
02-20 12:08:52.176 10704 10704 V AconfigFlags: Read Aconfig default flag value android.os.adpf_gpu_report_actual_work_duration = true
02-20 12:08:52.176 10704 10704 V AconfigFlags: Read Aconfig default flag value android.os.adpf_hwui_gpu = false
02-20 12:08:52.176 10704 10704 V AconfigFlags: Read Aconfig default flag value android.os.adpf_measure_during_input_event_boost = false
02-20 12:08:52.176 10704 10704 V AconfigFlags: Read Aconfig default flag value android.os.adpf_obtainview_boost = false
02-20 12:08:52.176 10704 10704 V AconfigFlags: Read Aconfig default flag value android.os.adpf_platform_power_efficiency = false
02-20 12:08:52.176 10704 10704 V AconfigFlags: Read Aconfig default flag value android.os.adpf_prefer_power_efficiency = true
02-20 12:08:52.176 10704 10704 V AconfigFlags: Read Aconfig default flag value android.os.adpf_use_fmq_channel = true
02-20 12:08:52.176 10704 10704 V AconfigFlags: Read Aconfig default flag value android.os.adpf_use_fmq_channel_fixed = false
02-20 12:08:52.176 10704 10704 V AconfigFlags: Read Aconfig default flag value android.os.allow_private_profile = true
02-20 12:08:52.176 10704 10704 V AconfigFlags: Read Aconfig default flag value android.os.allow_thermal_headroom_thresholds = true
02-20 12:08:52.176 10704 10704 V AconfigFlags: Read Aconfig default flag value android.os.android_os_build_vanilla_ice_cream = false
02-20 12:08:52.177 10704 10704 V AconfigFlags: Read Aconfig default flag value android.os.battery_part_status_api = true
02-20 12:08:52.177 10704 10704 V AconfigFlags: Read Aconfig default flag value android.os.battery_saver_supported_check_api = false
02-20 12:08:52.177 10704 10704 V AconfigFlags: Read Aconfig default flag value android.os.battery_service_support_current_adb_command = false
02-20 12:08:52.177 10704 10704 V AconfigFlags: Read Aconfig default flag value android.os.bugreport_mode_max_value = true
02-20 12:08:52.177 10704 10704 V AconfigFlags: Read Aconfig default flag value android.os.disallow_cellular_null_ciphers_restriction = false
02-20 12:08:52.177 10704 10704 V AconfigFlags: Read Aconfig default flag value android.os.message_queue_tail_tracking = true
02-20 12:08:52.177 10704 10704 V AconfigFlags: Read Aconfig default flag value android.os.perfetto_sdk_tracing = false
02-20 12:08:52.177 10704 10704 V AconfigFlags: Read Aconfig default flag value android.os.remove_app_profiler_pss_collection = true
02-20 12:08:52.177 10704 10704 V AconfigFlags: Read Aconfig default flag value android.os.security_state_service = true
02-20 12:08:52.177 10704 10704 V AconfigFlags: Read Aconfig default flag value android.os.state_of_health_public = false
02-20 12:08:52.177 10704 10704 V AconfigFlags: Read Aconfig default flag value android.os.storage_lifetime_api = true
02-20 12:08:52.177 10704 10704 V AconfigFlags: Read Aconfig default flag value android.os.strict_mode_restricted_network = false
02-20 12:08:52.177 10704 10704 V AconfigFlags: Read Aconfig default flag value android.os.telemetry_apis_framework_initialization = true
02-20 12:08:52.177 10704 10704 V AconfigFlags: Read Aconfig default flag value android.os.vibrator.adaptive_haptics_enabled = true
02-20 12:08:52.177 10704 10704 V AconfigFlags: Read Aconfig default flag value android.os.vibrator.haptic_feedback_vibration_oem_customization_enabled = true
02-20 12:08:52.177 10704 10704 V AconfigFlags: Read Aconfig default flag value android.os.vibrator.keyboard_category_enabled = true
02-20 12:08:52.177 10704 10704 V AconfigFlags: Read Aconfig default flag value android.os.vibrator.use_vibrator_haptic_feedback = true
02-20 12:08:52.177 10704 10704 V AconfigFlags: Read Aconfig default flag value android.permission.flags.apex_signature_permission_allowlist_enabled = true
02-20 12:08:52.177 10704 10704 V AconfigFlags: Read Aconfig default flag value android.permission.flags.device_aware_app_op_new_schema_enabled = false
02-20 12:08:52.177 10704 10704 V AconfigFlags: Read Aconfig default flag value android.permission.flags.device_aware_permission_apis_enabled = true
02-20 12:08:52.177 10704 10704 V AconfigFlags: Read Aconfig default flag value android.permission.flags.device_aware_permissions_enabled = true
02-20 12:08:52.177 10704 10704 V AconfigFlags: Read Aconfig default flag value android.permission.flags.device_id_in_op_proxy_info_enabled = false
02-20 12:08:52.177 10704 10704 V AconfigFlags: Read Aconfig default flag value android.permission.flags.enhanced_confirmation_mode_apis_enabled = true
02-20 12:08:52.177 10704 10704 V AconfigFlags: Read Aconfig default flag value android.permission.flags.factory_reset_prep_permission_apis = true
02-20 12:08:52.177 10704 10704 V AconfigFlags: Read Aconfig default flag value android.permission.flags.finish_running_ops_for_killed_packages = true
02-20 12:08:52.177 10704 10704 V AconfigFlags: Read Aconfig default flag value android.permission.flags.get_emergency_role_holder_api_enabled = true
02-20 12:08:52.177 10704 10704 V AconfigFlags: Read Aconfig default flag value android.permission.flags.ignore_process_text = false
02-20 12:08:52.177 10704 10704 V AconfigFlags: Read Aconfig default flag value android.permission.flags.op_enable_mobile_data_by_user = true
02-20 12:08:52.177 10704 10704 V AconfigFlags: Read Aconfig default flag value android.permission.flags.retail_demo_role_enabled = true
02-20 12:08:52.177 10704 10704 V AconfigFlags: Read Aconfig default flag value android.permission.flags.runtime_permission_appops_mapping_enabled = true
02-20 12:08:52.177 10704 10704 V AconfigFlags: Read Aconfig default flag value android.permission.flags.sensitive_content_improvements = true
02-20 12:08:52.177 10704 10704 V AconfigFlags: Read Aconfig default flag value android.permission.flags.sensitive_content_metrics_bugfix = true
02-20 12:08:52.177 10704 10704 V AconfigFlags: Read Aconfig default flag value android.permission.flags.sensitive_content_recents_screenshot_bugfix = true
02-20 12:08:52.177 10704 10704 V AconfigFlags: Read Aconfig default flag value android.permission.flags.sensitive_notification_app_protection = true
02-20 12:08:52.177 10704 10704 V AconfigFlags: Read Aconfig default flag value android.permission.flags.server_side_attribution_registration = true
02-20 12:08:52.177 10704 10704 V AconfigFlags: Read Aconfig default flag value android.permission.flags.set_next_attribution_source = false
02-20 12:08:52.177 10704 10704 V AconfigFlags: Read Aconfig default flag value android.permission.flags.should_register_attribution_source = true
02-20 12:08:52.177 10704 10704 V AconfigFlags: Read Aconfig default flag value android.permission.flags.signature_permission_allowlist_enabled = false
02-20 12:08:52.177 10704 10704 V AconfigFlags: Read Aconfig default flag value android.permission.flags.system_server_role_controller_enabled = true
02-20 12:08:52.177 10704 10704 V AconfigFlags: Read Aconfig default flag value android.permission.flags.voice_activation_permission_apis = false
02-20 12:08:52.177 10704 10704 V AconfigFlags: Read Aconfig default flag value android.permission.flags.wallet_role_enabled = true
02-20 12:08:52.177 10704 10704 V AconfigFlags: Read Aconfig default flag value android.provider.a11y_standalone_gesture_enabled = false
02-20 12:08:52.177 10704 10704 V AconfigFlags: Read Aconfig default flag value android.provider.backup_tasks_settings_screen = false
02-20 12:08:52.177 10704 10704 V AconfigFlags: Read Aconfig default flag value android.provider.system_settings_default = true
02-20 12:08:52.177 10704 10704 V AconfigFlags: Read Aconfig default flag value android.provider.user_keys = true
02-20 12:08:52.177 10704 10704 V AconfigFlags: Read Aconfig default flag value android.security.asm_opt_system_into_enforcement = false
02-20 12:08:52.177 10704 10704 V AconfigFlags: Read Aconfig default flag value android.security.asm_restrictions_enabled = true
02-20 12:08:52.177 10704 10704 V AconfigFlags: Read Aconfig default flag value android.security.asm_toasts_enabled = false
02-20 12:08:52.177 10704 10704 V AconfigFlags: Read Aconfig default flag value android.security.binary_transparency_sepolicy_hash = true
02-20 12:08:52.177 10704 10704 V AconfigFlags: Read Aconfig default flag value android.security.block_null_action_intents = false
02-20 12:08:52.177 10704 10704 V AconfigFlags: Read Aconfig default flag value android.security.certificate_transparency_configuration = false
02-20 12:08:52.177 10704 10704 V AconfigFlags: Read Aconfig default flag value android.security.content_uri_permission_apis = true
02-20 12:08:52.177 10704 10704 V AconfigFlags: Read Aconfig default flag value android.security.deprecate_fsv_sig = true
02-20 12:08:52.177 10704 10704 V AconfigFlags: Read Aconfig default flag value android.security.dump_attestation_verifications = true
02-20 12:08:52.177 10704 10704 V AconfigFlags: Read Aconfig default flag value android.security.enforce_intent_filter_match = true
02-20 12:08:52.177 10704 10704 V AconfigFlags: Read Aconfig default flag value android.security.extend_ecm_to_all_settings = true
02-20 12:08:52.177 10704 10704 V AconfigFlags: Read Aconfig default flag value android.security.extend_vb_chain_to_updated_apk = true
02-20 12:08:52.177 10704 10704 V AconfigFlags: Read Aconfig default flag value android.security.fix_unlocked_device_required_keys_v2 = true
02-20 12:08:52.177 10704 10704 V AconfigFlags: Read Aconfig default flag value android.security.flag.deprecate_fsverity_init = true
02-20 12:08:52.177 10704 10704 V AconfigFlags: Read Aconfig default flag value android.security.frp_enforcement = true
02-20 12:08:52.177 10704 10704 V AconfigFlags: Read Aconfig default flag value android.security.fsverity_api = true
02-20 12:08:52.177 10704 10704 V AconfigFlags: Read Aconfig default flag value android.security.keyinfo_unlocked_device_required = false
02-20 12:08:52.177 10704 10704 V AconfigFlags: Read Aconfig default flag value android.security.keystore2.database_loop_timeout = false
02-20 12:08:52.177 10704 10704 V AconfigFlags: Read Aconfig default flag value android.security.keystore2.disable_legacy_keystore_put_v2 = false
02-20 12:08:52.177 10704 10704 V AconfigFlags: Read Aconfig default flag value android.security.keystore2.import_previously_emulated_keys = false
02-20 12:08:52.177 10704 10704 V AconfigFlags: Read Aconfig default flag value android.security.keystore2.wal_db_journalmode_v3 = false
02-20 12:08:52.177 10704 10704 V AconfigFlags: Read Aconfig default flag value android.security.mgf1_digest_setter_v2 = true
