02-08 01:23:40.862  9486  9486 F DEBUG   :       #243 pc 0000000000477258  /data/data/com.instagram.android/lib-compressed/libstartup.so
02-08 01:23:40.862  9486  9486 F DEBUG   :       #244 pc 00000000004774ac  /data/data/com.instagram.android/lib-compressed/libstartup.so
02-08 01:23:40.862  9486  9486 F DEBUG   :       #245 pc 0000000000477258  /data/data/com.instagram.android/lib-compressed/libstartup.so
02-08 01:23:40.862  9486  9486 F DEBUG   :       #246 pc 00000000004774ac  /data/data/com.instagram.android/lib-compressed/libstartup.so
02-08 01:23:40.862  9486  9486 F DEBUG   :       #247 pc 0000000000477258  /data/data/com.instagram.android/lib-compressed/libstartup.so
02-08 01:23:40.862  9486  9486 F DEBUG   :       #248 pc 00000000004774ac  /data/data/com.instagram.android/lib-compressed/libstartup.so
02-08 01:23:40.862  9486  9486 F DEBUG   :       #249 pc 0000000000477258  /data/data/com.instagram.android/lib-compressed/libstartup.so
02-08 01:23:40.862  9486  9486 F DEBUG   :       #250 pc 00000000004774ac  /data/data/com.instagram.android/lib-compressed/libstartup.so
02-08 01:23:40.862  9486  9486 F DEBUG   :       #251 pc 0000000000477258  /data/data/com.instagram.android/lib-compressed/libstartup.so
02-08 01:23:40.862  9486  9486 F DEBUG   :       #252 pc 00000000004774ac  /data/data/com.instagram.android/lib-compressed/libstartup.so
02-08 01:23:40.862  9486  9486 F DEBUG   :       #253 pc 0000000000477258  /data/data/com.instagram.android/lib-compressed/libstartup.so
02-08 01:23:40.862  9486  9486 F DEBUG   :       #254 pc 00000000004774ac  /data/data/com.instagram.android/lib-compressed/libstartup.so
02-08 01:23:40.862  9486  9486 F DEBUG   :       #255 pc 0000000000477258  /data/data/com.instagram.android/lib-compressed/libstartup.so
02-08 01:23:40.862  9486  9486 F DEBUG   :       #256 pc 00000000004774ac  /data/data/com.instagram.android/lib-compressed/libstartup.so
02-08 01:23:40.862  9486  9486 F DEBUG   :       #257 pc 0000000000477258  /data/data/com.instagram.android/lib-compressed/libstartup.so
02-08 01:23:40.862  9486  9486 F DEBUG   :       #258 pc 00000000004774ac  /data/data/com.instagram.android/lib-compressed/libstartup.so
02-08 01:23:40.862  9486  9486 F DEBUG   :       #259 pc 0000000000477258  /data/data/com.instagram.android/lib-compressed/libstartup.so
02-08 01:23:40.862  9486  9486 F DEBUG   :       #260 pc 00000000004774ac  /data/data/com.instagram.android/lib-compressed/libstartup.so
02-08 01:23:40.862  9486  9486 F DEBUG   :       #261 pc 0000000000477258  /data/data/com.instagram.android/lib-compressed/libstartup.so
02-08 01:23:40.862  9486  9486 F DEBUG   :       #262 pc 00000000004774ac  /data/data/com.instagram.android/lib-compressed/libstartup.so
02-08 01:23:40.862  9486  9486 F DEBUG   :       #263 pc 0000000000477258  /data/data/com.instagram.android/lib-compressed/libstartup.so
02-08 01:23:40.862  9486  9486 F DEBUG   :       #264 pc 00000000004774ac  /data/data/com.instagram.android/lib-compressed/libstartup.so
02-08 01:23:40.862  9486  9486 F DEBUG   :       #265 pc 0000000000477258  /data/data/com.instagram.android/lib-compressed/libstartup.so
02-08 01:23:40.862  9486  9486 F DEBUG   :       #266 pc 00000000004774ac  /data/data/com.instagram.android/lib-compressed/libstartup.so
02-08 01:23:40.862  9486  9486 F DEBUG   :       #267 pc 0000000000477258  /data/data/com.instagram.android/lib-compressed/libstartup.so
02-08 01:23:40.862  9486  9486 F DEBUG   :       #268 pc 00000000004774ac  /data/data/com.instagram.android/lib-compressed/libstartup.so
02-08 01:23:40.862  9486  9486 F DEBUG   :       #269 pc 0000000000477258  /data/data/com.instagram.android/lib-compressed/libstartup.so
02-08 01:23:40.862  9486  9486 F DEBUG   :       #270 pc 00000000004774ac  /data/data/com.instagram.android/lib-compressed/libstartup.so
02-08 01:23:40.862  9486  9486 F DEBUG   :       #271 pc 0000000000477258  /data/data/com.instagram.android/lib-compressed/libstartup.so
02-08 01:23:40.862  9486  9486 F DEBUG   :       #272 pc 00000000004774ac  /data/data/com.instagram.android/lib-compressed/libstartup.so
02-08 01:23:40.862  9486  9486 F DEBUG   :       #273 pc 0000000000477258  /data/data/com.instagram.android/lib-compressed/libstartup.so
02-08 01:23:40.862  9486  9486 F DEBUG   :       #274 pc 00000000004774ac  /data/data/com.instagram.android/lib-compressed/libstartup.so
02-08 01:23:40.862  9486  9486 F DEBUG   :       #275 pc 0000000000477258  /data/data/com.instagram.android/lib-compressed/libstartup.so
02-08 01:23:40.862  9486  9486 F DEBUG   :       #276 pc 00000000004774ac  /data/data/com.instagram.android/lib-compressed/libstartup.so
02-08 01:23:40.862  9486  9486 F DEBUG   :       #277 pc 0000000000477258  /data/data/com.instagram.android/lib-compressed/libstartup.so
02-08 01:23:40.862  9486  9486 F DEBUG   :       #278 pc 00000000004774ac  /data/data/com.instagram.android/lib-compressed/libstartup.so
02-08 01:23:40.862  9486  9486 F DEBUG   :       #279 pc 0000000000477258  /data/data/com.instagram.android/lib-compressed/libstartup.so
02-08 01:23:40.862  9486  9486 F DEBUG   :       #280 pc 00000000004774ac  /data/data/com.instagram.android/lib-compressed/libstartup.so
02-08 01:23:40.862  9486  9486 F DEBUG   :       #281 pc 0000000000477258  /data/data/com.instagram.android/lib-compressed/libstartup.so
02-08 01:23:40.862  9486  9486 F DEBUG   :       #282 pc 00000000004774ac  /data/data/com.instagram.android/lib-compressed/libstartup.so
02-08 01:23:40.862  9486  9486 F DEBUG   :       #283 pc 0000000000477258  /data/data/com.instagram.android/lib-compressed/libstartup.so
02-08 01:23:40.862  9486  9486 F DEBUG   :       #284 pc 00000000004774ac  /data/data/com.instagram.android/lib-compressed/libstartup.so
02-08 01:23:40.862  9486  9486 F DEBUG   :       #285 pc 0000000000477258  /data/data/com.instagram.android/lib-compressed/libstartup.so
02-08 01:23:40.862  9486  9486 F DEBUG   :       #286 pc 00000000004774ac  /data/data/com.instagram.android/lib-compressed/libstartup.so
02-08 01:23:40.862  9486  9486 F DEBUG   :       #287 pc 0000000000477258  /data/data/com.instagram.android/lib-compressed/libstartup.so
02-08 01:23:40.862  9486  9486 F DEBUG   :       #288 pc 00000000004774ac  /data/data/com.instagram.android/lib-compressed/libstartup.so
02-08 01:23:40.862  9486  9486 F DEBUG   :       #289 pc 0000000000477258  /data/data/com.instagram.android/lib-compressed/libstartup.so
02-08 01:23:40.862  9486  9486 F DEBUG   :       #290 pc 00000000004774ac  /data/data/com.instagram.android/lib-compressed/libstartup.so
02-08 01:23:40.862  9486  9486 F DEBUG   :       #291 pc 0000000000477258  /data/data/com.instagram.android/lib-compressed/libstartup.so
02-08 01:23:40.862  9486  9486 F DEBUG   :       #292 pc 00000000004774ac  /data/data/com.instagram.android/lib-compressed/libstartup.so
02-08 01:23:40.862  9486  9486 F DEBUG   :       #293 pc 0000000000477258  /data/data/com.instagram.android/lib-compressed/libstartup.so
02-08 01:23:40.862  9486  9486 F DEBUG   :       #294 pc 00000000004774ac  /data/data/com.instagram.android/lib-compressed/libstartup.so
02-08 01:23:40.862  9486  9486 F DEBUG   :       #295 pc 0000000000477258  /data/data/com.instagram.android/lib-compressed/libstartup.so
02-08 01:23:40.862  9486  9486 F DEBUG   :       #296 pc 00000000004774ac  /data/data/com.instagram.android/lib-compressed/libstartup.so
02-08 01:23:40.862  9486  9486 F DEBUG   :       #297 pc 0000000000477258  /data/data/com.instagram.android/lib-compressed/libstartup.so
02-08 01:23:40.862  9486  9486 F DEBUG   :       #298 pc 00000000004774ac  /data/data/com.instagram.android/lib-compressed/libstartup.so
02-08 01:23:40.862  9486  9486 F DEBUG   :       #299 pc 0000000000477258  /data/data/com.instagram.android/lib-compressed/libstartup.so
02-08 01:23:40.862  9486  9486 F DEBUG   :       #300 pc 00000000004774ac  /data/data/com.instagram.android/lib-compressed/libstartup.so
02-08 01:23:40.862  9486  9486 F DEBUG   :       #301 pc 0000000000477258  /data/data/com.instagram.android/lib-compressed/libstartup.so
02-08 01:23:40.862  9486  9486 F DEBUG   :       #302 pc 00000000004774ac  /data/data/com.instagram.android/lib-compressed/libstartup.so
02-08 01:23:40.862  9486  9486 F DEBUG   :       #303 pc 0000000000477258  /data/data/com.instagram.android/lib-compressed/libstartup.so
02-08 01:23:40.862  9486  9486 F DEBUG   :       #304 pc 00000000004774ac  /data/data/com.instagram.android/lib-compressed/libstartup.so
02-08 01:23:40.862  9486  9486 F DEBUG   :       #305 pc 0000000000477258  /data/data/com.instagram.android/lib-compressed/libstartup.so
02-08 01:23:40.862  9486  9486 F DEBUG   :       #306 pc 00000000004774ac  /data/data/com.instagram.android/lib-compressed/libstartup.so
02-08 01:23:40.862  9486  9486 F DEBUG   :       #307 pc 0000000000477258  /data/data/com.instagram.android/lib-compressed/libstartup.so
02-08 01:23:40.862  9486  9486 F DEBUG   :       #308 pc 00000000004774ac  /data/data/com.instagram.android/lib-compressed/libstartup.so
02-08 01:23:40.862  9486  9486 F DEBUG   :       #309 pc 0000000000477258  /data/data/com.instagram.android/lib-compressed/libstartup.so
02-08 01:23:40.862  9486  9486 F DEBUG   :       #310 pc 00000000004774ac  /data/data/com.instagram.android/lib-compressed/libstartup.so
02-08 01:23:40.862  9486  9486 F DEBUG   :       #311 pc 0000000000477258  /data/data/com.instagram.android/lib-compressed/libstartup.so
02-08 01:23:40.862  9486  9486 F DEBUG   :       #312 pc 00000000004774ac  /data/data/com.instagram.android/lib-compressed/libstartup.so
02-08 01:23:40.862  9486  9486 F DEBUG   :       #313 pc 0000000000477258  /data/data/com.instagram.android/lib-compressed/libstartup.so
02-08 01:23:40.862  9486  9486 F DEBUG   :       #314 pc 00000000004774ac  /data/data/com.instagram.android/lib-compressed/libstartup.so
02-08 01:23:40.862  9486  9486 F DEBUG   :       #315 pc 0000000000477258  /data/data/com.instagram.android/lib-compressed/libstartup.so
02-08 01:23:40.862  9486  9486 F DEBUG   :       #316 pc 00000000004774ac  /data/data/com.instagram.android/lib-compressed/libstartup.so
02-08 01:23:40.862  9486  9486 F DEBUG   :       #317 pc 0000000000477258  /data/data/com.instagram.android/lib-compressed/libstartup.so
02-08 01:23:40.862  9486  9486 F DEBUG   :       #318 pc 00000000004774ac  /data/data/com.instagram.android/lib-compressed/libstartup.so
02-08 01:23:40.862  9486  9486 F DEBUG   :       #319 pc 0000000000477258  /data/data/com.instagram.android/lib-compressed/libstartup.so
02-08 01:23:40.862  9486  9486 F DEBUG   :       #320 pc 00000000004774ac  /data/data/com.instagram.android/lib-compressed/libstartup.so
02-08 01:23:40.862  9486  9486 F DEBUG   :       #321 pc 0000000000477258  /data/data/com.instagram.android/lib-compressed/libstartup.so
02-08 01:23:40.862  9486  9486 F DEBUG   :       #322 pc 00000000004774ac  /data/data/com.instagram.android/lib-compressed/libstartup.so
02-08 01:23:40.862  9486  9486 F DEBUG   :       #323 pc 0000000000477258  /data/data/com.instagram.android/lib-compressed/libstartup.so
02-08 01:23:40.862  9486  9486 F DEBUG   :       #324 pc 00000000004774ac  /data/data/com.instagram.android/lib-compressed/libstartup.so
02-08 01:23:40.862  9486  9486 F DEBUG   :       #325 pc 0000000000477258  /data/data/com.instagram.android/lib-compressed/libstartup.so
02-08 01:23:40.862  9486  9486 F DEBUG   :       #326 pc 00000000004774ac  /data/data/com.instagram.android/lib-compressed/libstartup.so
02-08 01:23:40.862  9486  9486 F DEBUG   :       #327 pc 0000000000477258  /data/data/com.instagram.android/lib-compressed/libstartup.so
02-08 01:23:40.862  9486  9486 F DEBUG   :       #328 pc 00000000004774ac  /data/data/com.instagram.android/lib-compressed/libstartup.so
02-08 01:23:40.862  9486  9486 F DEBUG   :       #329 pc 0000000000477258  /data/data/com.instagram.android/lib-compressed/libstartup.so
02-08 01:23:40.862  9486  9486 F DEBUG   :       #330 pc 00000000004774ac  /data/data/com.instagram.android/lib-compressed/libstartup.so
02-08 01:23:40.862  9486  9486 F DEBUG   :       #331 pc 0000000000477258  /data/data/com.instagram.android/lib-compressed/libstartup.so
02-08 01:23:40.862  9486  9486 F DEBUG   :       #332 pc 00000000004774ac  /data/data/com.instagram.android/lib-compressed/libstartup.so
02-08 01:23:40.862  9486  9486 F DEBUG   :       #333 pc 0000000000477258  /data/data/com.instagram.android/lib-compressed/libstartup.so
02-08 01:23:40.862  9486  9486 F DEBUG   :       #334 pc 00000000004774ac  /data/data/com.instagram.android/lib-compressed/libstartup.so
02-08 01:23:40.862  9486  9486 F DEBUG   :       #335 pc 0000000000477258  /data/data/com.instagram.android/lib-compressed/libstartup.so
02-08 01:23:40.862  9486  9486 F DEBUG   :       #336 pc 00000000004774ac  /data/data/com.instagram.android/lib-compressed/libstartup.so
02-08 01:23:40.862  9486  9486 F DEBUG   :       #337 pc 0000000000477258  /data/data/com.instagram.android/lib-compressed/libstartup.so
02-08 01:23:40.862  9486  9486 F DEBUG   :       #338 pc 00000000004774ac  /data/data/com.instagram.android/lib-compressed/libstartup.so
02-08 01:23:40.862  9486  9486 F DEBUG   :       #339 pc 0000000000477258  /data/data/com.instagram.android/lib-compressed/libstartup.so
02-08 01:23:40.862  9486  9486 F DEBUG   :       #340 pc 00000000004774ac  /data/data/com.instagram.android/lib-compressed/libstartup.so
02-08 01:23:40.862  9486  9486 F DEBUG   :       #341 pc 0000000000477258  /data/data/com.instagram.android/lib-compressed/libstartup.so
02-08 01:23:40.862  9486  9486 F DEBUG   :       #342 pc 00000000004774ac  /data/data/com.instagram.android/lib-compressed/libstartup.so
02-08 01:23:40.862  9486  9486 F DEBUG   :       #343 pc 0000000000477258  /data/data/com.instagram.android/lib-compressed/libstartup.so
02-08 01:23:40.862  9486  9486 F DEBUG   :       #344 pc 00000000004774ac  /data/data/com.instagram.android/lib-compressed/libstartup.so
02-08 01:23:40.862  9486  9486 F DEBUG   :       #345 pc 0000000000477258  /data/data/com.instagram.android/lib-compressed/libstartup.so
02-08 01:23:40.862  9486  9486 F DEBUG   :       #346 pc 00000000004774ac  /data/data/com.instagram.android/lib-compressed/libstartup.so
02-08 01:23:40.862  9486  9486 F DEBUG   :       #347 pc 0000000000477258  /data/data/com.instagram.android/lib-compressed/libstartup.so
02-08 01:23:40.862  9486  9486 F DEBUG   :       #348 pc 00000000004774ac  /data/data/com.instagram.android/lib-compressed/libstartup.so
02-08 01:23:40.862  9486  9486 F DEBUG   :       #349 pc 0000000000477258  /data/data/com.instagram.android/lib-compressed/libstartup.so
02-08 01:23:40.862  9486  9486 F DEBUG   :       #350 pc 00000000004774ac  /data/data/com.instagram.android/lib-compressed/libstartup.so
02-08 01:23:40.862  9486  9486 F DEBUG   :       #351 pc 0000000000477258  /data/data/com.instagram.android/lib-compressed/libstartup.so
02-08 01:23:40.862  9486  9486 F DEBUG   :       #352 pc 00000000004774ac  /data/data/com.instagram.android/lib-compressed/libstartup.so
02-08 01:23:40.862  9486  9486 F DEBUG   :       #353 pc 0000000000477258  /data/data/com.instagram.android/lib-compressed/libstartup.so
02-08 01:23:40.862  9486  9486 F DEBUG   :       #354 pc 00000000004774ac  /data/data/com.instagram.android/lib-compressed/libstartup.so
02-08 01:23:40.862  9486  9486 F DEBUG   :       #355 pc 0000000000477258  /data/data/com.instagram.android/lib-compressed/libstartup.so
02-08 01:23:40.862  9486  9486 F DEBUG   :       #356 pc 00000000004774ac  /data/data/com.instagram.android/lib-compressed/libstartup.so
02-08 01:23:40.862  9486  9486 F DEBUG   :       #357 pc 0000000000477258  /data/data/com.instagram.android/lib-compressed/libstartup.so
02-08 01:23:40.862  9486  9486 F DEBUG   :       #358 pc 00000000004774ac  /data/data/com.instagram.android/lib-compressed/libstartup.so
02-08 01:23:40.862  9486  9486 F DEBUG   :       #359 pc 0000000000477258  /data/data/com.instagram.android/lib-compressed/libstartup.so
02-08 01:23:40.862  9486  9486 F DEBUG   :       #360 pc 00000000004774ac  /data/data/com.instagram.android/lib-compressed/libstartup.so
02-08 01:23:40.862  9486  9486 F DEBUG   :       #361 pc 0000000000477258  /data/data/com.instagram.android/lib-compressed/libstartup.so
02-08 01:23:40.862  9486  9486 F DEBUG   :       #362 pc 00000000004774ac  /data/data/com.instagram.android/lib-compressed/libstartup.so
02-08 01:23:40.862  9486  9486 F DEBUG   :       #363 pc 0000000000477258  /data/data/com.instagram.android/lib-compressed/libstartup.so
02-08 01:23:40.862  9486  9486 F DEBUG   :       #364 pc 00000000004774ac  /data/data/com.instagram.android/lib-compressed/libstartup.so
02-08 01:23:40.862  9486  9486 F DEBUG   :       #365 pc 0000000000477258  /data/data/com.instagram.android/lib-compressed/libstartup.so
02-08 01:23:40.862  9486  9486 F DEBUG   :       #366 pc 00000000004774ac  /data/data/com.instagram.android/lib-compressed/libstartup.so
02-08 01:23:40.862  9486  9486 F DEBUG   :       #367 pc 0000000000477258  /data/data/com.instagram.android/lib-compressed/libstartup.so
02-08 01:23:40.862  9486  9486 F DEBUG   :       #368 pc 00000000004774ac  /data/data/com.instagram.android/lib-compressed/libstartup.so
02-08 01:23:40.862  9486  9486 F DEBUG   :       #369 pc 0000000000477258  /data/data/com.instagram.android/lib-compressed/libstartup.so
02-08 01:23:40.862  9486  9486 F DEBUG   :       #370 pc 00000000004774ac  /data/data/com.instagram.android/lib-compressed/libstartup.so
02-08 01:23:40.862  9486  9486 F DEBUG   :       #371 pc 0000000000477258  /data/data/com.instagram.android/lib-compressed/libstartup.so
02-08 01:23:40.862  9486  9486 F DEBUG   :       #372 pc 00000000004774ac  /data/data/com.instagram.android/lib-compressed/libstartup.so
02-08 01:23:40.862  9486  9486 F DEBUG   :       #373 pc 0000000000477258  /data/data/com.instagram.android/lib-compressed/libstartup.so
02-08 01:23:40.862  9486  9486 F DEBUG   :       #374 pc 00000000004774ac  /data/data/com.instagram.android/lib-compressed/libstartup.so
02-08 01:23:40.862  9486  9486 F DEBUG   :       #375 pc 0000000000477258  /data/data/com.instagram.android/lib-compressed/libstartup.so
02-08 01:23:40.862  9486  9486 F DEBUG   :       #376 pc 00000000004774ac  /data/data/com.instagram.android/lib-compressed/libstartup.so
02-08 01:23:40.862  9486  9486 F DEBUG   :       #377 pc 0000000000477258  /data/data/com.instagram.android/lib-compressed/libstartup.so
02-08 01:23:40.862  9486  9486 F DEBUG   :       #378 pc 00000000004774ac  /data/data/com.instagram.android/lib-compressed/libstartup.so
02-08 01:23:40.862  9486  9486 F DEBUG   :       #379 pc 0000000000477258  /data/data/com.instagram.android/lib-compressed/libstartup.so
02-08 01:23:40.862  9486  9486 F DEBUG   :       #380 pc 00000000004774ac  /data/data/com.instagram.android/lib-compressed/libstartup.so
02-08 01:23:40.862  9486  9486 F DEBUG   :       #381 pc 0000000000477258  /data/data/com.instagram.android/lib-compressed/libstartup.so
02-08 01:23:40.862  9486  9486 F DEBUG   :       #382 pc 00000000004774ac  /data/data/com.instagram.android/lib-compressed/libstartup.so
02-08 01:23:40.862  9486  9486 F DEBUG   :       #383 pc 0000000000477258  /data/data/com.instagram.android/lib-compressed/libstartup.so
02-08 01:23:40.862  9486  9486 F DEBUG   :       #384 pc 00000000004774ac  /data/data/com.instagram.android/lib-compressed/libstartup.so
02-08 01:23:40.862  9486  9486 F DEBUG   :       #385 pc 0000000000477258  /data/data/com.instagram.android/lib-compressed/libstartup.so
02-08 01:23:40.862  9486  9486 F DEBUG   :       #386 pc 00000000004774ac  /data/data/com.instagram.android/lib-compressed/libstartup.so
02-08 01:23:40.862  9486  9486 F DEBUG   :       #387 pc 0000000000477258  /data/data/com.instagram.android/lib-compressed/libstartup.so
02-08 01:23:40.862  9486  9486 F DEBUG   :       #388 pc 00000000004774ac  /data/data/com.instagram.android/lib-compressed/libstartup.so
02-08 01:23:40.862  9486  9486 F DEBUG   :       #389 pc 0000000000477258  /data/data/com.instagram.android/lib-compressed/libstartup.so
02-08 01:23:40.862  9486  9486 F DEBUG   :       #390 pc 00000000004774ac  /data/data/com.instagram.android/lib-compressed/libstartup.so
02-08 01:23:40.862  9486  9486 F DEBUG   :       #391 pc 0000000000477258  /data/data/com.instagram.android/lib-compressed/libstartup.so
02-08 01:23:40.862  9486  9486 F DEBUG   :       #392 pc 00000000004774ac  /data/data/com.instagram.android/lib-compressed/libstartup.so
02-08 01:23:40.862  9486  9486 F DEBUG   :       #393 pc 0000000000477258  /data/data/com.instagram.android/lib-compressed/libstartup.so
02-08 01:23:40.862  9486  9486 F DEBUG   :       #394 pc 00000000004774ac  /data/data/com.instagram.android/lib-compressed/libstartup.so
02-08 01:23:40.862  9486  9486 F DEBUG   :       #395 pc 0000000000477258  /data/data/com.instagram.android/lib-compressed/libstartup.so
02-08 01:23:40.862  9486  9486 F DEBUG   :       #396 pc 00000000004774ac  /data/data/com.instagram.android/lib-compressed/libstartup.so
02-08 01:23:40.862  9486  9486 F DEBUG   :       #397 pc 0000000000477258  /data/data/com.instagram.android/lib-compressed/libstartup.so
02-08 01:23:40.862  9486  9486 F DEBUG   :       #398 pc 00000000004774ac  /data/data/com.instagram.android/lib-compressed/libstartup.so
02-08 01:23:40.862  9486  9486 F DEBUG   :       #399 pc 0000000000477258  /data/data/com.instagram.android/lib-compressed/libstartup.so
02-08 01:23:40.862  9486  9486 F DEBUG   :       #400 pc 00000000004774ac  /data/data/com.instagram.android/lib-compressed/libstartup.so
02-08 01:23:40.862  9486  9486 F DEBUG   :       #401 pc 0000000000477258  /data/data/com.instagram.android/lib-compressed/libstartup.so
02-08 01:23:40.862  9486  9486 F DEBUG   :       #402 pc 00000000004774ac  /data/data/com.instagram.android/lib-compressed/libstartup.so
02-08 01:23:40.862  9486  9486 F DEBUG   :       #403 pc 0000000000477258  /data/data/com.instagram.android/lib-compressed/libstartup.so
02-08 01:23:40.862  9486  9486 F DEBUG   :       #404 pc 00000000004774ac  /data/data/com.instagram.android/lib-compressed/libstartup.so
02-08 01:23:40.862  9486  9486 F DEBUG   :       #405 pc 0000000000477258  /data/data/com.instagram.android/lib-compressed/libstartup.so
02-08 01:23:40.862  9486  9486 F DEBUG   :       #406 pc 00000000004774ac  /data/data/com.instagram.android/lib-compressed/libstartup.so
02-08 01:23:40.862  9486  9486 F DEBUG   :       #407 pc 0000000000477258  /data/data/com.instagram.android/lib-compressed/libstartup.so
02-08 01:23:40.862  9486  9486 F DEBUG   :       #408 pc 00000000004774ac  /data/data/com.instagram.android/lib-compressed/libstartup.so
02-08 01:23:40.862  9486  9486 F DEBUG   :       #409 pc 0000000000477258  /data/data/com.instagram.android/lib-compressed/libstartup.so
02-08 01:23:40.862  9486  9486 F DEBUG   :       #410 pc 00000000004774ac  /data/data/com.instagram.android/lib-compressed/libstartup.so
02-08 01:23:40.862  9486  9486 F DEBUG   :       #411 pc 0000000000477258  /data/data/com.instagram.android/lib-compressed/libstartup.so
02-08 01:23:40.862  9486  9486 F DEBUG   :       #412 pc 00000000004774ac  /data/data/com.instagram.android/lib-compressed/libstartup.so
02-08 01:23:40.862  9486  9486 F DEBUG   :       #413 pc 0000000000477258  /data/data/com.instagram.android/lib-compressed/libstartup.so
02-08 01:23:40.862  9486  9486 F DEBUG   :       #414 pc 00000000004774ac  /data/data/com.instagram.android/lib-compressed/libstartup.so
02-08 01:23:40.862  9486  9486 F DEBUG   :       #415 pc 0000000000477258  /data/data/com.instagram.android/lib-compressed/libstartup.so
02-08 01:23:40.862  9486  9486 F DEBUG   :       #416 pc 00000000004774ac  /data/data/com.instagram.android/lib-compressed/libstartup.so
02-08 01:23:40.862  9486  9486 F DEBUG   :       #417 pc 0000000000477258  /data/data/com.instagram.android/lib-compressed/libstartup.so
02-08 01:23:40.862  9486  9486 F DEBUG   :       #418 pc 00000000004774ac  /data/data/com.instagram.android/lib-compressed/libstartup.so
02-08 01:23:40.862  9486  9486 F DEBUG   :       #419 pc 0000000000477258  /data/data/com.instagram.android/lib-compressed/libstartup.so
02-08 01:23:40.862  9486  9486 F DEBUG   :       #420 pc 00000000004774ac  /data/data/com.instagram.android/lib-compressed/libstartup.so
02-08 01:23:40.862  9486  9486 F DEBUG   :       #421 pc 0000000000477258  /data/data/com.instagram.android/lib-compressed/libstartup.so
02-08 01:23:40.862  9486  9486 F DEBUG   :       #422 pc 00000000004774ac  /data/data/com.instagram.android/lib-compressed/libstartup.so
02-08 01:23:40.862  9486  9486 F DEBUG   :       #424 pc 00000000004774ac  /data/data/com.instagram.android/lib-compressed/libstartup.so
02-08 01:23:40.862  9486  9486 F DEBUG   :       #425 pc 0000000000477258  /data/data/com.instagram.android/lib-compressed/libstartup.so
02-08 01:23:40.862  9486  9486 F DEBUG   :       #426 pc 00000000004774ac  /data/data/com.instagram.android/lib-compressed/libstartup.so
02-08 01:23:40.862  9486  9486 F DEBUG   :       #427 pc 0000000000477258  /data/data/com.instagram.android/lib-compressed/libstartup.so
02-08 01:23:40.862  9486  9486 F DEBUG   :       #428 pc 00000000004774ac  /data/data/com.instagram.android/lib-compressed/libstartup.so
02-08 01:23:40.862  9486  9486 F DEBUG   :       #429 pc 0000000000477258  /data/data/com.instagram.android/lib-compressed/libstartup.so
02-08 01:23:40.862  9486  9486 F DEBUG   :       #430 pc 00000000004774ac  /data/data/com.instagram.android/lib-compressed/libstartup.so
02-08 01:23:40.862  9486  9486 F DEBUG   :       #431 pc 0000000000477258  /data/data/com.instagram.android/lib-compressed/libstartup.so
02-08 01:23:40.863  9486  9486 F DEBUG   :       #454 pc 00000000004774ac  /data/data/com.instagram.android/lib-compressed/libstartup.so
02-08 01:23:40.863  9486  9486 F DEBUG   :       #458 pc 00000000004774ac  /data/data/com.instagram.android/lib-compressed/libstartup.so
02-08 01:23:40.863  9486  9486 F DEBUG   :       #461 pc 0000000000477258  /data/data/com.instagram.android/lib-compressed/libstartup.so
02-08 01:23:40.863  9486  9486 F DEBUG   :       #471 pc 0000000000477258  /data/data/com.instagram.android/lib-compressed/libstartup.so
--------- beginning of system
02-08 21:24:42.357  7654  7709 I AlwaysOnHotwordDetector: onRejected
02-08 21:24:42.357  7654  8071 I AlwaysOnHotwordDetector: handle message 6
02-08 21:24:42.369  7654  8158 W KeyphraseEnrollmentInfo: No enrollment application supports the given keyphrase/locale: 'Y Google'/en_US
02-08 22:42:45.947 32468 25628 E ActivityThread: Failed to find provider info for gmail-ofls
02-08 22:42:47.038 32468 25628 E ActivityThread: Failed to find provider info for gmail-ofls
02-09 03:41:44.837 32468 26336 E ActivityThread: Failed to find provider info for gmail-ofls
02-09 03:41:46.143 32468 26336 E ActivityThread: Failed to find provider info for gmail-ofls
02-09 03:45:51.623 20926 20967 W KeyphraseEnrollmentInfo: No enrollment application supports the given keyphrase/locale: 'Y Google'/en_US
02-09 03:46:43.036 20926 20959 I AlwaysOnHotwordDetector: handle message 1
02-09 03:46:43.098 21000 21000 D VgcUtil : getFile name :theme_dir_path not exit in vgc_path_config.xml
02-09 03:46:43.100 21000 21000 D VgcUtil : getFile name :theme_dir_path not exit in vgc_path_config.xml
02-09 03:46:43.127 21000 21000 D VgcUtil : getFile name :theme_dir_path not exit in vgc_path_config.xml
02-09 03:46:43.214 20926 20926 W AlwaysOnHotwordDetector: stopRecognition() failed with error code -2147483648
02-09 03:46:43.218 20926 20959 I AlwaysOnHotwordDetector: handle message 1
02-09 03:46:43.279 20926 20993 I AlwaysOnHotwordDetector: onStatusReported
02-09 03:46:43.329 20926 20959 I AlwaysOnHotwordDetector: handle message 7
02-09 06:52:11.808 16711 19712 W Looper  : Slow delivery took 318568ms android.bg h=android.os.Handler c=android.os.BinderProxy$1@10825a2 m=0
02-09 06:52:12.117 32468 25628 E ActivityThread: Failed to find provider info for gmail-ofls
02-09 06:52:13.906 32468 25630 E ActivityThread: Failed to find provider info for gmail-ofls
02-09 06:52:16.232 32468 25630 E ActivityThread: Failed to find provider info for gmail-ofls
02-09 06:52:17.788 16218 19829 W Looper  : Slow delivery took 324169ms android.bg h=android.os.Handler c=android.os.BinderProxy$1@223db5a m=0
02-09 06:52:17.827 16218 19829 W Looper  : Drained
02-09 06:52:17.985 23719 23719 D VgcUtil : getFile name :theme_dir_path not exit in vgc_path_config.xml
02-09 06:52:17.987 23719 23719 D VgcUtil : getFile name :theme_dir_path not exit in vgc_path_config.xml
02-09 06:52:17.994 23719 23719 D VgcUtil : getFile name :theme_dir_path not exit in vgc_path_config.xml
02-09 06:52:18.878 13710 13935 W Looper  : Slow delivery took 316304ms android.bg h=android.os.Handler c=android.os.BinderProxy$1@4d91e13 m=0
02-09 06:52:18.889 13710 13935 W Looper  : Drained
02-09 06:52:28.051  2336  3097 V BackupManagerService: [UserID:0] restoreAtInstall pkg=com.google.android.trichromelibrary_683416333 token=5 restoreSet=331b657e072c71cc
02-09 06:52:28.075  2336  3097 V BackupManagerService: [UserID:0] Acquired wakelock:*backup*-0-7635
02-09 06:52:28.352  3271  3271 D ActivityThread: Package [com.google.android.webview] reported as REPLACED, but missing application info. Assuming REMOVED.
02-09 06:52:28.357 32468 32468 D ActivityThread: Package [com.google.android.webview] reported as REPLACED, but missing application info. Assuming REMOVED.
02-09 06:52:28.358 29130 29130 D ActivityThread: Package [com.google.android.webview] reported as REPLACED, but missing application info. Assuming REMOVED.
02-09 06:52:28.358  8451  8451 D ActivityThread: Package [com.google.android.webview] reported as REPLACED, but missing application info. Assuming REMOVED.
02-09 06:52:28.358 20926 20926 D ActivityThread: Package [com.google.android.webview] reported as REPLACED, but missing application info. Assuming REMOVED.
02-09 06:52:28.358  7618  7618 D ActivityThread: Package [com.google.android.webview] reported as REPLACED, but missing application info. Assuming REMOVED.
02-09 06:52:28.358  7636  7636 D ActivityThread: Package [com.google.android.webview] reported as REPLACED, but missing application info. Assuming REMOVED.
02-09 06:52:28.369  6483  6483 D ActivityThread: Package [com.google.android.webview] reported as REPLACED, but missing application info. Assuming REMOVED.
02-09 06:52:28.373 10107 10107 D ActivityThread: Package [com.google.android.webview] reported as REPLACED, but missing application info. Assuming REMOVED.
02-09 06:52:28.375  6883  6883 D ActivityThread: Package [com.google.android.webview] reported as REPLACED, but missing application info. Assuming REMOVED.
02-09 06:52:28.376 21000 21000 D ActivityThread: Package [com.google.android.webview] reported as REPLACED, but missing application info. Assuming REMOVED.
02-09 06:52:28.381  4840  4840 D ActivityThread: Package [com.google.android.webview] reported as REPLACED, but missing application info. Assuming REMOVED.
02-09 06:52:28.390  3271  3271 D ActivityThread: Package [com.google.android.webview] reported as REPLACED, but missing application info. Assuming REMOVED.
02-09 06:52:28.391 29130 29130 D ActivityThread: Package [com.google.android.webview] reported as REPLACED, but missing application info. Assuming REMOVED.
02-09 06:52:28.391 32468 32468 D ActivityThread: Package [com.google.android.webview] reported as REPLACED, but missing application info. Assuming REMOVED.
02-09 06:52:28.391 20926 20926 D ActivityThread: Package [com.google.android.webview] reported as REPLACED, but missing application info. Assuming REMOVED.
02-09 06:52:28.392  4840  4840 D ActivityThread: Package [com.google.android.webview] reported as REPLACED, but missing application info. Assuming REMOVED.
02-09 06:52:28.392  8451  8451 D ActivityThread: Package [com.google.android.webview] reported as REPLACED, but missing application info. Assuming REMOVED.
02-09 06:52:28.393  7618  7618 D ActivityThread: Package [com.google.android.webview] reported as REPLACED, but missing application info. Assuming REMOVED.
02-09 06:52:28.393  7636  7636 D ActivityThread: Package [com.google.android.webview] reported as REPLACED, but missing application info. Assuming REMOVED.
02-09 06:52:28.394 21693 21693 D ActivityThread: Package [com.google.android.webview] reported as REPLACED, but missing application info. Assuming REMOVED.
02-09 06:52:28.395  6483  6483 D ActivityThread: Package [com.google.android.webview] reported as REPLACED, but missing application info. Assuming REMOVED.
02-09 06:52:28.396  6883  6883 D ActivityThread: Package [com.google.android.webview] reported as REPLACED, but missing application info. Assuming REMOVED.
02-09 06:52:28.396 21000 21000 D ActivityThread: Package [com.google.android.webview] reported as REPLACED, but missing application info. Assuming REMOVED.
02-09 06:52:28.403 21693 21693 D ActivityThread: Package [com.google.android.webview] reported as REPLACED, but missing application info. Assuming REMOVED.
02-09 06:52:28.424 10107 10107 D ActivityThread: Package [com.google.android.webview] reported as REPLACED, but missing application info. Assuming REMOVED.
02-09 06:52:28.427 21917 21917 D ActivityThread: Package [com.google.android.webview] reported as REPLACED, but missing application info. Assuming REMOVED.
02-09 06:52:28.427 21917 21917 D ActivityThread: Package [com.google.android.webview] reported as REPLACED, but missing application info. Assuming REMOVED.
02-09 06:52:28.565 15394 15394 D ActivityThread: Package [com.google.android.webview] reported as REPLACED, but missing application info. Assuming REMOVED.
02-09 06:52:28.565 18296 18296 D ActivityThread: Package [com.google.android.webview] reported as REPLACED, but missing application info. Assuming REMOVED.
02-09 06:52:28.566 16711 16711 D ActivityThread: Package [com.google.android.webview] reported as REPLACED, but missing application info. Assuming REMOVED.
02-09 06:52:28.566 16711 16711 D ActivityThread: Package [com.google.android.webview] reported as REPLACED, but missing application info. Assuming REMOVED.
02-09 06:52:28.591  2048  2048 D ActivityThread: Package [com.google.android.webview] reported as REPLACED, but missing application info. Assuming REMOVED.
02-09 06:52:28.587 17172 17172 D ActivityThread: Package [com.google.android.webview] reported as REPLACED, but missing application info. Assuming REMOVED.
02-09 06:52:28.594 17172 17172 D ActivityThread: Package [com.google.android.webview] reported as REPLACED, but missing application info. Assuming REMOVED.
02-09 06:52:28.747  2336  7635 I BackupManagerService: Restore complete.
02-09 06:52:28.750  2336  7635 V BackupManagerService: [UserID:0] Released wakelock:*backup*-0-7635
02-09 06:52:28.721 20770 20770 D ActivityThread: Package [com.google.android.webview] reported as REPLACED, but missing application info. Assuming REMOVED.
02-09 06:52:28.799 20770 20770 D ActivityThread: Package [com.google.android.webview] reported as REPLACED, but missing application info. Assuming REMOVED.
02-09 06:52:28.874 14557 14557 D ActivityThread: Package [com.google.android.webview] reported as REPLACED, but missing application info. Assuming REMOVED.
02-09 06:52:28.939 17957 17957 D ActivityThread: Package [com.google.android.webview] reported as REPLACED, but missing application info. Assuming REMOVED.
02-09 06:52:28.939 20675 20675 D ActivityThread: Package [com.google.android.webview] reported as REPLACED, but missing application info. Assuming REMOVED.
02-09 06:52:28.949 17957 17957 D ActivityThread: Package [com.google.android.webview] reported as REPLACED, but missing application info. Assuming REMOVED.
02-09 06:52:28.950 20675 20675 D ActivityThread: Package [com.google.android.webview] reported as REPLACED, but missing application info. Assuming REMOVED.
02-09 06:52:29.042  2048  2048 D ActivityThread: Package [com.google.android.webview] reported as REPLACED, but missing application info. Assuming REMOVED.
02-09 06:52:29.050 17192 17192 D ActivityThread: Package [com.google.android.webview] reported as REPLACED, but missing application info. Assuming REMOVED.
02-09 06:52:29.052 13764 13764 D ActivityThread: Package [com.google.android.webview] reported as REPLACED, but missing application info. Assuming REMOVED.
02-09 06:52:29.052 30213 30213 D ActivityThread: Package [com.google.android.webview] reported as REPLACED, but missing application info. Assuming REMOVED.
02-09 06:52:29.053 15394 15394 D ActivityThread: Package [com.google.android.webview] reported as REPLACED, but missing application info. Assuming REMOVED.
02-09 06:52:29.056 18296 18296 D ActivityThread: Package [com.google.android.webview] reported as REPLACED, but missing application info. Assuming REMOVED.
02-09 06:52:29.062 30213 30213 D ActivityThread: Package [com.google.android.webview] reported as REPLACED, but missing application info. Assuming REMOVED.
02-09 06:52:29.063 13764 13764 D ActivityThread: Package [com.google.android.webview] reported as REPLACED, but missing application info. Assuming REMOVED.
02-09 06:52:29.063 17192 17192 D ActivityThread: Package [com.google.android.webview] reported as REPLACED, but missing application info. Assuming REMOVED.
02-09 06:52:29.242 14557 14557 D ActivityThread: Package [com.google.android.webview] reported as REPLACED, but missing application info. Assuming REMOVED.
02-09 06:52:29.686 29130 23090 D ActivityThread: Too many transaction errors, throttling freezer binder callback.
02-09 06:54:00.089 13710 13935 W Looper  : Slow delivery took 41200ms android.bg h=android.os.Handler c=android.os.BinderProxy$1@4d91e13 m=0
02-09 06:54:00.096 13710 13710 D ActivityThread: Package [com.google.android.webview] reported as REPLACED, but missing application info. Assuming REMOVED.
02-09 06:54:00.097 13710 13710 D ActivityThread: Package [com.google.android.webview] reported as REPLACED, but missing application info. Assuming REMOVED.
02-09 06:54:00.100 13710 13935 W Looper  : Drained
02-09 06:54:14.441 23306 23306 D ActivityThread: Package [com.google.android.webview] reported as REPLACED, but missing application info. Assuming REMOVED.
02-09 06:54:14.441 23306 23306 D ActivityThread: Package [com.google.android.webview] reported as REPLACED, but missing application info. Assuming REMOVED.
02-09 06:54:19.017 28191 28191 D ActivityThread: Package [com.google.android.webview] reported as REPLACED, but missing application info. Assuming REMOVED.
02-09 06:54:19.021 28191 28191 D ActivityThread: Package [com.google.android.webview] reported as REPLACED, but missing application info. Assuming REMOVED.
02-09 07:09:40.611 18153 18153 E LoadedApk: Unable to instantiate appComponentFactory
02-09 07:09:40.611 18153 18153 E LoadedApk: java.lang.ClassNotFoundException: Didn't find class "androidx.core.app.CoreComponentFactory" on path: DexPathList[[zip file "/data/app/~~9iOtyZQFtiZFqvH-tD9vcA==/com.viking.saga.nearme.gamecenter-FSq38V_Q4oMJ3nrxBovesw==/base.apk"],nativeLibraryDirectories=[/data/app/~~9iOtyZQFtiZFqvH-tD9vcA==/com.viking.saga.nearme.gamecenter-FSq38V_Q4oMJ3nrxBovesw==/lib/arm64, /system/lib64, /system_ext/lib64]]
02-09 07:09:40.611 18153 18153 E LoadedApk: 	at dalvik.system.BaseDexClassLoader.findClass(BaseDexClassLoader.java:259)
02-09 07:09:40.611 18153 18153 E LoadedApk: 	at java.lang.ClassLoader.loadClass(ClassLoader.java:637)
02-09 07:09:40.611 18153 18153 E LoadedApk: 	at java.lang.ClassLoader.loadClass(ClassLoader.java:573)
02-09 07:09:40.611 18153 18153 E LoadedApk: 	at android.app.LoadedApk.createAppFactory(LoadedApk.java:294)
02-09 07:09:40.611 18153 18153 E LoadedApk: 	at android.app.LoadedApk.createOrUpdateClassLoaderLocked(LoadedApk.java:1074)
02-09 07:09:40.611 18153 18153 E LoadedApk: 	at android.app.LoadedApk.getClassLoader(LoadedApk.java:1165)
02-09 07:09:40.611 18153 18153 E LoadedApk: 	at android.app.LoadedApk.getResources(LoadedApk.java:1413)
02-09 07:09:40.611 18153 18153 E LoadedApk: 	at android.app.ContextImpl.createAppContext(ContextImpl.java:3474)
02-09 07:09:40.611 18153 18153 E LoadedApk: 	at android.app.ContextImpl.createAppContext(ContextImpl.java:3459)
02-09 07:09:40.611 18153 18153 E LoadedApk: 	at android.app.ActivityThread.handleBindApplication(ActivityThread.java:8355)
02-09 07:09:40.611 18153 18153 E LoadedApk: 	at android.app.ActivityThread.-$$Nest$mhandleBindApplication(Unknown Source:0)
02-09 07:09:40.611 18153 18153 E LoadedApk: 	at android.app.ActivityThread$H.handleMessage(ActivityThread.java:2861)
02-09 07:09:40.611 18153 18153 E LoadedApk: 	at android.os.Handler.dispatchMessage(Handler.java:109)
02-09 07:09:40.611 18153 18153 E LoadedApk: 	at android.os.Looper.loopOnce(Looper.java:250)
02-09 07:09:40.611 18153 18153 E LoadedApk: 	at android.os.Looper.loop(Looper.java:340)
02-09 07:09:40.611 18153 18153 E LoadedApk: 	at android.app.ActivityThread.main(ActivityThread.java:9872)
02-09 07:09:40.611 18153 18153 E LoadedApk: 	at java.lang.reflect.Method.invoke(Native Method)
02-09 07:09:40.611 18153 18153 E LoadedApk: 	at com.android.internal.os.RuntimeInit$MethodAndArgsCaller.run(RuntimeInit.java:621)
02-09 07:09:40.611 18153 18153 E LoadedApk: 	at com.android.internal.os.ZygoteInit.main(ZygoteInit.java:957)
02-09 07:10:34.032  7896  7896 D ActivityThread: Package [com.google.android.webview] reported as REPLACED, but missing application info. Assuming REMOVED.
02-09 07:10:34.033  7896  7896 D ActivityThread: Package [com.google.android.webview] reported as REPLACED, but missing application info. Assuming REMOVED.
02-09 07:10:35.080  2336  4120 D BatteryStatsService: noteVideoSurfaceChanged  noteWhich: 49,arg1: 1260, arg2: 2800, arg3: 4222, arg4: 223, name: com.android.systemui
02-09 07:10:35.102  2336  4748 D BatteryStatsService: noteVideoSurfaceChanged  noteWhich: 49,arg1: 1260, arg2: 2800, arg3: 4222, arg4: 223, name: com.android.systemui
02-09 07:10:36.030  2336  4120 D BatteryStatsService: noteVideoSurfaceChanged  noteWhich: 49,arg1: -2, arg2: -1, arg3: 4222, arg4: 223, name: com.android.systemui
02-09 07:10:36.219  2336 22543 D BatteryStatsService: noteVideoSurfaceChanged  noteWhich: 49,arg1: -1, arg2: -1, arg3: 4641, arg4: 689, name: com.vivo.fingerprintui
02-09 07:10:36.396  2336  2509 D BatteryStatsService: noteVideoSurfaceChanged  noteWhich: 49,arg1: 1260, arg2: 2801, arg3: 4222, arg4: 392, name: com.vivo.systemuiplugin
02-09 07:10:36.426  2336  4446 D BatteryStatsService: noteVideoSurfaceChanged  noteWhich: 49,arg1: -1, arg2: -1, arg3: 4222, arg4: 392, name: com.vivo.systemuiplugin
02-09 07:10:36.443  2336  7916 D BatteryStatsService: noteVideoSurfaceChanged  noteWhich: 49,arg1: -2, arg2: -1, arg3: 4222, arg4: 223, name: com.android.systemui
02-09 07:10:36.444  2336  7591 D BatteryStatsService: noteVideoSurfaceChanged  noteWhich: 49,arg1: -2, arg2: -1, arg3: 4222, arg4: 229, name: com.android.systemui
02-09 07:10:36.808  2336  7591 D BatteryStatsService: noteVideoSurfaceChanged  noteWhich: 49,arg1: -2, arg2: -1, arg3: 4222, arg4: 223, name: com.android.systemui
02-09 07:10:36.809  2336  7591 D BatteryStatsService: noteVideoSurfaceChanged  noteWhich: 49,arg1: -2, arg2: -1, arg3: 4222, arg4: 229, name: com.android.systemui
02-09 07:10:36.874  6535 23634 W Looper  : Slow delivery took 155520ms android.bg h=android.os.Handler c=android.os.BinderProxy$1@cd28cdd m=0
02-09 07:10:36.888  6535 23634 W Looper  : Drained
02-09 07:10:36.899  6535  6535 D ActivityThread: Package [com.google.android.webview] reported as REPLACED, but missing application info. Assuming REMOVED.
02-09 07:10:36.903  6535  6535 D ActivityThread: Package [com.google.android.webview] reported as REPLACED, but missing application info. Assuming REMOVED.
02-09 07:10:36.918  6426  6426 D ActivityThread: Package [com.google.android.webview] reported as REPLACED, but missing application info. Assuming REMOVED.
02-09 07:10:36.920  6426  6426 D ActivityThread: Package [com.google.android.webview] reported as REPLACED, but missing application info. Assuming REMOVED.
02-09 07:10:37.496  2336  4748 D BatteryStatsService: noteVideoSurfaceChanged  noteWhich: 49,arg1: 1260, arg2: 2800, arg3: 4222, arg4: 223, name: com.android.systemui
02-09 07:10:37.496  2336  4748 D BatteryStatsService: noteVideoSurfaceChanged  noteWhich: 49,arg1: 1260, arg2: 2800, arg3: 4222, arg4: 229, name: com.android.systemui
02-09 07:10:37.497  2336  4992 D BatteryStatsService: noteVideoSurfaceChanged  noteWhich: 49,arg1: 1260, arg2: 2800, arg3: 4222, arg4: 223, name: com.android.systemui
02-09 07:10:37.497  2336  4748 D BatteryStatsService: noteVideoSurfaceChanged  noteWhich: 49,arg1: 1260, arg2: 2800, arg3: 4222, arg4: 229, name: com.android.systemui
02-09 07:10:37.499  2336  4992 D BatteryStatsService: noteVideoSurfaceChanged  noteWhich: 49,arg1: -2, arg2: -1, arg3: 4222, arg4: 223, name: com.android.systemui
02-09 07:10:37.500  2336  7916 D BatteryStatsService: noteVideoSurfaceChanged  noteWhich: 49,arg1: -2, arg2: -1, arg3: 4222, arg4: 229, name: com.android.systemui
02-09 07:10:37.518  2336  7931 D BatteryStatsService: noteVideoSurfaceChanged  noteWhich: 49,arg1: 1260, arg2: 2800, arg3: 4222, arg4: 223, name: com.android.systemui
02-09 07:10:37.518  2336  7591 D BatteryStatsService: noteVideoSurfaceChanged  noteWhich: 49,arg1: 1260, arg2: 2800, arg3: 4222, arg4: 229, name: com.android.systemui
02-09 07:10:37.528  2336  4748 D BatteryStatsService: noteVideoSurfaceChanged  noteWhich: 49,arg1: 1260, arg2: 2800, arg3: 4222, arg4: 229, name: com.android.systemui
02-09 07:10:37.691  2336  7931 D BatteryStatsService: noteVideoSurfaceChanged  noteWhich: 49,arg1: 1260, arg2: 2800, arg3: 4222, arg4: 223, name: com.android.systemui
02-09 07:10:37.705  2336  7916 D BatteryStatsService: noteVideoSurfaceChanged  noteWhich: 49,arg1: 1260, arg2: 2800, arg3: 4222, arg4: 223, name: com.android.systemui
02-09 07:10:50.561  2336  4748 D BatteryStatsService: noteVideoSurfaceChanged  noteWhich: 49,arg1: -2, arg2: -1, arg3: 4222, arg4: 223, name: com.android.systemui
02-09 07:10:50.568  2336  4479 D BatteryStatsService: noteVideoSurfaceChanged  noteWhich: 49,arg1: -2, arg2: -1, arg3: 4222, arg4: 223, name: com.android.systemui
02-09 07:10:50.569  2336  7931 D BatteryStatsService: noteVideoSurfaceChanged  noteWhich: 49,arg1: -2, arg2: -1, arg3: 4222, arg4: 229, name: com.android.systemui
02-09 07:10:50.720  2336  4479 D BatteryStatsService: noteVideoSurfaceChanged  noteWhich: 49,arg1: -2, arg2: -1, arg3: 4222, arg4: 223, name: com.android.systemui
02-09 07:10:50.720  2336  4479 D BatteryStatsService: noteVideoSurfaceChanged  noteWhich: 49,arg1: -2, arg2: -1, arg3: 4222, arg4: 229, name: com.android.systemui
02-09 07:10:55.718  2336  4339 D BatteryStatsService: noteVideoSurfaceChanged  noteWhich: 49,arg1: 1260, arg2: 2240, arg3: 6535, arg4: 4203, name: com.instagram.android
02-09 07:11:39.580  2336  4119 D BatteryStatsService: noteVideoSurfaceChanged  noteWhich: 49,arg1: -1, arg2: -1, arg3: 6535, arg4: 4203, name: com.instagram.android
02-09 07:11:39.586  2336  7931 D BatteryStatsService: noteVideoSurfaceChanged  noteWhich: 49,arg1: 1260, arg2: 2240, arg3: 6535, arg4: 5022, name: com.instagram.android
02-09 07:11:44.799  2336  4488 D BatteryStatsService: noteVideoSurfaceChanged  noteWhich: 49,arg1: -2, arg2: -1, arg3: 6535, arg4: 5022, name: com.instagram.android
02-09 07:11:44.812  2336  4488 D BatteryStatsService: noteVideoSurfaceChanged  noteWhich: 49,arg1: -1, arg2: -1, arg3: 6535, arg4: 5022, name: com.instagram.android
02-09 07:11:45.568  2336  4119 D BatteryStatsService: noteVideoSurfaceChanged  noteWhich: 49,arg1: 1260, arg2: 2240, arg3: 6535, arg4: 5106, name: com.instagram.android
02-09 07:11:50.761  2336  4446 D BatteryStatsService: noteVideoSurfaceChanged  noteWhich: 49,arg1: -2, arg2: -1, arg3: 6535, arg4: 5106, name: com.instagram.android
02-09 07:11:50.780  2336  4446 D BatteryStatsService: noteVideoSurfaceChanged  noteWhich: 49,arg1: -1, arg2: -1, arg3: 6535, arg4: 5106, name: com.instagram.android
02-09 07:11:51.698  2336  7931 D BatteryStatsService: noteVideoSurfaceChanged  noteWhich: 49,arg1: 1260, arg2: 2240, arg3: 6535, arg4: 5107, name: com.instagram.android
02-09 07:12:10.717  2336  4119 D BatteryStatsService: noteVideoSurfaceChanged  noteWhich: 49,arg1: -2, arg2: -1, arg3: 6535, arg4: 5107, name: com.instagram.android
02-09 07:12:10.730  2336  4119 D BatteryStatsService: noteVideoSurfaceChanged  noteWhich: 49,arg1: -1, arg2: -1, arg3: 6535, arg4: 5107, name: com.instagram.android
02-09 07:12:14.728  2336  7931 D BatteryStatsService: noteVideoSurfaceChanged  noteWhich: 49,arg1: 1260, arg2: 2240, arg3: 6535, arg4: 5116, name: com.instagram.android
02-09 07:12:18.286  2336  4479 D BatteryStatsService: noteVideoSurfaceChanged  noteWhich: 49,arg1: -1, arg2: -1, arg3: 6535, arg4: 5116, name: com.instagram.android
02-09 07:12:18.294  2336  4488 D BatteryStatsService: noteVideoSurfaceChanged  noteWhich: 49,arg1: 1260, arg2: 2240, arg3: 6535, arg4: 5120, name: com.instagram.android
02-09 07:12:21.923  2336  7872 D BatteryStatsService: noteVideoSurfaceChanged  noteWhich: 49,arg1: -2, arg2: -1, arg3: 6535, arg4: 5120, name: com.instagram.android
02-09 07:12:21.953  2336  7872 D BatteryStatsService: noteVideoSurfaceChanged  noteWhich: 49,arg1: -1, arg2: -1, arg3: 6535, arg4: 5120, name: com.instagram.android
02-09 07:12:23.121  2336  4479 D BatteryStatsService: noteVideoSurfaceChanged  noteWhich: 49,arg1: 1260, arg2: 2240, arg3: 6535, arg4: 5261, name: com.instagram.android
02-09 07:12:25.299  2336  4488 D BatteryStatsService: noteVideoSurfaceChanged  noteWhich: 49,arg1: -2, arg2: -1, arg3: 6535, arg4: 5261, name: com.instagram.android
02-09 07:12:25.314  2336  4488 D BatteryStatsService: noteVideoSurfaceChanged  noteWhich: 49,arg1: -1, arg2: -1, arg3: 6535, arg4: 5261, name: com.instagram.android
