02-09 07:12:25.320  2336  7931 D BatteryStatsService: noteVideoSurfaceChanged  noteWhich: 49,arg1: 1260, arg2: 2240, arg3: 6535, arg4: 5262, name: com.instagram.android
02-09 07:12:26.609 20926 22109 I AlwaysOnHotwordDetector: onRejected
02-09 07:12:26.609 20926 20959 I AlwaysOnHotwordDetector: handle message 6
02-09 07:12:26.623 20926 20967 W KeyphraseEnrollmentInfo: No enrollment application supports the given keyphrase/locale: 'Y Google'/en_US
02-09 07:12:27.754  2336  4479 D BatteryStatsService: noteVideoSurfaceChanged  noteWhich: 49,arg1: -2, arg2: -1, arg3: 6535, arg4: 5262, name: com.instagram.android
02-09 07:12:27.779  2336  3357 D BatteryStatsService: noteVideoSurfaceChanged  noteWhich: 49,arg1: -1, arg2: -1, arg3: 6535, arg4: 5262, name: com.instagram.android
02-09 07:12:27.785  2336  3357 D BatteryStatsService: noteVideoSurfaceChanged  noteWhich: 49,arg1: 1260, arg2: 2240, arg3: 6535, arg4: 5320, name: com.instagram.android
02-09 07:12:45.501  2336  7916 D BatteryStatsService: noteVideoSurfaceChanged  noteWhich: 49,arg1: -1, arg2: -1, arg3: 6535, arg4: 5320, name: com.instagram.android
02-09 07:12:45.510  2336  7916 D BatteryStatsService: noteVideoSurfaceChanged  noteWhich: 49,arg1: 1260, arg2: 2240, arg3: 6535, arg4: 5567, name: com.instagram.android
02-09 07:12:51.040  2336  4446 D BatteryStatsService: noteVideoSurfaceChanged  noteWhich: 49,arg1: -2, arg2: -1, arg3: 6535, arg4: 5567, name: com.instagram.android
02-09 07:12:51.057  2336  4446 D BatteryStatsService: noteVideoSurfaceChanged  noteWhich: 49,arg1: -1, arg2: -1, arg3: 6535, arg4: 5567, name: com.instagram.android
02-09 07:12:52.060  2336  4446 D BatteryStatsService: noteVideoSurfaceChanged  noteWhich: 49,arg1: 1260, arg2: 2240, arg3: 6535, arg4: 5576, name: com.instagram.android
02-09 07:12:55.548  2336  4446 D BatteryStatsService: noteVideoSurfaceChanged  noteWhich: 49,arg1: -1, arg2: -1, arg3: 6535, arg4: 5576, name: com.instagram.android
02-09 07:12:56.494  2336  3357 D BatteryStatsService: noteVideoSurfaceChanged  noteWhich: 49,arg1: 1260, arg2: 2240, arg3: 6535, arg4: 5586, name: com.instagram.android
02-09 07:12:58.941  2336  5659 D BatteryStatsService: noteVideoSurfaceChanged  noteWhich: 49,arg1: -1, arg2: -1, arg3: 6535, arg4: 5586, name: com.instagram.android
02-09 07:12:59.009  2336  3357 D BatteryStatsService: noteVideoSurfaceChanged  noteWhich: 49,arg1: 1260, arg2: 2240, arg3: 6535, arg4: 5587, name: com.instagram.android
02-09 07:13:00.196  2336 20561 D BatteryStatsService: noteVideoSurfaceChanged  noteWhich: 49,arg1: -2, arg2: -1, arg3: 6535, arg4: 5587, name: com.instagram.android
02-09 07:13:00.212  2336 20561 D BatteryStatsService: noteVideoSurfaceChanged  noteWhich: 49,arg1: -1, arg2: -1, arg3: 6535, arg4: 5587, name: com.instagram.android
02-09 07:13:00.220  2336 20561 D BatteryStatsService: noteVideoSurfaceChanged  noteWhich: 49,arg1: 1260, arg2: 2240, arg3: 6535, arg4: 5588, name: com.instagram.android
02-09 07:13:00.228  2336  4992 D BatteryStatsService: noteVideoSurfaceChanged  noteWhich: 49,arg1: 1261, arg2: 2240, arg3: 6535, arg4: 5588, name: com.instagram.android
02-09 07:13:01.231  2336  7872 D BatteryStatsService: noteVideoSurfaceChanged  noteWhich: 49,arg1: -1, arg2: -1, arg3: 6535, arg4: 5588, name: com.instagram.android
02-09 07:13:13.273  2336  4446 D BatteryStatsService: noteVideoSurfaceChanged  noteWhich: 49,arg1: 1260, arg2: 2800, arg3: 4222, arg4: 223, name: com.android.systemui
02-09 07:13:13.273  2336 20561 D BatteryStatsService: noteVideoSurfaceChanged  noteWhich: 49,arg1: 1260, arg2: 2800, arg3: 4222, arg4: 229, name: com.android.systemui
02-09 07:13:13.282  2336  4339 D BatteryStatsService: noteVideoSurfaceChanged  noteWhich: 49,arg1: 1260, arg2: 2800, arg3: 4222, arg4: 223, name: com.android.systemui
02-09 07:13:13.289  2336  4339 D BatteryStatsService: noteVideoSurfaceChanged  noteWhich: 49,arg1: 1260, arg2: 2800, arg3: 4222, arg4: 229, name: com.android.systemui
02-09 07:13:13.336  2336  4339 D BatteryStatsService: noteVideoSurfaceChanged  noteWhich: 49,arg1: 1260, arg2: 2800, arg3: 4222, arg4: 392, name: com.vivo.systemuiplugin
02-09 07:13:13.353  2336  4339 D BatteryStatsService: noteVideoSurfaceChanged  noteWhich: 49,arg1: 1260, arg2: 2800, arg3: 4222, arg4: 229, name: com.android.systemui
02-09 07:13:13.355  2336  5659 D BatteryStatsService: noteVideoSurfaceChanged  noteWhich: 49,arg1: 1260, arg2: 2800, arg3: 4222, arg4: 392, name: com.vivo.systemuiplugin
02-09 07:13:13.369  2336  7872 D BatteryStatsService: noteVideoSurfaceChanged  noteWhich: 49,arg1: 968, arg2: 790, arg3: 4641, arg4: 694, name: com.vivo.fingerprintui
02-09 07:13:13.384  2336  4992 D BatteryStatsService: noteVideoSurfaceChanged  noteWhich: 49,arg1: 968, arg2: 790, arg3: 4641, arg4: 694, name: com.vivo.fingerprintui
02-09 07:32:32.182 32468 25628 E ActivityThread: Failed to find provider info for gmail-ofls
02-09 07:32:33.344 32468 25628 E ActivityThread: Failed to find provider info for gmail-ofls
02-09 07:32:34.502 32468 25628 E ActivityThread: Failed to find provider info for gmail-ofls
02-09 07:32:34.507 32468 25628 E ActivityThread: Failed to find provider info for gmail-ofls
02-09 08:02:59.200 16711 19712 W Looper  : Drained
02-09 08:22:34.529 32468 27367 E ActivityThread: Failed to find provider info for subscribedfeeds
02-09 08:22:36.000  2336  7872 D BatteryStatsService: noteVideoSurfaceChanged  noteWhich: 49,arg1: -1, arg2: -1, arg3: 4641, arg4: 694, name: com.vivo.fingerprintui
02-09 08:22:36.165  2336  5659 D BatteryStatsService: noteVideoSurfaceChanged  noteWhich: 49,arg1: -1, arg2: -1, arg3: 4222, arg4: 392, name: com.vivo.systemuiplugin
02-09 08:22:36.170  2336  4118 D BatteryStatsService: noteVideoSurfaceChanged  noteWhich: 49,arg1: -2, arg2: -1, arg3: 4222, arg4: 223, name: com.android.systemui
02-09 08:22:36.170  2336  4446 D BatteryStatsService: noteVideoSurfaceChanged  noteWhich: 49,arg1: -2, arg2: -1, arg3: 4222, arg4: 229, name: com.android.systemui
02-09 08:22:36.500  2336  7094 D BatteryStatsService: noteVideoSurfaceChanged  noteWhich: 49,arg1: -2, arg2: -1, arg3: 4222, arg4: 223, name: com.android.systemui
02-09 08:22:36.501  2336  7094 D BatteryStatsService: noteVideoSurfaceChanged  noteWhich: 49,arg1: -2, arg2: -1, arg3: 4222, arg4: 229, name: com.android.systemui
02-09 08:22:37.063 16218 16218 D ActivityThread: Package [com.google.android.webview] reported as REPLACED, but missing application info. Assuming REMOVED.
02-09 08:22:37.064 16218 16218 D ActivityThread: Package [com.google.android.webview] reported as REPLACED, but missing application info. Assuming REMOVED.
02-09 08:22:37.079 16218 19829 W Looper  : Slow delivery took 493227ms android.bg h=android.os.Handler c=android.os.BinderProxy$1@223db5a m=0
02-09 08:22:37.084 16218 19829 W Looper  : Drained
02-09 08:22:37.390  2336  4119 D BatteryStatsService: noteVideoSurfaceChanged  noteWhich: 49,arg1: 1260, arg2: 710, arg3: 6535, arg4: 8688, name: com.instagram.android
02-09 08:22:37.481  2336  4121 D BatteryStatsService: noteVideoSurfaceChanged  noteWhich: 49,arg1: 1260, arg2: 711, arg3: 6535, arg4: 8688, name: com.instagram.android
02-09 08:22:37.833  2336  5733 D BatteryStatsService: noteVideoSurfaceChanged  noteWhich: 49,arg1: 1260, arg2: 2800, arg3: 4222, arg4: 223, name: com.android.systemui
02-09 08:22:37.834  2336  5733 D BatteryStatsService: noteVideoSurfaceChanged  noteWhich: 49,arg1: 1260, arg2: 2800, arg3: 4222, arg4: 229, name: com.android.systemui
02-09 08:22:37.837  2336  4119 D BatteryStatsService: noteVideoSurfaceChanged  noteWhich: 49,arg1: 1260, arg2: 2800, arg3: 4222, arg4: 223, name: com.android.systemui
02-09 08:22:37.838  2336  5733 D BatteryStatsService: noteVideoSurfaceChanged  noteWhich: 49,arg1: 1260, arg2: 2800, arg3: 4222, arg4: 229, name: com.android.systemui
02-09 08:22:37.856  2336  4119 D BatteryStatsService: noteVideoSurfaceChanged  noteWhich: 49,arg1: 1260, arg2: 2800, arg3: 4222, arg4: 229, name: com.android.systemui
02-09 08:22:37.868  2336  4121 D BatteryStatsService: noteVideoSurfaceChanged  noteWhich: 49,arg1: 1260, arg2: 2800, arg3: 4222, arg4: 223, name: com.android.systemui
02-09 08:22:37.875  2336  4121 D BatteryStatsService: noteVideoSurfaceChanged  noteWhich: 49,arg1: 1260, arg2: 2800, arg3: 4222, arg4: 223, name: com.android.systemui
02-09 08:22:39.007  2336  4119 D BatteryStatsService: noteVideoSurfaceChanged  noteWhich: 49,arg1: -2, arg2: -1, arg3: 4222, arg4: 223, name: com.android.systemui
02-09 08:22:39.013  2336 20561 D BatteryStatsService: noteVideoSurfaceChanged  noteWhich: 49,arg1: -2, arg2: -1, arg3: 4222, arg4: 223, name: com.android.systemui
02-09 08:22:39.014  2336 20561 D BatteryStatsService: noteVideoSurfaceChanged  noteWhich: 49,arg1: -2, arg2: -1, arg3: 4222, arg4: 229, name: com.android.systemui
02-09 08:22:39.174  2336  4121 D BatteryStatsService: noteVideoSurfaceChanged  noteWhich: 49,arg1: -2, arg2: -1, arg3: 4222, arg4: 223, name: com.android.systemui
02-09 08:22:39.174  2336  4121 D BatteryStatsService: noteVideoSurfaceChanged  noteWhich: 49,arg1: -2, arg2: -1, arg3: 4222, arg4: 229, name: com.android.systemui
02-09 08:22:39.566 13710 13935 W Looper  : Slow delivery took 393444ms android.bg h=android.os.Handler c=android.os.BinderProxy$1@5205221 m=0
02-09 08:22:39.581 13710 13935 W Looper  : Drained
02-09 08:22:42.685  2336  4121 D BatteryStatsService: noteVideoSurfaceChanged  noteWhich: 49,arg1: -2, arg2: -1, arg3: 6535, arg4: 8688, name: com.instagram.android
02-09 08:22:42.875  2336  7591 D BatteryStatsService: noteVideoSurfaceChanged  noteWhich: 49,arg1: 1260, arg2: 2800, arg3: 4222, arg4: 223, name: com.android.systemui
02-09 08:22:42.876  2336  4339 D BatteryStatsService: noteVideoSurfaceChanged  noteWhich: 49,arg1: 1260, arg2: 2800, arg3: 4222, arg4: 229, name: com.android.systemui
02-09 08:22:42.878  2336  4339 D BatteryStatsService: noteVideoSurfaceChanged  noteWhich: 49,arg1: 1260, arg2: 2800, arg3: 4222, arg4: 223, name: com.android.systemui
02-09 08:22:42.879  2336  7591 D BatteryStatsService: noteVideoSurfaceChanged  noteWhich: 49,arg1: 1260, arg2: 2800, arg3: 4222, arg4: 229, name: com.android.systemui
02-09 08:22:42.899  2336  4446 D BatteryStatsService: noteVideoSurfaceChanged  noteWhich: 49,arg1: 1260, arg2: 2800, arg3: 4222, arg4: 223, name: com.android.systemui
02-09 08:22:42.910  2336  4992 D BatteryStatsService: noteVideoSurfaceChanged  noteWhich: 49,arg1: 1260, arg2: 2800, arg3: 4222, arg4: 223, name: com.android.systemui
02-09 08:22:42.911  2336  4992 D BatteryStatsService: noteVideoSurfaceChanged  noteWhich: 49,arg1: 1260, arg2: 2800, arg3: 4222, arg4: 229, name: com.android.systemui
02-09 08:22:44.554 32468 27179 E ActivityThread: Failed to find provider info for gmail-ofls
02-09 08:22:45.401  2336  4450 D BatteryStatsService: noteVideoSurfaceChanged  noteWhich: 49,arg1: -2, arg2: -1, arg3: 4222, arg4: 223, name: com.android.systemui
02-09 08:22:45.406  2336  4339 D BatteryStatsService: noteVideoSurfaceChanged  noteWhich: 49,arg1: -2, arg2: -1, arg3: 4222, arg4: 223, name: com.android.systemui
02-09 08:22:45.407  2336  4446 D BatteryStatsService: noteVideoSurfaceChanged  noteWhich: 49,arg1: -2, arg2: -1, arg3: 4222, arg4: 229, name: com.android.systemui
02-09 08:22:45.554  2336  4446 D BatteryStatsService: noteVideoSurfaceChanged  noteWhich: 49,arg1: -2, arg2: -1, arg3: 4222, arg4: 223, name: com.android.systemui
02-09 08:22:45.554  2336  4446 D BatteryStatsService: noteVideoSurfaceChanged  noteWhich: 49,arg1: -2, arg2: -1, arg3: 4222, arg4: 229, name: com.android.systemui
02-09 08:22:45.662 32468 27179 E ActivityThread: Failed to find provider info for gmail-ofls
02-09 08:22:46.412  2336  4339 D BatteryStatsService: noteVideoSurfaceChanged  noteWhich: 49,arg1: 1260, arg2: 2800, arg3: 4222, arg4: 223, name: com.android.systemui
02-09 08:22:46.415  2336  7931 D BatteryStatsService: noteVideoSurfaceChanged  noteWhich: 49,arg1: 1260, arg2: 2800, arg3: 4222, arg4: 229, name: com.android.systemui
02-09 08:22:46.425  2336  4121 D BatteryStatsService: noteVideoSurfaceChanged  noteWhich: 49,arg1: 1260, arg2: 2800, arg3: 4222, arg4: 223, name: com.android.systemui
02-09 08:22:46.425  2336 22543 D BatteryStatsService: noteVideoSurfaceChanged  noteWhich: 49,arg1: 1260, arg2: 2800, arg3: 4222, arg4: 229, name: com.android.systemui
02-09 08:22:46.457  2336  7591 D BatteryStatsService: noteVideoSurfaceChanged  noteWhich: 49,arg1: 1260, arg2: 2800, arg3: 4222, arg4: 392, name: com.vivo.systemuiplugin
02-09 08:22:46.470  2336  4446 D BatteryStatsService: noteVideoSurfaceChanged  noteWhich: 49,arg1: 1260, arg2: 2800, arg3: 4222, arg4: 229, name: com.android.systemui
02-09 08:22:46.472  2336  7591 D BatteryStatsService: noteVideoSurfaceChanged  noteWhich: 49,arg1: 1260, arg2: 2800, arg3: 4222, arg4: 392, name: com.vivo.systemuiplugin
02-09 08:22:46.488  2336  4119 D BatteryStatsService: noteVideoSurfaceChanged  noteWhich: 49,arg1: 968, arg2: 790, arg3: 4641, arg4: 699, name: com.vivo.fingerprintui
02-09 08:22:46.489  2336  4119 D BatteryStatsService: noteVideoSurfaceChanged  noteWhich: 49,arg1: 968, arg2: 790, arg3: 4641, arg4: 699, name: com.vivo.fingerprintui
02-09 08:22:46.771 32468 27179 E ActivityThread: Failed to find provider info for gmail-ofls
02-09 08:22:48.382  2336  5659 D BatteryStatsService: noteVideoSurfaceChanged  noteWhich: 49,arg1: -1, arg2: -1, arg3: 25049, arg4: 1, name: com.mxtech.videoplayer.ad
02-09 08:24:51.962 28191 28942 V AconfigFlags: Read Aconfig default flag value android.adaptiveauth.enable_adaptive_auth = true
02-09 08:24:51.962 28191 28942 V AconfigFlags: Read Aconfig default flag value android.adaptiveauth.report_biometric_auth_attempts = false
02-09 08:24:51.962 28191 28942 V AconfigFlags: Read Aconfig default flag value android.app.admin.flags.allow_querying_profile_type = true
02-09 08:24:51.962 28191 28942 V AconfigFlags: Read Aconfig default flag value android.app.admin.flags.allow_screen_brightness_control_on_cope = true
02-09 08:24:51.962 28191 28942 V AconfigFlags: Read Aconfig default flag value android.app.admin.flags.always_persist_do = true
02-09 08:24:51.962 28191 28942 V AconfigFlags: Read Aconfig default flag value android.app.admin.flags.assist_content_user_restriction_enabled = true
02-09 08:24:51.962 28191 28942 V AconfigFlags: Read Aconfig default flag value android.app.admin.flags.backup_connected_apps_settings = false
02-09 08:24:51.962 28191 28942 V AconfigFlags: Read Aconfig default flag value android.app.admin.flags.backup_service_security_log_event_enabled = true
02-09 08:24:51.963 28191 28942 V AconfigFlags: Read Aconfig default flag value android.app.admin.flags.coexistence_migration_for_non_emm_management_enabled = true
02-09 08:24:51.963 28191 28942 V AconfigFlags: Read Aconfig default flag value android.app.admin.flags.copy_account_with_retry_enabled = true
02-09 08:24:51.963 28191 28942 V AconfigFlags: Read Aconfig default flag value android.app.admin.flags.cross_user_suspension_enabled_ro = false
02-09 08:24:51.963 28191 28942 V AconfigFlags: Read Aconfig default flag value android.app.admin.flags.dedicated_device_control_api_enabled = true
02-09 08:24:51.963 28191 28942 V AconfigFlags: Read Aconfig default flag value android.app.admin.flags.dedicated_device_control_enabled = true
02-09 08:24:51.963 28191 28942 V AconfigFlags: Read Aconfig default flag value android.app.admin.flags.default_sms_personal_app_suspension_fix_enabled = true
02-09 08:24:51.963 28191 28942 V AconfigFlags: Read Aconfig default flag value android.app.admin.flags.delete_private_space_under_restriction = true
02-09 08:24:51.963 28191 28942 V AconfigFlags: Read Aconfig default flag value android.app.admin.flags.device_policy_size_tracking_enabled = true
02-09 08:24:51.963 28191 28942 V AconfigFlags: Read Aconfig default flag value android.app.admin.flags.device_policy_size_tracking_internal_bug_fix_enabled = true
02-09 08:24:51.963 28191 28942 V AconfigFlags: Read Aconfig default flag value android.app.admin.flags.device_policy_size_tracking_internal_enabled = false
02-09 08:24:51.963 28191 28942 V AconfigFlags: Read Aconfig default flag value android.app.admin.flags.device_theft_api_enabled = false
02-09 08:24:51.963 28191 28942 V AconfigFlags: Read Aconfig default flag value android.app.admin.flags.device_theft_impl_enabled = false
02-09 08:24:51.963 28191 28942 V AconfigFlags: Read Aconfig default flag value android.app.admin.flags.disallow_user_control_bg_usage_fix = true
02-09 08:24:51.963 28191 28942 V AconfigFlags: Read Aconfig default flag value android.app.admin.flags.disallow_user_control_stopped_state_fix = true
02-09 08:24:51.963 28191 28942 V AconfigFlags: Read Aconfig default flag value android.app.admin.flags.dmrh_set_app_restrictions = true
02-09 08:24:51.963 28191 28942 V AconfigFlags: Read Aconfig default flag value android.app.admin.flags.dumpsys_policy_engine_migration_enabled = true
02-09 08:24:51.963 28191 28942 V AconfigFlags: Read Aconfig default flag value android.app.admin.flags.esim_management_enabled = true
02-09 08:24:51.963 28191 28942 V AconfigFlags: Read Aconfig default flag value android.app.admin.flags.esim_management_ux_enabled = false
02-09 08:24:51.963 28191 28942 V AconfigFlags: Read Aconfig default flag value android.app.admin.flags.headless_device_owner_delegate_security_logging_bug_fix = true
02-09 08:24:51.963 28191 28942 V AconfigFlags: Read Aconfig default flag value android.app.admin.flags.headless_device_owner_provisioning_fix_enabled = true
02-09 08:24:51.963 28191 28942 V AconfigFlags: Read Aconfig default flag value android.app.admin.flags.headless_device_owner_single_user_enabled = true
02-09 08:24:51.963 28191 28942 V AconfigFlags: Read Aconfig default flag value android.app.admin.flags.headless_single_min_target_sdk = false
02-09 08:24:51.963 28191 28942 V AconfigFlags: Read Aconfig default flag value android.app.admin.flags.headless_single_user_bad_device_admin_state_fix = true
02-09 08:24:51.963 28191 28942 V AconfigFlags: Read Aconfig default flag value android.app.admin.flags.headless_single_user_compatibility_fix = true
02-09 08:24:51.963 28191 28942 V AconfigFlags: Read Aconfig default flag value android.app.admin.flags.headless_single_user_fixes = true
02-09 08:24:51.963 28191 28942 V AconfigFlags: Read Aconfig default flag value android.app.admin.flags.hsum_unlock_notification_fix = true
02-09 08:24:51.963 28191 28942 V AconfigFlags: Read Aconfig default flag value android.app.admin.flags.is_mte_policy_enforced = true
02-09 08:24:51.964 28191 28942 V AconfigFlags: Read Aconfig default flag value android.app.admin.flags.is_recursive_required_app_merging_enabled = false
02-09 08:24:51.964 28191 28942 V AconfigFlags: Read Aconfig default flag value android.app.admin.flags.onboarding_bugreport_storage_bug_fix = true
02-09 08:24:51.964 28191 28942 V AconfigFlags: Read Aconfig default flag value android.app.admin.flags.onboarding_bugreport_v2_enabled = true
02-09 08:24:51.964 28191 28942 V AconfigFlags: Read Aconfig default flag value android.app.admin.flags.onboarding_consentless_bugreports = true
02-09 08:24:51.964 28191 28942 V AconfigFlags: Read Aconfig default flag value android.app.admin.flags.permission_migration_for_zero_trust_api_enabled = true
02-09 08:24:51.964 28191 28942 V AconfigFlags: Read Aconfig default flag value android.app.admin.flags.permission_migration_for_zero_trust_impl_enabled = true
02-09 08:24:51.964 28191 28942 V AconfigFlags: Read Aconfig default flag value android.app.admin.flags.policy_engine_migration_v2_enabled = true
02-09 08:24:51.964 28191 28942 V AconfigFlags: Read Aconfig default flag value android.app.admin.flags.power_exemption_bg_usage_fix = true
02-09 08:24:51.964 28191 28942 V AconfigFlags: Read Aconfig default flag value android.app.admin.flags.quiet_mode_credential_bug_fix = true
02-09 08:24:51.964 28191 28942 V AconfigFlags: Read Aconfig default flag value android.app.admin.flags.security_log_v2_enabled = true
02-09 08:24:51.964 28191 28942 V AconfigFlags: Read Aconfig default flag value android.app.admin.flags.unmanaged_mode_migration = false
02-09 08:24:51.964 28191 28942 V AconfigFlags: Read Aconfig default flag value android.app.api_rich_ongoing = false
02-09 08:24:51.964 28191 28942 V AconfigFlags: Read Aconfig default flag value android.app.api_tvextender = true
02-09 08:24:51.964 28191 28942 V AconfigFlags: Read Aconfig default flag value android.app.app_restrictions_api = true
02-09 08:24:51.964 28191 28942 V AconfigFlags: Read Aconfig default flag value android.app.app_start_info = true
02-09 08:24:51.964 28191 28942 V AconfigFlags: Read Aconfig default flag value android.app.app_start_info_timestamps = true
02-09 08:24:51.964 28191 28942 V AconfigFlags: Read Aconfig default flag value android.app.bic_client = true
02-09 08:24:51.964 28191 28942 V AconfigFlags: Read Aconfig default flag value android.app.category_voicemail = true
02-09 08:24:51.964 28191 28942 V AconfigFlags: Read Aconfig default flag value android.app.check_autogroup_before_post = false
02-09 08:24:51.964 28191 28942 V AconfigFlags: Read Aconfig default flag value android.app.clean_up_spans_and_new_lines = false
02-09 08:24:51.964 28191 28942 V AconfigFlags: Read Aconfig default flag value android.app.clear_dns_cache_on_network_rules_update = true
02-09 08:24:51.964 28191 28942 V AconfigFlags: Read Aconfig default flag value android.app.compact_heads_up_notification = false
02-09 08:24:51.964 28191 28942 V AconfigFlags: Read Aconfig default flag value android.app.compact_heads_up_notification_reply = false
02-09 08:24:51.964 28191 28942 V AconfigFlags: Read Aconfig default flag value android.app.contextualsearch.flags.enable_service = true
02-09 08:24:51.964 28191 28942 V AconfigFlags: Read Aconfig default flag value android.app.contextualsearch.flags.enable_token_refresh = false
02-09 08:24:51.964 28191 28942 V AconfigFlags: Read Aconfig default flag value android.app.enable_fgs_timeout_crash_behavior = true
02-09 08:24:51.965 28191 28942 V AconfigFlags: Read Aconfig default flag value android.app.enable_night_mode_binder_cache = true
02-09 08:24:51.965 28191 28942 V AconfigFlags: Read Aconfig default flag value android.app.enable_pip_ui_state_callback_on_entering = true
02-09 08:24:51.965 28191 28942 V AconfigFlags: Read Aconfig default flag value android.app.evenly_divided_call_style_action_layout = true
02-09 08:24:51.965 28191 28942 V AconfigFlags: Read Aconfig default flag value android.app.gate_fgs_timeout_anr_behavior = false
02-09 08:24:51.965 28191 28942 V AconfigFlags: Read Aconfig default flag value android.app.get_binding_uid_importance = true
02-09 08:24:51.965 28191 28942 V AconfigFlags: Read Aconfig default flag value android.app.introduce_new_service_ontimeout_callback = true
02-09 08:24:51.965 28191 28942 V AconfigFlags: Read Aconfig default flag value android.app.job.backup_jobs_exemption = false
02-09 08:24:51.965 28191 28942 V AconfigFlags: Read Aconfig default flag value android.app.job.enforce_minimum_time_windows = false
02-09 08:24:51.965 28191 28942 V AconfigFlags: Read Aconfig default flag value android.app.job.job_debug_info_apis = true
02-09 08:24:51.965 28191 28942 V AconfigFlags: Read Aconfig default flag value android.app.keyguard_private_notifications = true
02-09 08:24:51.965 28191 28942 V AconfigFlags: Read Aconfig default flag value android.app.lifetime_extension_refactor = false
02-09 08:24:51.965 28191 28942 V AconfigFlags: Read Aconfig default flag value android.app.modes_api = true
02-09 08:24:51.965 28191 28942 V AconfigFlags: Read Aconfig default flag value android.app.modes_ui = false
02-09 08:24:51.965 28191 28942 V AconfigFlags: Read Aconfig default flag value android.app.notification_channel_vibration_effect_api = true
02-09 08:24:51.965 28191 28942 V AconfigFlags: Read Aconfig default flag value android.app.notification_expansion_optional = false
02-09 08:24:51.965 28191 28942 V AconfigFlags: Read Aconfig default flag value android.app.notifications_use_app_icon = false
02-09 08:24:51.965 28191 28942 V AconfigFlags: Read Aconfig default flag value android.app.notifications_use_app_icon_in_row = false
02-09 08:24:51.965 28191 28942 V AconfigFlags: Read Aconfig default flag value android.app.notifications_use_monochrome_app_icon = false
02-09 08:24:51.965 28191 28942 V AconfigFlags: Read Aconfig default flag value android.app.ondeviceintelligence.flags.enable_on_device_intelligence = true
02-09 08:24:51.965 28191 28942 V AconfigFlags: Read Aconfig default flag value android.app.pinner_service_client_api = true
02-09 08:24:51.965 28191 28942 V AconfigFlags: Read Aconfig default flag value android.app.redact_sensitive_content_notifications_on_lockscreen = false
02-09 08:24:51.965 28191 28942 V AconfigFlags: Read Aconfig default flag value android.app.remove_remote_views = false
02-09 08:24:51.965 28191 28942 V AconfigFlags: Read Aconfig default flag value android.app.restrict_audio_attributes_alarm = false
02-09 08:24:51.965 28191 28942 V AconfigFlags: Read Aconfig default flag value android.app.restrict_audio_attributes_call = false
02-09 08:24:51.965 28191 28942 V AconfigFlags: Read Aconfig default flag value android.app.restrict_audio_attributes_media = false
02-09 08:24:51.965 28191 28942 V AconfigFlags: Read Aconfig default flag value android.app.secure_allowlist_token = false
02-09 08:24:51.965 28191 28942 V AconfigFlags: Read Aconfig default flag value android.app.skip_bg_mem_trim_on_fg_app = false
02-09 08:24:51.965 28191 28942 V AconfigFlags: Read Aconfig default flag value android.app.smartspace.flags.access_smartspace = true
02-09 08:24:51.965 28191 28942 V AconfigFlags: Read Aconfig default flag value android.app.smartspace.flags.remote_views = true
02-09 08:24:51.965 28191 28942 V AconfigFlags: Read Aconfig default flag value android.app.sort_section_by_time = true
02-09 08:24:51.965 28191 28942 V AconfigFlags: Read Aconfig default flag value android.app.system_terms_of_address_enabled = true
02-09 08:24:51.965 28191 28942 V AconfigFlags: Read Aconfig default flag value android.app.uid_importance_listener_for_uids = false
02-09 08:24:51.965 28191 28942 V AconfigFlags: Read Aconfig default flag value android.app.update_ranking_time = false
02-09 08:24:51.965 28191 28942 V AconfigFlags: Read Aconfig default flag value android.app.usage.disable_idle_check = false
02-09 08:24:51.965 28191 28942 V AconfigFlags: Read Aconfig default flag value android.app.usage.filter_based_event_query_api = true
02-09 08:24:51.965 28191 28942 V AconfigFlags: Read Aconfig default flag value android.app.usage.get_app_bytes_by_data_type_api = true
02-09 08:24:51.965 28191 28942 V AconfigFlags: Read Aconfig default flag value android.app.usage.report_usage_stats_permission = true
02-09 08:24:51.965 28191 28942 V AconfigFlags: Read Aconfig default flag value android.app.usage.use_dedicated_handler_thread = true
02-09 08:24:51.965 28191 28942 V AconfigFlags: Read Aconfig default flag value android.app.usage.use_parceled_list = true
02-09 08:24:51.965 28191 28942 V AconfigFlags: Read Aconfig default flag value android.app.usage.user_interaction_type_api = true
02-09 08:24:51.965 28191 28942 V AconfigFlags: Read Aconfig default flag value android.app.visit_person_uri = false
02-09 08:24:51.965 28191 28942 V AconfigFlags: Read Aconfig default flag value android.app.wearable.enable_data_request_observer_api = true
02-09 08:24:51.965 28191 28942 V AconfigFlags: Read Aconfig default flag value android.app.wearable.enable_hotword_wearable_sensing_api = true
02-09 08:24:51.965 28191 28942 V AconfigFlags: Read Aconfig default flag value android.app.wearable.enable_provide_wearable_connection_api = true
02-09 08:24:51.965 28191 28942 V AconfigFlags: Read Aconfig default flag value android.app.wearable.enable_restart_wss_process = true
02-09 08:24:51.965 28191 28942 V AconfigFlags: Read Aconfig default flag value android.app.wearable.enable_unsupported_operation_status_code = true
02-09 08:24:51.965 28191 28942 V AconfigFlags: Read Aconfig default flag value android.appwidget.flags.draw_data_parcel = true
02-09 08:24:51.965 28191 28942 V AconfigFlags: Read Aconfig default flag value android.appwidget.flags.generated_previews = true
02-09 08:24:51.965 28191 28942 V AconfigFlags: Read Aconfig default flag value android.appwidget.flags.remote_adapter_conversion = false
02-09 08:24:51.965 28191 28942 V AconfigFlags: Read Aconfig default flag value android.appwidget.flags.remove_app_widget_service_io_from_critical_path = true
02-09 08:24:51.965 28191 28942 V AconfigFlags: Read Aconfig default flag value android.appwidget.flags.support_resume_restore_after_reboot = false
02-09 08:24:51.965 28191 28942 V AconfigFlags: Read Aconfig default flag value android.appwidget.flags.throttle_widget_updates = false
02-09 08:24:51.965 28191 28942 V AconfigFlags: Read Aconfig default flag value android.car.feature.android_vic_vehicle_properties = true
02-09 08:24:51.965 28191 28942 V AconfigFlags: Read Aconfig default flag value android.car.feature.area_id_config_access = true
02-09 08:24:51.965 28191 28942 V AconfigFlags: Read Aconfig default flag value android.car.feature.batched_subscriptions = true
02-09 08:24:51.965 28191 28942 V AconfigFlags: Read Aconfig default flag value android.car.feature.car_app_card = true
02-09 08:24:51.965 28191 28942 V AconfigFlags: Read Aconfig default flag value android.car.feature.car_audio_dynamic_devices = true
02-09 08:24:51.965 28191 28942 V AconfigFlags: Read Aconfig default flag value android.car.feature.car_audio_fade_manager_configuration = true
02-09 08:24:51.965 28191 28942 V AconfigFlags: Read Aconfig default flag value android.car.feature.car_audio_min_max_activation_volume = true
02-09 08:24:51.965 28191 28942 V AconfigFlags: Read Aconfig default flag value android.car.feature.car_audio_mute_ambiguity = true
02-09 08:24:51.965 28191 28942 V AconfigFlags: Read Aconfig default flag value android.car.feature.car_dump_to_proto = true
02-09 08:24:51.965 28191 28942 V AconfigFlags: Read Aconfig default flag value android.car.feature.car_evs_query_service_status = true
02-09 08:24:51.965 28191 28942 V AconfigFlags: Read Aconfig default flag value android.car.feature.car_evs_stream_management = true
02-09 08:24:51.965 28191 28942 V AconfigFlags: Read Aconfig default flag value android.car.feature.car_night_global_setting = true
02-09 08:24:51.965 28191 28942 V AconfigFlags: Read Aconfig default flag value android.car.feature.car_power_cancel_shell_command = false
02-09 08:24:51.965 28191 28942 V AconfigFlags: Read Aconfig default flag value android.car.feature.car_power_policy_refactoring = true
02-09 08:24:51.965 28191 28942 V AconfigFlags: Read Aconfig default flag value android.car.feature.car_property_detailed_error_codes = true
02-09 08:24:51.965 28191 28942 V AconfigFlags: Read Aconfig default flag value android.car.feature.car_property_value_property_status = true
02-09 08:24:51.965 28191 28942 V AconfigFlags: Read Aconfig default flag value android.car.feature.car_watchdog_memory_profiling = true
02-09 08:24:51.966 28191 28942 V AconfigFlags: Read Aconfig default flag value android.car.feature.cluster_health_monitoring = true
02-09 08:24:51.966 28191 28942 V AconfigFlags: Read Aconfig default flag value android.car.feature.display_compatibility = true
02-09 08:24:51.966 28191 28942 V AconfigFlags: Read Aconfig default flag value android.car.feature.per_display_max_brightness = true
02-09 08:24:51.966 28191 28942 V AconfigFlags: Read Aconfig default flag value android.car.feature.persist_ap_settings = true
02-09 08:24:51.966 28191 28942 V AconfigFlags: Read Aconfig default flag value android.car.feature.projection_query_bt_profile_inhibit = true
02-09 08:24:51.966 28191 28942 V AconfigFlags: Read Aconfig default flag value android.car.feature.serverless_remote_access = true
02-09 08:24:51.966 28191 28942 V AconfigFlags: Read Aconfig default flag value android.car.feature.stop_process_before_suspend_to_disk = false
02-09 08:24:51.966 28191 28942 V AconfigFlags: Read Aconfig default flag value android.car.feature.subscription_with_resolution = true
02-09 08:24:51.966 28191 28942 V AconfigFlags: Read Aconfig default flag value android.car.feature.switch_user_ignoring_uxr = true
02-09 08:24:51.966 28191 28942 V AconfigFlags: Read Aconfig default flag value android.car.feature.variable_update_rate = true
02-09 08:24:51.966 28191 28942 V AconfigFlags: Read Aconfig default flag value android.chre.flags.abort_if_no_context_hub_found = false
02-09 08:24:51.966 28191 28942 V AconfigFlags: Read Aconfig default flag value android.chre.flags.bug_fix_reduce_lock_holding_period = true
02-09 08:24:51.966 28191 28942 V AconfigFlags: Read Aconfig default flag value android.chre.flags.context_hub_callback_uuid_enabled = true
02-09 08:24:51.966 28191 28942 V AconfigFlags: Read Aconfig default flag value android.chre.flags.flag_log_nanoapp_load_metrics = true
02-09 08:24:51.966 28191 28942 V AconfigFlags: Read Aconfig default flag value android.chre.flags.metrics_reporter_in_the_daemon = true
02-09 08:24:51.966 28191 28942 V AconfigFlags: Read Aconfig default flag value android.chre.flags.reconnect_host_endpoints_after_hal_restart = false
02-09 08:24:51.966 28191 28942 V AconfigFlags: Read Aconfig default flag value android.chre.flags.reduce_lock_holding_period = false
02-09 08:24:51.966 28191 28942 V AconfigFlags: Read Aconfig default flag value android.chre.flags.reliable_message = true
02-09 08:24:51.966 28191 28942 V AconfigFlags: Read Aconfig default flag value android.chre.flags.reliable_message_duplicate_detection_service = false
02-09 08:24:51.966 28191 28942 V AconfigFlags: Read Aconfig default flag value android.chre.flags.reliable_message_implementation = true
02-09 08:24:51.966 28191 28942 V AconfigFlags: Read Aconfig default flag value android.chre.flags.reliable_message_retry_support_service = false
02-09 08:24:51.966 28191 28942 V AconfigFlags: Read Aconfig default flag value android.chre.flags.reliable_message_test_mode_behavior = false
02-09 08:24:51.966 28191 28942 V AconfigFlags: Read Aconfig default flag value android.chre.flags.remove_ap_wakeup_metric_report_limit = true
02-09 08:24:51.966 28191 28942 V AconfigFlags: Read Aconfig default flag value android.chre.flags.wait_for_preloaded_nanoapp_start = false
02-09 08:24:51.966 28191 28942 V AconfigFlags: Read Aconfig default flag value android.companion.association_tag = false
02-09 08:24:51.966 28191 28942 V AconfigFlags: Read Aconfig default flag value android.companion.companion_transport_apis = false
02-09 08:24:51.966 28191 28942 V AconfigFlags: Read Aconfig default flag value android.companion.device_presence = false
02-09 08:24:51.966 28191 28942 V AconfigFlags: Read Aconfig default flag value android.companion.new_association_builder = true
02-09 08:24:51.966 28191 28942 V AconfigFlags: Read Aconfig default flag value android.companion.ongoing_perm_sync = false
02-09 08:24:51.966 28191 28942 V AconfigFlags: Read Aconfig default flag value android.companion.perm_sync_user_consent = true
02-09 08:24:51.966 28191 28942 V AconfigFlags: Read Aconfig default flag value android.companion.unpair_associated_device = false
02-09 08:24:51.966 28191 28942 V AconfigFlags: Read Aconfig default flag value android.companion.virtual.flags.consistent_display_flags = true
02-09 08:24:51.966 28191 28942 V AconfigFlags: Read Aconfig default flag value android.companion.virtual.flags.cross_device_clipboard = true
02-09 08:24:51.966 28191 28942 V AconfigFlags: Read Aconfig default flag value android.companion.virtual.flags.dynamic_policy = true
02-09 08:24:51.966 28191 28942 V AconfigFlags: Read Aconfig default flag value android.companion.virtual.flags.enable_native_vdm = true
02-09 08:24:51.966 28191 28942 V AconfigFlags: Read Aconfig default flag value android.companion.virtual.flags.express_metrics = true
02-09 08:24:51.966 28191 28942 V AconfigFlags: Read Aconfig default flag value android.companion.virtual.flags.impulse_velocity_strategy_for_touch_navigation = true
02-09 08:24:51.966 28191 28942 V AconfigFlags: Read Aconfig default flag value android.companion.virtual.flags.interactive_screen_mirror = true
02-09 08:24:51.966 28191 28942 V AconfigFlags: Read Aconfig default flag value android.companion.virtual.flags.intercept_intents_before_applying_policy = true
02-09 08:24:51.966 28191 28942 V AconfigFlags: Read Aconfig default flag value android.companion.virtual.flags.persistent_device_id_api = true
02-09 08:24:51.966 28191 28942 V AconfigFlags: Read Aconfig default flag value android.companion.virtual.flags.stream_camera = false
02-09 08:24:51.966 28191 28942 V AconfigFlags: Read Aconfig default flag value android.companion.virtual.flags.stream_permissions = true
02-09 08:24:51.966 28191 28942 V AconfigFlags: Read Aconfig default flag value android.companion.virtual.flags.vdm_custom_home = true
02-09 08:24:51.966 28191 28942 V AconfigFlags: Read Aconfig default flag value android.companion.virtual.flags.vdm_custom_ime = true
02-09 08:24:51.966 28191 28942 V AconfigFlags: Read Aconfig default flag value android.companion.virtual.flags.vdm_public_apis = true
02-09 08:24:51.966 28191 28942 V AconfigFlags: Read Aconfig default flag value android.companion.virtual.flags.virtual_camera = true
02-09 08:24:51.966 28191 28942 V AconfigFlags: Read Aconfig default flag value android.companion.virtual.flags.virtual_stylus = true
02-09 08:24:51.966 28191 28942 V AconfigFlags: Read Aconfig default flag value android.companion.virtualdevice.flags.camera_device_awareness = true
02-09 08:24:51.966 28191 28942 V AconfigFlags: Read Aconfig default flag value android.companion.virtualdevice.flags.device_aware_drm = true
02-09 08:24:51.966 28191 28942 V AconfigFlags: Read Aconfig default flag value android.companion.virtualdevice.flags.device_aware_record_audio_permission = true
02-09 08:24:51.966 28191 28942 V AconfigFlags: Read Aconfig default flag value android.companion.virtualdevice.flags.intent_interception_action_matching_fix = true
02-09 08:24:51.966 28191 28942 V AconfigFlags: Read Aconfig default flag value android.companion.virtualdevice.flags.metrics_collection = true
02-09 08:24:51.966 28191 28942 V AconfigFlags: Read Aconfig default flag value android.companion.virtualdevice.flags.virtual_camera_service_discovery = true
02-09 08:24:51.966 28191 28942 V AconfigFlags: Read Aconfig default flag value android.companion.virtualdevice.flags.virtual_display_multi_window_mode_support = true
02-09 08:24:51.966 28191 28942 V AconfigFlags: Read Aconfig default flag value android.content.flags.enable_bind_package_isolated_process = true
02-09 08:24:51.966 28191 28942 V AconfigFlags: Read Aconfig default flag value android.content.pm.allow_sdk_sandbox_query_intent_activities = true
02-09 08:24:51.966 28191 28942 V AconfigFlags: Read Aconfig default flag value android.content.pm.archiving = true
02-09 08:24:51.966 28191 28942 V AconfigFlags: Read Aconfig default flag value android.content.pm.asl_in_apk_app_metadata_source = true
02-09 08:24:51.966 28191 28942 V AconfigFlags: Read Aconfig default flag value android.content.pm.component_state_changed_metrics = true
02-09 08:24:51.966 28191 28942 V AconfigFlags: Read Aconfig default flag value android.content.pm.disallow_sdk_libs_to_be_apps = false
02-09 08:24:51.966 28191 28942 V AconfigFlags: Read Aconfig default flag value android.content.pm.emergency_install_permission = true
02-09 08:24:51.966 28191 28942 V AconfigFlags: Read Aconfig default flag value android.content.pm.encode_app_intent = true
02-09 08:24:51.966 28191 28942 V AconfigFlags: Read Aconfig default flag value android.content.pm.fix_duplicated_flags = true
02-09 08:24:51.966 28191 28942 V AconfigFlags: Read Aconfig default flag value android.content.pm.fix_system_apps_first_install_time = true
02-09 08:24:51.966 28191 28942 V AconfigFlags: Read Aconfig default flag value android.content.pm.force_multi_arch_native_libs_match = true
02-09 08:24:51.966 28191 28942 V AconfigFlags: Read Aconfig default flag value android.content.pm.get_package_info = true
02-09 08:24:51.966 28191 28942 V AconfigFlags: Read Aconfig default flag value android.content.pm.get_package_info_with_fd = false
02-09 08:24:51.966 28191 28942 V AconfigFlags: Read Aconfig default flag value android.content.pm.get_package_storage_stats = true
02-09 08:24:51.966 28191 28942 V AconfigFlags: Read Aconfig default flag value android.content.pm.get_resolved_apk_path = true
02-09 08:24:51.966 28191 28942 V AconfigFlags: Read Aconfig default flag value android.content.pm.improve_home_app_behavior = true
02-09 08:24:51.966 28191 28942 V AconfigFlags: Read Aconfig default flag value android.content.pm.improve_install_dont_kill = true
02-09 08:24:51.966 28191 28942 V AconfigFlags: Read Aconfig default flag value android.content.pm.improve_install_freeze = false
02-09 08:24:51.966 28191 28942 V AconfigFlags: Read Aconfig default flag value android.content.pm.introduce_media_processing_type = true
02-09 08:24:51.966 28191 28942 V AconfigFlags: Read Aconfig default flag value android.content.pm.lightweight_invisible_label_detection = true
02-09 08:24:51.966 28191 28942 V AconfigFlags: Read Aconfig default flag value android.content.pm.min_target_sdk_24 = true
02-09 08:24:51.966 28191 28942 V AconfigFlags: Read Aconfig default flag value android.content.pm.nullable_data_dir = true
02-09 08:24:51.966 28191 28942 V AconfigFlags: Read Aconfig default flag value android.content.pm.package_restart_query_disabled_by_default = false
02-09 08:24:51.966 28191 28942 V AconfigFlags: Read Aconfig default flag value android.content.pm.provide_info_of_apk_in_apex = true
02-09 08:24:51.966 28191 28942 V AconfigFlags: Read Aconfig default flag value android.content.pm.quarantined_enabled = false
02-09 08:24:51.966 28191 28942 V AconfigFlags: Read Aconfig default flag value android.content.pm.read_install_info = true
02-09 08:24:51.966 28191 28942 V AconfigFlags: Read Aconfig default flag value android.content.pm.recoverability_detection = true
02-09 08:24:51.966 28191 28942 V AconfigFlags: Read Aconfig default flag value android.content.pm.relative_reference_intent_filters = true
02-09 08:24:51.966 28191 28942 V AconfigFlags: Read Aconfig default flag value android.content.pm.restrict_nonpreloads_system_shareduids = false
02-09 08:24:51.966 28191 28942 V AconfigFlags: Read Aconfig default flag value android.content.pm.rollback_lifetime = true
02-09 08:24:51.966 28191 28942 V AconfigFlags: Read Aconfig default flag value android.content.pm.sdk_lib_independence = false
02-09 08:24:51.966 28191 28942 V AconfigFlags: Read Aconfig default flag value android.content.pm.set_pre_verified_domains = true
02-09 08:24:51.966 28191 28942 V AconfigFlags: Read Aconfig default flag value android.content.pm.stay_stopped = true
02-09 08:24:51.966 28191 28942 V AconfigFlags: Read Aconfig default flag value android.content.pm.use_art_service_v2 = true
02-09 08:24:51.966 28191 28942 V AconfigFlags: Read Aconfig default flag value android.content.pm.use_pia_v2 = false
02-09 08:24:51.966 28191 28942 V AconfigFlags: Read Aconfig default flag value android.content.pm.wait_application_killed = false
02-09 08:24:51.966 28191 28942 V AconfigFlags: Read Aconfig default flag value android.content.res.asset_file_descriptor_frro = true
02-09 08:24:51.966 28191 28942 V AconfigFlags: Read Aconfig default flag value android.content.res.default_locale = true
02-09 08:24:51.966 28191 28942 V AconfigFlags: Read Aconfig default flag value android.content.res.font_scale_converter_public = true
02-09 08:24:51.966 28191 28942 V AconfigFlags: Read Aconfig default flag value android.content.res.manifest_flagging = true
02-09 08:24:51.966 28191 28942 V AconfigFlags: Read Aconfig default flag value android.content.res.nine_patch_frro = true
02-09 08:24:51.966 28191 28942 V AconfigFlags: Read Aconfig default flag value android.content.res.register_resource_paths = true
02-09 08:24:51.966 28191 28942 V AconfigFlags: Read Aconfig default flag value android.crashrecovery.flags.allow_rescue_party_flag_resets = false
02-09 08:24:51.966 28191 28942 V AconfigFlags: Read Aconfig default flag value android.crashrecovery.flags.enable_crashrecovery = false
02-09 08:24:51.966 28191 28942 V AconfigFlags: Read Aconfig default flag value android.crashrecovery.flags.recoverability_detection = true
02-09 08:24:51.966 28191 28942 V AconfigFlags: Read Aconfig default flag value android.crashrecovery.flags.reenable_settings_resets = false
02-09 08:24:51.966 28191 28942 V AconfigFlags: Read Aconfig default flag value android.credentials.flags.clear_credentials_fix_enabled = true
02-09 08:24:51.966 28191 28942 V AconfigFlags: Read Aconfig default flag value android.credentials.flags.clear_session_enabled = true
02-09 08:24:51.966 28191 28942 V AconfigFlags: Read Aconfig default flag value android.credentials.flags.configurable_selector_ui_enabled = true
02-09 08:24:51.966 28191 28942 V AconfigFlags: Read Aconfig default flag value android.credentials.flags.credman_biometric_api_enabled = true
02-09 08:24:51.966 28191 28942 V AconfigFlags: Read Aconfig default flag value android.credentials.flags.hybrid_filter_opt_fix_enabled = true
02-09 08:24:51.966 28191 28942 V AconfigFlags: Read Aconfig default flag value android.credentials.flags.instant_apps_enabled = true
02-09 08:24:51.966 28191 28942 V AconfigFlags: Read Aconfig default flag value android.credentials.flags.new_framework_metrics = false
02-09 08:24:51.966 28191 28942 V AconfigFlags: Read Aconfig default flag value android.credentials.flags.new_settings_intents = true
02-09 08:24:51.966 28191 28942 V AconfigFlags: Read Aconfig default flag value android.credentials.flags.new_settings_ui = true
02-09 08:24:51.966 28191 28942 V AconfigFlags: Read Aconfig default flag value android.credentials.flags.selector_ui_improvements_enabled = true
02-09 08:24:51.966 28191 28942 V AconfigFlags: Read Aconfig default flag value android.credentials.flags.settings_activity_enabled = true
02-09 08:24:51.966 28191 28942 V AconfigFlags: Read Aconfig default flag value android.credentials.flags.wear_credential_manager_enabled = false
02-09 08:24:51.966 28191 28942 V AconfigFlags: Read Aconfig default flag value android.database.sqlite.simple_sql_comment_scanner = true
02-09 08:24:51.966 28191 28942 V AconfigFlags: Read Aconfig default flag value android.database.sqlite.sqlite_allow_temp_tables = true
02-09 08:24:51.966 28191 28942 V AconfigFlags: Read Aconfig default flag value android.database.sqlite.sqlite_apis_35 = true
02-09 08:24:51.966 28191 28942 V AconfigFlags: Read Aconfig default flag value android.hardware.biometrics.add_key_agreement_crypto_object = false
02-09 08:24:51.966 28191 28942 V AconfigFlags: Read Aconfig default flag value android.hardware.biometrics.custom_biometric_prompt = true
02-09 08:24:51.966 28191 28942 V AconfigFlags: Read Aconfig default flag value android.hardware.biometrics.get_op_id_crypto_object = true
02-09 08:24:51.966 28191 28942 V AconfigFlags: Read Aconfig default flag value android.hardware.biometrics.last_authentication_time = true
02-09 08:24:51.966 28191 28942 V AconfigFlags: Read Aconfig default flag value android.hardware.biometrics.mandatory_biometrics = false
02-09 08:24:51.966 28191 28942 V AconfigFlags: Read Aconfig default flag value android.hardware.devicestate.feature.flags.device_state_property_api = true
02-09 08:24:51.966 28191 28942 V AconfigFlags: Read Aconfig default flag value android.hardware.flags.overlayproperties_class_api = true
02-09 08:24:51.966 28191 28942 V AconfigFlags: Read Aconfig default flag value android.hardware.radio.hd_radio_improved = true
02-09 08:24:51.966 28191 28942 V AconfigFlags: Read Aconfig default flag value android.hardware.usb.flags.enable_input_power_limited_warning = true
02-09 08:24:51.966 28191 28942 V AconfigFlags: Read Aconfig default flag value android.hardware.usb.flags.enable_interface_name_device_filter = false
02-09 08:24:51.966 28191 28942 V AconfigFlags: Read Aconfig default flag value android.hardware.usb.flags.enable_is_mode_change_supported_api = true
02-09 08:24:51.966 28191 28942 V AconfigFlags: Read Aconfig default flag value android.hardware.usb.flags.enable_is_pd_compliant_api = true
02-09 08:24:51.966 28191 28942 V AconfigFlags: Read Aconfig default flag value android.hardware.usb.flags.enable_report_usb_data_compliance_warning = true
02-09 08:24:51.966 28191 28942 V AconfigFlags: Read Aconfig default flag value android.hardware.usb.flags.enable_usb_data_compliance_warning = true
02-09 08:24:51.966 28191 28942 V AconfigFlags: Read Aconfig default flag value android.hardware.usb.flags.enable_usb_data_signal_staking = true
02-09 08:24:51.966 28191 28942 V AconfigFlags: Read Aconfig default flag value android.hardware.usb.flags.enable_usb_sysfs_midi_identification = false
02-09 08:24:51.966 28191 28942 V AconfigFlags: Read Aconfig default flag value android.location.flags.enable_location_bypass = false
02-09 08:24:51.966 28191 28942 V AconfigFlags: Read Aconfig default flag value android.location.flags.fix_service_watcher = true
02-09 08:24:51.966 28191 28942 V AconfigFlags: Read Aconfig default flag value android.location.flags.geoid_heights_via_altitude_hal = true
02-09 08:24:51.966 28191 28942 V AconfigFlags: Read Aconfig default flag value android.location.flags.gnss_api_measurement_request_work_source = true
02-09 08:24:51.966 28191 28942 V AconfigFlags: Read Aconfig default flag value android.location.flags.gnss_api_navic_l1 = true
02-09 08:24:51.966 28191 28942 V AconfigFlags: Read Aconfig default flag value android.location.flags.gnss_call_stop_before_set_position_mode = true
02-09 08:24:51.966 28191 28942 V AconfigFlags: Read Aconfig default flag value android.location.flags.gnss_configuration_from_resource = true
